   357: v=20 e=0000 i=0 cpl=0 IP=0038:0000000007052c07 pc=0000000007052c07 SP=0030:0000000007efba60 env->regs[R_EAX]=00000000070a906f
RAX=00000000070a906f RBX=0000000000000017 RCX=00000000070a9058 RDX=0000000007efbbf8
RSI=0000000000000018 RDI=0000000000000001 RBP=0000000000000000 RSP=0000000007efba60
R8 =0000000000000018 R9 =0000000000000000 R10=0000000007f19a4d R11=0000000007059f00
R12=00000000070a9058 R13=0000000007efbbf8 R14=0000000000000001 R15=0000000007efbc10
RIP=0000000007052c07 RFL=00000206 [-----P-] CPL=0 II=0 A20=1 SMM=0 HLT=0
ES =0030 0000000000000000 ffffffff 00cf9300 DPL=0 DS   [-WA]
CS =0038 0000000000000000 ffffffff 00af9a00 DPL=0 CS64 [-R-]
SS =0030 0000000000000000 ffffffff 00cf9300 DPL=0 DS   [-WA]
DS =0030 0000000000000000 ffffffff 00cf9300 DPL=0 DS   [-WA]
FS =0030 0000000000000000 ffffffff 00cf9300 DPL=0 DS   [-WA]
GS =0030 0000000000000000 ffffffff 00cf9300 DPL=0 DS   [-WA]
LDT=0000 0000000000000000 0000ffff 00008200 DPL=0 LDT
TR =0000 0000000000000000 0000ffff 00008b00 DPL=0 TSS64-busy
GDT=     00000000079de000 00000047
IDT=     00000000074fa018 00000fff
CR0=80010033 CR2=0000000000000000 CR3=0000000007c01000 CR4=00000668
DR0=0000000000000000 DR1=0000000000000000 DR2=0000000000000000 DR3=0000000000000000 
DR6=00000000ffff0ff0 DR7=0000000000000400
CCS=0000000000000004 CCD=0000000000000000 CCO=EFLAGS
EFER=0000000000000d00
   358: v=20 e=0000 i=0 cpl=0 IP=0038:0000000007052c07 pc=0000000007052c07 SP=0030:0000000007efba60 env->regs[R_EAX]=00000000070a906f
RAX=00000000070a906f RBX=0000000000000017 RCX=00000000070a9058 RDX=0000000007efbbf8
RSI=0000000000000018 RDI=0000000000000001 RBP=0000000000000000 RSP=0000000007efba60
R8 =0000000000000018 R9 =0000000000000000 R10=0000000007f19a4d R11=0000000007059f00
R12=00000000070a9058 R13=0000000007efbbf8 R14=0000000000000001 R15=0000000007efbc10
RIP=0000000007052c07 RFL=00000206 [-----P-] CPL=0 II=0 A20=1 SMM=0 HLT=0
ES =0030 0000000000000000 ffffffff 00cf9300 DPL=0 DS   [-WA]
CS =0038 0000000000000000 ffffffff 00af9a00 DPL=0 CS64 [-R-]
SS =0030 0000000000000000 ffffffff 00cf9300 DPL=0 DS   [-WA]
DS =0030 0000000000000000 ffffffff 00cf9300 DPL=0 DS   [-WA]
FS =0030 0000000000000000 ffffffff 00cf9300 DPL=0 DS   [-WA]
GS =0030 0000000000000000 ffffffff 00cf9300 DPL=0 DS   [-WA]
LDT=0000 0000000000000000 0000ffff 00008200 DPL=0 LDT
TR =0000 0000000000000000 0000ffff 00008b00 DPL=0 TSS64-busy
GDT=     00000000079de000 00000047
IDT=     00000000074fa018 00000fff
CR0=80010033 CR2=0000000000000000 CR3=0000000007c01000 CR4=00000668
DR0=0000000000000000 DR1=0000000000000000 DR2=0000000000000000 DR3=0000000000000000 
DR6=00000000ffff0ff0 DR7=0000000000000400
CCS=0000000000000004 CCD=0000000000000000 CCO=EFLAGS
EFER=0000000000000d00
   359: v=20 e=0000 i=0 cpl=0 IP=0038:0000000007052c07 pc=0000000007052c07 SP=0030:0000000007efba60 env->regs[R_EAX]=00000000070a906f
RAX=00000000070a906f RBX=0000000000000017 RCX=00000000070a9058 RDX=0000000007efbbf8
RSI=0000000000000018 RDI=0000000000000001 RBP=0000000000000000 RSP=0000000007efba60
R8 =0000000000000018 R9 =0000000000000000 R10=0000000007f19a4d R11=0000000007059f00
R12=00000000070a9058 R13=0000000007efbbf8 R14=0000000000000001 R15=0000000007efbc10
RIP=0000000007052c07 RFL=00000206 [-----P-] CPL=0 II=0 A20=1 SMM=0 HLT=0
ES =0030 0000000000000000 ffffffff 00cf9300 DPL=0 DS   [-WA]
CS =0038 0000000000000000 ffffffff 00af9a00 DPL=0 CS64 [-R-]
SS =0030 0000000000000000 ffffffff 00cf9300 DPL=0 DS   [-WA]
DS =0030 0000000000000000 ffffffff 00cf9300 DPL=0 DS   [-WA]
FS =0030 0000000000000000 ffffffff 00cf9300 DPL=0 DS   [-WA]
GS =0030 0000000000000000 ffffffff 00cf9300 DPL=0 DS   [-WA]
LDT=0000 0000000000000000 0000ffff 00008200 DPL=0 LDT
TR =0000 0000000000000000 0000ffff 00008b00 DPL=0 TSS64-busy
GDT=     00000000079de000 00000047
IDT=     00000000074fa018 00000fff
CR0=80010033 CR2=0000000000000000 CR3=0000000007c01000 CR4=00000668
DR0=0000000000000000 DR1=0000000000000000 DR2=0000000000000000 DR3=0000000000000000 
DR6=00000000ffff0ff0 DR7=0000000000000400
CCS=0000000000000004 CCD=0000000000000000 CCO=EFLAGS
EFER=0000000000000d00
   360: v=20 e=0000 i=0 cpl=0 IP=0038:0000000007052c07 pc=0000000007052c07 SP=0030:0000000007efba60 env->regs[R_EAX]=00000000070a906f
RAX=00000000070a906f RBX=0000000000000017 RCX=00000000070a9058 RDX=0000000007efbbf8
RSI=0000000000000018 RDI=0000000000000001 RBP=0000000000000000 RSP=0000000007efba60
R8 =0000000000000018 R9 =0000000000000000 R10=0000000007f19a4d R11=0000000007059f00
R12=00000000070a9058 R13=0000000007efbbf8 R14=0000000000000001 R15=0000000007efbc10
RIP=0000000007052c07 RFL=00000206 [-----P-] CPL=0 II=0 A20=1 SMM=0 HLT=0
ES =0030 0000000000000000 ffffffff 00cf9300 DPL=0 DS   [-WA]
CS =0038 0000000000000000 ffffffff 00af9a00 DPL=0 CS64 [-R-]
SS =0030 0000000000000000 ffffffff 00cf9300 DPL=0 DS   [-WA]
DS =0030 0000000000000000 ffffffff 00cf9300 DPL=0 DS   [-WA]
FS =0030 0000000000000000 ffffffff 00cf9300 DPL=0 DS   [-WA]
GS =0030 0000000000000000 ffffffff 00cf9300 DPL=0 DS   [-WA]
LDT=0000 0000000000000000 0000ffff 00008200 DPL=0 LDT
TR =0000 0000000000000000 0000ffff 00008b00 DPL=0 TSS64-busy
GDT=     00000000079de000 00000047
IDT=     00000000074fa018 00000fff
CR0=80010033 CR2=0000000000000000 CR3=0000000007c01000 CR4=00000668
DR0=0000000000000000 DR1=0000000000000000 DR2=0000000000000000 DR3=0000000000000000 
DR6=00000000ffff0ff0 DR7=0000000000000400
CCS=0000000000000004 CCD=0000000000000000 CCO=EFLAGS
EFER=0000000000000d00
   361: v=20 e=0000 i=0 cpl=0 IP=0038:0000000007052c07 pc=0000000007052c07 SP=0030:0000000007efba60 env->regs[R_EAX]=00000000070a906f
RAX=00000000070a906f RBX=0000000000000017 RCX=00000000070a9058 RDX=0000000007efbbf8
RSI=0000000000000018 RDI=0000000000000001 RBP=0000000000000000 RSP=0000000007efba60
R8 =0000000000000018 R9 =0000000000000000 R10=0000000007f19a4d R11=0000000007059f00
R12=00000000070a9058 R13=0000000007efbbf8 R14=0000000000000001 R15=0000000007efbc10
RIP=0000000007052c07 RFL=00000206 [-----P-] CPL=0 II=0 A20=1 SMM=0 HLT=0
ES =0030 0000000000000000 ffffffff 00cf9300 DPL=0 DS   [-WA]
CS =0038 0000000000000000 ffffffff 00af9a00 DPL=0 CS64 [-R-]
SS =0030 0000000000000000 ffffffff 00cf9300 DPL=0 DS   [-WA]
DS =0030 0000000000000000 ffffffff 00cf9300 DPL=0 DS   [-WA]
FS =0030 0000000000000000 ffffffff 00cf9300 DPL=0 DS   [-WA]
GS =0030 0000000000000000 ffffffff 00cf9300 DPL=0 DS   [-WA]
LDT=0000 0000000000000000 0000ffff 00008200 DPL=0 LDT
TR =0000 0000000000000000 0000ffff 00008b00 DPL=0 TSS64-busy
GDT=     00000000079de000 00000047
IDT=     00000000074fa018 00000fff
CR0=80010033 CR2=0000000000000000 CR3=0000000007c01000 CR4=00000668
DR0=0000000000000000 DR1=0000000000000000 DR2=0000000000000000 DR3=0000000000000000 
DR6=00000000ffff0ff0 DR7=0000000000000400
CCS=0000000000000004 CCD=0000000000000000 CCO=EFLAGS
EFER=0000000000000d00
   362: v=20 e=0000 i=0 cpl=0 IP=0038:0000000007052c07 pc=0000000007052c07 SP=0030:0000000007efba60 env->regs[R_EAX]=00000000070a906f
RAX=00000000070a906f RBX=0000000000000017 RCX=00000000070a9058 RDX=0000000007efbbf8
RSI=0000000000000018 RDI=0000000000000001 RBP=0000000000000000 RSP=0000000007efba60
R8 =0000000000000018 R9 =0000000000000000 R10=0000000007f19a4d R11=0000000007059f00
R12=00000000070a9058 R13=0000000007efbbf8 R14=0000000000000001 R15=0000000007efbc10
RIP=0000000007052c07 RFL=00000206 [-----P-] CPL=0 II=0 A20=1 SMM=0 HLT=0
ES =0030 0000000000000000 ffffffff 00cf9300 DPL=0 DS   [-WA]
CS =0038 0000000000000000 ffffffff 00af9a00 DPL=0 CS64 [-R-]
SS =0030 0000000000000000 ffffffff 00cf9300 DPL=0 DS   [-WA]
DS =0030 0000000000000000 ffffffff 00cf9300 DPL=0 DS   [-WA]
FS =0030 0000000000000000 ffffffff 00cf9300 DPL=0 DS   [-WA]
GS =0030 0000000000000000 ffffffff 00cf9300 DPL=0 DS   [-WA]
LDT=0000 0000000000000000 0000ffff 00008200 DPL=0 LDT
TR =0000 0000000000000000 0000ffff 00008b00 DPL=0 TSS64-busy
GDT=     00000000079de000 00000047
IDT=     00000000074fa018 00000fff
CR0=80010033 CR2=0000000000000000 CR3=0000000007c01000 CR4=00000668
DR0=0000000000000000 DR1=0000000000000000 DR2=0000000000000000 DR3=0000000000000000 
DR6=00000000ffff0ff0 DR7=0000000000000400
CCS=0000000000000004 CCD=0000000000000000 CCO=EFLAGS
EFER=0000000000000d00
   363: v=20 e=0000 i=0 cpl=0 IP=0038:0000000007052c07 pc=0000000007052c07 SP=0030:0000000007efba60 env->regs[R_EAX]=00000000070a906f
RAX=00000000070a906f RBX=0000000000000017 RCX=00000000070a9058 RDX=0000000007efbbf8
RSI=0000000000000018 RDI=0000000000000001 RBP=0000000000000000 RSP=0000000007efba60
R8 =0000000000000018 R9 =0000000000000000 R10=0000000007f19a4d R11=0000000007059f00
R12=00000000070a9058 R13=0000000007efbbf8 R14=0000000000000001 R15=0000000007efbc10
RIP=0000000007052c07 RFL=00000206 [-----P-] CPL=0 II=0 A20=1 SMM=0 HLT=0
ES =0030 0000000000000000 ffffffff 00cf9300 DPL=0 DS   [-WA]
CS =0038 0000000000000000 ffffffff 00af9a00 DPL=0 CS64 [-R-]
SS =0030 0000000000000000 ffffffff 00cf9300 DPL=0 DS   [-WA]
DS =0030 0000000000000000 ffffffff 00cf9300 DPL=0 DS   [-WA]
FS =0030 0000000000000000 ffffffff 00cf9300 DPL=0 DS   [-WA]
GS =0030 0000000000000000 ffffffff 00cf9300 DPL=0 DS   [-WA]
LDT=0000 0000000000000000 0000ffff 00008200 DPL=0 LDT
TR =0000 0000000000000000 0000ffff 00008b00 DPL=0 TSS64-busy
GDT=     00000000079de000 00000047
IDT=     00000000074fa018 00000fff
CR0=80010033 CR2=0000000000000000 CR3=0000000007c01000 CR4=00000668
DR0=0000000000000000 DR1=0000000000000000 DR2=0000000000000000 DR3=0000000000000000 
DR6=00000000ffff0ff0 DR7=0000000000000400
CCS=0000000000000004 CCD=0000000000000000 CCO=EFLAGS
EFER=0000000000000d00
   364: v=20 e=0000 i=0 cpl=0 IP=0038:0000000007052c07 pc=0000000007052c07 SP=0030:0000000007efba60 env->regs[R_EAX]=00000000070a906f
RAX=00000000070a906f RBX=0000000000000017 RCX=00000000070a9058 RDX=0000000007efbbf8
RSI=0000000000000018 RDI=0000000000000001 RBP=0000000000000000 RSP=0000000007efba60
R8 =0000000000000018 R9 =0000000000000000 R10=0000000007f19a4d R11=0000000007059f00
R12=00000000070a9058 R13=0000000007efbbf8 R14=0000000000000001 R15=0000000007efbc10
RIP=0000000007052c07 RFL=00000206 [-----P-] CPL=0 II=0 A20=1 SMM=0 HLT=0
ES =0030 0000000000000000 ffffffff 00cf9300 DPL=0 DS   [-WA]
CS =0038 0000000000000000 ffffffff 00af9a00 DPL=0 CS64 [-R-]
SS =0030 0000000000000000 ffffffff 00cf9300 DPL=0 DS   [-WA]
DS =0030 0000000000000000 ffffffff 00cf9300 DPL=0 DS   [-WA]
FS =0030 0000000000000000 ffffffff 00cf9300 DPL=0 DS   [-WA]
GS =0030 0000000000000000 ffffffff 00cf9300 DPL=0 DS   [-WA]
LDT=0000 0000000000000000 0000ffff 00008200 DPL=0 LDT
TR =0000 0000000000000000 0000ffff 00008b00 DPL=0 TSS64-busy
GDT=     00000000079de000 00000047
IDT=     00000000074fa018 00000fff
CR0=80010033 CR2=0000000000000000 CR3=0000000007c01000 CR4=00000668
DR0=0000000000000000 DR1=0000000000000000 DR2=0000000000000000 DR3=0000000000000000 
DR6=00000000ffff0ff0 DR7=0000000000000400
CCS=0000000000000004 CCD=0000000000000000 CCO=EFLAGS
EFER=0000000000000d00
   365: v=20 e=0000 i=0 cpl=0 IP=0038:0000000007052c07 pc=0000000007052c07 SP=0030:0000000007efba60 env->regs[R_EAX]=00000000070a906f
RAX=00000000070a906f RBX=0000000000000017 RCX=00000000070a9058 RDX=0000000007efbbf8
RSI=0000000000000018 RDI=0000000000000001 RBP=0000000000000000 RSP=0000000007efba60
R8 =0000000000000018 R9 =0000000000000000 R10=0000000007f19a4d R11=0000000007059f00
R12=00000000070a9058 R13=0000000007efbbf8 R14=0000000000000001 R15=0000000007efbc10
RIP=0000000007052c07 RFL=00000206 [-----P-] CPL=0 II=0 A20=1 SMM=0 HLT=0
ES =0030 0000000000000000 ffffffff 00cf9300 DPL=0 DS   [-WA]
CS =0038 0000000000000000 ffffffff 00af9a00 DPL=0 CS64 [-R-]
SS =0030 0000000000000000 ffffffff 00cf9300 DPL=0 DS   [-WA]
DS =0030 0000000000000000 ffffffff 00cf9300 DPL=0 DS   [-WA]
FS =0030 0000000000000000 ffffffff 00cf9300 DPL=0 DS   [-WA]
GS =0030 0000000000000000 ffffffff 00cf9300 DPL=0 DS   [-WA]
LDT=0000 0000000000000000 0000ffff 00008200 DPL=0 LDT
TR =0000 0000000000000000 0000ffff 00008b00 DPL=0 TSS64-busy
GDT=     00000000079de000 00000047
IDT=     00000000074fa018 00000fff
CR0=80010033 CR2=0000000000000000 CR3=0000000007c01000 CR4=00000668
DR0=0000000000000000 DR1=0000000000000000 DR2=0000000000000000 DR3=0000000000000000 
DR6=00000000ffff0ff0 DR7=0000000000000400
CCS=0000000000000004 CCD=0000000000000000 CCO=EFLAGS
EFER=0000000000000d00
   366: v=20 e=0000 i=0 cpl=0 IP=0038:0000000007052c07 pc=0000000007052c07 SP=0030:0000000007efba60 env->regs[R_EAX]=00000000070a906f
RAX=00000000070a906f RBX=0000000000000017 RCX=00000000070a9058 RDX=0000000007efbbf8
RSI=0000000000000018 RDI=0000000000000001 RBP=0000000000000000 RSP=0000000007efba60
R8 =0000000000000018 R9 =0000000000000000 R10=0000000007f19a4d R11=0000000007059f00
R12=00000000070a9058 R13=0000000007efbbf8 R14=0000000000000001 R15=0000000007efbc10
RIP=0000000007052c07 RFL=00000206 [-----P-] CPL=0 II=0 A20=1 SMM=0 HLT=0
ES =0030 0000000000000000 ffffffff 00cf9300 DPL=0 DS   [-WA]
CS =0038 0000000000000000 ffffffff 00af9a00 DPL=0 CS64 [-R-]
SS =0030 0000000000000000 ffffffff 00cf9300 DPL=0 DS   [-WA]
DS =0030 0000000000000000 ffffffff 00cf9300 DPL=0 DS   [-WA]
FS =0030 0000000000000000 ffffffff 00cf9300 DPL=0 DS   [-WA]
GS =0030 0000000000000000 ffffffff 00cf9300 DPL=0 DS   [-WA]
LDT=0000 0000000000000000 0000ffff 00008200 DPL=0 LDT
TR =0000 0000000000000000 0000ffff 00008b00 DPL=0 TSS64-busy
GDT=     00000000079de000 00000047
IDT=     00000000074fa018 00000fff
CR0=80010033 CR2=0000000000000000 CR3=0000000007c01000 CR4=00000668
DR0=0000000000000000 DR1=0000000000000000 DR2=0000000000000000 DR3=0000000000000000 
DR6=00000000ffff0ff0 DR7=0000000000000400
CCS=0000000000000004 CCD=0000000000000000 CCO=EFLAGS
EFER=0000000000000d00
   367: v=20 e=0000 i=0 cpl=0 IP=0038:0000000007052c07 pc=0000000007052c07 SP=0030:0000000007efba60 env->regs[R_EAX]=00000000070a906f
RAX=00000000070a906f RBX=0000000000000017 RCX=00000000070a9058 RDX=0000000007efbbf8
RSI=0000000000000018 RDI=0000000000000001 RBP=0000000000000000 RSP=0000000007efba60
R8 =0000000000000018 R9 =0000000000000000 R10=0000000007f19a4d R11=0000000007059f00
R12=00000000070a9058 R13=0000000007efbbf8 R14=0000000000000001 R15=0000000007efbc10
RIP=0000000007052c07 RFL=00000206 [-----P-] CPL=0 II=0 A20=1 SMM=0 HLT=0
ES =0030 0000000000000000 ffffffff 00cf9300 DPL=0 DS   [-WA]
CS =0038 0000000000000000 ffffffff 00af9a00 DPL=0 CS64 [-R-]
SS =0030 0000000000000000 ffffffff 00cf9300 DPL=0 DS   [-WA]
DS =0030 0000000000000000 ffffffff 00cf9300 DPL=0 DS   [-WA]
FS =0030 0000000000000000 ffffffff 00cf9300 DPL=0 DS   [-WA]
GS =0030 0000000000000000 ffffffff 00cf9300 DPL=0 DS   [-WA]
LDT=0000 0000000000000000 0000ffff 00008200 DPL=0 LDT
TR =0000 0000000000000000 0000ffff 00008b00 DPL=0 TSS64-busy
GDT=     00000000079de000 00000047
IDT=     00000000074fa018 00000fff
CR0=80010033 CR2=0000000000000000 CR3=0000000007c01000 CR4=00000668
DR0=0000000000000000 DR1=0000000000000000 DR2=0000000000000000 DR3=0000000000000000 
DR6=00000000ffff0ff0 DR7=0000000000000400
CCS=0000000000000004 CCD=0000000000000000 CCO=EFLAGS
EFER=0000000000000d00
   368: v=20 e=0000 i=0 cpl=0 IP=0038:0000000007052c07 pc=0000000007052c07 SP=0030:0000000007efba60 env->regs[R_EAX]=00000000070a906f
RAX=00000000070a906f RBX=0000000000000017 RCX=00000000070a9058 RDX=0000000007efbbf8
RSI=0000000000000018 RDI=0000000000000001 RBP=0000000000000000 RSP=0000000007efba60
R8 =0000000000000018 R9 =0000000000000000 R10=0000000007f19a4d R11=0000000007059f00
R12=00000000070a9058 R13=0000000007efbbf8 R14=0000000000000001 R15=0000000007efbc10
RIP=0000000007052c07 RFL=00000206 [-----P-] CPL=0 II=0 A20=1 SMM=0 HLT=0
ES =0030 0000000000000000 ffffffff 00cf9300 DPL=0 DS   [-WA]
CS =0038 0000000000000000 ffffffff 00af9a00 DPL=0 CS64 [-R-]
SS =0030 0000000000000000 ffffffff 00cf9300 DPL=0 DS   [-WA]
DS =0030 0000000000000000 ffffffff 00cf9300 DPL=0 DS   [-WA]
FS =0030 0000000000000000 ffffffff 00cf9300 DPL=0 DS   [-WA]
GS =0030 0000000000000000 ffffffff 00cf9300 DPL=0 DS   [-WA]
LDT=0000 0000000000000000 0000ffff 00008200 DPL=0 LDT
TR =0000 0000000000000000 0000ffff 00008b00 DPL=0 TSS64-busy
GDT=     00000000079de000 00000047
IDT=     00000000074fa018 00000fff
CR0=80010033 CR2=0000000000000000 CR3=0000000007c01000 CR4=00000668
DR0=0000000000000000 DR1=0000000000000000 DR2=0000000000000000 DR3=0000000000000000 
DR6=00000000ffff0ff0 DR7=0000000000000400
CCS=0000000000000004 CCD=0000000000000000 CCO=EFLAGS
EFER=0000000000000d00
   369: v=20 e=0000 i=0 cpl=0 IP=0038:0000000007052c07 pc=0000000007052c07 SP=0030:0000000007efba60 env->regs[R_EAX]=00000000070a906f
RAX=00000000070a906f RBX=0000000000000017 RCX=00000000070a9058 RDX=0000000007efbbf8
RSI=0000000000000018 RDI=0000000000000001 RBP=0000000000000000 RSP=0000000007efba60
R8 =0000000000000018 R9 =0000000000000000 R10=0000000007f19a4d R11=0000000007059f00
R12=00000000070a9058 R13=0000000007efbbf8 R14=0000000000000001 R15=0000000007efbc10
RIP=0000000007052c07 RFL=00000206 [-----P-] CPL=0 II=0 A20=1 SMM=0 HLT=0
ES =0030 0000000000000000 ffffffff 00cf9300 DPL=0 DS   [-WA]
CS =0038 0000000000000000 ffffffff 00af9a00 DPL=0 CS64 [-R-]
SS =0030 0000000000000000 ffffffff 00cf9300 DPL=0 DS   [-WA]
DS =0030 0000000000000000 ffffffff 00cf9300 DPL=0 DS   [-WA]
FS =0030 0000000000000000 ffffffff 00cf9300 DPL=0 DS   [-WA]
GS =0030 0000000000000000 ffffffff 00cf9300 DPL=0 DS   [-WA]
LDT=0000 0000000000000000 0000ffff 00008200 DPL=0 LDT
TR =0000 0000000000000000 0000ffff 00008b00 DPL=0 TSS64-busy
GDT=     00000000079de000 00000047
IDT=     00000000074fa018 00000fff
CR0=80010033 CR2=0000000000000000 CR3=0000000007c01000 CR4=00000668
DR0=0000000000000000 DR1=0000000000000000 DR2=0000000000000000 DR3=0000000000000000 
DR6=00000000ffff0ff0 DR7=0000000000000400
CCS=0000000000000004 CCD=0000000000000000 CCO=EFLAGS
EFER=0000000000000d00
   370: v=20 e=0000 i=0 cpl=0 IP=0038:0000000007052c07 pc=0000000007052c07 SP=0030:0000000007efba60 env->regs[R_EAX]=00000000070a906f
RAX=00000000070a906f RBX=0000000000000017 RCX=00000000070a9058 RDX=0000000007efbbf8
RSI=0000000000000018 RDI=0000000000000001 RBP=0000000000000000 RSP=0000000007efba60
R8 =0000000000000018 R9 =0000000000000000 R10=0000000007f19a4d R11=0000000007059f00
R12=00000000070a9058 R13=0000000007efbbf8 R14=0000000000000001 R15=0000000007efbc10
RIP=0000000007052c07 RFL=00000206 [-----P-] CPL=0 II=0 A20=1 SMM=0 HLT=0
ES =0030 0000000000000000 ffffffff 00cf9300 DPL=0 DS   [-WA]
CS =0038 0000000000000000 ffffffff 00af9a00 DPL=0 CS64 [-R-]
SS =0030 0000000000000000 ffffffff 00cf9300 DPL=0 DS   [-WA]
DS =0030 0000000000000000 ffffffff 00cf9300 DPL=0 DS   [-WA]
FS =0030 0000000000000000 ffffffff 00cf9300 DPL=0 DS   [-WA]
GS =0030 0000000000000000 ffffffff 00cf9300 DPL=0 DS   [-WA]
LDT=0000 0000000000000000 0000ffff 00008200 DPL=0 LDT
TR =0000 0000000000000000 0000ffff 00008b00 DPL=0 TSS64-busy
GDT=     00000000079de000 00000047
IDT=     00000000074fa018 00000fff
CR0=80010033 CR2=0000000000000000 CR3=0000000007c01000 CR4=00000668
DR0=0000000000000000 DR1=0000000000000000 DR2=0000000000000000 DR3=0000000000000000 
DR6=00000000ffff0ff0 DR7=0000000000000400
CCS=0000000000000004 CCD=0000000000000000 CCO=EFLAGS
EFER=0000000000000d00
   371: v=20 e=0000 i=0 cpl=0 IP=0038:0000000007052c07 pc=0000000007052c07 SP=0030:0000000007efba60 env->regs[R_EAX]=00000000070a906f
RAX=00000000070a906f RBX=0000000000000017 RCX=00000000070a9058 RDX=0000000007efbbf8
RSI=0000000000000018 RDI=0000000000000001 RBP=0000000000000000 RSP=0000000007efba60
R8 =0000000000000018 R9 =0000000000000000 R10=0000000007f19a4d R11=0000000007059f00
R12=00000000070a9058 R13=0000000007efbbf8 R14=0000000000000001 R15=0000000007efbc10
RIP=0000000007052c07 RFL=00000206 [-----P-] CPL=0 II=0 A20=1 SMM=0 HLT=0
ES =0030 0000000000000000 ffffffff 00cf9300 DPL=0 DS   [-WA]
CS =0038 0000000000000000 ffffffff 00af9a00 DPL=0 CS64 [-R-]
SS =0030 0000000000000000 ffffffff 00cf9300 DPL=0 DS   [-WA]
DS =0030 0000000000000000 ffffffff 00cf9300 DPL=0 DS   [-WA]
FS =0030 0000000000000000 ffffffff 00cf9300 DPL=0 DS   [-WA]
GS =0030 0000000000000000 ffffffff 00cf9300 DPL=0 DS   [-WA]
LDT=0000 0000000000000000 0000ffff 00008200 DPL=0 LDT
TR =0000 0000000000000000 0000ffff 00008b00 DPL=0 TSS64-busy
GDT=     00000000079de000 00000047
IDT=     00000000074fa018 00000fff
CR0=80010033 CR2=0000000000000000 CR3=0000000007c01000 CR4=00000668
DR0=0000000000000000 DR1=0000000000000000 DR2=0000000000000000 DR3=0000000000000000 
DR6=00000000ffff0ff0 DR7=0000000000000400
CCS=0000000000000004 CCD=0000000000000000 CCO=EFLAGS
EFER=0000000000000d00
   372: v=20 e=0000 i=0 cpl=0 IP=0038:0000000007052c07 pc=0000000007052c07 SP=0030:0000000007efba60 env->regs[R_EAX]=00000000070a906f
RAX=00000000070a906f RBX=0000000000000017 RCX=00000000070a9058 RDX=0000000007efbbf8
RSI=0000000000000018 RDI=0000000000000001 RBP=0000000000000000 RSP=0000000007efba60
R8 =0000000000000018 R9 =0000000000000000 R10=0000000007f19a4d R11=0000000007059f00
R12=00000000070a9058 R13=0000000007efbbf8 R14=0000000000000001 R15=0000000007efbc10
RIP=0000000007052c07 RFL=00000206 [-----P-] CPL=0 II=0 A20=1 SMM=0 HLT=0
ES =0030 0000000000000000 ffffffff 00cf9300 DPL=0 DS   [-WA]
CS =0038 0000000000000000 ffffffff 00af9a00 DPL=0 CS64 [-R-]
SS =0030 0000000000000000 ffffffff 00cf9300 DPL=0 DS   [-WA]
DS =0030 0000000000000000 ffffffff 00cf9300 DPL=0 DS   [-WA]
FS =0030 0000000000000000 ffffffff 00cf9300 DPL=0 DS   [-WA]
GS =0030 0000000000000000 ffffffff 00cf9300 DPL=0 DS   [-WA]
LDT=0000 0000000000000000 0000ffff 00008200 DPL=0 LDT
TR =0000 0000000000000000 0000ffff 00008b00 DPL=0 TSS64-busy
GDT=     00000000079de000 00000047
IDT=     00000000074fa018 00000fff
CR0=80010033 CR2=0000000000000000 CR3=0000000007c01000 CR4=00000668
DR0=0000000000000000 DR1=0000000000000000 DR2=0000000000000000 DR3=0000000000000000 
DR6=00000000ffff0ff0 DR7=0000000000000400
CCS=0000000000000004 CCD=0000000000000000 CCO=EFLAGS
EFER=0000000000000d00
   373: v=20 e=0000 i=0 cpl=0 IP=0038:0000000007052c07 pc=0000000007052c07 SP=0030:0000000007efba60 env->regs[R_EAX]=00000000070a906f
RAX=00000000070a906f RBX=0000000000000017 RCX=00000000070a9058 RDX=0000000007efbbf8
RSI=0000000000000018 RDI=0000000000000001 RBP=0000000000000000 RSP=0000000007efba60
R8 =0000000000000018 R9 =0000000000000000 R10=0000000007f19a4d R11=0000000007059f00
R12=00000000070a9058 R13=0000000007efbbf8 R14=0000000000000001 R15=0000000007efbc10
RIP=0000000007052c07 RFL=00000206 [-----P-] CPL=0 II=0 A20=1 SMM=0 HLT=0
ES =0030 0000000000000000 ffffffff 00cf9300 DPL=0 DS   [-WA]
CS =0038 0000000000000000 ffffffff 00af9a00 DPL=0 CS64 [-R-]
SS =0030 0000000000000000 ffffffff 00cf9300 DPL=0 DS   [-WA]
DS =0030 0000000000000000 ffffffff 00cf9300 DPL=0 DS   [-WA]
FS =0030 0000000000000000 ffffffff 00cf9300 DPL=0 DS   [-WA]
GS =0030 0000000000000000 ffffffff 00cf9300 DPL=0 DS   [-WA]
LDT=0000 0000000000000000 0000ffff 00008200 DPL=0 LDT
TR =0000 0000000000000000 0000ffff 00008b00 DPL=0 TSS64-busy
GDT=     00000000079de000 00000047
IDT=     00000000074fa018 00000fff
CR0=80010033 CR2=0000000000000000 CR3=0000000007c01000 CR4=00000668
DR0=0000000000000000 DR1=0000000000000000 DR2=0000000000000000 DR3=0000000000000000 
DR6=00000000ffff0ff0 DR7=0000000000000400
CCS=0000000000000004 CCD=0000000000000000 CCO=EFLAGS
EFER=0000000000000d00
   374: v=20 e=0000 i=0 cpl=0 IP=0038:0000000007052c07 pc=0000000007052c07 SP=0030:0000000007efba60 env->regs[R_EAX]=00000000070a906f
RAX=00000000070a906f RBX=0000000000000017 RCX=00000000070a9058 RDX=0000000007efbbf8
RSI=0000000000000018 RDI=0000000000000001 RBP=0000000000000000 RSP=0000000007efba60
R8 =0000000000000018 R9 =0000000000000000 R10=0000000007f19a4d R11=0000000007059f00
R12=00000000070a9058 R13=0000000007efbbf8 R14=0000000000000001 R15=0000000007efbc10
RIP=0000000007052c07 RFL=00000206 [-----P-] CPL=0 II=0 A20=1 SMM=0 HLT=0
ES =0030 0000000000000000 ffffffff 00cf9300 DPL=0 DS   [-WA]
CS =0038 0000000000000000 ffffffff 00af9a00 DPL=0 CS64 [-R-]
SS =0030 0000000000000000 ffffffff 00cf9300 DPL=0 DS   [-WA]
DS =0030 0000000000000000 ffffffff 00cf9300 DPL=0 DS   [-WA]
FS =0030 0000000000000000 ffffffff 00cf9300 DPL=0 DS   [-WA]
GS =0030 0000000000000000 ffffffff 00cf9300 DPL=0 DS   [-WA]
LDT=0000 0000000000000000 0000ffff 00008200 DPL=0 LDT
TR =0000 0000000000000000 0000ffff 00008b00 DPL=0 TSS64-busy
GDT=     00000000079de000 00000047
IDT=     00000000074fa018 00000fff
CR0=80010033 CR2=0000000000000000 CR3=0000000007c01000 CR4=00000668
DR0=0000000000000000 DR1=0000000000000000 DR2=0000000000000000 DR3=0000000000000000 
DR6=00000000ffff0ff0 DR7=0000000000000400
CCS=0000000000000004 CCD=0000000000000000 CCO=EFLAGS
EFER=0000000000000d00
   375: v=20 e=0000 i=0 cpl=0 IP=0038:0000000007052c07 pc=0000000007052c07 SP=0030:0000000007efba60 env->regs[R_EAX]=00000000070a906f
RAX=00000000070a906f RBX=0000000000000017 RCX=00000000070a9058 RDX=0000000007efbbf8
RSI=0000000000000018 RDI=0000000000000001 RBP=0000000000000000 RSP=0000000007efba60
R8 =0000000000000018 R9 =0000000000000000 R10=0000000007f19a4d R11=0000000007059f00
R12=00000000070a9058 R13=0000000007efbbf8 R14=0000000000000001 R15=0000000007efbc10
RIP=0000000007052c07 RFL=00000206 [-----P-] CPL=0 II=0 A20=1 SMM=0 HLT=0
ES =0030 0000000000000000 ffffffff 00cf9300 DPL=0 DS   [-WA]
CS =0038 0000000000000000 ffffffff 00af9a00 DPL=0 CS64 [-R-]
SS =0030 0000000000000000 ffffffff 00cf9300 DPL=0 DS   [-WA]
DS =0030 0000000000000000 ffffffff 00cf9300 DPL=0 DS   [-WA]
FS =0030 0000000000000000 ffffffff 00cf9300 DPL=0 DS   [-WA]
GS =0030 0000000000000000 ffffffff 00cf9300 DPL=0 DS   [-WA]
LDT=0000 0000000000000000 0000ffff 00008200 DPL=0 LDT
TR =0000 0000000000000000 0000ffff 00008b00 DPL=0 TSS64-busy
GDT=     00000000079de000 00000047
IDT=     00000000074fa018 00000fff
CR0=80010033 CR2=0000000000000000 CR3=0000000007c01000 CR4=00000668
DR0=0000000000000000 DR1=0000000000000000 DR2=0000000000000000 DR3=0000000000000000 
DR6=00000000ffff0ff0 DR7=0000000000000400
CCS=0000000000000004 CCD=0000000000000000 CCO=EFLAGS
EFER=0000000000000d00
   376: v=20 e=0000 i=0 cpl=0 IP=0038:0000000007052c07 pc=0000000007052c07 SP=0030:0000000007efba60 env->regs[R_EAX]=00000000070a906f
RAX=00000000070a906f RBX=0000000000000017 RCX=00000000070a9058 RDX=0000000007efbbf8
RSI=0000000000000018 RDI=0000000000000001 RBP=0000000000000000 RSP=0000000007efba60
R8 =0000000000000018 R9 =0000000000000000 R10=0000000007f19a4d R11=0000000007059f00
R12=00000000070a9058 R13=0000000007efbbf8 R14=0000000000000001 R15=0000000007efbc10
RIP=0000000007052c07 RFL=00000206 [-----P-] CPL=0 II=0 A20=1 SMM=0 HLT=0
ES =0030 0000000000000000 ffffffff 00cf9300 DPL=0 DS   [-WA]
CS =0038 0000000000000000 ffffffff 00af9a00 DPL=0 CS64 [-R-]
SS =0030 0000000000000000 ffffffff 00cf9300 DPL=0 DS   [-WA]
DS =0030 0000000000000000 ffffffff 00cf9300 DPL=0 DS   [-WA]
FS =0030 0000000000000000 ffffffff 00cf9300 DPL=0 DS   [-WA]
GS =0030 0000000000000000 ffffffff 00cf9300 DPL=0 DS   [-WA]
LDT=0000 0000000000000000 0000ffff 00008200 DPL=0 LDT
TR =0000 0000000000000000 0000ffff 00008b00 DPL=0 TSS64-busy
GDT=     00000000079de000 00000047
IDT=     00000000074fa018 00000fff
CR0=80010033 CR2=0000000000000000 CR3=0000000007c01000 CR4=00000668
DR0=0000000000000000 DR1=0000000000000000 DR2=0000000000000000 DR3=0000000000000000 
DR6=00000000ffff0ff0 DR7=0000000000000400
CCS=0000000000000004 CCD=0000000000000000 CCO=EFLAGS
EFER=0000000000000d00
   377: v=20 e=0000 i=0 cpl=0 IP=0038:0000000007052c07 pc=0000000007052c07 SP=0030:0000000007efba60 env->regs[R_EAX]=00000000070a906f
RAX=00000000070a906f RBX=0000000000000017 RCX=00000000070a9058 RDX=0000000007efbbf8
RSI=0000000000000018 RDI=0000000000000001 RBP=0000000000000000 RSP=0000000007efba60
R8 =0000000000000018 R9 =0000000000000000 R10=0000000007f19a4d R11=0000000007059f00
R12=00000000070a9058 R13=0000000007efbbf8 R14=0000000000000001 R15=0000000007efbc10
RIP=0000000007052c07 RFL=00000206 [-----P-] CPL=0 II=0 A20=1 SMM=0 HLT=0
ES =0030 0000000000000000 ffffffff 00cf9300 DPL=0 DS   [-WA]
CS =0038 0000000000000000 ffffffff 00af9a00 DPL=0 CS64 [-R-]
SS =0030 0000000000000000 ffffffff 00cf9300 DPL=0 DS   [-WA]
DS =0030 0000000000000000 ffffffff 00cf9300 DPL=0 DS   [-WA]
FS =0030 0000000000000000 ffffffff 00cf9300 DPL=0 DS   [-WA]
GS =0030 0000000000000000 ffffffff 00cf9300 DPL=0 DS   [-WA]
LDT=0000 0000000000000000 0000ffff 00008200 DPL=0 LDT
TR =0000 0000000000000000 0000ffff 00008b00 DPL=0 TSS64-busy
GDT=     00000000079de000 00000047
IDT=     00000000074fa018 00000fff
CR0=80010033 CR2=0000000000000000 CR3=0000000007c01000 CR4=00000668
DR0=0000000000000000 DR1=0000000000000000 DR2=0000000000000000 DR3=0000000000000000 
DR6=00000000ffff0ff0 DR7=0000000000000400
CCS=0000000000000004 CCD=0000000000000000 CCO=EFLAGS
EFER=0000000000000d00
   378: v=20 e=0000 i=0 cpl=0 IP=0038:0000000007052c07 pc=0000000007052c07 SP=0030:0000000007efba60 env->regs[R_EAX]=00000000070a906f
RAX=00000000070a906f RBX=0000000000000017 RCX=00000000070a9058 RDX=0000000007efbbf8
RSI=0000000000000018 RDI=0000000000000001 RBP=0000000000000000 RSP=0000000007efba60
R8 =0000000000000018 R9 =0000000000000000 R10=0000000007f19a4d R11=0000000007059f00
R12=00000000070a9058 R13=0000000007efbbf8 R14=0000000000000001 R15=0000000007efbc10
RIP=0000000007052c07 RFL=00000206 [-----P-] CPL=0 II=0 A20=1 SMM=0 HLT=0
ES =0030 0000000000000000 ffffffff 00cf9300 DPL=0 DS   [-WA]
CS =0038 0000000000000000 ffffffff 00af9a00 DPL=0 CS64 [-R-]
SS =0030 0000000000000000 ffffffff 00cf9300 DPL=0 DS   [-WA]
DS =0030 0000000000000000 ffffffff 00cf9300 DPL=0 DS   [-WA]
FS =0030 0000000000000000 ffffffff 00cf9300 DPL=0 DS   [-WA]
GS =0030 0000000000000000 ffffffff 00cf9300 DPL=0 DS   [-WA]
LDT=0000 0000000000000000 0000ffff 00008200 DPL=0 LDT
TR =0000 0000000000000000 0000ffff 00008b00 DPL=0 TSS64-busy
GDT=     00000000079de000 00000047
IDT=     00000000074fa018 00000fff
CR0=80010033 CR2=0000000000000000 CR3=0000000007c01000 CR4=00000668
DR0=0000000000000000 DR1=0000000000000000 DR2=0000000000000000 DR3=0000000000000000 
DR6=00000000ffff0ff0 DR7=0000000000000400
CCS=0000000000000004 CCD=0000000000000000 CCO=EFLAGS
EFER=0000000000000d00
   379: v=20 e=0000 i=0 cpl=0 IP=0038:0000000007052c07 pc=0000000007052c07 SP=0030:0000000007efba60 env->regs[R_EAX]=00000000070a906f
RAX=00000000070a906f RBX=0000000000000017 RCX=00000000070a9058 RDX=0000000007efbbf8
RSI=0000000000000018 RDI=0000000000000001 RBP=0000000000000000 RSP=0000000007efba60
R8 =0000000000000018 R9 =0000000000000000 R10=0000000007f19a4d R11=0000000007059f00
R12=00000000070a9058 R13=0000000007efbbf8 R14=0000000000000001 R15=0000000007efbc10
RIP=0000000007052c07 RFL=00000206 [-----P-] CPL=0 II=0 A20=1 SMM=0 HLT=0
ES =0030 0000000000000000 ffffffff 00cf9300 DPL=0 DS   [-WA]
CS =0038 0000000000000000 ffffffff 00af9a00 DPL=0 CS64 [-R-]
SS =0030 0000000000000000 ffffffff 00cf9300 DPL=0 DS   [-WA]
DS =0030 0000000000000000 ffffffff 00cf9300 DPL=0 DS   [-WA]
FS =0030 0000000000000000 ffffffff 00cf9300 DPL=0 DS   [-WA]
GS =0030 0000000000000000 ffffffff 00cf9300 DPL=0 DS   [-WA]
LDT=0000 0000000000000000 0000ffff 00008200 DPL=0 LDT
TR =0000 0000000000000000 0000ffff 00008b00 DPL=0 TSS64-busy
GDT=     00000000079de000 00000047
IDT=     00000000074fa018 00000fff
CR0=80010033 CR2=0000000000000000 CR3=0000000007c01000 CR4=00000668
DR0=0000000000000000 DR1=0000000000000000 DR2=0000000000000000 DR3=0000000000000000 
DR6=00000000ffff0ff0 DR7=0000000000000400
CCS=0000000000000004 CCD=0000000000000000 CCO=EFLAGS
EFER=0000000000000d00
   380: v=20 e=0000 i=0 cpl=0 IP=0038:0000000007052c07 pc=0000000007052c07 SP=0030:0000000007efba60 env->regs[R_EAX]=00000000070a906f
RAX=00000000070a906f RBX=0000000000000017 RCX=00000000070a9058 RDX=0000000007efbbf8
RSI=0000000000000018 RDI=0000000000000001 RBP=0000000000000000 RSP=0000000007efba60
R8 =0000000000000018 R9 =0000000000000000 R10=0000000007f19a4d R11=0000000007059f00
R12=00000000070a9058 R13=0000000007efbbf8 R14=0000000000000001 R15=0000000007efbc10
RIP=0000000007052c07 RFL=00000206 [-----P-] CPL=0 II=0 A20=1 SMM=0 HLT=0
ES =0030 0000000000000000 ffffffff 00cf9300 DPL=0 DS   [-WA]
CS =0038 0000000000000000 ffffffff 00af9a00 DPL=0 CS64 [-R-]
SS =0030 0000000000000000 ffffffff 00cf9300 DPL=0 DS   [-WA]
DS =0030 0000000000000000 ffffffff 00cf9300 DPL=0 DS   [-WA]
FS =0030 0000000000000000 ffffffff 00cf9300 DPL=0 DS   [-WA]
GS =0030 0000000000000000 ffffffff 00cf9300 DPL=0 DS   [-WA]
LDT=0000 0000000000000000 0000ffff 00008200 DPL=0 LDT
TR =0000 0000000000000000 0000ffff 00008b00 DPL=0 TSS64-busy
GDT=     00000000079de000 00000047
IDT=     00000000074fa018 00000fff
CR0=80010033 CR2=0000000000000000 CR3=0000000007c01000 CR4=00000668
DR0=0000000000000000 DR1=0000000000000000 DR2=0000000000000000 DR3=0000000000000000 
DR6=00000000ffff0ff0 DR7=0000000000000400
CCS=0000000000000004 CCD=0000000000000000 CCO=EFLAGS
EFER=0000000000000d00
   381: v=20 e=0000 i=0 cpl=0 IP=0038:0000000007052c07 pc=0000000007052c07 SP=0030:0000000007efba60 env->regs[R_EAX]=00000000070a906f
RAX=00000000070a906f RBX=0000000000000017 RCX=00000000070a9058 RDX=0000000007efbbf8
RSI=0000000000000018 RDI=0000000000000001 RBP=0000000000000000 RSP=0000000007efba60
R8 =0000000000000018 R9 =0000000000000000 R10=0000000007f19a4d R11=0000000007059f00
R12=00000000070a9058 R13=0000000007efbbf8 R14=0000000000000001 R15=0000000007efbc10
RIP=0000000007052c07 RFL=00000206 [-----P-] CPL=0 II=0 A20=1 SMM=0 HLT=0
ES =0030 0000000000000000 ffffffff 00cf9300 DPL=0 DS   [-WA]
CS =0038 0000000000000000 ffffffff 00af9a00 DPL=0 CS64 [-R-]
SS =0030 0000000000000000 ffffffff 00cf9300 DPL=0 DS   [-WA]
DS =0030 0000000000000000 ffffffff 00cf9300 DPL=0 DS   [-WA]
FS =0030 0000000000000000 ffffffff 00cf9300 DPL=0 DS   [-WA]
GS =0030 0000000000000000 ffffffff 00cf9300 DPL=0 DS   [-WA]
LDT=0000 0000000000000000 0000ffff 00008200 DPL=0 LDT
TR =0000 0000000000000000 0000ffff 00008b00 DPL=0 TSS64-busy
GDT=     00000000079de000 00000047
IDT=     00000000074fa018 00000fff
CR0=80010033 CR2=0000000000000000 CR3=0000000007c01000 CR4=00000668
DR0=0000000000000000 DR1=0000000000000000 DR2=0000000000000000 DR3=0000000000000000 
DR6=00000000ffff0ff0 DR7=0000000000000400
CCS=0000000000000004 CCD=0000000000000000 CCO=EFLAGS
EFER=0000000000000d00
   382: v=20 e=0000 i=0 cpl=0 IP=0038:0000000007052c07 pc=0000000007052c07 SP=0030:0000000007efba60 env->regs[R_EAX]=00000000070a906f
RAX=00000000070a906f RBX=0000000000000017 RCX=00000000070a9058 RDX=0000000007efbbf8
RSI=0000000000000018 RDI=0000000000000001 RBP=0000000000000000 RSP=0000000007efba60
R8 =0000000000000018 R9 =0000000000000000 R10=0000000007f19a4d R11=0000000007059f00
R12=00000000070a9058 R13=0000000007efbbf8 R14=0000000000000001 R15=0000000007efbc10
RIP=0000000007052c07 RFL=00000206 [-----P-] CPL=0 II=0 A20=1 SMM=0 HLT=0
ES =0030 0000000000000000 ffffffff 00cf9300 DPL=0 DS   [-WA]
CS =0038 0000000000000000 ffffffff 00af9a00 DPL=0 CS64 [-R-]
SS =0030 0000000000000000 ffffffff 00cf9300 DPL=0 DS   [-WA]
DS =0030 0000000000000000 ffffffff 00cf9300 DPL=0 DS   [-WA]
FS =0030 0000000000000000 ffffffff 00cf9300 DPL=0 DS   [-WA]
GS =0030 0000000000000000 ffffffff 00cf9300 DPL=0 DS   [-WA]
LDT=0000 0000000000000000 0000ffff 00008200 DPL=0 LDT
TR =0000 0000000000000000 0000ffff 00008b00 DPL=0 TSS64-busy
GDT=     00000000079de000 00000047
IDT=     00000000074fa018 00000fff
CR0=80010033 CR2=0000000000000000 CR3=0000000007c01000 CR4=00000668
DR0=0000000000000000 DR1=0000000000000000 DR2=0000000000000000 DR3=0000000000000000 
DR6=00000000ffff0ff0 DR7=0000000000000400
CCS=0000000000000004 CCD=0000000000000000 CCO=EFLAGS
EFER=0000000000000d00
   383: v=20 e=0000 i=0 cpl=0 IP=0038:0000000007052c07 pc=0000000007052c07 SP=0030:0000000007efba60 env->regs[R_EAX]=00000000070a906f
RAX=00000000070a906f RBX=0000000000000017 RCX=00000000070a9058 RDX=0000000007efbbf8
RSI=0000000000000018 RDI=0000000000000001 RBP=0000000000000000 RSP=0000000007efba60
R8 =0000000000000018 R9 =0000000000000000 R10=0000000007f19a4d R11=0000000007059f00
R12=00000000070a9058 R13=0000000007efbbf8 R14=0000000000000001 R15=0000000007efbc10
RIP=0000000007052c07 RFL=00000206 [-----P-] CPL=0 II=0 A20=1 SMM=0 HLT=0
ES =0030 0000000000000000 ffffffff 00cf9300 DPL=0 DS   [-WA]
CS =0038 0000000000000000 ffffffff 00af9a00 DPL=0 CS64 [-R-]
SS =0030 0000000000000000 ffffffff 00cf9300 DPL=0 DS   [-WA]
DS =0030 0000000000000000 ffffffff 00cf9300 DPL=0 DS   [-WA]
FS =0030 0000000000000000 ffffffff 00cf9300 DPL=0 DS   [-WA]
GS =0030 0000000000000000 ffffffff 00cf9300 DPL=0 DS   [-WA]
LDT=0000 0000000000000000 0000ffff 00008200 DPL=0 LDT
TR =0000 0000000000000000 0000ffff 00008b00 DPL=0 TSS64-busy
GDT=     00000000079de000 00000047
IDT=     00000000074fa018 00000fff
CR0=80010033 CR2=0000000000000000 CR3=0000000007c01000 CR4=00000668
DR0=0000000000000000 DR1=0000000000000000 DR2=0000000000000000 DR3=0000000000000000 
DR6=00000000ffff0ff0 DR7=0000000000000400
CCS=0000000000000004 CCD=0000000000000000 CCO=EFLAGS
EFER=0000000000000d00
   384: v=20 e=0000 i=0 cpl=0 IP=0038:0000000007052c07 pc=0000000007052c07 SP=0030:0000000007efba60 env->regs[R_EAX]=00000000070a906f
RAX=00000000070a906f RBX=0000000000000017 RCX=00000000070a9058 RDX=0000000007efbbf8
RSI=0000000000000018 RDI=0000000000000001 RBP=0000000000000000 RSP=0000000007efba60
R8 =0000000000000018 R9 =0000000000000000 R10=0000000007f19a4d R11=0000000007059f00
R12=00000000070a9058 R13=0000000007efbbf8 R14=0000000000000001 R15=0000000007efbc10
RIP=0000000007052c07 RFL=00000206 [-----P-] CPL=0 II=0 A20=1 SMM=0 HLT=0
ES =0030 0000000000000000 ffffffff 00cf9300 DPL=0 DS   [-WA]
CS =0038 0000000000000000 ffffffff 00af9a00 DPL=0 CS64 [-R-]
SS =0030 0000000000000000 ffffffff 00cf9300 DPL=0 DS   [-WA]
DS =0030 0000000000000000 ffffffff 00cf9300 DPL=0 DS   [-WA]
FS =0030 0000000000000000 ffffffff 00cf9300 DPL=0 DS   [-WA]
GS =0030 0000000000000000 ffffffff 00cf9300 DPL=0 DS   [-WA]
LDT=0000 0000000000000000 0000ffff 00008200 DPL=0 LDT
TR =0000 0000000000000000 0000ffff 00008b00 DPL=0 TSS64-busy
GDT=     00000000079de000 00000047
IDT=     00000000074fa018 00000fff
CR0=80010033 CR2=0000000000000000 CR3=0000000007c01000 CR4=00000668
DR0=0000000000000000 DR1=0000000000000000 DR2=0000000000000000 DR3=0000000000000000 
DR6=00000000ffff0ff0 DR7=0000000000000400
CCS=0000000000000004 CCD=0000000000000000 CCO=EFLAGS
EFER=0000000000000d00
   385: v=20 e=0000 i=0 cpl=0 IP=0038:0000000007052c07 pc=0000000007052c07 SP=0030:0000000007efba60 env->regs[R_EAX]=00000000070a906f
RAX=00000000070a906f RBX=0000000000000017 RCX=00000000070a9058 RDX=0000000007efbbf8
RSI=0000000000000018 RDI=0000000000000001 RBP=0000000000000000 RSP=0000000007efba60
R8 =0000000000000018 R9 =0000000000000000 R10=0000000007f19a4d R11=0000000007059f00
R12=00000000070a9058 R13=0000000007efbbf8 R14=0000000000000001 R15=0000000007efbc10
RIP=0000000007052c07 RFL=00000206 [-----P-] CPL=0 II=0 A20=1 SMM=0 HLT=0
ES =0030 0000000000000000 ffffffff 00cf9300 DPL=0 DS   [-WA]
CS =0038 0000000000000000 ffffffff 00af9a00 DPL=0 CS64 [-R-]
SS =0030 0000000000000000 ffffffff 00cf9300 DPL=0 DS   [-WA]
DS =0030 0000000000000000 ffffffff 00cf9300 DPL=0 DS   [-WA]
FS =0030 0000000000000000 ffffffff 00cf9300 DPL=0 DS   [-WA]
GS =0030 0000000000000000 ffffffff 00cf9300 DPL=0 DS   [-WA]
LDT=0000 0000000000000000 0000ffff 00008200 DPL=0 LDT
TR =0000 0000000000000000 0000ffff 00008b00 DPL=0 TSS64-busy
GDT=     00000000079de000 00000047
IDT=     00000000074fa018 00000fff
CR0=80010033 CR2=0000000000000000 CR3=0000000007c01000 CR4=00000668
DR0=0000000000000000 DR1=0000000000000000 DR2=0000000000000000 DR3=0000000000000000 
DR6=00000000ffff0ff0 DR7=0000000000000400
CCS=0000000000000004 CCD=0000000000000000 CCO=EFLAGS
EFER=0000000000000d00
   386: v=20 e=0000 i=0 cpl=0 IP=0038:0000000007052c07 pc=0000000007052c07 SP=0030:0000000007efba60 env->regs[R_EAX]=00000000070a906f
RAX=00000000070a906f RBX=0000000000000017 RCX=00000000070a9058 RDX=0000000007efbbf8
RSI=0000000000000018 RDI=0000000000000001 RBP=0000000000000000 RSP=0000000007efba60
R8 =0000000000000018 R9 =0000000000000000 R10=0000000007f19a4d R11=0000000007059f00
R12=00000000070a9058 R13=0000000007efbbf8 R14=0000000000000001 R15=0000000007efbc10
RIP=0000000007052c07 RFL=00000206 [-----P-] CPL=0 II=0 A20=1 SMM=0 HLT=0
ES =0030 0000000000000000 ffffffff 00cf9300 DPL=0 DS   [-WA]
CS =0038 0000000000000000 ffffffff 00af9a00 DPL=0 CS64 [-R-]
SS =0030 0000000000000000 ffffffff 00cf9300 DPL=0 DS   [-WA]
DS =0030 0000000000000000 ffffffff 00cf9300 DPL=0 DS   [-WA]
FS =0030 0000000000000000 ffffffff 00cf9300 DPL=0 DS   [-WA]
GS =0030 0000000000000000 ffffffff 00cf9300 DPL=0 DS   [-WA]
LDT=0000 0000000000000000 0000ffff 00008200 DPL=0 LDT
TR =0000 0000000000000000 0000ffff 00008b00 DPL=0 TSS64-busy
GDT=     00000000079de000 00000047
IDT=     00000000074fa018 00000fff
CR0=80010033 CR2=0000000000000000 CR3=0000000007c01000 CR4=00000668
DR0=0000000000000000 DR1=0000000000000000 DR2=0000000000000000 DR3=0000000000000000 
DR6=00000000ffff0ff0 DR7=0000000000000400
CCS=0000000000000004 CCD=0000000000000000 CCO=EFLAGS
EFER=0000000000000d00
   387: v=20 e=0000 i=0 cpl=0 IP=0038:0000000007052c07 pc=0000000007052c07 SP=0030:0000000007efba60 env->regs[R_EAX]=00000000070a906f
RAX=00000000070a906f RBX=0000000000000017 RCX=00000000070a9058 RDX=0000000007efbbf8
RSI=0000000000000018 RDI=0000000000000001 RBP=0000000000000000 RSP=0000000007efba60
R8 =0000000000000018 R9 =0000000000000000 R10=0000000007f19a4d R11=0000000007059f00
R12=00000000070a9058 R13=0000000007efbbf8 R14=0000000000000001 R15=0000000007efbc10
RIP=0000000007052c07 RFL=00000206 [-----P-] CPL=0 II=0 A20=1 SMM=0 HLT=0
ES =0030 0000000000000000 ffffffff 00cf9300 DPL=0 DS   [-WA]
CS =0038 0000000000000000 ffffffff 00af9a00 DPL=0 CS64 [-R-]
SS =0030 0000000000000000 ffffffff 00cf9300 DPL=0 DS   [-WA]
DS =0030 0000000000000000 ffffffff 00cf9300 DPL=0 DS   [-WA]
FS =0030 0000000000000000 ffffffff 00cf9300 DPL=0 DS   [-WA]
GS =0030 0000000000000000 ffffffff 00cf9300 DPL=0 DS   [-WA]
LDT=0000 0000000000000000 0000ffff 00008200 DPL=0 LDT
TR =0000 0000000000000000 0000ffff 00008b00 DPL=0 TSS64-busy
GDT=     00000000079de000 00000047
IDT=     00000000074fa018 00000fff
CR0=80010033 CR2=0000000000000000 CR3=0000000007c01000 CR4=00000668
DR0=0000000000000000 DR1=0000000000000000 DR2=0000000000000000 DR3=0000000000000000 
DR6=00000000ffff0ff0 DR7=0000000000000400
CCS=0000000000000004 CCD=0000000000000000 CCO=EFLAGS
EFER=0000000000000d00
   388: v=20 e=0000 i=0 cpl=0 IP=0038:0000000007052c07 pc=0000000007052c07 SP=0030:0000000007efba60 env->regs[R_EAX]=00000000070a906f
RAX=00000000070a906f RBX=0000000000000017 RCX=00000000070a9058 RDX=0000000007efbbf8
RSI=0000000000000018 RDI=0000000000000001 RBP=0000000000000000 RSP=0000000007efba60
R8 =0000000000000018 R9 =0000000000000000 R10=0000000007f19a4d R11=0000000007059f00
R12=00000000070a9058 R13=0000000007efbbf8 R14=0000000000000001 R15=0000000007efbc10
RIP=0000000007052c07 RFL=00000206 [-----P-] CPL=0 II=0 A20=1 SMM=0 HLT=0
ES =0030 0000000000000000 ffffffff 00cf9300 DPL=0 DS   [-WA]
CS =0038 0000000000000000 ffffffff 00af9a00 DPL=0 CS64 [-R-]
SS =0030 0000000000000000 ffffffff 00cf9300 DPL=0 DS   [-WA]
DS =0030 0000000000000000 ffffffff 00cf9300 DPL=0 DS   [-WA]
FS =0030 0000000000000000 ffffffff 00cf9300 DPL=0 DS   [-WA]
GS =0030 0000000000000000 ffffffff 00cf9300 DPL=0 DS   [-WA]
LDT=0000 0000000000000000 0000ffff 00008200 DPL=0 LDT
TR =0000 0000000000000000 0000ffff 00008b00 DPL=0 TSS64-busy
GDT=     00000000079de000 00000047
IDT=     00000000074fa018 00000fff
CR0=80010033 CR2=0000000000000000 CR3=0000000007c01000 CR4=00000668
DR0=0000000000000000 DR1=0000000000000000 DR2=0000000000000000 DR3=0000000000000000 
DR6=00000000ffff0ff0 DR7=0000000000000400
CCS=0000000000000004 CCD=0000000000000000 CCO=EFLAGS
EFER=0000000000000d00
   389: v=20 e=0000 i=0 cpl=0 IP=0038:0000000007052c07 pc=0000000007052c07 SP=0030:0000000007efba60 env->regs[R_EAX]=00000000070a906f
RAX=00000000070a906f RBX=0000000000000017 RCX=00000000070a9058 RDX=0000000007efbbf8
RSI=0000000000000018 RDI=0000000000000001 RBP=0000000000000000 RSP=0000000007efba60
R8 =0000000000000018 R9 =0000000000000000 R10=0000000007f19a4d R11=0000000007059f00
R12=00000000070a9058 R13=0000000007efbbf8 R14=0000000000000001 R15=0000000007efbc10
RIP=0000000007052c07 RFL=00000206 [-----P-] CPL=0 II=0 A20=1 SMM=0 HLT=0
ES =0030 0000000000000000 ffffffff 00cf9300 DPL=0 DS   [-WA]
CS =0038 0000000000000000 ffffffff 00af9a00 DPL=0 CS64 [-R-]
SS =0030 0000000000000000 ffffffff 00cf9300 DPL=0 DS   [-WA]
DS =0030 0000000000000000 ffffffff 00cf9300 DPL=0 DS   [-WA]
FS =0030 0000000000000000 ffffffff 00cf9300 DPL=0 DS   [-WA]
GS =0030 0000000000000000 ffffffff 00cf9300 DPL=0 DS   [-WA]
LDT=0000 0000000000000000 0000ffff 00008200 DPL=0 LDT
TR =0000 0000000000000000 0000ffff 00008b00 DPL=0 TSS64-busy
GDT=     00000000079de000 00000047
IDT=     00000000074fa018 00000fff
CR0=80010033 CR2=0000000000000000 CR3=0000000007c01000 CR4=00000668
DR0=0000000000000000 DR1=0000000000000000 DR2=0000000000000000 DR3=0000000000000000 
DR6=00000000ffff0ff0 DR7=0000000000000400
CCS=0000000000000004 CCD=0000000000000000 CCO=EFLAGS
EFER=0000000000000d00
   390: v=20 e=0000 i=0 cpl=0 IP=0038:0000000007052c07 pc=0000000007052c07 SP=0030:0000000007efba60 env->regs[R_EAX]=00000000070a906f
RAX=00000000070a906f RBX=0000000000000017 RCX=00000000070a9058 RDX=0000000007efbbf8
RSI=0000000000000018 RDI=0000000000000001 RBP=0000000000000000 RSP=0000000007efba60
R8 =0000000000000018 R9 =0000000000000000 R10=0000000007f19a4d R11=0000000007059f00
R12=00000000070a9058 R13=0000000007efbbf8 R14=0000000000000001 R15=0000000007efbc10
RIP=0000000007052c07 RFL=00000206 [-----P-] CPL=0 II=0 A20=1 SMM=0 HLT=0
ES =0030 0000000000000000 ffffffff 00cf9300 DPL=0 DS   [-WA]
CS =0038 0000000000000000 ffffffff 00af9a00 DPL=0 CS64 [-R-]
SS =0030 0000000000000000 ffffffff 00cf9300 DPL=0 DS   [-WA]
DS =0030 0000000000000000 ffffffff 00cf9300 DPL=0 DS   [-WA]
FS =0030 0000000000000000 ffffffff 00cf9300 DPL=0 DS   [-WA]
GS =0030 0000000000000000 ffffffff 00cf9300 DPL=0 DS   [-WA]
LDT=0000 0000000000000000 0000ffff 00008200 DPL=0 LDT
TR =0000 0000000000000000 0000ffff 00008b00 DPL=0 TSS64-busy
GDT=     00000000079de000 00000047
IDT=     00000000074fa018 00000fff
CR0=80010033 CR2=0000000000000000 CR3=0000000007c01000 CR4=00000668
DR0=0000000000000000 DR1=0000000000000000 DR2=0000000000000000 DR3=0000000000000000 
DR6=00000000ffff0ff0 DR7=0000000000000400
CCS=0000000000000004 CCD=0000000000000000 CCO=EFLAGS
EFER=0000000000000d00
   391: v=20 e=0000 i=0 cpl=0 IP=0038:0000000007052c07 pc=0000000007052c07 SP=0030:0000000007efba60 env->regs[R_EAX]=00000000070a906f
RAX=00000000070a906f RBX=0000000000000017 RCX=00000000070a9058 RDX=0000000007efbbf8
RSI=0000000000000018 RDI=0000000000000001 RBP=0000000000000000 RSP=0000000007efba60
R8 =0000000000000018 R9 =0000000000000000 R10=0000000007f19a4d R11=0000000007059f00
R12=00000000070a9058 R13=0000000007efbbf8 R14=0000000000000001 R15=0000000007efbc10
RIP=0000000007052c07 RFL=00000206 [-----P-] CPL=0 II=0 A20=1 SMM=0 HLT=0
ES =0030 0000000000000000 ffffffff 00cf9300 DPL=0 DS   [-WA]
CS =0038 0000000000000000 ffffffff 00af9a00 DPL=0 CS64 [-R-]
SS =0030 0000000000000000 ffffffff 00cf9300 DPL=0 DS   [-WA]
DS =0030 0000000000000000 ffffffff 00cf9300 DPL=0 DS   [-WA]
FS =0030 0000000000000000 ffffffff 00cf9300 DPL=0 DS   [-WA]
GS =0030 0000000000000000 ffffffff 00cf9300 DPL=0 DS   [-WA]
LDT=0000 0000000000000000 0000ffff 00008200 DPL=0 LDT
TR =0000 0000000000000000 0000ffff 00008b00 DPL=0 TSS64-busy
GDT=     00000000079de000 00000047
IDT=     00000000074fa018 00000fff
CR0=80010033 CR2=0000000000000000 CR3=0000000007c01000 CR4=00000668
DR0=0000000000000000 DR1=0000000000000000 DR2=0000000000000000 DR3=0000000000000000 
DR6=00000000ffff0ff0 DR7=0000000000000400
CCS=0000000000000004 CCD=0000000000000000 CCO=EFLAGS
EFER=0000000000000d00
   392: v=20 e=0000 i=0 cpl=0 IP=0038:0000000007052c07 pc=0000000007052c07 SP=0030:0000000007efba60 env->regs[R_EAX]=00000000070a906f
RAX=00000000070a906f RBX=0000000000000017 RCX=00000000070a9058 RDX=0000000007efbbf8
RSI=0000000000000018 RDI=0000000000000001 RBP=0000000000000000 RSP=0000000007efba60
R8 =0000000000000018 R9 =0000000000000000 R10=0000000007f19a4d R11=0000000007059f00
R12=00000000070a9058 R13=0000000007efbbf8 R14=0000000000000001 R15=0000000007efbc10
RIP=0000000007052c07 RFL=00000206 [-----P-] CPL=0 II=0 A20=1 SMM=0 HLT=0
ES =0030 0000000000000000 ffffffff 00cf9300 DPL=0 DS   [-WA]
CS =0038 0000000000000000 ffffffff 00af9a00 DPL=0 CS64 [-R-]
SS =0030 0000000000000000 ffffffff 00cf9300 DPL=0 DS   [-WA]
DS =0030 0000000000000000 ffffffff 00cf9300 DPL=0 DS   [-WA]
FS =0030 0000000000000000 ffffffff 00cf9300 DPL=0 DS   [-WA]
GS =0030 0000000000000000 ffffffff 00cf9300 DPL=0 DS   [-WA]
LDT=0000 0000000000000000 0000ffff 00008200 DPL=0 LDT
TR =0000 0000000000000000 0000ffff 00008b00 DPL=0 TSS64-busy
GDT=     00000000079de000 00000047
IDT=     00000000074fa018 00000fff
CR0=80010033 CR2=0000000000000000 CR3=0000000007c01000 CR4=00000668
DR0=0000000000000000 DR1=0000000000000000 DR2=0000000000000000 DR3=0000000000000000 
DR6=00000000ffff0ff0 DR7=0000000000000400
CCS=0000000000000004 CCD=0000000000000000 CCO=EFLAGS
EFER=0000000000000d00
   393: v=20 e=0000 i=0 cpl=0 IP=0038:0000000007052c07 pc=0000000007052c07 SP=0030:0000000007efba60 env->regs[R_EAX]=00000000070a906f
RAX=00000000070a906f RBX=0000000000000017 RCX=00000000070a9058 RDX=0000000007efbbf8
RSI=0000000000000018 RDI=0000000000000001 RBP=0000000000000000 RSP=0000000007efba60
R8 =0000000000000018 R9 =0000000000000000 R10=0000000007f19a4d R11=0000000007059f00
R12=00000000070a9058 R13=0000000007efbbf8 R14=0000000000000001 R15=0000000007efbc10
RIP=0000000007052c07 RFL=00000206 [-----P-] CPL=0 II=0 A20=1 SMM=0 HLT=0
ES =0030 0000000000000000 ffffffff 00cf9300 DPL=0 DS   [-WA]
CS =0038 0000000000000000 ffffffff 00af9a00 DPL=0 CS64 [-R-]
SS =0030 0000000000000000 ffffffff 00cf9300 DPL=0 DS   [-WA]
DS =0030 0000000000000000 ffffffff 00cf9300 DPL=0 DS   [-WA]
FS =0030 0000000000000000 ffffffff 00cf9300 DPL=0 DS   [-WA]
GS =0030 0000000000000000 ffffffff 00cf9300 DPL=0 DS   [-WA]
LDT=0000 0000000000000000 0000ffff 00008200 DPL=0 LDT
TR =0000 0000000000000000 0000ffff 00008b00 DPL=0 TSS64-busy
GDT=     00000000079de000 00000047
IDT=     00000000074fa018 00000fff
CR0=80010033 CR2=0000000000000000 CR3=0000000007c01000 CR4=00000668
DR0=0000000000000000 DR1=0000000000000000 DR2=0000000000000000 DR3=0000000000000000 
DR6=00000000ffff0ff0 DR7=0000000000000400
CCS=0000000000000004 CCD=0000000000000000 CCO=EFLAGS
EFER=0000000000000d00
   394: v=20 e=0000 i=0 cpl=0 IP=0038:0000000007052c07 pc=0000000007052c07 SP=0030:0000000007efba60 env->regs[R_EAX]=00000000070a906f
RAX=00000000070a906f RBX=0000000000000017 RCX=00000000070a9058 RDX=0000000007efbbf8
RSI=0000000000000018 RDI=0000000000000001 RBP=0000000000000000 RSP=0000000007efba60
R8 =0000000000000018 R9 =0000000000000000 R10=0000000007f19a4d R11=0000000007059f00
R12=00000000070a9058 R13=0000000007efbbf8 R14=0000000000000001 R15=0000000007efbc10
RIP=0000000007052c07 RFL=00000206 [-----P-] CPL=0 II=0 A20=1 SMM=0 HLT=0
ES =0030 0000000000000000 ffffffff 00cf9300 DPL=0 DS   [-WA]
CS =0038 0000000000000000 ffffffff 00af9a00 DPL=0 CS64 [-R-]
SS =0030 0000000000000000 ffffffff 00cf9300 DPL=0 DS   [-WA]
DS =0030 0000000000000000 ffffffff 00cf9300 DPL=0 DS   [-WA]
FS =0030 0000000000000000 ffffffff 00cf9300 DPL=0 DS   [-WA]
GS =0030 0000000000000000 ffffffff 00cf9300 DPL=0 DS   [-WA]
LDT=0000 0000000000000000 0000ffff 00008200 DPL=0 LDT
TR =0000 0000000000000000 0000ffff 00008b00 DPL=0 TSS64-busy
GDT=     00000000079de000 00000047
IDT=     00000000074fa018 00000fff
CR0=80010033 CR2=0000000000000000 CR3=0000000007c01000 CR4=00000668
DR0=0000000000000000 DR1=0000000000000000 DR2=0000000000000000 DR3=0000000000000000 
DR6=00000000ffff0ff0 DR7=0000000000000400
CCS=0000000000000004 CCD=0000000000000000 CCO=EFLAGS
EFER=0000000000000d00
   395: v=20 e=0000 i=0 cpl=0 IP=0038:0000000007052c07 pc=0000000007052c07 SP=0030:0000000007efba60 env->regs[R_EAX]=00000000070a906f
RAX=00000000070a906f RBX=0000000000000017 RCX=00000000070a9058 RDX=0000000007efbbf8
RSI=0000000000000018 RDI=0000000000000001 RBP=0000000000000000 RSP=0000000007efba60
R8 =0000000000000018 R9 =0000000000000000 R10=0000000007f19a4d R11=0000000007059f00
R12=00000000070a9058 R13=0000000007efbbf8 R14=0000000000000001 R15=0000000007efbc10
RIP=0000000007052c07 RFL=00000206 [-----P-] CPL=0 II=0 A20=1 SMM=0 HLT=0
ES =0030 0000000000000000 ffffffff 00cf9300 DPL=0 DS   [-WA]
CS =0038 0000000000000000 ffffffff 00af9a00 DPL=0 CS64 [-R-]
SS =0030 0000000000000000 ffffffff 00cf9300 DPL=0 DS   [-WA]
DS =0030 0000000000000000 ffffffff 00cf9300 DPL=0 DS   [-WA]
FS =0030 0000000000000000 ffffffff 00cf9300 DPL=0 DS   [-WA]
GS =0030 0000000000000000 ffffffff 00cf9300 DPL=0 DS   [-WA]
LDT=0000 0000000000000000 0000ffff 00008200 DPL=0 LDT
TR =0000 0000000000000000 0000ffff 00008b00 DPL=0 TSS64-busy
GDT=     00000000079de000 00000047
IDT=     00000000074fa018 00000fff
CR0=80010033 CR2=0000000000000000 CR3=0000000007c01000 CR4=00000668
DR0=0000000000000000 DR1=0000000000000000 DR2=0000000000000000 DR3=0000000000000000 
DR6=00000000ffff0ff0 DR7=0000000000000400
CCS=0000000000000004 CCD=0000000000000000 CCO=EFLAGS
EFER=0000000000000d00
   396: v=20 e=0000 i=0 cpl=0 IP=0038:0000000007052c07 pc=0000000007052c07 SP=0030:0000000007efba60 env->regs[R_EAX]=00000000070a906f
RAX=00000000070a906f RBX=0000000000000017 RCX=00000000070a9058 RDX=0000000007efbbf8
RSI=0000000000000018 RDI=0000000000000001 RBP=0000000000000000 RSP=0000000007efba60
R8 =0000000000000018 R9 =0000000000000000 R10=0000000007f19a4d R11=0000000007059f00
R12=00000000070a9058 R13=0000000007efbbf8 R14=0000000000000001 R15=0000000007efbc10
RIP=0000000007052c07 RFL=00000206 [-----P-] CPL=0 II=0 A20=1 SMM=0 HLT=0
ES =0030 0000000000000000 ffffffff 00cf9300 DPL=0 DS   [-WA]
CS =0038 0000000000000000 ffffffff 00af9a00 DPL=0 CS64 [-R-]
SS =0030 0000000000000000 ffffffff 00cf9300 DPL=0 DS   [-WA]
DS =0030 0000000000000000 ffffffff 00cf9300 DPL=0 DS   [-WA]
FS =0030 0000000000000000 ffffffff 00cf9300 DPL=0 DS   [-WA]
GS =0030 0000000000000000 ffffffff 00cf9300 DPL=0 DS   [-WA]
LDT=0000 0000000000000000 0000ffff 00008200 DPL=0 LDT
TR =0000 0000000000000000 0000ffff 00008b00 DPL=0 TSS64-busy
GDT=     00000000079de000 00000047
IDT=     00000000074fa018 00000fff
CR0=80010033 CR2=0000000000000000 CR3=0000000007c01000 CR4=00000668
DR0=0000000000000000 DR1=0000000000000000 DR2=0000000000000000 DR3=0000000000000000 
DR6=00000000ffff0ff0 DR7=0000000000000400
CCS=0000000000000004 CCD=0000000000000000 CCO=EFLAGS
EFER=0000000000000d00
   397: v=20 e=0000 i=0 cpl=0 IP=0038:0000000007052c07 pc=0000000007052c07 SP=0030:0000000007efba60 env->regs[R_EAX]=00000000070a906f
RAX=00000000070a906f RBX=0000000000000017 RCX=00000000070a9058 RDX=0000000007efbbf8
RSI=0000000000000018 RDI=0000000000000001 RBP=0000000000000000 RSP=0000000007efba60
R8 =0000000000000018 R9 =0000000000000000 R10=0000000007f19a4d R11=0000000007059f00
R12=00000000070a9058 R13=0000000007efbbf8 R14=0000000000000001 R15=0000000007efbc10
RIP=0000000007052c07 RFL=00000206 [-----P-] CPL=0 II=0 A20=1 SMM=0 HLT=0
ES =0030 0000000000000000 ffffffff 00cf9300 DPL=0 DS   [-WA]
CS =0038 0000000000000000 ffffffff 00af9a00 DPL=0 CS64 [-R-]
SS =0030 0000000000000000 ffffffff 00cf9300 DPL=0 DS   [-WA]
DS =0030 0000000000000000 ffffffff 00cf9300 DPL=0 DS   [-WA]
FS =0030 0000000000000000 ffffffff 00cf9300 DPL=0 DS   [-WA]
GS =0030 0000000000000000 ffffffff 00cf9300 DPL=0 DS   [-WA]
LDT=0000 0000000000000000 0000ffff 00008200 DPL=0 LDT
TR =0000 0000000000000000 0000ffff 00008b00 DPL=0 TSS64-busy
GDT=     00000000079de000 00000047
IDT=     00000000074fa018 00000fff
CR0=80010033 CR2=0000000000000000 CR3=0000000007c01000 CR4=00000668
DR0=0000000000000000 DR1=0000000000000000 DR2=0000000000000000 DR3=0000000000000000 
DR6=00000000ffff0ff0 DR7=0000000000000400
CCS=0000000000000004 CCD=0000000000000000 CCO=EFLAGS
EFER=0000000000000d00
   398: v=20 e=0000 i=0 cpl=0 IP=0038:0000000007052c07 pc=0000000007052c07 SP=0030:0000000007efba60 env->regs[R_EAX]=00000000070a906f
RAX=00000000070a906f RBX=0000000000000017 RCX=00000000070a9058 RDX=0000000007efbbf8
RSI=0000000000000018 RDI=0000000000000001 RBP=0000000000000000 RSP=0000000007efba60
R8 =0000000000000018 R9 =0000000000000000 R10=0000000007f19a4d R11=0000000007059f00
R12=00000000070a9058 R13=0000000007efbbf8 R14=0000000000000001 R15=0000000007efbc10
RIP=0000000007052c07 RFL=00000206 [-----P-] CPL=0 II=0 A20=1 SMM=0 HLT=0
ES =0030 0000000000000000 ffffffff 00cf9300 DPL=0 DS   [-WA]
CS =0038 0000000000000000 ffffffff 00af9a00 DPL=0 CS64 [-R-]
SS =0030 0000000000000000 ffffffff 00cf9300 DPL=0 DS   [-WA]
DS =0030 0000000000000000 ffffffff 00cf9300 DPL=0 DS   [-WA]
FS =0030 0000000000000000 ffffffff 00cf9300 DPL=0 DS   [-WA]
GS =0030 0000000000000000 ffffffff 00cf9300 DPL=0 DS   [-WA]
LDT=0000 0000000000000000 0000ffff 00008200 DPL=0 LDT
TR =0000 0000000000000000 0000ffff 00008b00 DPL=0 TSS64-busy
GDT=     00000000079de000 00000047
IDT=     00000000074fa018 00000fff
CR0=80010033 CR2=0000000000000000 CR3=0000000007c01000 CR4=00000668
DR0=0000000000000000 DR1=0000000000000000 DR2=0000000000000000 DR3=0000000000000000 
DR6=00000000ffff0ff0 DR7=0000000000000400
CCS=0000000000000004 CCD=0000000000000000 CCO=EFLAGS
EFER=0000000000000d00
   399: v=20 e=0000 i=0 cpl=0 IP=0038:0000000007052c07 pc=0000000007052c07 SP=0030:0000000007efba60 env->regs[R_EAX]=00000000070a906f
RAX=00000000070a906f RBX=0000000000000017 RCX=00000000070a9058 RDX=0000000007efbbf8
RSI=0000000000000018 RDI=0000000000000001 RBP=0000000000000000 RSP=0000000007efba60
R8 =0000000000000018 R9 =0000000000000000 R10=0000000007f19a4d R11=0000000007059f00
R12=00000000070a9058 R13=0000000007efbbf8 R14=0000000000000001 R15=0000000007efbc10
RIP=0000000007052c07 RFL=00000206 [-----P-] CPL=0 II=0 A20=1 SMM=0 HLT=0
ES =0030 0000000000000000 ffffffff 00cf9300 DPL=0 DS   [-WA]
CS =0038 0000000000000000 ffffffff 00af9a00 DPL=0 CS64 [-R-]
SS =0030 0000000000000000 ffffffff 00cf9300 DPL=0 DS   [-WA]
DS =0030 0000000000000000 ffffffff 00cf9300 DPL=0 DS   [-WA]
FS =0030 0000000000000000 ffffffff 00cf9300 DPL=0 DS   [-WA]
GS =0030 0000000000000000 ffffffff 00cf9300 DPL=0 DS   [-WA]
LDT=0000 0000000000000000 0000ffff 00008200 DPL=0 LDT
TR =0000 0000000000000000 0000ffff 00008b00 DPL=0 TSS64-busy
GDT=     00000000079de000 00000047
IDT=     00000000074fa018 00000fff
CR0=80010033 CR2=0000000000000000 CR3=0000000007c01000 CR4=00000668
DR0=0000000000000000 DR1=0000000000000000 DR2=0000000000000000 DR3=0000000000000000 
DR6=00000000ffff0ff0 DR7=0000000000000400
CCS=0000000000000004 CCD=0000000000000000 CCO=EFLAGS
EFER=0000000000000d00
   400: v=20 e=0000 i=0 cpl=0 IP=0038:0000000007052c07 pc=0000000007052c07 SP=0030:0000000007efba60 env->regs[R_EAX]=00000000070a906f
RAX=00000000070a906f RBX=0000000000000017 RCX=00000000070a9058 RDX=0000000007efbbf8
RSI=0000000000000018 RDI=0000000000000001 RBP=0000000000000000 RSP=0000000007efba60
R8 =0000000000000018 R9 =0000000000000000 R10=0000000007f19a4d R11=0000000007059f00
R12=00000000070a9058 R13=0000000007efbbf8 R14=0000000000000001 R15=0000000007efbc10
RIP=0000000007052c07 RFL=00000206 [-----P-] CPL=0 II=0 A20=1 SMM=0 HLT=0
ES =0030 0000000000000000 ffffffff 00cf9300 DPL=0 DS   [-WA]
CS =0038 0000000000000000 ffffffff 00af9a00 DPL=0 CS64 [-R-]
SS =0030 0000000000000000 ffffffff 00cf9300 DPL=0 DS   [-WA]
DS =0030 0000000000000000 ffffffff 00cf9300 DPL=0 DS   [-WA]
FS =0030 0000000000000000 ffffffff 00cf9300 DPL=0 DS   [-WA]
GS =0030 0000000000000000 ffffffff 00cf9300 DPL=0 DS   [-WA]
LDT=0000 0000000000000000 0000ffff 00008200 DPL=0 LDT
TR =0000 0000000000000000 0000ffff 00008b00 DPL=0 TSS64-busy
GDT=     00000000079de000 00000047
IDT=     00000000074fa018 00000fff
CR0=80010033 CR2=0000000000000000 CR3=0000000007c01000 CR4=00000668
DR0=0000000000000000 DR1=0000000000000000 DR2=0000000000000000 DR3=0000000000000000 
DR6=00000000ffff0ff0 DR7=0000000000000400
CCS=0000000000000004 CCD=0000000000000000 CCO=EFLAGS
EFER=0000000000000d00
   401: v=20 e=0000 i=0 cpl=0 IP=0038:0000000007052c07 pc=0000000007052c07 SP=0030:0000000007efba60 env->regs[R_EAX]=00000000070a906f
RAX=00000000070a906f RBX=0000000000000017 RCX=00000000070a9058 RDX=0000000007efbbf8
RSI=0000000000000018 RDI=0000000000000001 RBP=0000000000000000 RSP=0000000007efba60
R8 =0000000000000018 R9 =0000000000000000 R10=0000000007f19a4d R11=0000000007059f00
R12=00000000070a9058 R13=0000000007efbbf8 R14=0000000000000001 R15=0000000007efbc10
RIP=0000000007052c07 RFL=00000206 [-----P-] CPL=0 II=0 A20=1 SMM=0 HLT=0
ES =0030 0000000000000000 ffffffff 00cf9300 DPL=0 DS   [-WA]
CS =0038 0000000000000000 ffffffff 00af9a00 DPL=0 CS64 [-R-]
SS =0030 0000000000000000 ffffffff 00cf9300 DPL=0 DS   [-WA]
DS =0030 0000000000000000 ffffffff 00cf9300 DPL=0 DS   [-WA]
FS =0030 0000000000000000 ffffffff 00cf9300 DPL=0 DS   [-WA]
GS =0030 0000000000000000 ffffffff 00cf9300 DPL=0 DS   [-WA]
LDT=0000 0000000000000000 0000ffff 00008200 DPL=0 LDT
TR =0000 0000000000000000 0000ffff 00008b00 DPL=0 TSS64-busy
GDT=     00000000079de000 00000047
IDT=     00000000074fa018 00000fff
CR0=80010033 CR2=0000000000000000 CR3=0000000007c01000 CR4=00000668
DR0=0000000000000000 DR1=0000000000000000 DR2=0000000000000000 DR3=0000000000000000 
DR6=00000000ffff0ff0 DR7=0000000000000400
CCS=0000000000000004 CCD=0000000000000000 CCO=EFLAGS
EFER=0000000000000d00
   402: v=20 e=0000 i=0 cpl=0 IP=0038:0000000007052c07 pc=0000000007052c07 SP=0030:0000000007efba60 env->regs[R_EAX]=00000000070a906f
RAX=00000000070a906f RBX=0000000000000017 RCX=00000000070a9058 RDX=0000000007efbbf8
RSI=0000000000000018 RDI=0000000000000001 RBP=0000000000000000 RSP=0000000007efba60
R8 =0000000000000018 R9 =0000000000000000 R10=0000000007f19a4d R11=0000000007059f00
R12=00000000070a9058 R13=0000000007efbbf8 R14=0000000000000001 R15=0000000007efbc10
RIP=0000000007052c07 RFL=00000206 [-----P-] CPL=0 II=0 A20=1 SMM=0 HLT=0
ES =0030 0000000000000000 ffffffff 00cf9300 DPL=0 DS   [-WA]
CS =0038 0000000000000000 ffffffff 00af9a00 DPL=0 CS64 [-R-]
SS =0030 0000000000000000 ffffffff 00cf9300 DPL=0 DS   [-WA]
DS =0030 0000000000000000 ffffffff 00cf9300 DPL=0 DS   [-WA]
FS =0030 0000000000000000 ffffffff 00cf9300 DPL=0 DS   [-WA]
GS =0030 0000000000000000 ffffffff 00cf9300 DPL=0 DS   [-WA]
LDT=0000 0000000000000000 0000ffff 00008200 DPL=0 LDT
TR =0000 0000000000000000 0000ffff 00008b00 DPL=0 TSS64-busy
GDT=     00000000079de000 00000047
IDT=     00000000074fa018 00000fff
CR0=80010033 CR2=0000000000000000 CR3=0000000007c01000 CR4=00000668
DR0=0000000000000000 DR1=0000000000000000 DR2=0000000000000000 DR3=0000000000000000 
DR6=00000000ffff0ff0 DR7=0000000000000400
CCS=0000000000000004 CCD=0000000000000000 CCO=EFLAGS
EFER=0000000000000d00
   403: v=20 e=0000 i=0 cpl=0 IP=0038:0000000007052c07 pc=0000000007052c07 SP=0030:0000000007efba60 env->regs[R_EAX]=00000000070a906f
RAX=00000000070a906f RBX=0000000000000017 RCX=00000000070a9058 RDX=0000000007efbbf8
RSI=0000000000000018 RDI=0000000000000001 RBP=0000000000000000 RSP=0000000007efba60
R8 =0000000000000018 R9 =0000000000000000 R10=0000000007f19a4d R11=0000000007059f00
R12=00000000070a9058 R13=0000000007efbbf8 R14=0000000000000001 R15=0000000007efbc10
RIP=0000000007052c07 RFL=00000206 [-----P-] CPL=0 II=0 A20=1 SMM=0 HLT=0
ES =0030 0000000000000000 ffffffff 00cf9300 DPL=0 DS   [-WA]
CS =0038 0000000000000000 ffffffff 00af9a00 DPL=0 CS64 [-R-]
SS =0030 0000000000000000 ffffffff 00cf9300 DPL=0 DS   [-WA]
DS =0030 0000000000000000 ffffffff 00cf9300 DPL=0 DS   [-WA]
FS =0030 0000000000000000 ffffffff 00cf9300 DPL=0 DS   [-WA]
GS =0030 0000000000000000 ffffffff 00cf9300 DPL=0 DS   [-WA]
LDT=0000 0000000000000000 0000ffff 00008200 DPL=0 LDT
TR =0000 0000000000000000 0000ffff 00008b00 DPL=0 TSS64-busy
GDT=     00000000079de000 00000047
IDT=     00000000074fa018 00000fff
CR0=80010033 CR2=0000000000000000 CR3=0000000007c01000 CR4=00000668
DR0=0000000000000000 DR1=0000000000000000 DR2=0000000000000000 DR3=0000000000000000 
DR6=00000000ffff0ff0 DR7=0000000000000400
CCS=0000000000000004 CCD=0000000000000000 CCO=EFLAGS
EFER=0000000000000d00
   404: v=20 e=0000 i=0 cpl=0 IP=0038:0000000007052c07 pc=0000000007052c07 SP=0030:0000000007efba60 env->regs[R_EAX]=00000000070a906f
RAX=00000000070a906f RBX=0000000000000017 RCX=00000000070a9058 RDX=0000000007efbbf8
RSI=0000000000000018 RDI=0000000000000001 RBP=0000000000000000 RSP=0000000007efba60
R8 =0000000000000018 R9 =0000000000000000 R10=0000000007f19a4d R11=0000000007059f00
R12=00000000070a9058 R13=0000000007efbbf8 R14=0000000000000001 R15=0000000007efbc10
RIP=0000000007052c07 RFL=00000206 [-----P-] CPL=0 II=0 A20=1 SMM=0 HLT=0
ES =0030 0000000000000000 ffffffff 00cf9300 DPL=0 DS   [-WA]
CS =0038 0000000000000000 ffffffff 00af9a00 DPL=0 CS64 [-R-]
SS =0030 0000000000000000 ffffffff 00cf9300 DPL=0 DS   [-WA]
DS =0030 0000000000000000 ffffffff 00cf9300 DPL=0 DS   [-WA]
FS =0030 0000000000000000 ffffffff 00cf9300 DPL=0 DS   [-WA]
GS =0030 0000000000000000 ffffffff 00cf9300 DPL=0 DS   [-WA]
LDT=0000 0000000000000000 0000ffff 00008200 DPL=0 LDT
TR =0000 0000000000000000 0000ffff 00008b00 DPL=0 TSS64-busy
GDT=     00000000079de000 00000047
IDT=     00000000074fa018 00000fff
CR0=80010033 CR2=0000000000000000 CR3=0000000007c01000 CR4=00000668
DR0=0000000000000000 DR1=0000000000000000 DR2=0000000000000000 DR3=0000000000000000 
DR6=00000000ffff0ff0 DR7=0000000000000400
CCS=0000000000000004 CCD=0000000000000000 CCO=EFLAGS
EFER=0000000000000d00
   405: v=20 e=0000 i=0 cpl=0 IP=0038:0000000007052c07 pc=0000000007052c07 SP=0030:0000000007efba60 env->regs[R_EAX]=00000000070a906f
RAX=00000000070a906f RBX=0000000000000017 RCX=00000000070a9058 RDX=0000000007efbbf8
RSI=0000000000000018 RDI=0000000000000001 RBP=0000000000000000 RSP=0000000007efba60
R8 =0000000000000018 R9 =0000000000000000 R10=0000000007f19a4d R11=0000000007059f00
R12=00000000070a9058 R13=0000000007efbbf8 R14=0000000000000001 R15=0000000007efbc10
RIP=0000000007052c07 RFL=00000206 [-----P-] CPL=0 II=0 A20=1 SMM=0 HLT=0
ES =0030 0000000000000000 ffffffff 00cf9300 DPL=0 DS   [-WA]
CS =0038 0000000000000000 ffffffff 00af9a00 DPL=0 CS64 [-R-]
SS =0030 0000000000000000 ffffffff 00cf9300 DPL=0 DS   [-WA]
DS =0030 0000000000000000 ffffffff 00cf9300 DPL=0 DS   [-WA]
FS =0030 0000000000000000 ffffffff 00cf9300 DPL=0 DS   [-WA]
GS =0030 0000000000000000 ffffffff 00cf9300 DPL=0 DS   [-WA]
LDT=0000 0000000000000000 0000ffff 00008200 DPL=0 LDT
TR =0000 0000000000000000 0000ffff 00008b00 DPL=0 TSS64-busy
GDT=     00000000079de000 00000047
IDT=     00000000074fa018 00000fff
CR0=80010033 CR2=0000000000000000 CR3=0000000007c01000 CR4=00000668
DR0=0000000000000000 DR1=0000000000000000 DR2=0000000000000000 DR3=0000000000000000 
DR6=00000000ffff0ff0 DR7=0000000000000400
CCS=0000000000000004 CCD=0000000000000000 CCO=EFLAGS
EFER=0000000000000d00
   406: v=20 e=0000 i=0 cpl=0 IP=0038:0000000007052c07 pc=0000000007052c07 SP=0030:0000000007efba60 env->regs[R_EAX]=00000000070a906f
RAX=00000000070a906f RBX=0000000000000017 RCX=00000000070a9058 RDX=0000000007efbbf8
RSI=0000000000000018 RDI=0000000000000001 RBP=0000000000000000 RSP=0000000007efba60
R8 =0000000000000018 R9 =0000000000000000 R10=0000000007f19a4d R11=0000000007059f00
R12=00000000070a9058 R13=0000000007efbbf8 R14=0000000000000001 R15=0000000007efbc10
RIP=0000000007052c07 RFL=00000206 [-----P-] CPL=0 II=0 A20=1 SMM=0 HLT=0
ES =0030 0000000000000000 ffffffff 00cf9300 DPL=0 DS   [-WA]
CS =0038 0000000000000000 ffffffff 00af9a00 DPL=0 CS64 [-R-]
SS =0030 0000000000000000 ffffffff 00cf9300 DPL=0 DS   [-WA]
DS =0030 0000000000000000 ffffffff 00cf9300 DPL=0 DS   [-WA]
FS =0030 0000000000000000 ffffffff 00cf9300 DPL=0 DS   [-WA]
GS =0030 0000000000000000 ffffffff 00cf9300 DPL=0 DS   [-WA]
LDT=0000 0000000000000000 0000ffff 00008200 DPL=0 LDT
TR =0000 0000000000000000 0000ffff 00008b00 DPL=0 TSS64-busy
GDT=     00000000079de000 00000047
IDT=     00000000074fa018 00000fff
CR0=80010033 CR2=0000000000000000 CR3=0000000007c01000 CR4=00000668
DR0=0000000000000000 DR1=0000000000000000 DR2=0000000000000000 DR3=0000000000000000 
DR6=00000000ffff0ff0 DR7=0000000000000400
CCS=0000000000000004 CCD=0000000000000000 CCO=EFLAGS
EFER=0000000000000d00
   407: v=20 e=0000 i=0 cpl=0 IP=0038:0000000007052c07 pc=0000000007052c07 SP=0030:0000000007efba60 env->regs[R_EAX]=00000000070a906f
RAX=00000000070a906f RBX=0000000000000017 RCX=00000000070a9058 RDX=0000000007efbbf8
RSI=0000000000000018 RDI=0000000000000001 RBP=0000000000000000 RSP=0000000007efba60
R8 =0000000000000018 R9 =0000000000000000 R10=0000000007f19a4d R11=0000000007059f00
R12=00000000070a9058 R13=0000000007efbbf8 R14=0000000000000001 R15=0000000007efbc10
RIP=0000000007052c07 RFL=00000206 [-----P-] CPL=0 II=0 A20=1 SMM=0 HLT=0
ES =0030 0000000000000000 ffffffff 00cf9300 DPL=0 DS   [-WA]
CS =0038 0000000000000000 ffffffff 00af9a00 DPL=0 CS64 [-R-]
SS =0030 0000000000000000 ffffffff 00cf9300 DPL=0 DS   [-WA]
DS =0030 0000000000000000 ffffffff 00cf9300 DPL=0 DS   [-WA]
FS =0030 0000000000000000 ffffffff 00cf9300 DPL=0 DS   [-WA]
GS =0030 0000000000000000 ffffffff 00cf9300 DPL=0 DS   [-WA]
LDT=0000 0000000000000000 0000ffff 00008200 DPL=0 LDT
TR =0000 0000000000000000 0000ffff 00008b00 DPL=0 TSS64-busy
GDT=     00000000079de000 00000047
IDT=     00000000074fa018 00000fff
CR0=80010033 CR2=0000000000000000 CR3=0000000007c01000 CR4=00000668
DR0=0000000000000000 DR1=0000000000000000 DR2=0000000000000000 DR3=0000000000000000 
DR6=00000000ffff0ff0 DR7=0000000000000400
CCS=0000000000000004 CCD=0000000000000000 CCO=EFLAGS
EFER=0000000000000d00
   408: v=20 e=0000 i=0 cpl=0 IP=0038:0000000007052c07 pc=0000000007052c07 SP=0030:0000000007efba60 env->regs[R_EAX]=00000000070a906f
RAX=00000000070a906f RBX=0000000000000017 RCX=00000000070a9058 RDX=0000000007efbbf8
RSI=0000000000000018 RDI=0000000000000001 RBP=0000000000000000 RSP=0000000007efba60
R8 =0000000000000018 R9 =0000000000000000 R10=0000000007f19a4d R11=0000000007059f00
R12=00000000070a9058 R13=0000000007efbbf8 R14=0000000000000001 R15=0000000007efbc10
RIP=0000000007052c07 RFL=00000206 [-----P-] CPL=0 II=0 A20=1 SMM=0 HLT=0
ES =0030 0000000000000000 ffffffff 00cf9300 DPL=0 DS   [-WA]
CS =0038 0000000000000000 ffffffff 00af9a00 DPL=0 CS64 [-R-]
SS =0030 0000000000000000 ffffffff 00cf9300 DPL=0 DS   [-WA]
DS =0030 0000000000000000 ffffffff 00cf9300 DPL=0 DS   [-WA]
FS =0030 0000000000000000 ffffffff 00cf9300 DPL=0 DS   [-WA]
GS =0030 0000000000000000 ffffffff 00cf9300 DPL=0 DS   [-WA]
LDT=0000 0000000000000000 0000ffff 00008200 DPL=0 LDT
TR =0000 0000000000000000 0000ffff 00008b00 DPL=0 TSS64-busy
GDT=     00000000079de000 00000047
IDT=     00000000074fa018 00000fff
CR0=80010033 CR2=0000000000000000 CR3=0000000007c01000 CR4=00000668
DR0=0000000000000000 DR1=0000000000000000 DR2=0000000000000000 DR3=0000000000000000 
DR6=00000000ffff0ff0 DR7=0000000000000400
CCS=0000000000000004 CCD=0000000000000000 CCO=EFLAGS
EFER=0000000000000d00
   409: v=20 e=0000 i=0 cpl=0 IP=0038:0000000007052c07 pc=0000000007052c07 SP=0030:0000000007efba60 env->regs[R_EAX]=00000000070a906f
RAX=00000000070a906f RBX=0000000000000017 RCX=00000000070a9058 RDX=0000000007efbbf8
RSI=0000000000000018 RDI=0000000000000001 RBP=0000000000000000 RSP=0000000007efba60
R8 =0000000000000018 R9 =0000000000000000 R10=0000000007f19a4d R11=0000000007059f00
R12=00000000070a9058 R13=0000000007efbbf8 R14=0000000000000001 R15=0000000007efbc10
RIP=0000000007052c07 RFL=00000206 [-----P-] CPL=0 II=0 A20=1 SMM=0 HLT=0
ES =0030 0000000000000000 ffffffff 00cf9300 DPL=0 DS   [-WA]
CS =0038 0000000000000000 ffffffff 00af9a00 DPL=0 CS64 [-R-]
SS =0030 0000000000000000 ffffffff 00cf9300 DPL=0 DS   [-WA]
DS =0030 0000000000000000 ffffffff 00cf9300 DPL=0 DS   [-WA]
FS =0030 0000000000000000 ffffffff 00cf9300 DPL=0 DS   [-WA]
GS =0030 0000000000000000 ffffffff 00cf9300 DPL=0 DS   [-WA]
LDT=0000 0000000000000000 0000ffff 00008200 DPL=0 LDT
TR =0000 0000000000000000 0000ffff 00008b00 DPL=0 TSS64-busy
GDT=     00000000079de000 00000047
IDT=     00000000074fa018 00000fff
CR0=80010033 CR2=0000000000000000 CR3=0000000007c01000 CR4=00000668
DR0=0000000000000000 DR1=0000000000000000 DR2=0000000000000000 DR3=0000000000000000 
DR6=00000000ffff0ff0 DR7=0000000000000400
CCS=0000000000000004 CCD=0000000000000000 CCO=EFLAGS
EFER=0000000000000d00
   410: v=20 e=0000 i=0 cpl=0 IP=0038:0000000007052c07 pc=0000000007052c07 SP=0030:0000000007efba60 env->regs[R_EAX]=00000000070a906f
RAX=00000000070a906f RBX=0000000000000017 RCX=00000000070a9058 RDX=0000000007efbbf8
RSI=0000000000000018 RDI=0000000000000001 RBP=0000000000000000 RSP=0000000007efba60
R8 =0000000000000018 R9 =0000000000000000 R10=0000000007f19a4d R11=0000000007059f00
R12=00000000070a9058 R13=0000000007efbbf8 R14=0000000000000001 R15=0000000007efbc10
RIP=0000000007052c07 RFL=00000206 [-----P-] CPL=0 II=0 A20=1 SMM=0 HLT=0
ES =0030 0000000000000000 ffffffff 00cf9300 DPL=0 DS   [-WA]
CS =0038 0000000000000000 ffffffff 00af9a00 DPL=0 CS64 [-R-]
SS =0030 0000000000000000 ffffffff 00cf9300 DPL=0 DS   [-WA]
DS =0030 0000000000000000 ffffffff 00cf9300 DPL=0 DS   [-WA]
FS =0030 0000000000000000 ffffffff 00cf9300 DPL=0 DS   [-WA]
GS =0030 0000000000000000 ffffffff 00cf9300 DPL=0 DS   [-WA]
LDT=0000 0000000000000000 0000ffff 00008200 DPL=0 LDT
TR =0000 0000000000000000 0000ffff 00008b00 DPL=0 TSS64-busy
GDT=     00000000079de000 00000047
IDT=     00000000074fa018 00000fff
CR0=80010033 CR2=0000000000000000 CR3=0000000007c01000 CR4=00000668
DR0=0000000000000000 DR1=0000000000000000 DR2=0000000000000000 DR3=0000000000000000 
DR6=00000000ffff0ff0 DR7=0000000000000400
CCS=0000000000000004 CCD=0000000000000000 CCO=EFLAGS
EFER=0000000000000d00
   411: v=20 e=0000 i=0 cpl=0 IP=0038:0000000007052c07 pc=0000000007052c07 SP=0030:0000000007efba60 env->regs[R_EAX]=00000000070a906f
RAX=00000000070a906f RBX=0000000000000017 RCX=00000000070a9058 RDX=0000000007efbbf8
RSI=0000000000000018 RDI=0000000000000001 RBP=0000000000000000 RSP=0000000007efba60
R8 =0000000000000018 R9 =0000000000000000 R10=0000000007f19a4d R11=0000000007059f00
R12=00000000070a9058 R13=0000000007efbbf8 R14=0000000000000001 R15=0000000007efbc10
RIP=0000000007052c07 RFL=00000206 [-----P-] CPL=0 II=0 A20=1 SMM=0 HLT=0
ES =0030 0000000000000000 ffffffff 00cf9300 DPL=0 DS   [-WA]
CS =0038 0000000000000000 ffffffff 00af9a00 DPL=0 CS64 [-R-]
SS =0030 0000000000000000 ffffffff 00cf9300 DPL=0 DS   [-WA]
DS =0030 0000000000000000 ffffffff 00cf9300 DPL=0 DS   [-WA]
FS =0030 0000000000000000 ffffffff 00cf9300 DPL=0 DS   [-WA]
GS =0030 0000000000000000 ffffffff 00cf9300 DPL=0 DS   [-WA]
LDT=0000 0000000000000000 0000ffff 00008200 DPL=0 LDT
TR =0000 0000000000000000 0000ffff 00008b00 DPL=0 TSS64-busy
GDT=     00000000079de000 00000047
IDT=     00000000074fa018 00000fff
CR0=80010033 CR2=0000000000000000 CR3=0000000007c01000 CR4=00000668
DR0=0000000000000000 DR1=0000000000000000 DR2=0000000000000000 DR3=0000000000000000 
DR6=00000000ffff0ff0 DR7=0000000000000400
CCS=0000000000000004 CCD=0000000000000000 CCO=EFLAGS
EFER=0000000000000d00
   412: v=20 e=0000 i=0 cpl=0 IP=0038:0000000007052c07 pc=0000000007052c07 SP=0030:0000000007efba60 env->regs[R_EAX]=00000000070a906f
RAX=00000000070a906f RBX=0000000000000017 RCX=00000000070a9058 RDX=0000000007efbbf8
RSI=0000000000000018 RDI=0000000000000001 RBP=0000000000000000 RSP=0000000007efba60
R8 =0000000000000018 R9 =0000000000000000 R10=0000000007f19a4d R11=0000000007059f00
R12=00000000070a9058 R13=0000000007efbbf8 R14=0000000000000001 R15=0000000007efbc10
RIP=0000000007052c07 RFL=00000206 [-----P-] CPL=0 II=0 A20=1 SMM=0 HLT=0
ES =0030 0000000000000000 ffffffff 00cf9300 DPL=0 DS   [-WA]
CS =0038 0000000000000000 ffffffff 00af9a00 DPL=0 CS64 [-R-]
SS =0030 0000000000000000 ffffffff 00cf9300 DPL=0 DS   [-WA]
DS =0030 0000000000000000 ffffffff 00cf9300 DPL=0 DS   [-WA]
FS =0030 0000000000000000 ffffffff 00cf9300 DPL=0 DS   [-WA]
GS =0030 0000000000000000 ffffffff 00cf9300 DPL=0 DS   [-WA]
LDT=0000 0000000000000000 0000ffff 00008200 DPL=0 LDT
TR =0000 0000000000000000 0000ffff 00008b00 DPL=0 TSS64-busy
GDT=     00000000079de000 00000047
IDT=     00000000074fa018 00000fff
CR0=80010033 CR2=0000000000000000 CR3=0000000007c01000 CR4=00000668
DR0=0000000000000000 DR1=0000000000000000 DR2=0000000000000000 DR3=0000000000000000 
DR6=00000000ffff0ff0 DR7=0000000000000400
CCS=0000000000000004 CCD=0000000000000000 CCO=EFLAGS
EFER=0000000000000d00
   413: v=20 e=0000 i=0 cpl=0 IP=0038:0000000007052c07 pc=0000000007052c07 SP=0030:0000000007efba60 env->regs[R_EAX]=00000000070a906f
RAX=00000000070a906f RBX=0000000000000017 RCX=00000000070a9058 RDX=0000000007efbbf8
RSI=0000000000000018 RDI=0000000000000001 RBP=0000000000000000 RSP=0000000007efba60
R8 =0000000000000018 R9 =0000000000000000 R10=0000000007f19a4d R11=0000000007059f00
R12=00000000070a9058 R13=0000000007efbbf8 R14=0000000000000001 R15=0000000007efbc10
RIP=0000000007052c07 RFL=00000206 [-----P-] CPL=0 II=0 A20=1 SMM=0 HLT=0
ES =0030 0000000000000000 ffffffff 00cf9300 DPL=0 DS   [-WA]
CS =0038 0000000000000000 ffffffff 00af9a00 DPL=0 CS64 [-R-]
SS =0030 0000000000000000 ffffffff 00cf9300 DPL=0 DS   [-WA]
DS =0030 0000000000000000 ffffffff 00cf9300 DPL=0 DS   [-WA]
FS =0030 0000000000000000 ffffffff 00cf9300 DPL=0 DS   [-WA]
GS =0030 0000000000000000 ffffffff 00cf9300 DPL=0 DS   [-WA]
LDT=0000 0000000000000000 0000ffff 00008200 DPL=0 LDT
TR =0000 0000000000000000 0000ffff 00008b00 DPL=0 TSS64-busy
GDT=     00000000079de000 00000047
IDT=     00000000074fa018 00000fff
CR0=80010033 CR2=0000000000000000 CR3=0000000007c01000 CR4=00000668
DR0=0000000000000000 DR1=0000000000000000 DR2=0000000000000000 DR3=0000000000000000 
DR6=00000000ffff0ff0 DR7=0000000000000400
CCS=0000000000000004 CCD=0000000000000000 CCO=EFLAGS
EFER=0000000000000d00
   414: v=20 e=0000 i=0 cpl=0 IP=0038:0000000007052c07 pc=0000000007052c07 SP=0030:0000000007efba60 env->regs[R_EAX]=00000000070a906f
RAX=00000000070a906f RBX=0000000000000017 RCX=00000000070a9058 RDX=0000000007efbbf8
RSI=0000000000000018 RDI=0000000000000001 RBP=0000000000000000 RSP=0000000007efba60
R8 =0000000000000018 R9 =0000000000000000 R10=0000000007f19a4d R11=0000000007059f00
R12=00000000070a9058 R13=0000000007efbbf8 R14=0000000000000001 R15=0000000007efbc10
RIP=0000000007052c07 RFL=00000206 [-----P-] CPL=0 II=0 A20=1 SMM=0 HLT=0
ES =0030 0000000000000000 ffffffff 00cf9300 DPL=0 DS   [-WA]
CS =0038 0000000000000000 ffffffff 00af9a00 DPL=0 CS64 [-R-]
SS =0030 0000000000000000 ffffffff 00cf9300 DPL=0 DS   [-WA]
DS =0030 0000000000000000 ffffffff 00cf9300 DPL=0 DS   [-WA]
FS =0030 0000000000000000 ffffffff 00cf9300 DPL=0 DS   [-WA]
GS =0030 0000000000000000 ffffffff 00cf9300 DPL=0 DS   [-WA]
LDT=0000 0000000000000000 0000ffff 00008200 DPL=0 LDT
TR =0000 0000000000000000 0000ffff 00008b00 DPL=0 TSS64-busy
GDT=     00000000079de000 00000047
IDT=     00000000074fa018 00000fff
CR0=80010033 CR2=0000000000000000 CR3=0000000007c01000 CR4=00000668
DR0=0000000000000000 DR1=0000000000000000 DR2=0000000000000000 DR3=0000000000000000 
DR6=00000000ffff0ff0 DR7=0000000000000400
CCS=0000000000000004 CCD=0000000000000000 CCO=EFLAGS
EFER=0000000000000d00
   415: v=20 e=0000 i=0 cpl=0 IP=0038:0000000007052c07 pc=0000000007052c07 SP=0030:0000000007efba60 env->regs[R_EAX]=00000000070a906f
RAX=00000000070a906f RBX=0000000000000017 RCX=00000000070a9058 RDX=0000000007efbbf8
RSI=0000000000000018 RDI=0000000000000001 RBP=0000000000000000 RSP=0000000007efba60
R8 =0000000000000018 R9 =0000000000000000 R10=0000000007f19a4d R11=0000000007059f00
R12=00000000070a9058 R13=0000000007efbbf8 R14=0000000000000001 R15=0000000007efbc10
RIP=0000000007052c07 RFL=00000206 [-----P-] CPL=0 II=0 A20=1 SMM=0 HLT=0
ES =0030 0000000000000000 ffffffff 00cf9300 DPL=0 DS   [-WA]
CS =0038 0000000000000000 ffffffff 00af9a00 DPL=0 CS64 [-R-]
SS =0030 0000000000000000 ffffffff 00cf9300 DPL=0 DS   [-WA]
DS =0030 0000000000000000 ffffffff 00cf9300 DPL=0 DS   [-WA]
FS =0030 0000000000000000 ffffffff 00cf9300 DPL=0 DS   [-WA]
GS =0030 0000000000000000 ffffffff 00cf9300 DPL=0 DS   [-WA]
LDT=0000 0000000000000000 0000ffff 00008200 DPL=0 LDT
TR =0000 0000000000000000 0000ffff 00008b00 DPL=0 TSS64-busy
GDT=     00000000079de000 00000047
IDT=     00000000074fa018 00000fff
CR0=80010033 CR2=0000000000000000 CR3=0000000007c01000 CR4=00000668
DR0=0000000000000000 DR1=0000000000000000 DR2=0000000000000000 DR3=0000000000000000 
DR6=00000000ffff0ff0 DR7=0000000000000400
CCS=0000000000000004 CCD=0000000000000000 CCO=EFLAGS
EFER=0000000000000d00
   416: v=20 e=0000 i=0 cpl=0 IP=0038:0000000007052c07 pc=0000000007052c07 SP=0030:0000000007efba60 env->regs[R_EAX]=00000000070a906f
RAX=00000000070a906f RBX=0000000000000017 RCX=00000000070a9058 RDX=0000000007efbbf8
RSI=0000000000000018 RDI=0000000000000001 RBP=0000000000000000 RSP=0000000007efba60
R8 =0000000000000018 R9 =0000000000000000 R10=0000000007f19a4d R11=0000000007059f00
R12=00000000070a9058 R13=0000000007efbbf8 R14=0000000000000001 R15=0000000007efbc10
RIP=0000000007052c07 RFL=00000206 [-----P-] CPL=0 II=0 A20=1 SMM=0 HLT=0
ES =0030 0000000000000000 ffffffff 00cf9300 DPL=0 DS   [-WA]
CS =0038 0000000000000000 ffffffff 00af9a00 DPL=0 CS64 [-R-]
SS =0030 0000000000000000 ffffffff 00cf9300 DPL=0 DS   [-WA]
DS =0030 0000000000000000 ffffffff 00cf9300 DPL=0 DS   [-WA]
FS =0030 0000000000000000 ffffffff 00cf9300 DPL=0 DS   [-WA]
GS =0030 0000000000000000 ffffffff 00cf9300 DPL=0 DS   [-WA]
LDT=0000 0000000000000000 0000ffff 00008200 DPL=0 LDT
TR =0000 0000000000000000 0000ffff 00008b00 DPL=0 TSS64-busy
GDT=     00000000079de000 00000047
IDT=     00000000074fa018 00000fff
CR0=80010033 CR2=0000000000000000 CR3=0000000007c01000 CR4=00000668
DR0=0000000000000000 DR1=0000000000000000 DR2=0000000000000000 DR3=0000000000000000 
DR6=00000000ffff0ff0 DR7=0000000000000400
CCS=0000000000000004 CCD=0000000000000000 CCO=EFLAGS
EFER=0000000000000d00
   417: v=20 e=0000 i=0 cpl=0 IP=0038:0000000007052c07 pc=0000000007052c07 SP=0030:0000000007efba60 env->regs[R_EAX]=00000000070a906f
RAX=00000000070a906f RBX=0000000000000017 RCX=00000000070a9058 RDX=0000000007efbbf8
RSI=0000000000000018 RDI=0000000000000001 RBP=0000000000000000 RSP=0000000007efba60
R8 =0000000000000018 R9 =0000000000000000 R10=0000000007f19a4d R11=0000000007059f00
R12=00000000070a9058 R13=0000000007efbbf8 R14=0000000000000001 R15=0000000007efbc10
RIP=0000000007052c07 RFL=00000206 [-----P-] CPL=0 II=0 A20=1 SMM=0 HLT=0
ES =0030 0000000000000000 ffffffff 00cf9300 DPL=0 DS   [-WA]
CS =0038 0000000000000000 ffffffff 00af9a00 DPL=0 CS64 [-R-]
SS =0030 0000000000000000 ffffffff 00cf9300 DPL=0 DS   [-WA]
DS =0030 0000000000000000 ffffffff 00cf9300 DPL=0 DS   [-WA]
FS =0030 0000000000000000 ffffffff 00cf9300 DPL=0 DS   [-WA]
GS =0030 0000000000000000 ffffffff 00cf9300 DPL=0 DS   [-WA]
LDT=0000 0000000000000000 0000ffff 00008200 DPL=0 LDT
TR =0000 0000000000000000 0000ffff 00008b00 DPL=0 TSS64-busy
GDT=     00000000079de000 00000047
IDT=     00000000074fa018 00000fff
CR0=80010033 CR2=0000000000000000 CR3=0000000007c01000 CR4=00000668
DR0=0000000000000000 DR1=0000000000000000 DR2=0000000000000000 DR3=0000000000000000 
DR6=00000000ffff0ff0 DR7=0000000000000400
CCS=0000000000000004 CCD=0000000000000000 CCO=EFLAGS
EFER=0000000000000d00
   418: v=20 e=0000 i=0 cpl=0 IP=0038:0000000007052c07 pc=0000000007052c07 SP=0030:0000000007efba60 env->regs[R_EAX]=00000000070a906f
RAX=00000000070a906f RBX=0000000000000017 RCX=00000000070a9058 RDX=0000000007efbbf8
RSI=0000000000000018 RDI=0000000000000001 RBP=0000000000000000 RSP=0000000007efba60
R8 =0000000000000018 R9 =0000000000000000 R10=0000000007f19a4d R11=0000000007059f00
R12=00000000070a9058 R13=0000000007efbbf8 R14=0000000000000001 R15=0000000007efbc10
RIP=0000000007052c07 RFL=00000206 [-----P-] CPL=0 II=0 A20=1 SMM=0 HLT=0
ES =0030 0000000000000000 ffffffff 00cf9300 DPL=0 DS   [-WA]
CS =0038 0000000000000000 ffffffff 00af9a00 DPL=0 CS64 [-R-]
SS =0030 0000000000000000 ffffffff 00cf9300 DPL=0 DS   [-WA]
DS =0030 0000000000000000 ffffffff 00cf9300 DPL=0 DS   [-WA]
FS =0030 0000000000000000 ffffffff 00cf9300 DPL=0 DS   [-WA]
GS =0030 0000000000000000 ffffffff 00cf9300 DPL=0 DS   [-WA]
LDT=0000 0000000000000000 0000ffff 00008200 DPL=0 LDT
TR =0000 0000000000000000 0000ffff 00008b00 DPL=0 TSS64-busy
GDT=     00000000079de000 00000047
IDT=     00000000074fa018 00000fff
CR0=80010033 CR2=0000000000000000 CR3=0000000007c01000 CR4=00000668
DR0=0000000000000000 DR1=0000000000000000 DR2=0000000000000000 DR3=0000000000000000 
DR6=00000000ffff0ff0 DR7=0000000000000400
CCS=0000000000000004 CCD=0000000000000000 CCO=EFLAGS
EFER=0000000000000d00
   419: v=20 e=0000 i=0 cpl=0 IP=0038:0000000007052c07 pc=0000000007052c07 SP=0030:0000000007efba60 env->regs[R_EAX]=00000000070a906f
RAX=00000000070a906f RBX=0000000000000017 RCX=00000000070a9058 RDX=0000000007efbbf8
RSI=0000000000000018 RDI=0000000000000001 RBP=0000000000000000 RSP=0000000007efba60
R8 =0000000000000018 R9 =0000000000000000 R10=0000000007f19a4d R11=0000000007059f00
R12=00000000070a9058 R13=0000000007efbbf8 R14=0000000000000001 R15=0000000007efbc10
RIP=0000000007052c07 RFL=00000206 [-----P-] CPL=0 II=0 A20=1 SMM=0 HLT=0
ES =0030 0000000000000000 ffffffff 00cf9300 DPL=0 DS   [-WA]
CS =0038 0000000000000000 ffffffff 00af9a00 DPL=0 CS64 [-R-]
SS =0030 0000000000000000 ffffffff 00cf9300 DPL=0 DS   [-WA]
DS =0030 0000000000000000 ffffffff 00cf9300 DPL=0 DS   [-WA]
FS =0030 0000000000000000 ffffffff 00cf9300 DPL=0 DS   [-WA]
GS =0030 0000000000000000 ffffffff 00cf9300 DPL=0 DS   [-WA]
LDT=0000 0000000000000000 0000ffff 00008200 DPL=0 LDT
TR =0000 0000000000000000 0000ffff 00008b00 DPL=0 TSS64-busy
GDT=     00000000079de000 00000047
IDT=     00000000074fa018 00000fff
CR0=80010033 CR2=0000000000000000 CR3=0000000007c01000 CR4=00000668
DR0=0000000000000000 DR1=0000000000000000 DR2=0000000000000000 DR3=0000000000000000 
DR6=00000000ffff0ff0 DR7=0000000000000400
CCS=0000000000000004 CCD=0000000000000000 CCO=EFLAGS
EFER=0000000000000d00
   420: v=20 e=0000 i=0 cpl=0 IP=0038:0000000007052c07 pc=0000000007052c07 SP=0030:0000000007efba60 env->regs[R_EAX]=00000000070a906f
RAX=00000000070a906f RBX=0000000000000017 RCX=00000000070a9058 RDX=0000000007efbbf8
RSI=0000000000000018 RDI=0000000000000001 RBP=0000000000000000 RSP=0000000007efba60
R8 =0000000000000018 R9 =0000000000000000 R10=0000000007f19a4d R11=0000000007059f00
R12=00000000070a9058 R13=0000000007efbbf8 R14=0000000000000001 R15=0000000007efbc10
RIP=0000000007052c07 RFL=00000206 [-----P-] CPL=0 II=0 A20=1 SMM=0 HLT=0
ES =0030 0000000000000000 ffffffff 00cf9300 DPL=0 DS   [-WA]
CS =0038 0000000000000000 ffffffff 00af9a00 DPL=0 CS64 [-R-]
SS =0030 0000000000000000 ffffffff 00cf9300 DPL=0 DS   [-WA]
DS =0030 0000000000000000 ffffffff 00cf9300 DPL=0 DS   [-WA]
FS =0030 0000000000000000 ffffffff 00cf9300 DPL=0 DS   [-WA]
GS =0030 0000000000000000 ffffffff 00cf9300 DPL=0 DS   [-WA]
LDT=0000 0000000000000000 0000ffff 00008200 DPL=0 LDT
TR =0000 0000000000000000 0000ffff 00008b00 DPL=0 TSS64-busy
GDT=     00000000079de000 00000047
IDT=     00000000074fa018 00000fff
CR0=80010033 CR2=0000000000000000 CR3=0000000007c01000 CR4=00000668
DR0=0000000000000000 DR1=0000000000000000 DR2=0000000000000000 DR3=0000000000000000 
DR6=00000000ffff0ff0 DR7=0000000000000400
CCS=0000000000000004 CCD=0000000000000000 CCO=EFLAGS
EFER=0000000000000d00
   421: v=20 e=0000 i=0 cpl=0 IP=0038:0000000007052c07 pc=0000000007052c07 SP=0030:0000000007efba60 env->regs[R_EAX]=00000000070a906f
RAX=00000000070a906f RBX=0000000000000017 RCX=00000000070a9058 RDX=0000000007efbbf8
RSI=0000000000000018 RDI=0000000000000001 RBP=0000000000000000 RSP=0000000007efba60
R8 =0000000000000018 R9 =0000000000000000 R10=0000000007f19a4d R11=0000000007059f00
R12=00000000070a9058 R13=0000000007efbbf8 R14=0000000000000001 R15=0000000007efbc10
RIP=0000000007052c07 RFL=00000206 [-----P-] CPL=0 II=0 A20=1 SMM=0 HLT=0
ES =0030 0000000000000000 ffffffff 00cf9300 DPL=0 DS   [-WA]
CS =0038 0000000000000000 ffffffff 00af9a00 DPL=0 CS64 [-R-]
SS =0030 0000000000000000 ffffffff 00cf9300 DPL=0 DS   [-WA]
DS =0030 0000000000000000 ffffffff 00cf9300 DPL=0 DS   [-WA]
FS =0030 0000000000000000 ffffffff 00cf9300 DPL=0 DS   [-WA]
GS =0030 0000000000000000 ffffffff 00cf9300 DPL=0 DS   [-WA]
LDT=0000 0000000000000000 0000ffff 00008200 DPL=0 LDT
TR =0000 0000000000000000 0000ffff 00008b00 DPL=0 TSS64-busy
GDT=     00000000079de000 00000047
IDT=     00000000074fa018 00000fff
CR0=80010033 CR2=0000000000000000 CR3=0000000007c01000 CR4=00000668
DR0=0000000000000000 DR1=0000000000000000 DR2=0000000000000000 DR3=0000000000000000 
DR6=00000000ffff0ff0 DR7=0000000000000400
CCS=0000000000000004 CCD=0000000000000000 CCO=EFLAGS
EFER=0000000000000d00
   422: v=20 e=0000 i=0 cpl=0 IP=0038:0000000007052c07 pc=0000000007052c07 SP=0030:0000000007efba60 env->regs[R_EAX]=00000000070a906f
RAX=00000000070a906f RBX=0000000000000017 RCX=00000000070a9058 RDX=0000000007efbbf8
RSI=0000000000000018 RDI=0000000000000001 RBP=0000000000000000 RSP=0000000007efba60
R8 =0000000000000018 R9 =0000000000000000 R10=0000000007f19a4d R11=0000000007059f00
R12=00000000070a9058 R13=0000000007efbbf8 R14=0000000000000001 R15=0000000007efbc10
RIP=0000000007052c07 RFL=00000206 [-----P-] CPL=0 II=0 A20=1 SMM=0 HLT=0
ES =0030 0000000000000000 ffffffff 00cf9300 DPL=0 DS   [-WA]
CS =0038 0000000000000000 ffffffff 00af9a00 DPL=0 CS64 [-R-]
SS =0030 0000000000000000 ffffffff 00cf9300 DPL=0 DS   [-WA]
DS =0030 0000000000000000 ffffffff 00cf9300 DPL=0 DS   [-WA]
FS =0030 0000000000000000 ffffffff 00cf9300 DPL=0 DS   [-WA]
GS =0030 0000000000000000 ffffffff 00cf9300 DPL=0 DS   [-WA]
LDT=0000 0000000000000000 0000ffff 00008200 DPL=0 LDT
TR =0000 0000000000000000 0000ffff 00008b00 DPL=0 TSS64-busy
GDT=     00000000079de000 00000047
IDT=     00000000074fa018 00000fff
CR0=80010033 CR2=0000000000000000 CR3=0000000007c01000 CR4=00000668
DR0=0000000000000000 DR1=0000000000000000 DR2=0000000000000000 DR3=0000000000000000 
DR6=00000000ffff0ff0 DR7=0000000000000400
CCS=0000000000000004 CCD=0000000000000000 CCO=EFLAGS
EFER=0000000000000d00
   423: v=20 e=0000 i=0 cpl=0 IP=0038:0000000007052c07 pc=0000000007052c07 SP=0030:0000000007efba60 env->regs[R_EAX]=00000000070a906f
RAX=00000000070a906f RBX=0000000000000017 RCX=00000000070a9058 RDX=0000000007efbbf8
RSI=0000000000000018 RDI=0000000000000001 RBP=0000000000000000 RSP=0000000007efba60
R8 =0000000000000018 R9 =0000000000000000 R10=0000000007f19a4d R11=0000000007059f00
R12=00000000070a9058 R13=0000000007efbbf8 R14=0000000000000001 R15=0000000007efbc10
RIP=0000000007052c07 RFL=00000206 [-----P-] CPL=0 II=0 A20=1 SMM=0 HLT=0
ES =0030 0000000000000000 ffffffff 00cf9300 DPL=0 DS   [-WA]
CS =0038 0000000000000000 ffffffff 00af9a00 DPL=0 CS64 [-R-]
SS =0030 0000000000000000 ffffffff 00cf9300 DPL=0 DS   [-WA]
DS =0030 0000000000000000 ffffffff 00cf9300 DPL=0 DS   [-WA]
FS =0030 0000000000000000 ffffffff 00cf9300 DPL=0 DS   [-WA]
GS =0030 0000000000000000 ffffffff 00cf9300 DPL=0 DS   [-WA]
LDT=0000 0000000000000000 0000ffff 00008200 DPL=0 LDT
TR =0000 0000000000000000 0000ffff 00008b00 DPL=0 TSS64-busy
GDT=     00000000079de000 00000047
IDT=     00000000074fa018 00000fff
CR0=80010033 CR2=0000000000000000 CR3=0000000007c01000 CR4=00000668
DR0=0000000000000000 DR1=0000000000000000 DR2=0000000000000000 DR3=0000000000000000 
DR6=00000000ffff0ff0 DR7=0000000000000400
CCS=0000000000000004 CCD=0000000000000000 CCO=EFLAGS
EFER=0000000000000d00
   424: v=20 e=0000 i=0 cpl=0 IP=0038:0000000007052c07 pc=0000000007052c07 SP=0030:0000000007efba60 env->regs[R_EAX]=00000000070a906f
RAX=00000000070a906f RBX=0000000000000017 RCX=00000000070a9058 RDX=0000000007efbbf8
RSI=0000000000000018 RDI=0000000000000001 RBP=0000000000000000 RSP=0000000007efba60
R8 =0000000000000018 R9 =0000000000000000 R10=0000000007f19a4d R11=0000000007059f00
R12=00000000070a9058 R13=0000000007efbbf8 R14=0000000000000001 R15=0000000007efbc10
RIP=0000000007052c07 RFL=00000206 [-----P-] CPL=0 II=0 A20=1 SMM=0 HLT=0
ES =0030 0000000000000000 ffffffff 00cf9300 DPL=0 DS   [-WA]
CS =0038 0000000000000000 ffffffff 00af9a00 DPL=0 CS64 [-R-]
SS =0030 0000000000000000 ffffffff 00cf9300 DPL=0 DS   [-WA]
DS =0030 0000000000000000 ffffffff 00cf9300 DPL=0 DS   [-WA]
FS =0030 0000000000000000 ffffffff 00cf9300 DPL=0 DS   [-WA]
GS =0030 0000000000000000 ffffffff 00cf9300 DPL=0 DS   [-WA]
LDT=0000 0000000000000000 0000ffff 00008200 DPL=0 LDT
TR =0000 0000000000000000 0000ffff 00008b00 DPL=0 TSS64-busy
GDT=     00000000079de000 00000047
IDT=     00000000074fa018 00000fff
CR0=80010033 CR2=0000000000000000 CR3=0000000007c01000 CR4=00000668
DR0=0000000000000000 DR1=0000000000000000 DR2=0000000000000000 DR3=0000000000000000 
DR6=00000000ffff0ff0 DR7=0000000000000400
CCS=0000000000000004 CCD=0000000000000000 CCO=EFLAGS
EFER=0000000000000d00
   425: v=20 e=0000 i=0 cpl=0 IP=0038:0000000007052c07 pc=0000000007052c07 SP=0030:0000000007efba60 env->regs[R_EAX]=00000000070a906f
RAX=00000000070a906f RBX=0000000000000017 RCX=00000000070a9058 RDX=0000000007efbbf8
RSI=0000000000000018 RDI=0000000000000001 RBP=0000000000000000 RSP=0000000007efba60
R8 =0000000000000018 R9 =0000000000000000 R10=0000000007f19a4d R11=0000000007059f00
R12=00000000070a9058 R13=0000000007efbbf8 R14=0000000000000001 R15=0000000007efbc10
RIP=0000000007052c07 RFL=00000206 [-----P-] CPL=0 II=0 A20=1 SMM=0 HLT=0
ES =0030 0000000000000000 ffffffff 00cf9300 DPL=0 DS   [-WA]
CS =0038 0000000000000000 ffffffff 00af9a00 DPL=0 CS64 [-R-]
SS =0030 0000000000000000 ffffffff 00cf9300 DPL=0 DS   [-WA]
DS =0030 0000000000000000 ffffffff 00cf9300 DPL=0 DS   [-WA]
FS =0030 0000000000000000 ffffffff 00cf9300 DPL=0 DS   [-WA]
GS =0030 0000000000000000 ffffffff 00cf9300 DPL=0 DS   [-WA]
LDT=0000 0000000000000000 0000ffff 00008200 DPL=0 LDT
TR =0000 0000000000000000 0000ffff 00008b00 DPL=0 TSS64-busy
GDT=     00000000079de000 00000047
IDT=     00000000074fa018 00000fff
CR0=80010033 CR2=0000000000000000 CR3=0000000007c01000 CR4=00000668
DR0=0000000000000000 DR1=0000000000000000 DR2=0000000000000000 DR3=0000000000000000 
DR6=00000000ffff0ff0 DR7=0000000000000400
CCS=0000000000000004 CCD=0000000000000000 CCO=EFLAGS
EFER=0000000000000d00
   426: v=20 e=0000 i=0 cpl=0 IP=0038:0000000007052c07 pc=0000000007052c07 SP=0030:0000000007efba60 env->regs[R_EAX]=00000000070a906f
RAX=00000000070a906f RBX=0000000000000017 RCX=00000000070a9058 RDX=0000000007efbbf8
RSI=0000000000000018 RDI=0000000000000001 RBP=0000000000000000 RSP=0000000007efba60
R8 =0000000000000018 R9 =0000000000000000 R10=0000000007f19a4d R11=0000000007059f00
R12=00000000070a9058 R13=0000000007efbbf8 R14=0000000000000001 R15=0000000007efbc10
RIP=0000000007052c07 RFL=00000206 [-----P-] CPL=0 II=0 A20=1 SMM=0 HLT=0
ES =0030 0000000000000000 ffffffff 00cf9300 DPL=0 DS   [-WA]
CS =0038 0000000000000000 ffffffff 00af9a00 DPL=0 CS64 [-R-]
SS =0030 0000000000000000 ffffffff 00cf9300 DPL=0 DS   [-WA]
DS =0030 0000000000000000 ffffffff 00cf9300 DPL=0 DS   [-WA]
FS =0030 0000000000000000 ffffffff 00cf9300 DPL=0 DS   [-WA]
GS =0030 0000000000000000 ffffffff 00cf9300 DPL=0 DS   [-WA]
LDT=0000 0000000000000000 0000ffff 00008200 DPL=0 LDT
TR =0000 0000000000000000 0000ffff 00008b00 DPL=0 TSS64-busy
GDT=     00000000079de000 00000047
IDT=     00000000074fa018 00000fff
CR0=80010033 CR2=0000000000000000 CR3=0000000007c01000 CR4=00000668
DR0=0000000000000000 DR1=0000000000000000 DR2=0000000000000000 DR3=0000000000000000 
DR6=00000000ffff0ff0 DR7=0000000000000400
CCS=0000000000000004 CCD=0000000000000000 CCO=EFLAGS
EFER=0000000000000d00
   427: v=20 e=0000 i=0 cpl=0 IP=0038:0000000007052c07 pc=0000000007052c07 SP=0030:0000000007efba60 env->regs[R_EAX]=00000000070a906f
RAX=00000000070a906f RBX=0000000000000017 RCX=00000000070a9058 RDX=0000000007efbbf8
RSI=0000000000000018 RDI=0000000000000001 RBP=0000000000000000 RSP=0000000007efba60
R8 =0000000000000018 R9 =0000000000000000 R10=0000000007f19a4d R11=0000000007059f00
R12=00000000070a9058 R13=0000000007efbbf8 R14=0000000000000001 R15=0000000007efbc10
RIP=0000000007052c07 RFL=00000206 [-----P-] CPL=0 II=0 A20=1 SMM=0 HLT=0
ES =0030 0000000000000000 ffffffff 00cf9300 DPL=0 DS   [-WA]
CS =0038 0000000000000000 ffffffff 00af9a00 DPL=0 CS64 [-R-]
SS =0030 0000000000000000 ffffffff 00cf9300 DPL=0 DS   [-WA]
DS =0030 0000000000000000 ffffffff 00cf9300 DPL=0 DS   [-WA]
FS =0030 0000000000000000 ffffffff 00cf9300 DPL=0 DS   [-WA]
GS =0030 0000000000000000 ffffffff 00cf9300 DPL=0 DS   [-WA]
LDT=0000 0000000000000000 0000ffff 00008200 DPL=0 LDT
TR =0000 0000000000000000 0000ffff 00008b00 DPL=0 TSS64-busy
GDT=     00000000079de000 00000047
IDT=     00000000074fa018 00000fff
CR0=80010033 CR2=0000000000000000 CR3=0000000007c01000 CR4=00000668
DR0=0000000000000000 DR1=0000000000000000 DR2=0000000000000000 DR3=0000000000000000 
DR6=00000000ffff0ff0 DR7=0000000000000400
CCS=0000000000000004 CCD=0000000000000000 CCO=EFLAGS
EFER=0000000000000d00
   428: v=20 e=0000 i=0 cpl=0 IP=0038:0000000007052c07 pc=0000000007052c07 SP=0030:0000000007efba60 env->regs[R_EAX]=00000000070a906f
RAX=00000000070a906f RBX=0000000000000017 RCX=00000000070a9058 RDX=0000000007efbbf8
RSI=0000000000000018 RDI=0000000000000001 RBP=0000000000000000 RSP=0000000007efba60
R8 =0000000000000018 R9 =0000000000000000 R10=0000000007f19a4d R11=0000000007059f00
R12=00000000070a9058 R13=0000000007efbbf8 R14=0000000000000001 R15=0000000007efbc10
RIP=0000000007052c07 RFL=00000206 [-----P-] CPL=0 II=0 A20=1 SMM=0 HLT=0
ES =0030 0000000000000000 ffffffff 00cf9300 DPL=0 DS   [-WA]
CS =0038 0000000000000000 ffffffff 00af9a00 DPL=0 CS64 [-R-]
SS =0030 0000000000000000 ffffffff 00cf9300 DPL=0 DS   [-WA]
DS =0030 0000000000000000 ffffffff 00cf9300 DPL=0 DS   [-WA]
FS =0030 0000000000000000 ffffffff 00cf9300 DPL=0 DS   [-WA]
GS =0030 0000000000000000 ffffffff 00cf9300 DPL=0 DS   [-WA]
LDT=0000 0000000000000000 0000ffff 00008200 DPL=0 LDT
TR =0000 0000000000000000 0000ffff 00008b00 DPL=0 TSS64-busy
GDT=     00000000079de000 00000047
IDT=     00000000074fa018 00000fff
CR0=80010033 CR2=0000000000000000 CR3=0000000007c01000 CR4=00000668
DR0=0000000000000000 DR1=0000000000000000 DR2=0000000000000000 DR3=0000000000000000 
DR6=00000000ffff0ff0 DR7=0000000000000400
CCS=0000000000000004 CCD=0000000000000000 CCO=EFLAGS
EFER=0000000000000d00
   429: v=20 e=0000 i=0 cpl=0 IP=0038:0000000007052c07 pc=0000000007052c07 SP=0030:0000000007efba60 env->regs[R_EAX]=00000000070a906f
RAX=00000000070a906f RBX=0000000000000017 RCX=00000000070a9058 RDX=0000000007efbbf8
RSI=0000000000000018 RDI=0000000000000001 RBP=0000000000000000 RSP=0000000007efba60
R8 =0000000000000018 R9 =0000000000000000 R10=0000000007f19a4d R11=0000000007059f00
R12=00000000070a9058 R13=0000000007efbbf8 R14=0000000000000001 R15=0000000007efbc10
RIP=0000000007052c07 RFL=00000206 [-----P-] CPL=0 II=0 A20=1 SMM=0 HLT=0
ES =0030 0000000000000000 ffffffff 00cf9300 DPL=0 DS   [-WA]
CS =0038 0000000000000000 ffffffff 00af9a00 DPL=0 CS64 [-R-]
SS =0030 0000000000000000 ffffffff 00cf9300 DPL=0 DS   [-WA]
DS =0030 0000000000000000 ffffffff 00cf9300 DPL=0 DS   [-WA]
FS =0030 0000000000000000 ffffffff 00cf9300 DPL=0 DS   [-WA]
GS =0030 0000000000000000 ffffffff 00cf9300 DPL=0 DS   [-WA]
LDT=0000 0000000000000000 0000ffff 00008200 DPL=0 LDT
TR =0000 0000000000000000 0000ffff 00008b00 DPL=0 TSS64-busy
GDT=     00000000079de000 00000047
IDT=     00000000074fa018 00000fff
CR0=80010033 CR2=0000000000000000 CR3=0000000007c01000 CR4=00000668
DR0=0000000000000000 DR1=0000000000000000 DR2=0000000000000000 DR3=0000000000000000 
DR6=00000000ffff0ff0 DR7=0000000000000400
CCS=0000000000000004 CCD=0000000000000000 CCO=EFLAGS
EFER=0000000000000d00
   430: v=20 e=0000 i=0 cpl=0 IP=0038:0000000007052c07 pc=0000000007052c07 SP=0030:0000000007efba60 env->regs[R_EAX]=00000000070a906f
RAX=00000000070a906f RBX=0000000000000017 RCX=00000000070a9058 RDX=0000000007efbbf8
RSI=0000000000000018 RDI=0000000000000001 RBP=0000000000000000 RSP=0000000007efba60
R8 =0000000000000018 R9 =0000000000000000 R10=0000000007f19a4d R11=0000000007059f00
R12=00000000070a9058 R13=0000000007efbbf8 R14=0000000000000001 R15=0000000007efbc10
RIP=0000000007052c07 RFL=00000206 [-----P-] CPL=0 II=0 A20=1 SMM=0 HLT=0
ES =0030 0000000000000000 ffffffff 00cf9300 DPL=0 DS   [-WA]
CS =0038 0000000000000000 ffffffff 00af9a00 DPL=0 CS64 [-R-]
SS =0030 0000000000000000 ffffffff 00cf9300 DPL=0 DS   [-WA]
DS =0030 0000000000000000 ffffffff 00cf9300 DPL=0 DS   [-WA]
FS =0030 0000000000000000 ffffffff 00cf9300 DPL=0 DS   [-WA]
GS =0030 0000000000000000 ffffffff 00cf9300 DPL=0 DS   [-WA]
LDT=0000 0000000000000000 0000ffff 00008200 DPL=0 LDT
TR =0000 0000000000000000 0000ffff 00008b00 DPL=0 TSS64-busy
GDT=     00000000079de000 00000047
IDT=     00000000074fa018 00000fff
CR0=80010033 CR2=0000000000000000 CR3=0000000007c01000 CR4=00000668
DR0=0000000000000000 DR1=0000000000000000 DR2=0000000000000000 DR3=0000000000000000 
DR6=00000000ffff0ff0 DR7=0000000000000400
CCS=0000000000000004 CCD=0000000000000000 CCO=EFLAGS
EFER=0000000000000d00
   431: v=20 e=0000 i=0 cpl=0 IP=0038:0000000007052c07 pc=0000000007052c07 SP=0030:0000000007efba60 env->regs[R_EAX]=00000000070a906f
RAX=00000000070a906f RBX=0000000000000017 RCX=00000000070a9058 RDX=0000000007efbbf8
RSI=0000000000000018 RDI=0000000000000001 RBP=0000000000000000 RSP=0000000007efba60
R8 =0000000000000018 R9 =0000000000000000 R10=0000000007f19a4d R11=0000000007059f00
R12=00000000070a9058 R13=0000000007efbbf8 R14=0000000000000001 R15=0000000007efbc10
RIP=0000000007052c07 RFL=00000206 [-----P-] CPL=0 II=0 A20=1 SMM=0 HLT=0
ES =0030 0000000000000000 ffffffff 00cf9300 DPL=0 DS   [-WA]
CS =0038 0000000000000000 ffffffff 00af9a00 DPL=0 CS64 [-R-]
SS =0030 0000000000000000 ffffffff 00cf9300 DPL=0 DS   [-WA]
DS =0030 0000000000000000 ffffffff 00cf9300 DPL=0 DS   [-WA]
FS =0030 0000000000000000 ffffffff 00cf9300 DPL=0 DS   [-WA]
GS =0030 0000000000000000 ffffffff 00cf9300 DPL=0 DS   [-WA]
LDT=0000 0000000000000000 0000ffff 00008200 DPL=0 LDT
TR =0000 0000000000000000 0000ffff 00008b00 DPL=0 TSS64-busy
GDT=     00000000079de000 00000047
IDT=     00000000074fa018 00000fff
CR0=80010033 CR2=0000000000000000 CR3=0000000007c01000 CR4=00000668
DR0=0000000000000000 DR1=0000000000000000 DR2=0000000000000000 DR3=0000000000000000 
DR6=00000000ffff0ff0 DR7=0000000000000400
CCS=0000000000000004 CCD=0000000000000000 CCO=EFLAGS
EFER=0000000000000d00
   432: v=20 e=0000 i=0 cpl=0 IP=0038:0000000007052c07 pc=0000000007052c07 SP=0030:0000000007efba60 env->regs[R_EAX]=00000000070a906f
RAX=00000000070a906f RBX=0000000000000017 RCX=00000000070a9058 RDX=0000000007efbbf8
RSI=0000000000000018 RDI=0000000000000001 RBP=0000000000000000 RSP=0000000007efba60
R8 =0000000000000018 R9 =0000000000000000 R10=0000000007f19a4d R11=0000000007059f00
R12=00000000070a9058 R13=0000000007efbbf8 R14=0000000000000001 R15=0000000007efbc10
RIP=0000000007052c07 RFL=00000206 [-----P-] CPL=0 II=0 A20=1 SMM=0 HLT=0
ES =0030 0000000000000000 ffffffff 00cf9300 DPL=0 DS   [-WA]
CS =0038 0000000000000000 ffffffff 00af9a00 DPL=0 CS64 [-R-]
SS =0030 0000000000000000 ffffffff 00cf9300 DPL=0 DS   [-WA]
DS =0030 0000000000000000 ffffffff 00cf9300 DPL=0 DS   [-WA]
FS =0030 0000000000000000 ffffffff 00cf9300 DPL=0 DS   [-WA]
GS =0030 0000000000000000 ffffffff 00cf9300 DPL=0 DS   [-WA]
LDT=0000 0000000000000000 0000ffff 00008200 DPL=0 LDT
TR =0000 0000000000000000 0000ffff 00008b00 DPL=0 TSS64-busy
GDT=     00000000079de000 00000047
IDT=     00000000074fa018 00000fff
CR0=80010033 CR2=0000000000000000 CR3=0000000007c01000 CR4=00000668
DR0=0000000000000000 DR1=0000000000000000 DR2=0000000000000000 DR3=0000000000000000 
DR6=00000000ffff0ff0 DR7=0000000000000400
CCS=0000000000000004 CCD=0000000000000000 CCO=EFLAGS
EFER=0000000000000d00
   433: v=20 e=0000 i=0 cpl=0 IP=0038:0000000007052c07 pc=0000000007052c07 SP=0030:0000000007efba60 env->regs[R_EAX]=00000000070a906f
RAX=00000000070a906f RBX=0000000000000017 RCX=00000000070a9058 RDX=0000000007efbbf8
RSI=0000000000000018 RDI=0000000000000001 RBP=0000000000000000 RSP=0000000007efba60
R8 =0000000000000018 R9 =0000000000000000 R10=0000000007f19a4d R11=0000000007059f00
R12=00000000070a9058 R13=0000000007efbbf8 R14=0000000000000001 R15=0000000007efbc10
RIP=0000000007052c07 RFL=00000206 [-----P-] CPL=0 II=0 A20=1 SMM=0 HLT=0
ES =0030 0000000000000000 ffffffff 00cf9300 DPL=0 DS   [-WA]
CS =0038 0000000000000000 ffffffff 00af9a00 DPL=0 CS64 [-R-]
SS =0030 0000000000000000 ffffffff 00cf9300 DPL=0 DS   [-WA]
DS =0030 0000000000000000 ffffffff 00cf9300 DPL=0 DS   [-WA]
FS =0030 0000000000000000 ffffffff 00cf9300 DPL=0 DS   [-WA]
GS =0030 0000000000000000 ffffffff 00cf9300 DPL=0 DS   [-WA]
LDT=0000 0000000000000000 0000ffff 00008200 DPL=0 LDT
TR =0000 0000000000000000 0000ffff 00008b00 DPL=0 TSS64-busy
GDT=     00000000079de000 00000047
IDT=     00000000074fa018 00000fff
CR0=80010033 CR2=0000000000000000 CR3=0000000007c01000 CR4=00000668
DR0=0000000000000000 DR1=0000000000000000 DR2=0000000000000000 DR3=0000000000000000 
DR6=00000000ffff0ff0 DR7=0000000000000400
CCS=0000000000000004 CCD=0000000000000000 CCO=EFLAGS
EFER=0000000000000d00
   434: v=20 e=0000 i=0 cpl=0 IP=0038:0000000007052c07 pc=0000000007052c07 SP=0030:0000000007efba60 env->regs[R_EAX]=00000000070a906f
RAX=00000000070a906f RBX=0000000000000017 RCX=00000000070a9058 RDX=0000000007efbbf8
RSI=0000000000000018 RDI=0000000000000001 RBP=0000000000000000 RSP=0000000007efba60
R8 =0000000000000018 R9 =0000000000000000 R10=0000000007f19a4d R11=0000000007059f00
R12=00000000070a9058 R13=0000000007efbbf8 R14=0000000000000001 R15=0000000007efbc10
RIP=0000000007052c07 RFL=00000206 [-----P-] CPL=0 II=0 A20=1 SMM=0 HLT=0
ES =0030 0000000000000000 ffffffff 00cf9300 DPL=0 DS   [-WA]
CS =0038 0000000000000000 ffffffff 00af9a00 DPL=0 CS64 [-R-]
SS =0030 0000000000000000 ffffffff 00cf9300 DPL=0 DS   [-WA]
DS =0030 0000000000000000 ffffffff 00cf9300 DPL=0 DS   [-WA]
FS =0030 0000000000000000 ffffffff 00cf9300 DPL=0 DS   [-WA]
GS =0030 0000000000000000 ffffffff 00cf9300 DPL=0 DS   [-WA]
LDT=0000 0000000000000000 0000ffff 00008200 DPL=0 LDT
TR =0000 0000000000000000 0000ffff 00008b00 DPL=0 TSS64-busy
GDT=     00000000079de000 00000047
IDT=     00000000074fa018 00000fff
CR0=80010033 CR2=0000000000000000 CR3=0000000007c01000 CR4=00000668
DR0=0000000000000000 DR1=0000000000000000 DR2=0000000000000000 DR3=0000000000000000 
DR6=00000000ffff0ff0 DR7=0000000000000400
CCS=0000000000000004 CCD=0000000000000000 CCO=EFLAGS
EFER=0000000000000d00
   435: v=20 e=0000 i=0 cpl=0 IP=0038:0000000007052c07 pc=0000000007052c07 SP=0030:0000000007efba60 env->regs[R_EAX]=00000000070a906f
RAX=00000000070a906f RBX=0000000000000017 RCX=00000000070a9058 RDX=0000000007efbbf8
RSI=0000000000000018 RDI=0000000000000001 RBP=0000000000000000 RSP=0000000007efba60
R8 =0000000000000018 R9 =0000000000000000 R10=0000000007f19a4d R11=0000000007059f00
R12=00000000070a9058 R13=0000000007efbbf8 R14=0000000000000001 R15=0000000007efbc10
RIP=0000000007052c07 RFL=00000206 [-----P-] CPL=0 II=0 A20=1 SMM=0 HLT=0
ES =0030 0000000000000000 ffffffff 00cf9300 DPL=0 DS   [-WA]
CS =0038 0000000000000000 ffffffff 00af9a00 DPL=0 CS64 [-R-]
SS =0030 0000000000000000 ffffffff 00cf9300 DPL=0 DS   [-WA]
DS =0030 0000000000000000 ffffffff 00cf9300 DPL=0 DS   [-WA]
FS =0030 0000000000000000 ffffffff 00cf9300 DPL=0 DS   [-WA]
GS =0030 0000000000000000 ffffffff 00cf9300 DPL=0 DS   [-WA]
LDT=0000 0000000000000000 0000ffff 00008200 DPL=0 LDT
TR =0000 0000000000000000 0000ffff 00008b00 DPL=0 TSS64-busy
GDT=     00000000079de000 00000047
IDT=     00000000074fa018 00000fff
CR0=80010033 CR2=0000000000000000 CR3=0000000007c01000 CR4=00000668
DR0=0000000000000000 DR1=0000000000000000 DR2=0000000000000000 DR3=0000000000000000 
DR6=00000000ffff0ff0 DR7=0000000000000400
CCS=0000000000000004 CCD=0000000000000000 CCO=EFLAGS
EFER=0000000000000d00
   436: v=20 e=0000 i=0 cpl=0 IP=0038:0000000007052c07 pc=0000000007052c07 SP=0030:0000000007efba60 env->regs[R_EAX]=00000000070a906f
RAX=00000000070a906f RBX=0000000000000017 RCX=00000000070a9058 RDX=0000000007efbbf8
RSI=0000000000000018 RDI=0000000000000001 RBP=0000000000000000 RSP=0000000007efba60
R8 =0000000000000018 R9 =0000000000000000 R10=0000000007f19a4d R11=0000000007059f00
R12=00000000070a9058 R13=0000000007efbbf8 R14=0000000000000001 R15=0000000007efbc10
RIP=0000000007052c07 RFL=00000206 [-----P-] CPL=0 II=0 A20=1 SMM=0 HLT=0
ES =0030 0000000000000000 ffffffff 00cf9300 DPL=0 DS   [-WA]
CS =0038 0000000000000000 ffffffff 00af9a00 DPL=0 CS64 [-R-]
SS =0030 0000000000000000 ffffffff 00cf9300 DPL=0 DS   [-WA]
DS =0030 0000000000000000 ffffffff 00cf9300 DPL=0 DS   [-WA]
FS =0030 0000000000000000 ffffffff 00cf9300 DPL=0 DS   [-WA]
GS =0030 0000000000000000 ffffffff 00cf9300 DPL=0 DS   [-WA]
LDT=0000 0000000000000000 0000ffff 00008200 DPL=0 LDT
TR =0000 0000000000000000 0000ffff 00008b00 DPL=0 TSS64-busy
GDT=     00000000079de000 00000047
IDT=     00000000074fa018 00000fff
CR0=80010033 CR2=0000000000000000 CR3=0000000007c01000 CR4=00000668
DR0=0000000000000000 DR1=0000000000000000 DR2=0000000000000000 DR3=0000000000000000 
DR6=00000000ffff0ff0 DR7=0000000000000400
CCS=0000000000000004 CCD=0000000000000000 CCO=EFLAGS
EFER=0000000000000d00
   437: v=20 e=0000 i=0 cpl=0 IP=0038:0000000007052c07 pc=0000000007052c07 SP=0030:0000000007efba60 env->regs[R_EAX]=00000000070a906f
RAX=00000000070a906f RBX=0000000000000017 RCX=00000000070a9058 RDX=0000000007efbbf8
RSI=0000000000000018 RDI=0000000000000001 RBP=0000000000000000 RSP=0000000007efba60
R8 =0000000000000018 R9 =0000000000000000 R10=0000000007f19a4d R11=0000000007059f00
R12=00000000070a9058 R13=0000000007efbbf8 R14=0000000000000001 R15=0000000007efbc10
RIP=0000000007052c07 RFL=00000206 [-----P-] CPL=0 II=0 A20=1 SMM=0 HLT=0
ES =0030 0000000000000000 ffffffff 00cf9300 DPL=0 DS   [-WA]
CS =0038 0000000000000000 ffffffff 00af9a00 DPL=0 CS64 [-R-]
SS =0030 0000000000000000 ffffffff 00cf9300 DPL=0 DS   [-WA]
DS =0030 0000000000000000 ffffffff 00cf9300 DPL=0 DS   [-WA]
FS =0030 0000000000000000 ffffffff 00cf9300 DPL=0 DS   [-WA]
GS =0030 0000000000000000 ffffffff 00cf9300 DPL=0 DS   [-WA]
LDT=0000 0000000000000000 0000ffff 00008200 DPL=0 LDT
TR =0000 0000000000000000 0000ffff 00008b00 DPL=0 TSS64-busy
GDT=     00000000079de000 00000047
IDT=     00000000074fa018 00000fff
CR0=80010033 CR2=0000000000000000 CR3=0000000007c01000 CR4=00000668
DR0=0000000000000000 DR1=0000000000000000 DR2=0000000000000000 DR3=0000000000000000 
DR6=00000000ffff0ff0 DR7=0000000000000400
CCS=0000000000000004 CCD=0000000000000000 CCO=EFLAGS
EFER=0000000000000d00
   438: v=20 e=0000 i=0 cpl=0 IP=0038:0000000007052c07 pc=0000000007052c07 SP=0030:0000000007efba60 env->regs[R_EAX]=00000000070a906f
RAX=00000000070a906f RBX=0000000000000017 RCX=00000000070a9058 RDX=0000000007efbbf8
RSI=0000000000000018 RDI=0000000000000001 RBP=0000000000000000 RSP=0000000007efba60
R8 =0000000000000018 R9 =0000000000000000 R10=0000000007f19a4d R11=0000000007059f00
R12=00000000070a9058 R13=0000000007efbbf8 R14=0000000000000001 R15=0000000007efbc10
RIP=0000000007052c07 RFL=00000206 [-----P-] CPL=0 II=0 A20=1 SMM=0 HLT=0
ES =0030 0000000000000000 ffffffff 00cf9300 DPL=0 DS   [-WA]
CS =0038 0000000000000000 ffffffff 00af9a00 DPL=0 CS64 [-R-]
SS =0030 0000000000000000 ffffffff 00cf9300 DPL=0 DS   [-WA]
DS =0030 0000000000000000 ffffffff 00cf9300 DPL=0 DS   [-WA]
FS =0030 0000000000000000 ffffffff 00cf9300 DPL=0 DS   [-WA]
GS =0030 0000000000000000 ffffffff 00cf9300 DPL=0 DS   [-WA]
LDT=0000 0000000000000000 0000ffff 00008200 DPL=0 LDT
TR =0000 0000000000000000 0000ffff 00008b00 DPL=0 TSS64-busy
GDT=     00000000079de000 00000047
IDT=     00000000074fa018 00000fff
CR0=80010033 CR2=0000000000000000 CR3=0000000007c01000 CR4=00000668
DR0=0000000000000000 DR1=0000000000000000 DR2=0000000000000000 DR3=0000000000000000 
DR6=00000000ffff0ff0 DR7=0000000000000400
CCS=0000000000000004 CCD=0000000000000000 CCO=EFLAGS
EFER=0000000000000d00
   439: v=20 e=0000 i=0 cpl=0 IP=0038:0000000007052c07 pc=0000000007052c07 SP=0030:0000000007efba60 env->regs[R_EAX]=00000000070a906f
RAX=00000000070a906f RBX=0000000000000017 RCX=00000000070a9058 RDX=0000000007efbbf8
RSI=0000000000000018 RDI=0000000000000001 RBP=0000000000000000 RSP=0000000007efba60
R8 =0000000000000018 R9 =0000000000000000 R10=0000000007f19a4d R11=0000000007059f00
R12=00000000070a9058 R13=0000000007efbbf8 R14=0000000000000001 R15=0000000007efbc10
RIP=0000000007052c07 RFL=00000206 [-----P-] CPL=0 II=0 A20=1 SMM=0 HLT=0
ES =0030 0000000000000000 ffffffff 00cf9300 DPL=0 DS   [-WA]
CS =0038 0000000000000000 ffffffff 00af9a00 DPL=0 CS64 [-R-]
SS =0030 0000000000000000 ffffffff 00cf9300 DPL=0 DS   [-WA]
DS =0030 0000000000000000 ffffffff 00cf9300 DPL=0 DS   [-WA]
FS =0030 0000000000000000 ffffffff 00cf9300 DPL=0 DS   [-WA]
GS =0030 0000000000000000 ffffffff 00cf9300 DPL=0 DS   [-WA]
LDT=0000 0000000000000000 0000ffff 00008200 DPL=0 LDT
TR =0000 0000000000000000 0000ffff 00008b00 DPL=0 TSS64-busy
GDT=     00000000079de000 00000047
IDT=     00000000074fa018 00000fff
CR0=80010033 CR2=0000000000000000 CR3=0000000007c01000 CR4=00000668
DR0=0000000000000000 DR1=0000000000000000 DR2=0000000000000000 DR3=0000000000000000 
DR6=00000000ffff0ff0 DR7=0000000000000400
CCS=0000000000000004 CCD=0000000000000000 CCO=EFLAGS
EFER=0000000000000d00
   440: v=20 e=0000 i=0 cpl=0 IP=0038:0000000007052c07 pc=0000000007052c07 SP=0030:0000000007efba60 env->regs[R_EAX]=00000000070a906f
RAX=00000000070a906f RBX=0000000000000017 RCX=00000000070a9058 RDX=0000000007efbbf8
RSI=0000000000000018 RDI=0000000000000001 RBP=0000000000000000 RSP=0000000007efba60
R8 =0000000000000018 R9 =0000000000000000 R10=0000000007f19a4d R11=0000000007059f00
R12=00000000070a9058 R13=0000000007efbbf8 R14=0000000000000001 R15=0000000007efbc10
RIP=0000000007052c07 RFL=00000206 [-----P-] CPL=0 II=0 A20=1 SMM=0 HLT=0
ES =0030 0000000000000000 ffffffff 00cf9300 DPL=0 DS   [-WA]
CS =0038 0000000000000000 ffffffff 00af9a00 DPL=0 CS64 [-R-]
SS =0030 0000000000000000 ffffffff 00cf9300 DPL=0 DS   [-WA]
DS =0030 0000000000000000 ffffffff 00cf9300 DPL=0 DS   [-WA]
FS =0030 0000000000000000 ffffffff 00cf9300 DPL=0 DS   [-WA]
GS =0030 0000000000000000 ffffffff 00cf9300 DPL=0 DS   [-WA]
LDT=0000 0000000000000000 0000ffff 00008200 DPL=0 LDT
TR =0000 0000000000000000 0000ffff 00008b00 DPL=0 TSS64-busy
GDT=     00000000079de000 00000047
IDT=     00000000074fa018 00000fff
CR0=80010033 CR2=0000000000000000 CR3=0000000007c01000 CR4=00000668
DR0=0000000000000000 DR1=0000000000000000 DR2=0000000000000000 DR3=0000000000000000 
DR6=00000000ffff0ff0 DR7=0000000000000400
CCS=0000000000000004 CCD=0000000000000000 CCO=EFLAGS
EFER=0000000000000d00
   441: v=20 e=0000 i=0 cpl=0 IP=0038:0000000007052c07 pc=0000000007052c07 SP=0030:0000000007efba60 env->regs[R_EAX]=00000000070a906f
RAX=00000000070a906f RBX=0000000000000017 RCX=00000000070a9058 RDX=0000000007efbbf8
RSI=0000000000000018 RDI=0000000000000001 RBP=0000000000000000 RSP=0000000007efba60
R8 =0000000000000018 R9 =0000000000000000 R10=0000000007f19a4d R11=0000000007059f00
R12=00000000070a9058 R13=0000000007efbbf8 R14=0000000000000001 R15=0000000007efbc10
RIP=0000000007052c07 RFL=00000206 [-----P-] CPL=0 II=0 A20=1 SMM=0 HLT=0
ES =0030 0000000000000000 ffffffff 00cf9300 DPL=0 DS   [-WA]
CS =0038 0000000000000000 ffffffff 00af9a00 DPL=0 CS64 [-R-]
SS =0030 0000000000000000 ffffffff 00cf9300 DPL=0 DS   [-WA]
DS =0030 0000000000000000 ffffffff 00cf9300 DPL=0 DS   [-WA]
FS =0030 0000000000000000 ffffffff 00cf9300 DPL=0 DS   [-WA]
GS =0030 0000000000000000 ffffffff 00cf9300 DPL=0 DS   [-WA]
LDT=0000 0000000000000000 0000ffff 00008200 DPL=0 LDT
TR =0000 0000000000000000 0000ffff 00008b00 DPL=0 TSS64-busy
GDT=     00000000079de000 00000047
IDT=     00000000074fa018 00000fff
CR0=80010033 CR2=0000000000000000 CR3=0000000007c01000 CR4=00000668
DR0=0000000000000000 DR1=0000000000000000 DR2=0000000000000000 DR3=0000000000000000 
DR6=00000000ffff0ff0 DR7=0000000000000400
CCS=0000000000000004 CCD=0000000000000000 CCO=EFLAGS
EFER=0000000000000d00
   442: v=20 e=0000 i=0 cpl=0 IP=0038:0000000007052c07 pc=0000000007052c07 SP=0030:0000000007efba60 env->regs[R_EAX]=00000000070a906f
RAX=00000000070a906f RBX=0000000000000017 RCX=00000000070a9058 RDX=0000000007efbbf8
RSI=0000000000000018 RDI=0000000000000001 RBP=0000000000000000 RSP=0000000007efba60
R8 =0000000000000018 R9 =0000000000000000 R10=0000000007f19a4d R11=0000000007059f00
R12=00000000070a9058 R13=0000000007efbbf8 R14=0000000000000001 R15=0000000007efbc10
RIP=0000000007052c07 RFL=00000206 [-----P-] CPL=0 II=0 A20=1 SMM=0 HLT=0
ES =0030 0000000000000000 ffffffff 00cf9300 DPL=0 DS   [-WA]
CS =0038 0000000000000000 ffffffff 00af9a00 DPL=0 CS64 [-R-]
SS =0030 0000000000000000 ffffffff 00cf9300 DPL=0 DS   [-WA]
DS =0030 0000000000000000 ffffffff 00cf9300 DPL=0 DS   [-WA]
FS =0030 0000000000000000 ffffffff 00cf9300 DPL=0 DS   [-WA]
GS =0030 0000000000000000 ffffffff 00cf9300 DPL=0 DS   [-WA]
LDT=0000 0000000000000000 0000ffff 00008200 DPL=0 LDT
TR =0000 0000000000000000 0000ffff 00008b00 DPL=0 TSS64-busy
GDT=     00000000079de000 00000047
IDT=     00000000074fa018 00000fff
CR0=80010033 CR2=0000000000000000 CR3=0000000007c01000 CR4=00000668
DR0=0000000000000000 DR1=0000000000000000 DR2=0000000000000000 DR3=0000000000000000 
DR6=00000000ffff0ff0 DR7=0000000000000400
CCS=0000000000000004 CCD=0000000000000000 CCO=EFLAGS
EFER=0000000000000d00
   443: v=20 e=0000 i=0 cpl=0 IP=0038:0000000007052c07 pc=0000000007052c07 SP=0030:0000000007efba60 env->regs[R_EAX]=00000000070a906f
RAX=00000000070a906f RBX=0000000000000017 RCX=00000000070a9058 RDX=0000000007efbbf8
RSI=0000000000000018 RDI=0000000000000001 RBP=0000000000000000 RSP=0000000007efba60
R8 =0000000000000018 R9 =0000000000000000 R10=0000000007f19a4d R11=0000000007059f00
R12=00000000070a9058 R13=0000000007efbbf8 R14=0000000000000001 R15=0000000007efbc10
RIP=0000000007052c07 RFL=00000206 [-----P-] CPL=0 II=0 A20=1 SMM=0 HLT=0
ES =0030 0000000000000000 ffffffff 00cf9300 DPL=0 DS   [-WA]
CS =0038 0000000000000000 ffffffff 00af9a00 DPL=0 CS64 [-R-]
SS =0030 0000000000000000 ffffffff 00cf9300 DPL=0 DS   [-WA]
DS =0030 0000000000000000 ffffffff 00cf9300 DPL=0 DS   [-WA]
FS =0030 0000000000000000 ffffffff 00cf9300 DPL=0 DS   [-WA]
GS =0030 0000000000000000 ffffffff 00cf9300 DPL=0 DS   [-WA]
LDT=0000 0000000000000000 0000ffff 00008200 DPL=0 LDT
TR =0000 0000000000000000 0000ffff 00008b00 DPL=0 TSS64-busy
GDT=     00000000079de000 00000047
IDT=     00000000074fa018 00000fff
CR0=80010033 CR2=0000000000000000 CR3=0000000007c01000 CR4=00000668
DR0=0000000000000000 DR1=0000000000000000 DR2=0000000000000000 DR3=0000000000000000 
DR6=00000000ffff0ff0 DR7=0000000000000400
CCS=0000000000000004 CCD=0000000000000000 CCO=EFLAGS
EFER=0000000000000d00
   444: v=20 e=0000 i=0 cpl=0 IP=0038:0000000007052c07 pc=0000000007052c07 SP=0030:0000000007efba60 env->regs[R_EAX]=00000000070a906f
RAX=00000000070a906f RBX=0000000000000017 RCX=00000000070a9058 RDX=0000000007efbbf8
RSI=0000000000000018 RDI=0000000000000001 RBP=0000000000000000 RSP=0000000007efba60
R8 =0000000000000018 R9 =0000000000000000 R10=0000000007f19a4d R11=0000000007059f00
R12=00000000070a9058 R13=0000000007efbbf8 R14=0000000000000001 R15=0000000007efbc10
RIP=0000000007052c07 RFL=00000206 [-----P-] CPL=0 II=0 A20=1 SMM=0 HLT=0
ES =0030 0000000000000000 ffffffff 00cf9300 DPL=0 DS   [-WA]
CS =0038 0000000000000000 ffffffff 00af9a00 DPL=0 CS64 [-R-]
SS =0030 0000000000000000 ffffffff 00cf9300 DPL=0 DS   [-WA]
DS =0030 0000000000000000 ffffffff 00cf9300 DPL=0 DS   [-WA]
FS =0030 0000000000000000 ffffffff 00cf9300 DPL=0 DS   [-WA]
GS =0030 0000000000000000 ffffffff 00cf9300 DPL=0 DS   [-WA]
LDT=0000 0000000000000000 0000ffff 00008200 DPL=0 LDT
TR =0000 0000000000000000 0000ffff 00008b00 DPL=0 TSS64-busy
GDT=     00000000079de000 00000047
IDT=     00000000074fa018 00000fff
CR0=80010033 CR2=0000000000000000 CR3=0000000007c01000 CR4=00000668
DR0=0000000000000000 DR1=0000000000000000 DR2=0000000000000000 DR3=0000000000000000 
DR6=00000000ffff0ff0 DR7=0000000000000400
CCS=0000000000000004 CCD=0000000000000000 CCO=EFLAGS
EFER=0000000000000d00
   445: v=20 e=0000 i=0 cpl=0 IP=0038:0000000007052c07 pc=0000000007052c07 SP=0030:0000000007efba60 env->regs[R_EAX]=00000000070a906f
RAX=00000000070a906f RBX=0000000000000017 RCX=00000000070a9058 RDX=0000000007efbbf8
RSI=0000000000000018 RDI=0000000000000001 RBP=0000000000000000 RSP=0000000007efba60
R8 =0000000000000018 R9 =0000000000000000 R10=0000000007f19a4d R11=0000000007059f00
R12=00000000070a9058 R13=0000000007efbbf8 R14=0000000000000001 R15=0000000007efbc10
RIP=0000000007052c07 RFL=00000206 [-----P-] CPL=0 II=0 A20=1 SMM=0 HLT=0
ES =0030 0000000000000000 ffffffff 00cf9300 DPL=0 DS   [-WA]
CS =0038 0000000000000000 ffffffff 00af9a00 DPL=0 CS64 [-R-]
SS =0030 0000000000000000 ffffffff 00cf9300 DPL=0 DS   [-WA]
DS =0030 0000000000000000 ffffffff 00cf9300 DPL=0 DS   [-WA]
FS =0030 0000000000000000 ffffffff 00cf9300 DPL=0 DS   [-WA]
GS =0030 0000000000000000 ffffffff 00cf9300 DPL=0 DS   [-WA]
LDT=0000 0000000000000000 0000ffff 00008200 DPL=0 LDT
TR =0000 0000000000000000 0000ffff 00008b00 DPL=0 TSS64-busy
GDT=     00000000079de000 00000047
IDT=     00000000074fa018 00000fff
CR0=80010033 CR2=0000000000000000 CR3=0000000007c01000 CR4=00000668
DR0=0000000000000000 DR1=0000000000000000 DR2=0000000000000000 DR3=0000000000000000 
DR6=00000000ffff0ff0 DR7=0000000000000400
CCS=0000000000000004 CCD=0000000000000000 CCO=EFLAGS
EFER=0000000000000d00
   446: v=20 e=0000 i=0 cpl=0 IP=0038:0000000007052c07 pc=0000000007052c07 SP=0030:0000000007efba60 env->regs[R_EAX]=00000000070a906f
RAX=00000000070a906f RBX=0000000000000017 RCX=00000000070a9058 RDX=0000000007efbbf8
RSI=0000000000000018 RDI=0000000000000001 RBP=0000000000000000 RSP=0000000007efba60
R8 =0000000000000018 R9 =0000000000000000 R10=0000000007f19a4d R11=0000000007059f00
R12=00000000070a9058 R13=0000000007efbbf8 R14=0000000000000001 R15=0000000007efbc10
RIP=0000000007052c07 RFL=00000206 [-----P-] CPL=0 II=0 A20=1 SMM=0 HLT=0
ES =0030 0000000000000000 ffffffff 00cf9300 DPL=0 DS   [-WA]
CS =0038 0000000000000000 ffffffff 00af9a00 DPL=0 CS64 [-R-]
SS =0030 0000000000000000 ffffffff 00cf9300 DPL=0 DS   [-WA]
DS =0030 0000000000000000 ffffffff 00cf9300 DPL=0 DS   [-WA]
FS =0030 0000000000000000 ffffffff 00cf9300 DPL=0 DS   [-WA]
GS =0030 0000000000000000 ffffffff 00cf9300 DPL=0 DS   [-WA]
LDT=0000 0000000000000000 0000ffff 00008200 DPL=0 LDT
TR =0000 0000000000000000 0000ffff 00008b00 DPL=0 TSS64-busy
GDT=     00000000079de000 00000047
IDT=     00000000074fa018 00000fff
CR0=80010033 CR2=0000000000000000 CR3=0000000007c01000 CR4=00000668
DR0=0000000000000000 DR1=0000000000000000 DR2=0000000000000000 DR3=0000000000000000 
DR6=00000000ffff0ff0 DR7=0000000000000400
CCS=0000000000000004 CCD=0000000000000000 CCO=EFLAGS
EFER=0000000000000d00
   447: v=20 e=0000 i=0 cpl=0 IP=0038:0000000007052c07 pc=0000000007052c07 SP=0030:0000000007efba60 env->regs[R_EAX]=00000000070a906f
RAX=00000000070a906f RBX=0000000000000017 RCX=00000000070a9058 RDX=0000000007efbbf8
RSI=0000000000000018 RDI=0000000000000001 RBP=0000000000000000 RSP=0000000007efba60
R8 =0000000000000018 R9 =0000000000000000 R10=0000000007f19a4d R11=0000000007059f00
R12=00000000070a9058 R13=0000000007efbbf8 R14=0000000000000001 R15=0000000007efbc10
RIP=0000000007052c07 RFL=00000206 [-----P-] CPL=0 II=0 A20=1 SMM=0 HLT=0
ES =0030 0000000000000000 ffffffff 00cf9300 DPL=0 DS   [-WA]
CS =0038 0000000000000000 ffffffff 00af9a00 DPL=0 CS64 [-R-]
SS =0030 0000000000000000 ffffffff 00cf9300 DPL=0 DS   [-WA]
DS =0030 0000000000000000 ffffffff 00cf9300 DPL=0 DS   [-WA]
FS =0030 0000000000000000 ffffffff 00cf9300 DPL=0 DS   [-WA]
GS =0030 0000000000000000 ffffffff 00cf9300 DPL=0 DS   [-WA]
LDT=0000 0000000000000000 0000ffff 00008200 DPL=0 LDT
TR =0000 0000000000000000 0000ffff 00008b00 DPL=0 TSS64-busy
GDT=     00000000079de000 00000047
IDT=     00000000074fa018 00000fff
CR0=80010033 CR2=0000000000000000 CR3=0000000007c01000 CR4=00000668
DR0=0000000000000000 DR1=0000000000000000 DR2=0000000000000000 DR3=0000000000000000 
DR6=00000000ffff0ff0 DR7=0000000000000400
CCS=0000000000000004 CCD=0000000000000000 CCO=EFLAGS
EFER=0000000000000d00
   448: v=20 e=0000 i=0 cpl=0 IP=0038:0000000007052c07 pc=0000000007052c07 SP=0030:0000000007efba60 env->regs[R_EAX]=00000000070a906f
RAX=00000000070a906f RBX=0000000000000017 RCX=00000000070a9058 RDX=0000000007efbbf8
RSI=0000000000000018 RDI=0000000000000001 RBP=0000000000000000 RSP=0000000007efba60
R8 =0000000000000018 R9 =0000000000000000 R10=0000000007f19a4d R11=0000000007059f00
R12=00000000070a9058 R13=0000000007efbbf8 R14=0000000000000001 R15=0000000007efbc10
RIP=0000000007052c07 RFL=00000206 [-----P-] CPL=0 II=0 A20=1 SMM=0 HLT=0
ES =0030 0000000000000000 ffffffff 00cf9300 DPL=0 DS   [-WA]
CS =0038 0000000000000000 ffffffff 00af9a00 DPL=0 CS64 [-R-]
SS =0030 0000000000000000 ffffffff 00cf9300 DPL=0 DS   [-WA]
DS =0030 0000000000000000 ffffffff 00cf9300 DPL=0 DS   [-WA]
FS =0030 0000000000000000 ffffffff 00cf9300 DPL=0 DS   [-WA]
GS =0030 0000000000000000 ffffffff 00cf9300 DPL=0 DS   [-WA]
LDT=0000 0000000000000000 0000ffff 00008200 DPL=0 LDT
TR =0000 0000000000000000 0000ffff 00008b00 DPL=0 TSS64-busy
GDT=     00000000079de000 00000047
IDT=     00000000074fa018 00000fff
CR0=80010033 CR2=0000000000000000 CR3=0000000007c01000 CR4=00000668
DR0=0000000000000000 DR1=0000000000000000 DR2=0000000000000000 DR3=0000000000000000 
DR6=00000000ffff0ff0 DR7=0000000000000400
CCS=0000000000000004 CCD=0000000000000000 CCO=EFLAGS
EFER=0000000000000d00
   449: v=20 e=0000 i=0 cpl=0 IP=0038:0000000007052c07 pc=0000000007052c07 SP=0030:0000000007efba60 env->regs[R_EAX]=00000000070a906f
RAX=00000000070a906f RBX=0000000000000017 RCX=00000000070a9058 RDX=0000000007efbbf8
RSI=0000000000000018 RDI=0000000000000001 RBP=0000000000000000 RSP=0000000007efba60
R8 =0000000000000018 R9 =0000000000000000 R10=0000000007f19a4d R11=0000000007059f00
R12=00000000070a9058 R13=0000000007efbbf8 R14=0000000000000001 R15=0000000007efbc10
RIP=0000000007052c07 RFL=00000206 [-----P-] CPL=0 II=0 A20=1 SMM=0 HLT=0
ES =0030 0000000000000000 ffffffff 00cf9300 DPL=0 DS   [-WA]
CS =0038 0000000000000000 ffffffff 00af9a00 DPL=0 CS64 [-R-]
SS =0030 0000000000000000 ffffffff 00cf9300 DPL=0 DS   [-WA]
DS =0030 0000000000000000 ffffffff 00cf9300 DPL=0 DS   [-WA]
FS =0030 0000000000000000 ffffffff 00cf9300 DPL=0 DS   [-WA]
GS =0030 0000000000000000 ffffffff 00cf9300 DPL=0 DS   [-WA]
LDT=0000 0000000000000000 0000ffff 00008200 DPL=0 LDT
TR =0000 0000000000000000 0000ffff 00008b00 DPL=0 TSS64-busy
GDT=     00000000079de000 00000047
IDT=     00000000074fa018 00000fff
CR0=80010033 CR2=0000000000000000 CR3=0000000007c01000 CR4=00000668
DR0=0000000000000000 DR1=0000000000000000 DR2=0000000000000000 DR3=0000000000000000 
DR6=00000000ffff0ff0 DR7=0000000000000400
CCS=0000000000000004 CCD=0000000000000000 CCO=EFLAGS
EFER=0000000000000d00
   450: v=20 e=0000 i=0 cpl=0 IP=0038:0000000007052c07 pc=0000000007052c07 SP=0030:0000000007efba60 env->regs[R_EAX]=00000000070a906f
RAX=00000000070a906f RBX=0000000000000017 RCX=00000000070a9058 RDX=0000000007efbbf8
RSI=0000000000000018 RDI=0000000000000001 RBP=0000000000000000 RSP=0000000007efba60
R8 =0000000000000018 R9 =0000000000000000 R10=0000000007f19a4d R11=0000000007059f00
R12=00000000070a9058 R13=0000000007efbbf8 R14=0000000000000001 R15=0000000007efbc10
RIP=0000000007052c07 RFL=00000206 [-----P-] CPL=0 II=0 A20=1 SMM=0 HLT=0
ES =0030 0000000000000000 ffffffff 00cf9300 DPL=0 DS   [-WA]
CS =0038 0000000000000000 ffffffff 00af9a00 DPL=0 CS64 [-R-]
SS =0030 0000000000000000 ffffffff 00cf9300 DPL=0 DS   [-WA]
DS =0030 0000000000000000 ffffffff 00cf9300 DPL=0 DS   [-WA]
FS =0030 0000000000000000 ffffffff 00cf9300 DPL=0 DS   [-WA]
GS =0030 0000000000000000 ffffffff 00cf9300 DPL=0 DS   [-WA]
LDT=0000 0000000000000000 0000ffff 00008200 DPL=0 LDT
TR =0000 0000000000000000 0000ffff 00008b00 DPL=0 TSS64-busy
GDT=     00000000079de000 00000047
IDT=     00000000074fa018 00000fff
CR0=80010033 CR2=0000000000000000 CR3=0000000007c01000 CR4=00000668
DR0=0000000000000000 DR1=0000000000000000 DR2=0000000000000000 DR3=0000000000000000 
DR6=00000000ffff0ff0 DR7=0000000000000400
CCS=0000000000000004 CCD=0000000000000000 CCO=EFLAGS
EFER=0000000000000d00
   451: v=20 e=0000 i=0 cpl=0 IP=0038:0000000007052c07 pc=0000000007052c07 SP=0030:0000000007efba60 env->regs[R_EAX]=00000000070a906f
RAX=00000000070a906f RBX=0000000000000017 RCX=00000000070a9058 RDX=0000000007efbbf8
RSI=0000000000000018 RDI=0000000000000001 RBP=0000000000000000 RSP=0000000007efba60
R8 =0000000000000018 R9 =0000000000000000 R10=0000000007f19a4d R11=0000000007059f00
R12=00000000070a9058 R13=0000000007efbbf8 R14=0000000000000001 R15=0000000007efbc10
RIP=0000000007052c07 RFL=00000206 [-----P-] CPL=0 II=0 A20=1 SMM=0 HLT=0
ES =0030 0000000000000000 ffffffff 00cf9300 DPL=0 DS   [-WA]
CS =0038 0000000000000000 ffffffff 00af9a00 DPL=0 CS64 [-R-]
SS =0030 0000000000000000 ffffffff 00cf9300 DPL=0 DS   [-WA]
DS =0030 0000000000000000 ffffffff 00cf9300 DPL=0 DS   [-WA]
FS =0030 0000000000000000 ffffffff 00cf9300 DPL=0 DS   [-WA]
GS =0030 0000000000000000 ffffffff 00cf9300 DPL=0 DS   [-WA]
LDT=0000 0000000000000000 0000ffff 00008200 DPL=0 LDT
TR =0000 0000000000000000 0000ffff 00008b00 DPL=0 TSS64-busy
GDT=     00000000079de000 00000047
IDT=     00000000074fa018 00000fff
CR0=80010033 CR2=0000000000000000 CR3=0000000007c01000 CR4=00000668
DR0=0000000000000000 DR1=0000000000000000 DR2=0000000000000000 DR3=0000000000000000 
DR6=00000000ffff0ff0 DR7=0000000000000400
CCS=0000000000000004 CCD=0000000000000000 CCO=EFLAGS
EFER=0000000000000d00
   452: v=20 e=0000 i=0 cpl=0 IP=0038:0000000007052c07 pc=0000000007052c07 SP=0030:0000000007efba60 env->regs[R_EAX]=00000000070a906f
RAX=00000000070a906f RBX=0000000000000017 RCX=00000000070a9058 RDX=0000000007efbbf8
RSI=0000000000000018 RDI=0000000000000001 RBP=0000000000000000 RSP=0000000007efba60
R8 =0000000000000018 R9 =0000000000000000 R10=0000000007f19a4d R11=0000000007059f00
R12=00000000070a9058 R13=0000000007efbbf8 R14=0000000000000001 R15=0000000007efbc10
RIP=0000000007052c07 RFL=00000206 [-----P-] CPL=0 II=0 A20=1 SMM=0 HLT=0
ES =0030 0000000000000000 ffffffff 00cf9300 DPL=0 DS   [-WA]
CS =0038 0000000000000000 ffffffff 00af9a00 DPL=0 CS64 [-R-]
SS =0030 0000000000000000 ffffffff 00cf9300 DPL=0 DS   [-WA]
DS =0030 0000000000000000 ffffffff 00cf9300 DPL=0 DS   [-WA]
FS =0030 0000000000000000 ffffffff 00cf9300 DPL=0 DS   [-WA]
GS =0030 0000000000000000 ffffffff 00cf9300 DPL=0 DS   [-WA]
LDT=0000 0000000000000000 0000ffff 00008200 DPL=0 LDT
TR =0000 0000000000000000 0000ffff 00008b00 DPL=0 TSS64-busy
GDT=     00000000079de000 00000047
IDT=     00000000074fa018 00000fff
CR0=80010033 CR2=0000000000000000 CR3=0000000007c01000 CR4=00000668
DR0=0000000000000000 DR1=0000000000000000 DR2=0000000000000000 DR3=0000000000000000 
DR6=00000000ffff0ff0 DR7=0000000000000400
CCS=0000000000000004 CCD=0000000000000000 CCO=EFLAGS
EFER=0000000000000d00
   453: v=20 e=0000 i=0 cpl=0 IP=0038:0000000007052c07 pc=0000000007052c07 SP=0030:0000000007efba60 env->regs[R_EAX]=00000000070a906f
RAX=00000000070a906f RBX=0000000000000017 RCX=00000000070a9058 RDX=0000000007efbbf8
RSI=0000000000000018 RDI=0000000000000001 RBP=0000000000000000 RSP=0000000007efba60
R8 =0000000000000018 R9 =0000000000000000 R10=0000000007f19a4d R11=0000000007059f00
R12=00000000070a9058 R13=0000000007efbbf8 R14=0000000000000001 R15=0000000007efbc10
RIP=0000000007052c07 RFL=00000206 [-----P-] CPL=0 II=0 A20=1 SMM=0 HLT=0
ES =0030 0000000000000000 ffffffff 00cf9300 DPL=0 DS   [-WA]
CS =0038 0000000000000000 ffffffff 00af9a00 DPL=0 CS64 [-R-]
SS =0030 0000000000000000 ffffffff 00cf9300 DPL=0 DS   [-WA]
DS =0030 0000000000000000 ffffffff 00cf9300 DPL=0 DS   [-WA]
FS =0030 0000000000000000 ffffffff 00cf9300 DPL=0 DS   [-WA]
GS =0030 0000000000000000 ffffffff 00cf9300 DPL=0 DS   [-WA]
LDT=0000 0000000000000000 0000ffff 00008200 DPL=0 LDT
TR =0000 0000000000000000 0000ffff 00008b00 DPL=0 TSS64-busy
GDT=     00000000079de000 00000047
IDT=     00000000074fa018 00000fff
CR0=80010033 CR2=0000000000000000 CR3=0000000007c01000 CR4=00000668
DR0=0000000000000000 DR1=0000000000000000 DR2=0000000000000000 DR3=0000000000000000 
DR6=00000000ffff0ff0 DR7=0000000000000400
CCS=0000000000000004 CCD=0000000000000000 CCO=EFLAGS
EFER=0000000000000d00
   454: v=20 e=0000 i=0 cpl=0 IP=0038:0000000007052c07 pc=0000000007052c07 SP=0030:0000000007efba60 env->regs[R_EAX]=00000000070a906f
RAX=00000000070a906f RBX=0000000000000017 RCX=00000000070a9058 RDX=0000000007efbbf8
RSI=0000000000000018 RDI=0000000000000001 RBP=0000000000000000 RSP=0000000007efba60
R8 =0000000000000018 R9 =0000000000000000 R10=0000000007f19a4d R11=0000000007059f00
R12=00000000070a9058 R13=0000000007efbbf8 R14=0000000000000001 R15=0000000007efbc10
RIP=0000000007052c07 RFL=00000206 [-----P-] CPL=0 II=0 A20=1 SMM=0 HLT=0
ES =0030 0000000000000000 ffffffff 00cf9300 DPL=0 DS   [-WA]
CS =0038 0000000000000000 ffffffff 00af9a00 DPL=0 CS64 [-R-]
SS =0030 0000000000000000 ffffffff 00cf9300 DPL=0 DS   [-WA]
DS =0030 0000000000000000 ffffffff 00cf9300 DPL=0 DS   [-WA]
FS =0030 0000000000000000 ffffffff 00cf9300 DPL=0 DS   [-WA]
GS =0030 0000000000000000 ffffffff 00cf9300 DPL=0 DS   [-WA]
LDT=0000 0000000000000000 0000ffff 00008200 DPL=0 LDT
TR =0000 0000000000000000 0000ffff 00008b00 DPL=0 TSS64-busy
GDT=     00000000079de000 00000047
IDT=     00000000074fa018 00000fff
CR0=80010033 CR2=0000000000000000 CR3=0000000007c01000 CR4=00000668
DR0=0000000000000000 DR1=0000000000000000 DR2=0000000000000000 DR3=0000000000000000 
DR6=00000000ffff0ff0 DR7=0000000000000400
CCS=0000000000000004 CCD=0000000000000000 CCO=EFLAGS
EFER=0000000000000d00
   455: v=20 e=0000 i=0 cpl=0 IP=0038:0000000007052c07 pc=0000000007052c07 SP=0030:0000000007efba60 env->regs[R_EAX]=00000000070a906f
RAX=00000000070a906f RBX=0000000000000017 RCX=00000000070a9058 RDX=0000000007efbbf8
RSI=0000000000000018 RDI=0000000000000001 RBP=0000000000000000 RSP=0000000007efba60
R8 =0000000000000018 R9 =0000000000000000 R10=0000000007f19a4d R11=0000000007059f00
R12=00000000070a9058 R13=0000000007efbbf8 R14=0000000000000001 R15=0000000007efbc10
RIP=0000000007052c07 RFL=00000206 [-----P-] CPL=0 II=0 A20=1 SMM=0 HLT=0
ES =0030 0000000000000000 ffffffff 00cf9300 DPL=0 DS   [-WA]
CS =0038 0000000000000000 ffffffff 00af9a00 DPL=0 CS64 [-R-]
SS =0030 0000000000000000 ffffffff 00cf9300 DPL=0 DS   [-WA]
DS =0030 0000000000000000 ffffffff 00cf9300 DPL=0 DS   [-WA]
FS =0030 0000000000000000 ffffffff 00cf9300 DPL=0 DS   [-WA]
GS =0030 0000000000000000 ffffffff 00cf9300 DPL=0 DS   [-WA]
LDT=0000 0000000000000000 0000ffff 00008200 DPL=0 LDT
TR =0000 0000000000000000 0000ffff 00008b00 DPL=0 TSS64-busy
GDT=     00000000079de000 00000047
IDT=     00000000074fa018 00000fff
CR0=80010033 CR2=0000000000000000 CR3=0000000007c01000 CR4=00000668
DR0=0000000000000000 DR1=0000000000000000 DR2=0000000000000000 DR3=0000000000000000 
DR6=00000000ffff0ff0 DR7=0000000000000400
CCS=0000000000000004 CCD=0000000000000000 CCO=EFLAGS
EFER=0000000000000d00
   456: v=20 e=0000 i=0 cpl=0 IP=0038:0000000007052c07 pc=0000000007052c07 SP=0030:0000000007efba60 env->regs[R_EAX]=00000000070a906f
RAX=00000000070a906f RBX=0000000000000017 RCX=00000000070a9058 RDX=0000000007efbbf8
RSI=0000000000000018 RDI=0000000000000001 RBP=0000000000000000 RSP=0000000007efba60
R8 =0000000000000018 R9 =0000000000000000 R10=0000000007f19a4d R11=0000000007059f00
R12=00000000070a9058 R13=0000000007efbbf8 R14=0000000000000001 R15=0000000007efbc10
RIP=0000000007052c07 RFL=00000206 [-----P-] CPL=0 II=0 A20=1 SMM=0 HLT=0
ES =0030 0000000000000000 ffffffff 00cf9300 DPL=0 DS   [-WA]
CS =0038 0000000000000000 ffffffff 00af9a00 DPL=0 CS64 [-R-]
SS =0030 0000000000000000 ffffffff 00cf9300 DPL=0 DS   [-WA]
DS =0030 0000000000000000 ffffffff 00cf9300 DPL=0 DS   [-WA]
FS =0030 0000000000000000 ffffffff 00cf9300 DPL=0 DS   [-WA]
GS =0030 0000000000000000 ffffffff 00cf9300 DPL=0 DS   [-WA]
LDT=0000 0000000000000000 0000ffff 00008200 DPL=0 LDT
TR =0000 0000000000000000 0000ffff 00008b00 DPL=0 TSS64-busy
GDT=     00000000079de000 00000047
IDT=     00000000074fa018 00000fff
CR0=80010033 CR2=0000000000000000 CR3=0000000007c01000 CR4=00000668
DR0=0000000000000000 DR1=0000000000000000 DR2=0000000000000000 DR3=0000000000000000 
DR6=00000000ffff0ff0 DR7=0000000000000400
CCS=0000000000000004 CCD=0000000000000000 CCO=EFLAGS
EFER=0000000000000d00
   457: v=20 e=0000 i=0 cpl=0 IP=0038:0000000007052c07 pc=0000000007052c07 SP=0030:0000000007efba60 env->regs[R_EAX]=00000000070a906f
RAX=00000000070a906f RBX=0000000000000017 RCX=00000000070a9058 RDX=0000000007efbbf8
RSI=0000000000000018 RDI=0000000000000001 RBP=0000000000000000 RSP=0000000007efba60
R8 =0000000000000018 R9 =0000000000000000 R10=0000000007f19a4d R11=0000000007059f00
R12=00000000070a9058 R13=0000000007efbbf8 R14=0000000000000001 R15=0000000007efbc10
RIP=0000000007052c07 RFL=00000206 [-----P-] CPL=0 II=0 A20=1 SMM=0 HLT=0
ES =0030 0000000000000000 ffffffff 00cf9300 DPL=0 DS   [-WA]
CS =0038 0000000000000000 ffffffff 00af9a00 DPL=0 CS64 [-R-]
SS =0030 0000000000000000 ffffffff 00cf9300 DPL=0 DS   [-WA]
DS =0030 0000000000000000 ffffffff 00cf9300 DPL=0 DS   [-WA]
FS =0030 0000000000000000 ffffffff 00cf9300 DPL=0 DS   [-WA]
GS =0030 0000000000000000 ffffffff 00cf9300 DPL=0 DS   [-WA]
LDT=0000 0000000000000000 0000ffff 00008200 DPL=0 LDT
TR =0000 0000000000000000 0000ffff 00008b00 DPL=0 TSS64-busy
GDT=     00000000079de000 00000047
IDT=     00000000074fa018 00000fff
CR0=80010033 CR2=0000000000000000 CR3=0000000007c01000 CR4=00000668
DR0=0000000000000000 DR1=0000000000000000 DR2=0000000000000000 DR3=0000000000000000 
DR6=00000000ffff0ff0 DR7=0000000000000400
CCS=0000000000000004 CCD=0000000000000000 CCO=EFLAGS
EFER=0000000000000d00
   458: v=20 e=0000 i=0 cpl=0 IP=0038:0000000007052c07 pc=0000000007052c07 SP=0030:0000000007efba60 env->regs[R_EAX]=00000000070a906f
RAX=00000000070a906f RBX=0000000000000017 RCX=00000000070a9058 RDX=0000000007efbbf8
RSI=0000000000000018 RDI=0000000000000001 RBP=0000000000000000 RSP=0000000007efba60
R8 =0000000000000018 R9 =0000000000000000 R10=0000000007f19a4d R11=0000000007059f00
R12=00000000070a9058 R13=0000000007efbbf8 R14=0000000000000001 R15=0000000007efbc10
RIP=0000000007052c07 RFL=00000206 [-----P-] CPL=0 II=0 A20=1 SMM=0 HLT=0
ES =0030 0000000000000000 ffffffff 00cf9300 DPL=0 DS   [-WA]
CS =0038 0000000000000000 ffffffff 00af9a00 DPL=0 CS64 [-R-]
SS =0030 0000000000000000 ffffffff 00cf9300 DPL=0 DS   [-WA]
DS =0030 0000000000000000 ffffffff 00cf9300 DPL=0 DS   [-WA]
FS =0030 0000000000000000 ffffffff 00cf9300 DPL=0 DS   [-WA]
GS =0030 0000000000000000 ffffffff 00cf9300 DPL=0 DS   [-WA]
LDT=0000 0000000000000000 0000ffff 00008200 DPL=0 LDT
TR =0000 0000000000000000 0000ffff 00008b00 DPL=0 TSS64-busy
GDT=     00000000079de000 00000047
IDT=     00000000074fa018 00000fff
CR0=80010033 CR2=0000000000000000 CR3=0000000007c01000 CR4=00000668
DR0=0000000000000000 DR1=0000000000000000 DR2=0000000000000000 DR3=0000000000000000 
DR6=00000000ffff0ff0 DR7=0000000000000400
CCS=0000000000000004 CCD=0000000000000000 CCO=EFLAGS
EFER=0000000000000d00
   459: v=20 e=0000 i=0 cpl=0 IP=0038:0000000007052c07 pc=0000000007052c07 SP=0030:0000000007efba60 env->regs[R_EAX]=00000000070a906f
RAX=00000000070a906f RBX=0000000000000017 RCX=00000000070a9058 RDX=0000000007efbbf8
RSI=0000000000000018 RDI=0000000000000001 RBP=0000000000000000 RSP=0000000007efba60
R8 =0000000000000018 R9 =0000000000000000 R10=0000000007f19a4d R11=0000000007059f00
R12=00000000070a9058 R13=0000000007efbbf8 R14=0000000000000001 R15=0000000007efbc10
RIP=0000000007052c07 RFL=00000206 [-----P-] CPL=0 II=0 A20=1 SMM=0 HLT=0
ES =0030 0000000000000000 ffffffff 00cf9300 DPL=0 DS   [-WA]
CS =0038 0000000000000000 ffffffff 00af9a00 DPL=0 CS64 [-R-]
SS =0030 0000000000000000 ffffffff 00cf9300 DPL=0 DS   [-WA]
DS =0030 0000000000000000 ffffffff 00cf9300 DPL=0 DS   [-WA]
FS =0030 0000000000000000 ffffffff 00cf9300 DPL=0 DS   [-WA]
GS =0030 0000000000000000 ffffffff 00cf9300 DPL=0 DS   [-WA]
LDT=0000 0000000000000000 0000ffff 00008200 DPL=0 LDT
TR =0000 0000000000000000 0000ffff 00008b00 DPL=0 TSS64-busy
GDT=     00000000079de000 00000047
IDT=     00000000074fa018 00000fff
CR0=80010033 CR2=0000000000000000 CR3=0000000007c01000 CR4=00000668
DR0=0000000000000000 DR1=0000000000000000 DR2=0000000000000000 DR3=0000000000000000 
DR6=00000000ffff0ff0 DR7=0000000000000400
CCS=0000000000000004 CCD=0000000000000000 CCO=EFLAGS
EFER=0000000000000d00
   460: v=20 e=0000 i=0 cpl=0 IP=0038:0000000007052c07 pc=0000000007052c07 SP=0030:0000000007efba60 env->regs[R_EAX]=00000000070a906f
RAX=00000000070a906f RBX=0000000000000017 RCX=00000000070a9058 RDX=0000000007efbbf8
RSI=0000000000000018 RDI=0000000000000001 RBP=0000000000000000 RSP=0000000007efba60
R8 =0000000000000018 R9 =0000000000000000 R10=0000000007f19a4d R11=0000000007059f00
R12=00000000070a9058 R13=0000000007efbbf8 R14=0000000000000001 R15=0000000007efbc10
RIP=0000000007052c07 RFL=00000206 [-----P-] CPL=0 II=0 A20=1 SMM=0 HLT=0
ES =0030 0000000000000000 ffffffff 00cf9300 DPL=0 DS   [-WA]
CS =0038 0000000000000000 ffffffff 00af9a00 DPL=0 CS64 [-R-]
SS =0030 0000000000000000 ffffffff 00cf9300 DPL=0 DS   [-WA]
DS =0030 0000000000000000 ffffffff 00cf9300 DPL=0 DS   [-WA]
FS =0030 0000000000000000 ffffffff 00cf9300 DPL=0 DS   [-WA]
GS =0030 0000000000000000 ffffffff 00cf9300 DPL=0 DS   [-WA]
LDT=0000 0000000000000000 0000ffff 00008200 DPL=0 LDT
TR =0000 0000000000000000 0000ffff 00008b00 DPL=0 TSS64-busy
GDT=     00000000079de000 00000047
IDT=     00000000074fa018 00000fff
CR0=80010033 CR2=0000000000000000 CR3=0000000007c01000 CR4=00000668
DR0=0000000000000000 DR1=0000000000000000 DR2=0000000000000000 DR3=0000000000000000 
DR6=00000000ffff0ff0 DR7=0000000000000400
CCS=0000000000000004 CCD=0000000000000000 CCO=EFLAGS
EFER=0000000000000d00
   461: v=20 e=0000 i=0 cpl=0 IP=0038:0000000007052c07 pc=0000000007052c07 SP=0030:0000000007efba60 env->regs[R_EAX]=00000000070a906f
RAX=00000000070a906f RBX=0000000000000017 RCX=00000000070a9058 RDX=0000000007efbbf8
RSI=0000000000000018 RDI=0000000000000001 RBP=0000000000000000 RSP=0000000007efba60
R8 =0000000000000018 R9 =0000000000000000 R10=0000000007f19a4d R11=0000000007059f00
R12=00000000070a9058 R13=0000000007efbbf8 R14=0000000000000001 R15=0000000007efbc10
RIP=0000000007052c07 RFL=00000206 [-----P-] CPL=0 II=0 A20=1 SMM=0 HLT=0
ES =0030 0000000000000000 ffffffff 00cf9300 DPL=0 DS   [-WA]
CS =0038 0000000000000000 ffffffff 00af9a00 DPL=0 CS64 [-R-]
SS =0030 0000000000000000 ffffffff 00cf9300 DPL=0 DS   [-WA]
DS =0030 0000000000000000 ffffffff 00cf9300 DPL=0 DS   [-WA]
FS =0030 0000000000000000 ffffffff 00cf9300 DPL=0 DS   [-WA]
GS =0030 0000000000000000 ffffffff 00cf9300 DPL=0 DS   [-WA]
LDT=0000 0000000000000000 0000ffff 00008200 DPL=0 LDT
TR =0000 0000000000000000 0000ffff 00008b00 DPL=0 TSS64-busy
GDT=     00000000079de000 00000047
IDT=     00000000074fa018 00000fff
CR0=80010033 CR2=0000000000000000 CR3=0000000007c01000 CR4=00000668
DR0=0000000000000000 DR1=0000000000000000 DR2=0000000000000000 DR3=0000000000000000 
DR6=00000000ffff0ff0 DR7=0000000000000400
CCS=0000000000000004 CCD=0000000000000000 CCO=EFLAGS
EFER=0000000000000d00
   462: v=20 e=0000 i=0 cpl=0 IP=0038:0000000007052c07 pc=0000000007052c07 SP=0030:0000000007efba60 env->regs[R_EAX]=00000000070a906f
RAX=00000000070a906f RBX=0000000000000017 RCX=00000000070a9058 RDX=0000000007efbbf8
RSI=0000000000000018 RDI=0000000000000001 RBP=0000000000000000 RSP=0000000007efba60
R8 =0000000000000018 R9 =0000000000000000 R10=0000000007f19a4d R11=0000000007059f00
R12=00000000070a9058 R13=0000000007efbbf8 R14=0000000000000001 R15=0000000007efbc10
RIP=0000000007052c07 RFL=00000206 [-----P-] CPL=0 II=0 A20=1 SMM=0 HLT=0
ES =0030 0000000000000000 ffffffff 00cf9300 DPL=0 DS   [-WA]
CS =0038 0000000000000000 ffffffff 00af9a00 DPL=0 CS64 [-R-]
SS =0030 0000000000000000 ffffffff 00cf9300 DPL=0 DS   [-WA]
DS =0030 0000000000000000 ffffffff 00cf9300 DPL=0 DS   [-WA]
FS =0030 0000000000000000 ffffffff 00cf9300 DPL=0 DS   [-WA]
GS =0030 0000000000000000 ffffffff 00cf9300 DPL=0 DS   [-WA]
LDT=0000 0000000000000000 0000ffff 00008200 DPL=0 LDT
TR =0000 0000000000000000 0000ffff 00008b00 DPL=0 TSS64-busy
GDT=     00000000079de000 00000047
IDT=     00000000074fa018 00000fff
CR0=80010033 CR2=0000000000000000 CR3=0000000007c01000 CR4=00000668
DR0=0000000000000000 DR1=0000000000000000 DR2=0000000000000000 DR3=0000000000000000 
DR6=00000000ffff0ff0 DR7=0000000000000400
CCS=0000000000000004 CCD=0000000000000000 CCO=EFLAGS
EFER=0000000000000d00
   463: v=20 e=0000 i=0 cpl=0 IP=0038:0000000007052c07 pc=0000000007052c07 SP=0030:0000000007efba60 env->regs[R_EAX]=00000000070a906f
RAX=00000000070a906f RBX=0000000000000017 RCX=00000000070a9058 RDX=0000000007efbbf8
RSI=0000000000000018 RDI=0000000000000001 RBP=0000000000000000 RSP=0000000007efba60
R8 =0000000000000018 R9 =0000000000000000 R10=0000000007f19a4d R11=0000000007059f00
R12=00000000070a9058 R13=0000000007efbbf8 R14=0000000000000001 R15=0000000007efbc10
RIP=0000000007052c07 RFL=00000206 [-----P-] CPL=0 II=0 A20=1 SMM=0 HLT=0
ES =0030 0000000000000000 ffffffff 00cf9300 DPL=0 DS   [-WA]
CS =0038 0000000000000000 ffffffff 00af9a00 DPL=0 CS64 [-R-]
SS =0030 0000000000000000 ffffffff 00cf9300 DPL=0 DS   [-WA]
DS =0030 0000000000000000 ffffffff 00cf9300 DPL=0 DS   [-WA]
FS =0030 0000000000000000 ffffffff 00cf9300 DPL=0 DS   [-WA]
GS =0030 0000000000000000 ffffffff 00cf9300 DPL=0 DS   [-WA]
LDT=0000 0000000000000000 0000ffff 00008200 DPL=0 LDT
TR =0000 0000000000000000 0000ffff 00008b00 DPL=0 TSS64-busy
GDT=     00000000079de000 00000047
IDT=     00000000074fa018 00000fff
CR0=80010033 CR2=0000000000000000 CR3=0000000007c01000 CR4=00000668
DR0=0000000000000000 DR1=0000000000000000 DR2=0000000000000000 DR3=0000000000000000 
DR6=00000000ffff0ff0 DR7=0000000000000400
CCS=0000000000000004 CCD=0000000000000000 CCO=EFLAGS
EFER=0000000000000d00
   464: v=20 e=0000 i=0 cpl=0 IP=0038:0000000007052c07 pc=0000000007052c07 SP=0030:0000000007efba60 env->regs[R_EAX]=00000000070a906f
RAX=00000000070a906f RBX=0000000000000017 RCX=00000000070a9058 RDX=0000000007efbbf8
RSI=0000000000000018 RDI=0000000000000001 RBP=0000000000000000 RSP=0000000007efba60
R8 =0000000000000018 R9 =0000000000000000 R10=0000000007f19a4d R11=0000000007059f00
R12=00000000070a9058 R13=0000000007efbbf8 R14=0000000000000001 R15=0000000007efbc10
RIP=0000000007052c07 RFL=00000206 [-----P-] CPL=0 II=0 A20=1 SMM=0 HLT=0
ES =0030 0000000000000000 ffffffff 00cf9300 DPL=0 DS   [-WA]
CS =0038 0000000000000000 ffffffff 00af9a00 DPL=0 CS64 [-R-]
SS =0030 0000000000000000 ffffffff 00cf9300 DPL=0 DS   [-WA]
DS =0030 0000000000000000 ffffffff 00cf9300 DPL=0 DS   [-WA]
FS =0030 0000000000000000 ffffffff 00cf9300 DPL=0 DS   [-WA]
GS =0030 0000000000000000 ffffffff 00cf9300 DPL=0 DS   [-WA]
LDT=0000 0000000000000000 0000ffff 00008200 DPL=0 LDT
TR =0000 0000000000000000 0000ffff 00008b00 DPL=0 TSS64-busy
GDT=     00000000079de000 00000047
IDT=     00000000074fa018 00000fff
CR0=80010033 CR2=0000000000000000 CR3=0000000007c01000 CR4=00000668
DR0=0000000000000000 DR1=0000000000000000 DR2=0000000000000000 DR3=0000000000000000 
DR6=00000000ffff0ff0 DR7=0000000000000400
CCS=0000000000000004 CCD=0000000000000000 CCO=EFLAGS
EFER=0000000000000d00
   465: v=20 e=0000 i=0 cpl=0 IP=0038:0000000007052c07 pc=0000000007052c07 SP=0030:0000000007efba60 env->regs[R_EAX]=00000000070a906f
RAX=00000000070a906f RBX=0000000000000017 RCX=00000000070a9058 RDX=0000000007efbbf8
RSI=0000000000000018 RDI=0000000000000001 RBP=0000000000000000 RSP=0000000007efba60
R8 =0000000000000018 R9 =0000000000000000 R10=0000000007f19a4d R11=0000000007059f00
R12=00000000070a9058 R13=0000000007efbbf8 R14=0000000000000001 R15=0000000007efbc10
RIP=0000000007052c07 RFL=00000206 [-----P-] CPL=0 II=0 A20=1 SMM=0 HLT=0
ES =0030 0000000000000000 ffffffff 00cf9300 DPL=0 DS   [-WA]
CS =0038 0000000000000000 ffffffff 00af9a00 DPL=0 CS64 [-R-]
SS =0030 0000000000000000 ffffffff 00cf9300 DPL=0 DS   [-WA]
DS =0030 0000000000000000 ffffffff 00cf9300 DPL=0 DS   [-WA]
FS =0030 0000000000000000 ffffffff 00cf9300 DPL=0 DS   [-WA]
GS =0030 0000000000000000 ffffffff 00cf9300 DPL=0 DS   [-WA]
LDT=0000 0000000000000000 0000ffff 00008200 DPL=0 LDT
TR =0000 0000000000000000 0000ffff 00008b00 DPL=0 TSS64-busy
GDT=     00000000079de000 00000047
IDT=     00000000074fa018 00000fff
CR0=80010033 CR2=0000000000000000 CR3=0000000007c01000 CR4=00000668
DR0=0000000000000000 DR1=0000000000000000 DR2=0000000000000000 DR3=0000000000000000 
DR6=00000000ffff0ff0 DR7=0000000000000400
CCS=0000000000000004 CCD=0000000000000000 CCO=EFLAGS
EFER=0000000000000d00
   466: v=20 e=0000 i=0 cpl=0 IP=0038:0000000007052c07 pc=0000000007052c07 SP=0030:0000000007efba60 env->regs[R_EAX]=00000000070a906f
RAX=00000000070a906f RBX=0000000000000017 RCX=00000000070a9058 RDX=0000000007efbbf8
RSI=0000000000000018 RDI=0000000000000001 RBP=0000000000000000 RSP=0000000007efba60
R8 =0000000000000018 R9 =0000000000000000 R10=0000000007f19a4d R11=0000000007059f00
R12=00000000070a9058 R13=0000000007efbbf8 R14=0000000000000001 R15=0000000007efbc10
RIP=0000000007052c07 RFL=00000206 [-----P-] CPL=0 II=0 A20=1 SMM=0 HLT=0
ES =0030 0000000000000000 ffffffff 00cf9300 DPL=0 DS   [-WA]
CS =0038 0000000000000000 ffffffff 00af9a00 DPL=0 CS64 [-R-]
SS =0030 0000000000000000 ffffffff 00cf9300 DPL=0 DS   [-WA]
DS =0030 0000000000000000 ffffffff 00cf9300 DPL=0 DS   [-WA]
FS =0030 0000000000000000 ffffffff 00cf9300 DPL=0 DS   [-WA]
GS =0030 0000000000000000 ffffffff 00cf9300 DPL=0 DS   [-WA]
LDT=0000 0000000000000000 0000ffff 00008200 DPL=0 LDT
TR =0000 0000000000000000 0000ffff 00008b00 DPL=0 TSS64-busy
GDT=     00000000079de000 00000047
IDT=     00000000074fa018 00000fff
CR0=80010033 CR2=0000000000000000 CR3=0000000007c01000 CR4=00000668
DR0=0000000000000000 DR1=0000000000000000 DR2=0000000000000000 DR3=0000000000000000 
DR6=00000000ffff0ff0 DR7=0000000000000400
CCS=0000000000000004 CCD=0000000000000000 CCO=EFLAGS
EFER=0000000000000d00
   467: v=20 e=0000 i=0 cpl=0 IP=0038:0000000007052c07 pc=0000000007052c07 SP=0030:0000000007efba60 env->regs[R_EAX]=00000000070a906f
RAX=00000000070a906f RBX=0000000000000017 RCX=00000000070a9058 RDX=0000000007efbbf8
RSI=0000000000000018 RDI=0000000000000001 RBP=0000000000000000 RSP=0000000007efba60
R8 =0000000000000018 R9 =0000000000000000 R10=0000000007f19a4d R11=0000000007059f00
R12=00000000070a9058 R13=0000000007efbbf8 R14=0000000000000001 R15=0000000007efbc10
RIP=0000000007052c07 RFL=00000206 [-----P-] CPL=0 II=0 A20=1 SMM=0 HLT=0
ES =0030 0000000000000000 ffffffff 00cf9300 DPL=0 DS   [-WA]
CS =0038 0000000000000000 ffffffff 00af9a00 DPL=0 CS64 [-R-]
SS =0030 0000000000000000 ffffffff 00cf9300 DPL=0 DS   [-WA]
DS =0030 0000000000000000 ffffffff 00cf9300 DPL=0 DS   [-WA]
FS =0030 0000000000000000 ffffffff 00cf9300 DPL=0 DS   [-WA]
GS =0030 0000000000000000 ffffffff 00cf9300 DPL=0 DS   [-WA]
LDT=0000 0000000000000000 0000ffff 00008200 DPL=0 LDT
TR =0000 0000000000000000 0000ffff 00008b00 DPL=0 TSS64-busy
GDT=     00000000079de000 00000047
IDT=     00000000074fa018 00000fff
CR0=80010033 CR2=0000000000000000 CR3=0000000007c01000 CR4=00000668
DR0=0000000000000000 DR1=0000000000000000 DR2=0000000000000000 DR3=0000000000000000 
DR6=00000000ffff0ff0 DR7=0000000000000400
CCS=0000000000000004 CCD=0000000000000000 CCO=EFLAGS
EFER=0000000000000d00
   468: v=20 e=0000 i=0 cpl=0 IP=0038:0000000007052c07 pc=0000000007052c07 SP=0030:0000000007efba60 env->regs[R_EAX]=00000000070a906f
RAX=00000000070a906f RBX=0000000000000017 RCX=00000000070a9058 RDX=0000000007efbbf8
RSI=0000000000000018 RDI=0000000000000001 RBP=0000000000000000 RSP=0000000007efba60
R8 =0000000000000018 R9 =0000000000000000 R10=0000000007f19a4d R11=0000000007059f00
R12=00000000070a9058 R13=0000000007efbbf8 R14=0000000000000001 R15=0000000007efbc10
RIP=0000000007052c07 RFL=00000206 [-----P-] CPL=0 II=0 A20=1 SMM=0 HLT=0
ES =0030 0000000000000000 ffffffff 00cf9300 DPL=0 DS   [-WA]
CS =0038 0000000000000000 ffffffff 00af9a00 DPL=0 CS64 [-R-]
SS =0030 0000000000000000 ffffffff 00cf9300 DPL=0 DS   [-WA]
DS =0030 0000000000000000 ffffffff 00cf9300 DPL=0 DS   [-WA]
FS =0030 0000000000000000 ffffffff 00cf9300 DPL=0 DS   [-WA]
GS =0030 0000000000000000 ffffffff 00cf9300 DPL=0 DS   [-WA]
LDT=0000 0000000000000000 0000ffff 00008200 DPL=0 LDT
TR =0000 0000000000000000 0000ffff 00008b00 DPL=0 TSS64-busy
GDT=     00000000079de000 00000047
IDT=     00000000074fa018 00000fff
CR0=80010033 CR2=0000000000000000 CR3=0000000007c01000 CR4=00000668
DR0=0000000000000000 DR1=0000000000000000 DR2=0000000000000000 DR3=0000000000000000 
DR6=00000000ffff0ff0 DR7=0000000000000400
CCS=0000000000000004 CCD=0000000000000000 CCO=EFLAGS
EFER=0000000000000d00
   469: v=20 e=0000 i=0 cpl=0 IP=0038:0000000007052c07 pc=0000000007052c07 SP=0030:0000000007efba60 env->regs[R_EAX]=00000000070a906f
RAX=00000000070a906f RBX=0000000000000017 RCX=00000000070a9058 RDX=0000000007efbbf8
RSI=0000000000000018 RDI=0000000000000001 RBP=0000000000000000 RSP=0000000007efba60
R8 =0000000000000018 R9 =0000000000000000 R10=0000000007f19a4d R11=0000000007059f00
R12=00000000070a9058 R13=0000000007efbbf8 R14=0000000000000001 R15=0000000007efbc10
RIP=0000000007052c07 RFL=00000206 [-----P-] CPL=0 II=0 A20=1 SMM=0 HLT=0
ES =0030 0000000000000000 ffffffff 00cf9300 DPL=0 DS   [-WA]
CS =0038 0000000000000000 ffffffff 00af9a00 DPL=0 CS64 [-R-]
SS =0030 0000000000000000 ffffffff 00cf9300 DPL=0 DS   [-WA]
DS =0030 0000000000000000 ffffffff 00cf9300 DPL=0 DS   [-WA]
FS =0030 0000000000000000 ffffffff 00cf9300 DPL=0 DS   [-WA]
GS =0030 0000000000000000 ffffffff 00cf9300 DPL=0 DS   [-WA]
LDT=0000 0000000000000000 0000ffff 00008200 DPL=0 LDT
TR =0000 0000000000000000 0000ffff 00008b00 DPL=0 TSS64-busy
GDT=     00000000079de000 00000047
IDT=     00000000074fa018 00000fff
CR0=80010033 CR2=0000000000000000 CR3=0000000007c01000 CR4=00000668
DR0=0000000000000000 DR1=0000000000000000 DR2=0000000000000000 DR3=0000000000000000 
DR6=00000000ffff0ff0 DR7=0000000000000400
CCS=0000000000000004 CCD=0000000000000000 CCO=EFLAGS
EFER=0000000000000d00
   470: v=20 e=0000 i=0 cpl=0 IP=0038:0000000007052c07 pc=0000000007052c07 SP=0030:0000000007efba60 env->regs[R_EAX]=00000000070a906f
RAX=00000000070a906f RBX=0000000000000017 RCX=00000000070a9058 RDX=0000000007efbbf8
RSI=0000000000000018 RDI=0000000000000001 RBP=0000000000000000 RSP=0000000007efba60
R8 =0000000000000018 R9 =0000000000000000 R10=0000000007f19a4d R11=0000000007059f00
R12=00000000070a9058 R13=0000000007efbbf8 R14=0000000000000001 R15=0000000007efbc10
RIP=0000000007052c07 RFL=00000206 [-----P-] CPL=0 II=0 A20=1 SMM=0 HLT=0
ES =0030 0000000000000000 ffffffff 00cf9300 DPL=0 DS   [-WA]
CS =0038 0000000000000000 ffffffff 00af9a00 DPL=0 CS64 [-R-]
SS =0030 0000000000000000 ffffffff 00cf9300 DPL=0 DS   [-WA]
DS =0030 0000000000000000 ffffffff 00cf9300 DPL=0 DS   [-WA]
FS =0030 0000000000000000 ffffffff 00cf9300 DPL=0 DS   [-WA]
GS =0030 0000000000000000 ffffffff 00cf9300 DPL=0 DS   [-WA]
LDT=0000 0000000000000000 0000ffff 00008200 DPL=0 LDT
TR =0000 0000000000000000 0000ffff 00008b00 DPL=0 TSS64-busy
GDT=     00000000079de000 00000047
IDT=     00000000074fa018 00000fff
CR0=80010033 CR2=0000000000000000 CR3=0000000007c01000 CR4=00000668
DR0=0000000000000000 DR1=0000000000000000 DR2=0000000000000000 DR3=0000000000000000 
DR6=00000000ffff0ff0 DR7=0000000000000400
CCS=0000000000000004 CCD=0000000000000000 CCO=EFLAGS
EFER=0000000000000d00
   471: v=20 e=0000 i=0 cpl=0 IP=0038:0000000007052c07 pc=0000000007052c07 SP=0030:0000000007efba60 env->regs[R_EAX]=00000000070a906f
RAX=00000000070a906f RBX=0000000000000017 RCX=00000000070a9058 RDX=0000000007efbbf8
RSI=0000000000000018 RDI=0000000000000001 RBP=0000000000000000 RSP=0000000007efba60
R8 =0000000000000018 R9 =0000000000000000 R10=0000000007f19a4d R11=0000000007059f00
R12=00000000070a9058 R13=0000000007efbbf8 R14=0000000000000001 R15=0000000007efbc10
RIP=0000000007052c07 RFL=00000206 [-----P-] CPL=0 II=0 A20=1 SMM=0 HLT=0
ES =0030 0000000000000000 ffffffff 00cf9300 DPL=0 DS   [-WA]
CS =0038 0000000000000000 ffffffff 00af9a00 DPL=0 CS64 [-R-]
SS =0030 0000000000000000 ffffffff 00cf9300 DPL=0 DS   [-WA]
DS =0030 0000000000000000 ffffffff 00cf9300 DPL=0 DS   [-WA]
FS =0030 0000000000000000 ffffffff 00cf9300 DPL=0 DS   [-WA]
GS =0030 0000000000000000 ffffffff 00cf9300 DPL=0 DS   [-WA]
LDT=0000 0000000000000000 0000ffff 00008200 DPL=0 LDT
TR =0000 0000000000000000 0000ffff 00008b00 DPL=0 TSS64-busy
GDT=     00000000079de000 00000047
IDT=     00000000074fa018 00000fff
CR0=80010033 CR2=0000000000000000 CR3=0000000007c01000 CR4=00000668
DR0=0000000000000000 DR1=0000000000000000 DR2=0000000000000000 DR3=0000000000000000 
DR6=00000000ffff0ff0 DR7=0000000000000400
CCS=0000000000000004 CCD=0000000000000000 CCO=EFLAGS
EFER=0000000000000d00
   472: v=20 e=0000 i=0 cpl=0 IP=0038:0000000007052c07 pc=0000000007052c07 SP=0030:0000000007efba60 env->regs[R_EAX]=00000000070a906f
RAX=00000000070a906f RBX=0000000000000017 RCX=00000000070a9058 RDX=0000000007efbbf8
RSI=0000000000000018 RDI=0000000000000001 RBP=0000000000000000 RSP=0000000007efba60
R8 =0000000000000018 R9 =0000000000000000 R10=0000000007f19a4d R11=0000000007059f00
R12=00000000070a9058 R13=0000000007efbbf8 R14=0000000000000001 R15=0000000007efbc10
RIP=0000000007052c07 RFL=00000206 [-----P-] CPL=0 II=0 A20=1 SMM=0 HLT=0
ES =0030 0000000000000000 ffffffff 00cf9300 DPL=0 DS   [-WA]
CS =0038 0000000000000000 ffffffff 00af9a00 DPL=0 CS64 [-R-]
SS =0030 0000000000000000 ffffffff 00cf9300 DPL=0 DS   [-WA]
DS =0030 0000000000000000 ffffffff 00cf9300 DPL=0 DS   [-WA]
FS =0030 0000000000000000 ffffffff 00cf9300 DPL=0 DS   [-WA]
GS =0030 0000000000000000 ffffffff 00cf9300 DPL=0 DS   [-WA]
LDT=0000 0000000000000000 0000ffff 00008200 DPL=0 LDT
TR =0000 0000000000000000 0000ffff 00008b00 DPL=0 TSS64-busy
GDT=     00000000079de000 00000047
IDT=     00000000074fa018 00000fff
CR0=80010033 CR2=0000000000000000 CR3=0000000007c01000 CR4=00000668
DR0=0000000000000000 DR1=0000000000000000 DR2=0000000000000000 DR3=0000000000000000 
DR6=00000000ffff0ff0 DR7=0000000000000400
CCS=0000000000000004 CCD=0000000000000000 CCO=EFLAGS
EFER=0000000000000d00
   473: v=20 e=0000 i=0 cpl=0 IP=0038:0000000007052c07 pc=0000000007052c07 SP=0030:0000000007efba60 env->regs[R_EAX]=00000000070a906f
RAX=00000000070a906f RBX=0000000000000017 RCX=00000000070a9058 RDX=0000000007efbbf8
RSI=0000000000000018 RDI=0000000000000001 RBP=0000000000000000 RSP=0000000007efba60
R8 =0000000000000018 R9 =0000000000000000 R10=0000000007f19a4d R11=0000000007059f00
R12=00000000070a9058 R13=0000000007efbbf8 R14=0000000000000001 R15=0000000007efbc10
RIP=0000000007052c07 RFL=00000206 [-----P-] CPL=0 II=0 A20=1 SMM=0 HLT=0
ES =0030 0000000000000000 ffffffff 00cf9300 DPL=0 DS   [-WA]
CS =0038 0000000000000000 ffffffff 00af9a00 DPL=0 CS64 [-R-]
SS =0030 0000000000000000 ffffffff 00cf9300 DPL=0 DS   [-WA]
DS =0030 0000000000000000 ffffffff 00cf9300 DPL=0 DS   [-WA]
FS =0030 0000000000000000 ffffffff 00cf9300 DPL=0 DS   [-WA]
GS =0030 0000000000000000 ffffffff 00cf9300 DPL=0 DS   [-WA]
LDT=0000 0000000000000000 0000ffff 00008200 DPL=0 LDT
TR =0000 0000000000000000 0000ffff 00008b00 DPL=0 TSS64-busy
GDT=     00000000079de000 00000047
IDT=     00000000074fa018 00000fff
CR0=80010033 CR2=0000000000000000 CR3=0000000007c01000 CR4=00000668
DR0=0000000000000000 DR1=0000000000000000 DR2=0000000000000000 DR3=0000000000000000 
DR6=00000000ffff0ff0 DR7=0000000000000400
CCS=0000000000000004 CCD=0000000000000000 CCO=EFLAGS
EFER=0000000000000d00
   474: v=20 e=0000 i=0 cpl=0 IP=0038:0000000007052c07 pc=0000000007052c07 SP=0030:0000000007efba60 env->regs[R_EAX]=00000000070a906f
RAX=00000000070a906f RBX=0000000000000017 RCX=00000000070a9058 RDX=0000000007efbbf8
RSI=0000000000000018 RDI=0000000000000001 RBP=0000000000000000 RSP=0000000007efba60
R8 =0000000000000018 R9 =0000000000000000 R10=0000000007f19a4d R11=0000000007059f00
R12=00000000070a9058 R13=0000000007efbbf8 R14=0000000000000001 R15=0000000007efbc10
RIP=0000000007052c07 RFL=00000206 [-----P-] CPL=0 II=0 A20=1 SMM=0 HLT=0
ES =0030 0000000000000000 ffffffff 00cf9300 DPL=0 DS   [-WA]
CS =0038 0000000000000000 ffffffff 00af9a00 DPL=0 CS64 [-R-]
SS =0030 0000000000000000 ffffffff 00cf9300 DPL=0 DS   [-WA]
DS =0030 0000000000000000 ffffffff 00cf9300 DPL=0 DS   [-WA]
FS =0030 0000000000000000 ffffffff 00cf9300 DPL=0 DS   [-WA]
GS =0030 0000000000000000 ffffffff 00cf9300 DPL=0 DS   [-WA]
LDT=0000 0000000000000000 0000ffff 00008200 DPL=0 LDT
TR =0000 0000000000000000 0000ffff 00008b00 DPL=0 TSS64-busy
GDT=     00000000079de000 00000047
IDT=     00000000074fa018 00000fff
CR0=80010033 CR2=0000000000000000 CR3=0000000007c01000 CR4=00000668
DR0=0000000000000000 DR1=0000000000000000 DR2=0000000000000000 DR3=0000000000000000 
DR6=00000000ffff0ff0 DR7=0000000000000400
CCS=0000000000000004 CCD=0000000000000000 CCO=EFLAGS
EFER=0000000000000d00
   475: v=20 e=0000 i=0 cpl=0 IP=0038:0000000007052c07 pc=0000000007052c07 SP=0030:0000000007efba60 env->regs[R_EAX]=00000000070a906f
RAX=00000000070a906f RBX=0000000000000017 RCX=00000000070a9058 RDX=0000000007efbbf8
RSI=0000000000000018 RDI=0000000000000001 RBP=0000000000000000 RSP=0000000007efba60
R8 =0000000000000018 R9 =0000000000000000 R10=0000000007f19a4d R11=0000000007059f00
R12=00000000070a9058 R13=0000000007efbbf8 R14=0000000000000001 R15=0000000007efbc10
RIP=0000000007052c07 RFL=00000206 [-----P-] CPL=0 II=0 A20=1 SMM=0 HLT=0
ES =0030 0000000000000000 ffffffff 00cf9300 DPL=0 DS   [-WA]
CS =0038 0000000000000000 ffffffff 00af9a00 DPL=0 CS64 [-R-]
SS =0030 0000000000000000 ffffffff 00cf9300 DPL=0 DS   [-WA]
DS =0030 0000000000000000 ffffffff 00cf9300 DPL=0 DS   [-WA]
FS =0030 0000000000000000 ffffffff 00cf9300 DPL=0 DS   [-WA]
GS =0030 0000000000000000 ffffffff 00cf9300 DPL=0 DS   [-WA]
LDT=0000 0000000000000000 0000ffff 00008200 DPL=0 LDT
TR =0000 0000000000000000 0000ffff 00008b00 DPL=0 TSS64-busy
GDT=     00000000079de000 00000047
IDT=     00000000074fa018 00000fff
CR0=80010033 CR2=0000000000000000 CR3=0000000007c01000 CR4=00000668
DR0=0000000000000000 DR1=0000000000000000 DR2=0000000000000000 DR3=0000000000000000 
DR6=00000000ffff0ff0 DR7=0000000000000400
CCS=0000000000000004 CCD=0000000000000000 CCO=EFLAGS
EFER=0000000000000d00
   476: v=20 e=0000 i=0 cpl=0 IP=0038:0000000007052c07 pc=0000000007052c07 SP=0030:0000000007efba60 env->regs[R_EAX]=00000000070a906f
RAX=00000000070a906f RBX=0000000000000017 RCX=00000000070a9058 RDX=0000000007efbbf8
RSI=0000000000000018 RDI=0000000000000001 RBP=0000000000000000 RSP=0000000007efba60
R8 =0000000000000018 R9 =0000000000000000 R10=0000000007f19a4d R11=0000000007059f00
R12=00000000070a9058 R13=0000000007efbbf8 R14=0000000000000001 R15=0000000007efbc10
RIP=0000000007052c07 RFL=00000206 [-----P-] CPL=0 II=0 A20=1 SMM=0 HLT=0
ES =0030 0000000000000000 ffffffff 00cf9300 DPL=0 DS   [-WA]
CS =0038 0000000000000000 ffffffff 00af9a00 DPL=0 CS64 [-R-]
SS =0030 0000000000000000 ffffffff 00cf9300 DPL=0 DS   [-WA]
DS =0030 0000000000000000 ffffffff 00cf9300 DPL=0 DS   [-WA]
FS =0030 0000000000000000 ffffffff 00cf9300 DPL=0 DS   [-WA]
GS =0030 0000000000000000 ffffffff 00cf9300 DPL=0 DS   [-WA]
LDT=0000 0000000000000000 0000ffff 00008200 DPL=0 LDT
TR =0000 0000000000000000 0000ffff 00008b00 DPL=0 TSS64-busy
GDT=     00000000079de000 00000047
IDT=     00000000074fa018 00000fff
CR0=80010033 CR2=0000000000000000 CR3=0000000007c01000 CR4=00000668
DR0=0000000000000000 DR1=0000000000000000 DR2=0000000000000000 DR3=0000000000000000 
DR6=00000000ffff0ff0 DR7=0000000000000400
CCS=0000000000000004 CCD=0000000000000000 CCO=EFLAGS
EFER=0000000000000d00
   477: v=20 e=0000 i=0 cpl=0 IP=0038:0000000007052c07 pc=0000000007052c07 SP=0030:0000000007efba60 env->regs[R_EAX]=00000000070a906f
RAX=00000000070a906f RBX=0000000000000017 RCX=00000000070a9058 RDX=0000000007efbbf8
RSI=0000000000000018 RDI=0000000000000001 RBP=0000000000000000 RSP=0000000007efba60
R8 =0000000000000018 R9 =0000000000000000 R10=0000000007f19a4d R11=0000000007059f00
R12=00000000070a9058 R13=0000000007efbbf8 R14=0000000000000001 R15=0000000007efbc10
RIP=0000000007052c07 RFL=00000206 [-----P-] CPL=0 II=0 A20=1 SMM=0 HLT=0
ES =0030 0000000000000000 ffffffff 00cf9300 DPL=0 DS   [-WA]
CS =0038 0000000000000000 ffffffff 00af9a00 DPL=0 CS64 [-R-]
SS =0030 0000000000000000 ffffffff 00cf9300 DPL=0 DS   [-WA]
DS =0030 0000000000000000 ffffffff 00cf9300 DPL=0 DS   [-WA]
FS =0030 0000000000000000 ffffffff 00cf9300 DPL=0 DS   [-WA]
GS =0030 0000000000000000 ffffffff 00cf9300 DPL=0 DS   [-WA]
LDT=0000 0000000000000000 0000ffff 00008200 DPL=0 LDT
TR =0000 0000000000000000 0000ffff 00008b00 DPL=0 TSS64-busy
GDT=     00000000079de000 00000047
IDT=     00000000074fa018 00000fff
CR0=80010033 CR2=0000000000000000 CR3=0000000007c01000 CR4=00000668
DR0=0000000000000000 DR1=0000000000000000 DR2=0000000000000000 DR3=0000000000000000 
DR6=00000000ffff0ff0 DR7=0000000000000400
CCS=0000000000000004 CCD=0000000000000000 CCO=EFLAGS
EFER=0000000000000d00
   478: v=20 e=0000 i=0 cpl=0 IP=0038:0000000007052c07 pc=0000000007052c07 SP=0030:0000000007efba60 env->regs[R_EAX]=00000000070a906f
RAX=00000000070a906f RBX=0000000000000017 RCX=00000000070a9058 RDX=0000000007efbbf8
RSI=0000000000000018 RDI=0000000000000001 RBP=0000000000000000 RSP=0000000007efba60
R8 =0000000000000018 R9 =0000000000000000 R10=0000000007f19a4d R11=0000000007059f00
R12=00000000070a9058 R13=0000000007efbbf8 R14=0000000000000001 R15=0000000007efbc10
RIP=0000000007052c07 RFL=00000206 [-----P-] CPL=0 II=0 A20=1 SMM=0 HLT=0
ES =0030 0000000000000000 ffffffff 00cf9300 DPL=0 DS   [-WA]
CS =0038 0000000000000000 ffffffff 00af9a00 DPL=0 CS64 [-R-]
SS =0030 0000000000000000 ffffffff 00cf9300 DPL=0 DS   [-WA]
DS =0030 0000000000000000 ffffffff 00cf9300 DPL=0 DS   [-WA]
FS =0030 0000000000000000 ffffffff 00cf9300 DPL=0 DS   [-WA]
GS =0030 0000000000000000 ffffffff 00cf9300 DPL=0 DS   [-WA]
LDT=0000 0000000000000000 0000ffff 00008200 DPL=0 LDT
TR =0000 0000000000000000 0000ffff 00008b00 DPL=0 TSS64-busy
GDT=     00000000079de000 00000047
IDT=     00000000074fa018 00000fff
CR0=80010033 CR2=0000000000000000 CR3=0000000007c01000 CR4=00000668
DR0=0000000000000000 DR1=0000000000000000 DR2=0000000000000000 DR3=0000000000000000 
DR6=00000000ffff0ff0 DR7=0000000000000400
CCS=0000000000000004 CCD=0000000000000000 CCO=EFLAGS
EFER=0000000000000d00
   479: v=20 e=0000 i=0 cpl=0 IP=0038:0000000007052c07 pc=0000000007052c07 SP=0030:0000000007efba60 env->regs[R_EAX]=00000000070a906f
RAX=00000000070a906f RBX=0000000000000017 RCX=00000000070a9058 RDX=0000000007efbbf8
RSI=0000000000000018 RDI=0000000000000001 RBP=0000000000000000 RSP=0000000007efba60
R8 =0000000000000018 R9 =0000000000000000 R10=0000000007f19a4d R11=0000000007059f00
R12=00000000070a9058 R13=0000000007efbbf8 R14=0000000000000001 R15=0000000007efbc10
RIP=0000000007052c07 RFL=00000206 [-----P-] CPL=0 II=0 A20=1 SMM=0 HLT=0
ES =0030 0000000000000000 ffffffff 00cf9300 DPL=0 DS   [-WA]
CS =0038 0000000000000000 ffffffff 00af9a00 DPL=0 CS64 [-R-]
SS =0030 0000000000000000 ffffffff 00cf9300 DPL=0 DS   [-WA]
DS =0030 0000000000000000 ffffffff 00cf9300 DPL=0 DS   [-WA]
FS =0030 0000000000000000 ffffffff 00cf9300 DPL=0 DS   [-WA]
GS =0030 0000000000000000 ffffffff 00cf9300 DPL=0 DS   [-WA]
LDT=0000 0000000000000000 0000ffff 00008200 DPL=0 LDT
TR =0000 0000000000000000 0000ffff 00008b00 DPL=0 TSS64-busy
GDT=     00000000079de000 00000047
IDT=     00000000074fa018 00000fff
CR0=80010033 CR2=0000000000000000 CR3=0000000007c01000 CR4=00000668
DR0=0000000000000000 DR1=0000000000000000 DR2=0000000000000000 DR3=0000000000000000 
DR6=00000000ffff0ff0 DR7=0000000000000400
CCS=0000000000000004 CCD=0000000000000000 CCO=EFLAGS
EFER=0000000000000d00
   480: v=20 e=0000 i=0 cpl=0 IP=0038:0000000007052c07 pc=0000000007052c07 SP=0030:0000000007efba60 env->regs[R_EAX]=00000000070a906f
RAX=00000000070a906f RBX=0000000000000017 RCX=00000000070a9058 RDX=0000000007efbbf8
RSI=0000000000000018 RDI=0000000000000001 RBP=0000000000000000 RSP=0000000007efba60
R8 =0000000000000018 R9 =0000000000000000 R10=0000000007f19a4d R11=0000000007059f00
R12=00000000070a9058 R13=0000000007efbbf8 R14=0000000000000001 R15=0000000007efbc10
RIP=0000000007052c07 RFL=00000206 [-----P-] CPL=0 II=0 A20=1 SMM=0 HLT=0
ES =0030 0000000000000000 ffffffff 00cf9300 DPL=0 DS   [-WA]
CS =0038 0000000000000000 ffffffff 00af9a00 DPL=0 CS64 [-R-]
SS =0030 0000000000000000 ffffffff 00cf9300 DPL=0 DS   [-WA]
DS =0030 0000000000000000 ffffffff 00cf9300 DPL=0 DS   [-WA]
FS =0030 0000000000000000 ffffffff 00cf9300 DPL=0 DS   [-WA]
GS =0030 0000000000000000 ffffffff 00cf9300 DPL=0 DS   [-WA]
LDT=0000 0000000000000000 0000ffff 00008200 DPL=0 LDT
TR =0000 0000000000000000 0000ffff 00008b00 DPL=0 TSS64-busy
GDT=     00000000079de000 00000047
IDT=     00000000074fa018 00000fff
CR0=80010033 CR2=0000000000000000 CR3=0000000007c01000 CR4=00000668
DR0=0000000000000000 DR1=0000000000000000 DR2=0000000000000000 DR3=0000000000000000 
DR6=00000000ffff0ff0 DR7=0000000000000400
CCS=0000000000000004 CCD=0000000000000000 CCO=EFLAGS
EFER=0000000000000d00
   481: v=20 e=0000 i=0 cpl=0 IP=0038:0000000007052c07 pc=0000000007052c07 SP=0030:0000000007efba60 env->regs[R_EAX]=00000000070a906f
RAX=00000000070a906f RBX=0000000000000017 RCX=00000000070a9058 RDX=0000000007efbbf8
RSI=0000000000000018 RDI=0000000000000001 RBP=0000000000000000 RSP=0000000007efba60
R8 =0000000000000018 R9 =0000000000000000 R10=0000000007f19a4d R11=0000000007059f00
R12=00000000070a9058 R13=0000000007efbbf8 R14=0000000000000001 R15=0000000007efbc10
RIP=0000000007052c07 RFL=00000206 [-----P-] CPL=0 II=0 A20=1 SMM=0 HLT=0
ES =0030 0000000000000000 ffffffff 00cf9300 DPL=0 DS   [-WA]
CS =0038 0000000000000000 ffffffff 00af9a00 DPL=0 CS64 [-R-]
SS =0030 0000000000000000 ffffffff 00cf9300 DPL=0 DS   [-WA]
DS =0030 0000000000000000 ffffffff 00cf9300 DPL=0 DS   [-WA]
FS =0030 0000000000000000 ffffffff 00cf9300 DPL=0 DS   [-WA]
GS =0030 0000000000000000 ffffffff 00cf9300 DPL=0 DS   [-WA]
LDT=0000 0000000000000000 0000ffff 00008200 DPL=0 LDT
TR =0000 0000000000000000 0000ffff 00008b00 DPL=0 TSS64-busy
GDT=     00000000079de000 00000047
IDT=     00000000074fa018 00000fff
CR0=80010033 CR2=0000000000000000 CR3=0000000007c01000 CR4=00000668
DR0=0000000000000000 DR1=0000000000000000 DR2=0000000000000000 DR3=0000000000000000 
DR6=00000000ffff0ff0 DR7=0000000000000400
CCS=0000000000000004 CCD=0000000000000000 CCO=EFLAGS
EFER=0000000000000d00
   482: v=20 e=0000 i=0 cpl=0 IP=0038:0000000007052c07 pc=0000000007052c07 SP=0030:0000000007efba60 env->regs[R_EAX]=00000000070a906f
RAX=00000000070a906f RBX=0000000000000017 RCX=00000000070a9058 RDX=0000000007efbbf8
RSI=0000000000000018 RDI=0000000000000001 RBP=0000000000000000 RSP=0000000007efba60
R8 =0000000000000018 R9 =0000000000000000 R10=0000000007f19a4d R11=0000000007059f00
R12=00000000070a9058 R13=0000000007efbbf8 R14=0000000000000001 R15=0000000007efbc10
RIP=0000000007052c07 RFL=00000206 [-----P-] CPL=0 II=0 A20=1 SMM=0 HLT=0
ES =0030 0000000000000000 ffffffff 00cf9300 DPL=0 DS   [-WA]
CS =0038 0000000000000000 ffffffff 00af9a00 DPL=0 CS64 [-R-]
SS =0030 0000000000000000 ffffffff 00cf9300 DPL=0 DS   [-WA]
DS =0030 0000000000000000 ffffffff 00cf9300 DPL=0 DS   [-WA]
FS =0030 0000000000000000 ffffffff 00cf9300 DPL=0 DS   [-WA]
GS =0030 0000000000000000 ffffffff 00cf9300 DPL=0 DS   [-WA]
LDT=0000 0000000000000000 0000ffff 00008200 DPL=0 LDT
TR =0000 0000000000000000 0000ffff 00008b00 DPL=0 TSS64-busy
GDT=     00000000079de000 00000047
IDT=     00000000074fa018 00000fff
CR0=80010033 CR2=0000000000000000 CR3=0000000007c01000 CR4=00000668
DR0=0000000000000000 DR1=0000000000000000 DR2=0000000000000000 DR3=0000000000000000 
DR6=00000000ffff0ff0 DR7=0000000000000400
CCS=0000000000000004 CCD=0000000000000000 CCO=EFLAGS
EFER=0000000000000d00
   483: v=20 e=0000 i=0 cpl=0 IP=0038:0000000007052c07 pc=0000000007052c07 SP=0030:0000000007efba60 env->regs[R_EAX]=00000000070a906f
RAX=00000000070a906f RBX=0000000000000017 RCX=00000000070a9058 RDX=0000000007efbbf8
RSI=0000000000000018 RDI=0000000000000001 RBP=0000000000000000 RSP=0000000007efba60
R8 =0000000000000018 R9 =0000000000000000 R10=0000000007f19a4d R11=0000000007059f00
R12=00000000070a9058 R13=0000000007efbbf8 R14=0000000000000001 R15=0000000007efbc10
RIP=0000000007052c07 RFL=00000206 [-----P-] CPL=0 II=0 A20=1 SMM=0 HLT=0
ES =0030 0000000000000000 ffffffff 00cf9300 DPL=0 DS   [-WA]
CS =0038 0000000000000000 ffffffff 00af9a00 DPL=0 CS64 [-R-]
SS =0030 0000000000000000 ffffffff 00cf9300 DPL=0 DS   [-WA]
DS =0030 0000000000000000 ffffffff 00cf9300 DPL=0 DS   [-WA]
FS =0030 0000000000000000 ffffffff 00cf9300 DPL=0 DS   [-WA]
GS =0030 0000000000000000 ffffffff 00cf9300 DPL=0 DS   [-WA]
LDT=0000 0000000000000000 0000ffff 00008200 DPL=0 LDT
TR =0000 0000000000000000 0000ffff 00008b00 DPL=0 TSS64-busy
GDT=     00000000079de000 00000047
IDT=     00000000074fa018 00000fff
CR0=80010033 CR2=0000000000000000 CR3=0000000007c01000 CR4=00000668
DR0=0000000000000000 DR1=0000000000000000 DR2=0000000000000000 DR3=0000000000000000 
DR6=00000000ffff0ff0 DR7=0000000000000400
CCS=0000000000000004 CCD=0000000000000000 CCO=EFLAGS
EFER=0000000000000d00
   484: v=20 e=0000 i=0 cpl=0 IP=0038:0000000007052c07 pc=0000000007052c07 SP=0030:0000000007efba60 env->regs[R_EAX]=00000000070a906f
RAX=00000000070a906f RBX=0000000000000017 RCX=00000000070a9058 RDX=0000000007efbbf8
RSI=0000000000000018 RDI=0000000000000001 RBP=0000000000000000 RSP=0000000007efba60
R8 =0000000000000018 R9 =0000000000000000 R10=0000000007f19a4d R11=0000000007059f00
R12=00000000070a9058 R13=0000000007efbbf8 R14=0000000000000001 R15=0000000007efbc10
RIP=0000000007052c07 RFL=00000206 [-----P-] CPL=0 II=0 A20=1 SMM=0 HLT=0
ES =0030 0000000000000000 ffffffff 00cf9300 DPL=0 DS   [-WA]
CS =0038 0000000000000000 ffffffff 00af9a00 DPL=0 CS64 [-R-]
SS =0030 0000000000000000 ffffffff 00cf9300 DPL=0 DS   [-WA]
DS =0030 0000000000000000 ffffffff 00cf9300 DPL=0 DS   [-WA]
FS =0030 0000000000000000 ffffffff 00cf9300 DPL=0 DS   [-WA]
GS =0030 0000000000000000 ffffffff 00cf9300 DPL=0 DS   [-WA]
LDT=0000 0000000000000000 0000ffff 00008200 DPL=0 LDT
TR =0000 0000000000000000 0000ffff 00008b00 DPL=0 TSS64-busy
GDT=     00000000079de000 00000047
IDT=     00000000074fa018 00000fff
CR0=80010033 CR2=0000000000000000 CR3=0000000007c01000 CR4=00000668
DR0=0000000000000000 DR1=0000000000000000 DR2=0000000000000000 DR3=0000000000000000 
DR6=00000000ffff0ff0 DR7=0000000000000400
CCS=0000000000000004 CCD=0000000000000000 CCO=EFLAGS
EFER=0000000000000d00
   485: v=20 e=0000 i=0 cpl=0 IP=0038:0000000007052c07 pc=0000000007052c07 SP=0030:0000000007efba60 env->regs[R_EAX]=00000000070a906f
RAX=00000000070a906f RBX=0000000000000017 RCX=00000000070a9058 RDX=0000000007efbbf8
RSI=0000000000000018 RDI=0000000000000001 RBP=0000000000000000 RSP=0000000007efba60
R8 =0000000000000018 R9 =0000000000000000 R10=0000000007f19a4d R11=0000000007059f00
R12=00000000070a9058 R13=0000000007efbbf8 R14=0000000000000001 R15=0000000007efbc10
RIP=0000000007052c07 RFL=00000206 [-----P-] CPL=0 II=0 A20=1 SMM=0 HLT=0
ES =0030 0000000000000000 ffffffff 00cf9300 DPL=0 DS   [-WA]
CS =0038 0000000000000000 ffffffff 00af9a00 DPL=0 CS64 [-R-]
SS =0030 0000000000000000 ffffffff 00cf9300 DPL=0 DS   [-WA]
DS =0030 0000000000000000 ffffffff 00cf9300 DPL=0 DS   [-WA]
FS =0030 0000000000000000 ffffffff 00cf9300 DPL=0 DS   [-WA]
GS =0030 0000000000000000 ffffffff 00cf9300 DPL=0 DS   [-WA]
LDT=0000 0000000000000000 0000ffff 00008200 DPL=0 LDT
TR =0000 0000000000000000 0000ffff 00008b00 DPL=0 TSS64-busy
GDT=     00000000079de000 00000047
IDT=     00000000074fa018 00000fff
CR0=80010033 CR2=0000000000000000 CR3=0000000007c01000 CR4=00000668
DR0=0000000000000000 DR1=0000000000000000 DR2=0000000000000000 DR3=0000000000000000 
DR6=00000000ffff0ff0 DR7=0000000000000400
CCS=0000000000000004 CCD=0000000000000000 CCO=EFLAGS
EFER=0000000000000d00
   486: v=20 e=0000 i=0 cpl=0 IP=0038:0000000007052c07 pc=0000000007052c07 SP=0030:0000000007efba60 env->regs[R_EAX]=00000000070a906f
RAX=00000000070a906f RBX=0000000000000017 RCX=00000000070a9058 RDX=0000000007efbbf8
RSI=0000000000000018 RDI=0000000000000001 RBP=0000000000000000 RSP=0000000007efba60
R8 =0000000000000018 R9 =0000000000000000 R10=0000000007f19a4d R11=0000000007059f00
R12=00000000070a9058 R13=0000000007efbbf8 R14=0000000000000001 R15=0000000007efbc10
RIP=0000000007052c07 RFL=00000206 [-----P-] CPL=0 II=0 A20=1 SMM=0 HLT=0
ES =0030 0000000000000000 ffffffff 00cf9300 DPL=0 DS   [-WA]
CS =0038 0000000000000000 ffffffff 00af9a00 DPL=0 CS64 [-R-]
SS =0030 0000000000000000 ffffffff 00cf9300 DPL=0 DS   [-WA]
DS =0030 0000000000000000 ffffffff 00cf9300 DPL=0 DS   [-WA]
FS =0030 0000000000000000 ffffffff 00cf9300 DPL=0 DS   [-WA]
GS =0030 0000000000000000 ffffffff 00cf9300 DPL=0 DS   [-WA]
LDT=0000 0000000000000000 0000ffff 00008200 DPL=0 LDT
TR =0000 0000000000000000 0000ffff 00008b00 DPL=0 TSS64-busy
GDT=     00000000079de000 00000047
IDT=     00000000074fa018 00000fff
CR0=80010033 CR2=0000000000000000 CR3=0000000007c01000 CR4=00000668
DR0=0000000000000000 DR1=0000000000000000 DR2=0000000000000000 DR3=0000000000000000 
DR6=00000000ffff0ff0 DR7=0000000000000400
CCS=0000000000000004 CCD=0000000000000000 CCO=EFLAGS
EFER=0000000000000d00
   487: v=20 e=0000 i=0 cpl=0 IP=0038:0000000007052c07 pc=0000000007052c07 SP=0030:0000000007efba60 env->regs[R_EAX]=00000000070a906f
RAX=00000000070a906f RBX=0000000000000017 RCX=00000000070a9058 RDX=0000000007efbbf8
RSI=0000000000000018 RDI=0000000000000001 RBP=0000000000000000 RSP=0000000007efba60
R8 =0000000000000018 R9 =0000000000000000 R10=0000000007f19a4d R11=0000000007059f00
R12=00000000070a9058 R13=0000000007efbbf8 R14=0000000000000001 R15=0000000007efbc10
RIP=0000000007052c07 RFL=00000206 [-----P-] CPL=0 II=0 A20=1 SMM=0 HLT=0
ES =0030 0000000000000000 ffffffff 00cf9300 DPL=0 DS   [-WA]
CS =0038 0000000000000000 ffffffff 00af9a00 DPL=0 CS64 [-R-]
SS =0030 0000000000000000 ffffffff 00cf9300 DPL=0 DS   [-WA]
DS =0030 0000000000000000 ffffffff 00cf9300 DPL=0 DS   [-WA]
FS =0030 0000000000000000 ffffffff 00cf9300 DPL=0 DS   [-WA]
GS =0030 0000000000000000 ffffffff 00cf9300 DPL=0 DS   [-WA]
LDT=0000 0000000000000000 0000ffff 00008200 DPL=0 LDT
TR =0000 0000000000000000 0000ffff 00008b00 DPL=0 TSS64-busy
GDT=     00000000079de000 00000047
IDT=     00000000074fa018 00000fff
CR0=80010033 CR2=0000000000000000 CR3=0000000007c01000 CR4=00000668
DR0=0000000000000000 DR1=0000000000000000 DR2=0000000000000000 DR3=0000000000000000 
DR6=00000000ffff0ff0 DR7=0000000000000400
CCS=0000000000000004 CCD=0000000000000000 CCO=EFLAGS
EFER=0000000000000d00
   488: v=20 e=0000 i=0 cpl=0 IP=0038:0000000007052c07 pc=0000000007052c07 SP=0030:0000000007efba60 env->regs[R_EAX]=00000000070a906f
RAX=00000000070a906f RBX=0000000000000017 RCX=00000000070a9058 RDX=0000000007efbbf8
RSI=0000000000000018 RDI=0000000000000001 RBP=0000000000000000 RSP=0000000007efba60
R8 =0000000000000018 R9 =0000000000000000 R10=0000000007f19a4d R11=0000000007059f00
R12=00000000070a9058 R13=0000000007efbbf8 R14=0000000000000001 R15=0000000007efbc10
RIP=0000000007052c07 RFL=00000206 [-----P-] CPL=0 II=0 A20=1 SMM=0 HLT=0
ES =0030 0000000000000000 ffffffff 00cf9300 DPL=0 DS   [-WA]
CS =0038 0000000000000000 ffffffff 00af9a00 DPL=0 CS64 [-R-]
SS =0030 0000000000000000 ffffffff 00cf9300 DPL=0 DS   [-WA]
DS =0030 0000000000000000 ffffffff 00cf9300 DPL=0 DS   [-WA]
FS =0030 0000000000000000 ffffffff 00cf9300 DPL=0 DS   [-WA]
GS =0030 0000000000000000 ffffffff 00cf9300 DPL=0 DS   [-WA]
LDT=0000 0000000000000000 0000ffff 00008200 DPL=0 LDT
TR =0000 0000000000000000 0000ffff 00008b00 DPL=0 TSS64-busy
GDT=     00000000079de000 00000047
IDT=     00000000074fa018 00000fff
CR0=80010033 CR2=0000000000000000 CR3=0000000007c01000 CR4=00000668
DR0=0000000000000000 DR1=0000000000000000 DR2=0000000000000000 DR3=0000000000000000 
DR6=00000000ffff0ff0 DR7=0000000000000400
CCS=0000000000000004 CCD=0000000000000000 CCO=EFLAGS
EFER=0000000000000d00
   489: v=20 e=0000 i=0 cpl=0 IP=0038:0000000007052c07 pc=0000000007052c07 SP=0030:0000000007efba60 env->regs[R_EAX]=00000000070a906f
RAX=00000000070a906f RBX=0000000000000017 RCX=00000000070a9058 RDX=0000000007efbbf8
RSI=0000000000000018 RDI=0000000000000001 RBP=0000000000000000 RSP=0000000007efba60
R8 =0000000000000018 R9 =0000000000000000 R10=0000000007f19a4d R11=0000000007059f00
R12=00000000070a9058 R13=0000000007efbbf8 R14=0000000000000001 R15=0000000007efbc10
RIP=0000000007052c07 RFL=00000206 [-----P-] CPL=0 II=0 A20=1 SMM=0 HLT=0
ES =0030 0000000000000000 ffffffff 00cf9300 DPL=0 DS   [-WA]
CS =0038 0000000000000000 ffffffff 00af9a00 DPL=0 CS64 [-R-]
SS =0030 0000000000000000 ffffffff 00cf9300 DPL=0 DS   [-WA]
DS =0030 0000000000000000 ffffffff 00cf9300 DPL=0 DS   [-WA]
FS =0030 0000000000000000 ffffffff 00cf9300 DPL=0 DS   [-WA]
GS =0030 0000000000000000 ffffffff 00cf9300 DPL=0 DS   [-WA]
LDT=0000 0000000000000000 0000ffff 00008200 DPL=0 LDT
TR =0000 0000000000000000 0000ffff 00008b00 DPL=0 TSS64-busy
GDT=     00000000079de000 00000047
IDT=     00000000074fa018 00000fff
CR0=80010033 CR2=0000000000000000 CR3=0000000007c01000 CR4=00000668
DR0=0000000000000000 DR1=0000000000000000 DR2=0000000000000000 DR3=0000000000000000 
DR6=00000000ffff0ff0 DR7=0000000000000400
CCS=0000000000000004 CCD=0000000000000000 CCO=EFLAGS
EFER=0000000000000d00
   490: v=20 e=0000 i=0 cpl=0 IP=0038:0000000007052c07 pc=0000000007052c07 SP=0030:0000000007efba60 env->regs[R_EAX]=00000000070a906f
RAX=00000000070a906f RBX=0000000000000017 RCX=00000000070a9058 RDX=0000000007efbbf8
RSI=0000000000000018 RDI=0000000000000001 RBP=0000000000000000 RSP=0000000007efba60
R8 =0000000000000018 R9 =0000000000000000 R10=0000000007f19a4d R11=0000000007059f00
R12=00000000070a9058 R13=0000000007efbbf8 R14=0000000000000001 R15=0000000007efbc10
RIP=0000000007052c07 RFL=00000206 [-----P-] CPL=0 II=0 A20=1 SMM=0 HLT=0
ES =0030 0000000000000000 ffffffff 00cf9300 DPL=0 DS   [-WA]
CS =0038 0000000000000000 ffffffff 00af9a00 DPL=0 CS64 [-R-]
SS =0030 0000000000000000 ffffffff 00cf9300 DPL=0 DS   [-WA]
DS =0030 0000000000000000 ffffffff 00cf9300 DPL=0 DS   [-WA]
FS =0030 0000000000000000 ffffffff 00cf9300 DPL=0 DS   [-WA]
GS =0030 0000000000000000 ffffffff 00cf9300 DPL=0 DS   [-WA]
LDT=0000 0000000000000000 0000ffff 00008200 DPL=0 LDT
TR =0000 0000000000000000 0000ffff 00008b00 DPL=0 TSS64-busy
GDT=     00000000079de000 00000047
IDT=     00000000074fa018 00000fff
CR0=80010033 CR2=0000000000000000 CR3=0000000007c01000 CR4=00000668
DR0=0000000000000000 DR1=0000000000000000 DR2=0000000000000000 DR3=0000000000000000 
DR6=00000000ffff0ff0 DR7=0000000000000400
CCS=0000000000000004 CCD=0000000000000000 CCO=EFLAGS
EFER=0000000000000d00
   491: v=20 e=0000 i=0 cpl=0 IP=0038:0000000007052c07 pc=0000000007052c07 SP=0030:0000000007efba60 env->regs[R_EAX]=00000000070a906f
RAX=00000000070a906f RBX=0000000000000017 RCX=00000000070a9058 RDX=0000000007efbbf8
RSI=0000000000000018 RDI=0000000000000001 RBP=0000000000000000 RSP=0000000007efba60
R8 =0000000000000018 R9 =0000000000000000 R10=0000000007f19a4d R11=0000000007059f00
R12=00000000070a9058 R13=0000000007efbbf8 R14=0000000000000001 R15=0000000007efbc10
RIP=0000000007052c07 RFL=00000206 [-----P-] CPL=0 II=0 A20=1 SMM=0 HLT=0
ES =0030 0000000000000000 ffffffff 00cf9300 DPL=0 DS   [-WA]
CS =0038 0000000000000000 ffffffff 00af9a00 DPL=0 CS64 [-R-]
SS =0030 0000000000000000 ffffffff 00cf9300 DPL=0 DS   [-WA]
DS =0030 0000000000000000 ffffffff 00cf9300 DPL=0 DS   [-WA]
FS =0030 0000000000000000 ffffffff 00cf9300 DPL=0 DS   [-WA]
GS =0030 0000000000000000 ffffffff 00cf9300 DPL=0 DS   [-WA]
LDT=0000 0000000000000000 0000ffff 00008200 DPL=0 LDT
TR =0000 0000000000000000 0000ffff 00008b00 DPL=0 TSS64-busy
GDT=     00000000079de000 00000047
IDT=     00000000074fa018 00000fff
CR0=80010033 CR2=0000000000000000 CR3=0000000007c01000 CR4=00000668
DR0=0000000000000000 DR1=0000000000000000 DR2=0000000000000000 DR3=0000000000000000 
DR6=00000000ffff0ff0 DR7=0000000000000400
CCS=0000000000000004 CCD=0000000000000000 CCO=EFLAGS
EFER=0000000000000d00
   492: v=20 e=0000 i=0 cpl=0 IP=0038:0000000007052c07 pc=0000000007052c07 SP=0030:0000000007efba60 env->regs[R_EAX]=00000000070a906f
RAX=00000000070a906f RBX=0000000000000017 RCX=00000000070a9058 RDX=0000000007efbbf8
RSI=0000000000000018 RDI=0000000000000001 RBP=0000000000000000 RSP=0000000007efba60
R8 =0000000000000018 R9 =0000000000000000 R10=0000000007f19a4d R11=0000000007059f00
R12=00000000070a9058 R13=0000000007efbbf8 R14=0000000000000001 R15=0000000007efbc10
RIP=0000000007052c07 RFL=00000206 [-----P-] CPL=0 II=0 A20=1 SMM=0 HLT=0
ES =0030 0000000000000000 ffffffff 00cf9300 DPL=0 DS   [-WA]
CS =0038 0000000000000000 ffffffff 00af9a00 DPL=0 CS64 [-R-]
SS =0030 0000000000000000 ffffffff 00cf9300 DPL=0 DS   [-WA]
DS =0030 0000000000000000 ffffffff 00cf9300 DPL=0 DS   [-WA]
FS =0030 0000000000000000 ffffffff 00cf9300 DPL=0 DS   [-WA]
GS =0030 0000000000000000 ffffffff 00cf9300 DPL=0 DS   [-WA]
LDT=0000 0000000000000000 0000ffff 00008200 DPL=0 LDT
TR =0000 0000000000000000 0000ffff 00008b00 DPL=0 TSS64-busy
GDT=     00000000079de000 00000047
IDT=     00000000074fa018 00000fff
CR0=80010033 CR2=0000000000000000 CR3=0000000007c01000 CR4=00000668
DR0=0000000000000000 DR1=0000000000000000 DR2=0000000000000000 DR3=0000000000000000 
DR6=00000000ffff0ff0 DR7=0000000000000400
CCS=0000000000000004 CCD=0000000000000000 CCO=EFLAGS
EFER=0000000000000d00
   493: v=20 e=0000 i=0 cpl=0 IP=0038:0000000007052c07 pc=0000000007052c07 SP=0030:0000000007efba60 env->regs[R_EAX]=00000000070a906f
RAX=00000000070a906f RBX=0000000000000017 RCX=00000000070a9058 RDX=0000000007efbbf8
RSI=0000000000000018 RDI=0000000000000001 RBP=0000000000000000 RSP=0000000007efba60
R8 =0000000000000018 R9 =0000000000000000 R10=0000000007f19a4d R11=0000000007059f00
R12=00000000070a9058 R13=0000000007efbbf8 R14=0000000000000001 R15=0000000007efbc10
RIP=0000000007052c07 RFL=00000206 [-----P-] CPL=0 II=0 A20=1 SMM=0 HLT=0
ES =0030 0000000000000000 ffffffff 00cf9300 DPL=0 DS   [-WA]
CS =0038 0000000000000000 ffffffff 00af9a00 DPL=0 CS64 [-R-]
SS =0030 0000000000000000 ffffffff 00cf9300 DPL=0 DS   [-WA]
DS =0030 0000000000000000 ffffffff 00cf9300 DPL=0 DS   [-WA]
FS =0030 0000000000000000 ffffffff 00cf9300 DPL=0 DS   [-WA]
GS =0030 0000000000000000 ffffffff 00cf9300 DPL=0 DS   [-WA]
LDT=0000 0000000000000000 0000ffff 00008200 DPL=0 LDT
TR =0000 0000000000000000 0000ffff 00008b00 DPL=0 TSS64-busy
GDT=     00000000079de000 00000047
IDT=     00000000074fa018 00000fff
CR0=80010033 CR2=0000000000000000 CR3=0000000007c01000 CR4=00000668
DR0=0000000000000000 DR1=0000000000000000 DR2=0000000000000000 DR3=0000000000000000 
DR6=00000000ffff0ff0 DR7=0000000000000400
CCS=0000000000000004 CCD=0000000000000000 CCO=EFLAGS
EFER=0000000000000d00
   494: v=20 e=0000 i=0 cpl=0 IP=0038:0000000007052c07 pc=0000000007052c07 SP=0030:0000000007efba60 env->regs[R_EAX]=00000000070a906f
RAX=00000000070a906f RBX=0000000000000017 RCX=00000000070a9058 RDX=0000000007efbbf8
RSI=0000000000000018 RDI=0000000000000001 RBP=0000000000000000 RSP=0000000007efba60
R8 =0000000000000018 R9 =0000000000000000 R10=0000000007f19a4d R11=0000000007059f00
R12=00000000070a9058 R13=0000000007efbbf8 R14=0000000000000001 R15=0000000007efbc10
RIP=0000000007052c07 RFL=00000206 [-----P-] CPL=0 II=0 A20=1 SMM=0 HLT=0
ES =0030 0000000000000000 ffffffff 00cf9300 DPL=0 DS   [-WA]
CS =0038 0000000000000000 ffffffff 00af9a00 DPL=0 CS64 [-R-]
SS =0030 0000000000000000 ffffffff 00cf9300 DPL=0 DS   [-WA]
DS =0030 0000000000000000 ffffffff 00cf9300 DPL=0 DS   [-WA]
FS =0030 0000000000000000 ffffffff 00cf9300 DPL=0 DS   [-WA]
GS =0030 0000000000000000 ffffffff 00cf9300 DPL=0 DS   [-WA]
LDT=0000 0000000000000000 0000ffff 00008200 DPL=0 LDT
TR =0000 0000000000000000 0000ffff 00008b00 DPL=0 TSS64-busy
GDT=     00000000079de000 00000047
IDT=     00000000074fa018 00000fff
CR0=80010033 CR2=0000000000000000 CR3=0000000007c01000 CR4=00000668
DR0=0000000000000000 DR1=0000000000000000 DR2=0000000000000000 DR3=0000000000000000 
DR6=00000000ffff0ff0 DR7=0000000000000400
CCS=0000000000000004 CCD=0000000000000000 CCO=EFLAGS
EFER=0000000000000d00
   495: v=20 e=0000 i=0 cpl=0 IP=0038:0000000007052c07 pc=0000000007052c07 SP=0030:0000000007efba60 env->regs[R_EAX]=00000000070a906f
RAX=00000000070a906f RBX=0000000000000017 RCX=00000000070a9058 RDX=0000000007efbbf8
RSI=0000000000000018 RDI=0000000000000001 RBP=0000000000000000 RSP=0000000007efba60
R8 =0000000000000018 R9 =0000000000000000 R10=0000000007f19a4d R11=0000000007059f00
R12=00000000070a9058 R13=0000000007efbbf8 R14=0000000000000001 R15=0000000007efbc10
RIP=0000000007052c07 RFL=00000206 [-----P-] CPL=0 II=0 A20=1 SMM=0 HLT=0
ES =0030 0000000000000000 ffffffff 00cf9300 DPL=0 DS   [-WA]
CS =0038 0000000000000000 ffffffff 00af9a00 DPL=0 CS64 [-R-]
SS =0030 0000000000000000 ffffffff 00cf9300 DPL=0 DS   [-WA]
DS =0030 0000000000000000 ffffffff 00cf9300 DPL=0 DS   [-WA]
FS =0030 0000000000000000 ffffffff 00cf9300 DPL=0 DS   [-WA]
GS =0030 0000000000000000 ffffffff 00cf9300 DPL=0 DS   [-WA]
LDT=0000 0000000000000000 0000ffff 00008200 DPL=0 LDT
TR =0000 0000000000000000 0000ffff 00008b00 DPL=0 TSS64-busy
GDT=     00000000079de000 00000047
IDT=     00000000074fa018 00000fff
CR0=80010033 CR2=0000000000000000 CR3=0000000007c01000 CR4=00000668
DR0=0000000000000000 DR1=0000000000000000 DR2=0000000000000000 DR3=0000000000000000 
DR6=00000000ffff0ff0 DR7=0000000000000400
CCS=0000000000000004 CCD=0000000000000000 CCO=EFLAGS
EFER=0000000000000d00
   496: v=20 e=0000 i=0 cpl=0 IP=0038:0000000007052c07 pc=0000000007052c07 SP=0030:0000000007efba60 env->regs[R_EAX]=00000000070a906f
RAX=00000000070a906f RBX=0000000000000017 RCX=00000000070a9058 RDX=0000000007efbbf8
RSI=0000000000000018 RDI=0000000000000001 RBP=0000000000000000 RSP=0000000007efba60
R8 =0000000000000018 R9 =0000000000000000 R10=0000000007f19a4d R11=0000000007059f00
R12=00000000070a9058 R13=0000000007efbbf8 R14=0000000000000001 R15=0000000007efbc10
RIP=0000000007052c07 RFL=00000206 [-----P-] CPL=0 II=0 A20=1 SMM=0 HLT=0
ES =0030 0000000000000000 ffffffff 00cf9300 DPL=0 DS   [-WA]
CS =0038 0000000000000000 ffffffff 00af9a00 DPL=0 CS64 [-R-]
SS =0030 0000000000000000 ffffffff 00cf9300 DPL=0 DS   [-WA]
DS =0030 0000000000000000 ffffffff 00cf9300 DPL=0 DS   [-WA]
FS =0030 0000000000000000 ffffffff 00cf9300 DPL=0 DS   [-WA]
GS =0030 0000000000000000 ffffffff 00cf9300 DPL=0 DS   [-WA]
LDT=0000 0000000000000000 0000ffff 00008200 DPL=0 LDT
TR =0000 0000000000000000 0000ffff 00008b00 DPL=0 TSS64-busy
GDT=     00000000079de000 00000047
IDT=     00000000074fa018 00000fff
CR0=80010033 CR2=0000000000000000 CR3=0000000007c01000 CR4=00000668
DR0=0000000000000000 DR1=0000000000000000 DR2=0000000000000000 DR3=0000000000000000 
DR6=00000000ffff0ff0 DR7=0000000000000400
CCS=0000000000000004 CCD=0000000000000000 CCO=EFLAGS
EFER=0000000000000d00
   497: v=20 e=0000 i=0 cpl=0 IP=0038:0000000007052c07 pc=0000000007052c07 SP=0030:0000000007efba60 env->regs[R_EAX]=00000000070a906f
RAX=00000000070a906f RBX=0000000000000017 RCX=00000000070a9058 RDX=0000000007efbbf8
RSI=0000000000000018 RDI=0000000000000001 RBP=0000000000000000 RSP=0000000007efba60
R8 =0000000000000018 R9 =0000000000000000 R10=0000000007f19a4d R11=0000000007059f00
R12=00000000070a9058 R13=0000000007efbbf8 R14=0000000000000001 R15=0000000007efbc10
RIP=0000000007052c07 RFL=00000206 [-----P-] CPL=0 II=0 A20=1 SMM=0 HLT=0
ES =0030 0000000000000000 ffffffff 00cf9300 DPL=0 DS   [-WA]
CS =0038 0000000000000000 ffffffff 00af9a00 DPL=0 CS64 [-R-]
SS =0030 0000000000000000 ffffffff 00cf9300 DPL=0 DS   [-WA]
DS =0030 0000000000000000 ffffffff 00cf9300 DPL=0 DS   [-WA]
FS =0030 0000000000000000 ffffffff 00cf9300 DPL=0 DS   [-WA]
GS =0030 0000000000000000 ffffffff 00cf9300 DPL=0 DS   [-WA]
LDT=0000 0000000000000000 0000ffff 00008200 DPL=0 LDT
TR =0000 0000000000000000 0000ffff 00008b00 DPL=0 TSS64-busy
GDT=     00000000079de000 00000047
IDT=     00000000074fa018 00000fff
CR0=80010033 CR2=0000000000000000 CR3=0000000007c01000 CR4=00000668
DR0=0000000000000000 DR1=0000000000000000 DR2=0000000000000000 DR3=0000000000000000 
DR6=00000000ffff0ff0 DR7=0000000000000400
CCS=0000000000000004 CCD=0000000000000000 CCO=EFLAGS
EFER=0000000000000d00
   498: v=20 e=0000 i=0 cpl=0 IP=0038:0000000007052c07 pc=0000000007052c07 SP=0030:0000000007efba60 env->regs[R_EAX]=00000000070a906f
RAX=00000000070a906f RBX=0000000000000017 RCX=00000000070a9058 RDX=0000000007efbbf8
RSI=0000000000000018 RDI=0000000000000001 RBP=0000000000000000 RSP=0000000007efba60
R8 =0000000000000018 R9 =0000000000000000 R10=0000000007f19a4d R11=0000000007059f00
R12=00000000070a9058 R13=0000000007efbbf8 R14=0000000000000001 R15=0000000007efbc10
RIP=0000000007052c07 RFL=00000206 [-----P-] CPL=0 II=0 A20=1 SMM=0 HLT=0
ES =0030 0000000000000000 ffffffff 00cf9300 DPL=0 DS   [-WA]
CS =0038 0000000000000000 ffffffff 00af9a00 DPL=0 CS64 [-R-]
SS =0030 0000000000000000 ffffffff 00cf9300 DPL=0 DS   [-WA]
DS =0030 0000000000000000 ffffffff 00cf9300 DPL=0 DS   [-WA]
FS =0030 0000000000000000 ffffffff 00cf9300 DPL=0 DS   [-WA]
GS =0030 0000000000000000 ffffffff 00cf9300 DPL=0 DS   [-WA]
LDT=0000 0000000000000000 0000ffff 00008200 DPL=0 LDT
TR =0000 0000000000000000 0000ffff 00008b00 DPL=0 TSS64-busy
GDT=     00000000079de000 00000047
IDT=     00000000074fa018 00000fff
CR0=80010033 CR2=0000000000000000 CR3=0000000007c01000 CR4=00000668
DR0=0000000000000000 DR1=0000000000000000 DR2=0000000000000000 DR3=0000000000000000 
DR6=00000000ffff0ff0 DR7=0000000000000400
CCS=0000000000000004 CCD=0000000000000000 CCO=EFLAGS
EFER=0000000000000d00
   499: v=20 e=0000 i=0 cpl=0 IP=0038:0000000007052c07 pc=0000000007052c07 SP=0030:0000000007efba60 env->regs[R_EAX]=00000000070a906f
RAX=00000000070a906f RBX=0000000000000017 RCX=00000000070a9058 RDX=0000000007efbbf8
RSI=0000000000000018 RDI=0000000000000001 RBP=0000000000000000 RSP=0000000007efba60
R8 =0000000000000018 R9 =0000000000000000 R10=0000000007f19a4d R11=0000000007059f00
R12=00000000070a9058 R13=0000000007efbbf8 R14=0000000000000001 R15=0000000007efbc10
RIP=0000000007052c07 RFL=00000206 [-----P-] CPL=0 II=0 A20=1 SMM=0 HLT=0
ES =0030 0000000000000000 ffffffff 00cf9300 DPL=0 DS   [-WA]
CS =0038 0000000000000000 ffffffff 00af9a00 DPL=0 CS64 [-R-]
SS =0030 0000000000000000 ffffffff 00cf9300 DPL=0 DS   [-WA]
DS =0030 0000000000000000 ffffffff 00cf9300 DPL=0 DS   [-WA]
FS =0030 0000000000000000 ffffffff 00cf9300 DPL=0 DS   [-WA]
GS =0030 0000000000000000 ffffffff 00cf9300 DPL=0 DS   [-WA]
LDT=0000 0000000000000000 0000ffff 00008200 DPL=0 LDT
TR =0000 0000000000000000 0000ffff 00008b00 DPL=0 TSS64-busy
GDT=     00000000079de000 00000047
IDT=     00000000074fa018 00000fff
CR0=80010033 CR2=0000000000000000 CR3=0000000007c01000 CR4=00000668
DR0=0000000000000000 DR1=0000000000000000 DR2=0000000000000000 DR3=0000000000000000 
DR6=00000000ffff0ff0 DR7=0000000000000400
CCS=0000000000000004 CCD=0000000000000000 CCO=EFLAGS
EFER=0000000000000d00
   500: v=20 e=0000 i=0 cpl=0 IP=0038:0000000007052c07 pc=0000000007052c07 SP=0030:0000000007efba60 env->regs[R_EAX]=00000000070a906f
RAX=00000000070a906f RBX=0000000000000017 RCX=00000000070a9058 RDX=0000000007efbbf8
RSI=0000000000000018 RDI=0000000000000001 RBP=0000000000000000 RSP=0000000007efba60
R8 =0000000000000018 R9 =0000000000000000 R10=0000000007f19a4d R11=0000000007059f00
R12=00000000070a9058 R13=0000000007efbbf8 R14=0000000000000001 R15=0000000007efbc10
RIP=0000000007052c07 RFL=00000206 [-----P-] CPL=0 II=0 A20=1 SMM=0 HLT=0
ES =0030 0000000000000000 ffffffff 00cf9300 DPL=0 DS   [-WA]
CS =0038 0000000000000000 ffffffff 00af9a00 DPL=0 CS64 [-R-]
SS =0030 0000000000000000 ffffffff 00cf9300 DPL=0 DS   [-WA]
DS =0030 0000000000000000 ffffffff 00cf9300 DPL=0 DS   [-WA]
FS =0030 0000000000000000 ffffffff 00cf9300 DPL=0 DS   [-WA]
GS =0030 0000000000000000 ffffffff 00cf9300 DPL=0 DS   [-WA]
LDT=0000 0000000000000000 0000ffff 00008200 DPL=0 LDT
TR =0000 0000000000000000 0000ffff 00008b00 DPL=0 TSS64-busy
GDT=     00000000079de000 00000047
IDT=     00000000074fa018 00000fff
CR0=80010033 CR2=0000000000000000 CR3=0000000007c01000 CR4=00000668
DR0=0000000000000000 DR1=0000000000000000 DR2=0000000000000000 DR3=0000000000000000 
DR6=00000000ffff0ff0 DR7=0000000000000400
CCS=0000000000000004 CCD=0000000000000000 CCO=EFLAGS
EFER=0000000000000d00
   501: v=20 e=0000 i=0 cpl=0 IP=0038:0000000007052c07 pc=0000000007052c07 SP=0030:0000000007efba60 env->regs[R_EAX]=00000000070a906f
RAX=00000000070a906f RBX=0000000000000017 RCX=00000000070a9058 RDX=0000000007efbbf8
RSI=0000000000000018 RDI=0000000000000001 RBP=0000000000000000 RSP=0000000007efba60
R8 =0000000000000018 R9 =0000000000000000 R10=0000000007f19a4d R11=0000000007059f00
R12=00000000070a9058 R13=0000000007efbbf8 R14=0000000000000001 R15=0000000007efbc10
RIP=0000000007052c07 RFL=00000206 [-----P-] CPL=0 II=0 A20=1 SMM=0 HLT=0
ES =0030 0000000000000000 ffffffff 00cf9300 DPL=0 DS   [-WA]
CS =0038 0000000000000000 ffffffff 00af9a00 DPL=0 CS64 [-R-]
SS =0030 0000000000000000 ffffffff 00cf9300 DPL=0 DS   [-WA]
DS =0030 0000000000000000 ffffffff 00cf9300 DPL=0 DS   [-WA]
FS =0030 0000000000000000 ffffffff 00cf9300 DPL=0 DS   [-WA]
GS =0030 0000000000000000 ffffffff 00cf9300 DPL=0 DS   [-WA]
LDT=0000 0000000000000000 0000ffff 00008200 DPL=0 LDT
TR =0000 0000000000000000 0000ffff 00008b00 DPL=0 TSS64-busy
GDT=     00000000079de000 00000047
IDT=     00000000074fa018 00000fff
CR0=80010033 CR2=0000000000000000 CR3=0000000007c01000 CR4=00000668
DR0=0000000000000000 DR1=0000000000000000 DR2=0000000000000000 DR3=0000000000000000 
DR6=00000000ffff0ff0 DR7=0000000000000400
CCS=0000000000000004 CCD=0000000000000000 CCO=EFLAGS
EFER=0000000000000d00
   502: v=20 e=0000 i=0 cpl=0 IP=0038:0000000007052c07 pc=0000000007052c07 SP=0030:0000000007efba60 env->regs[R_EAX]=00000000070a906f
RAX=00000000070a906f RBX=0000000000000017 RCX=00000000070a9058 RDX=0000000007efbbf8
RSI=0000000000000018 RDI=0000000000000001 RBP=0000000000000000 RSP=0000000007efba60
R8 =0000000000000018 R9 =0000000000000000 R10=0000000007f19a4d R11=0000000007059f00
R12=00000000070a9058 R13=0000000007efbbf8 R14=0000000000000001 R15=0000000007efbc10
RIP=0000000007052c07 RFL=00000206 [-----P-] CPL=0 II=0 A20=1 SMM=0 HLT=0
ES =0030 0000000000000000 ffffffff 00cf9300 DPL=0 DS   [-WA]
CS =0038 0000000000000000 ffffffff 00af9a00 DPL=0 CS64 [-R-]
SS =0030 0000000000000000 ffffffff 00cf9300 DPL=0 DS   [-WA]
DS =0030 0000000000000000 ffffffff 00cf9300 DPL=0 DS   [-WA]
FS =0030 0000000000000000 ffffffff 00cf9300 DPL=0 DS   [-WA]
GS =0030 0000000000000000 ffffffff 00cf9300 DPL=0 DS   [-WA]
LDT=0000 0000000000000000 0000ffff 00008200 DPL=0 LDT
TR =0000 0000000000000000 0000ffff 00008b00 DPL=0 TSS64-busy
GDT=     00000000079de000 00000047
IDT=     00000000074fa018 00000fff
CR0=80010033 CR2=0000000000000000 CR3=0000000007c01000 CR4=00000668
DR0=0000000000000000 DR1=0000000000000000 DR2=0000000000000000 DR3=0000000000000000 
DR6=00000000ffff0ff0 DR7=0000000000000400
CCS=0000000000000004 CCD=0000000000000000 CCO=EFLAGS
EFER=0000000000000d00
   503: v=20 e=0000 i=0 cpl=0 IP=0038:0000000007052c07 pc=0000000007052c07 SP=0030:0000000007efba60 env->regs[R_EAX]=00000000070a906f
RAX=00000000070a906f RBX=0000000000000017 RCX=00000000070a9058 RDX=0000000007efbbf8
RSI=0000000000000018 RDI=0000000000000001 RBP=0000000000000000 RSP=0000000007efba60
R8 =0000000000000018 R9 =0000000000000000 R10=0000000007f19a4d R11=0000000007059f00
R12=00000000070a9058 R13=0000000007efbbf8 R14=0000000000000001 R15=0000000007efbc10
RIP=0000000007052c07 RFL=00000206 [-----P-] CPL=0 II=0 A20=1 SMM=0 HLT=0
ES =0030 0000000000000000 ffffffff 00cf9300 DPL=0 DS   [-WA]
CS =0038 0000000000000000 ffffffff 00af9a00 DPL=0 CS64 [-R-]
SS =0030 0000000000000000 ffffffff 00cf9300 DPL=0 DS   [-WA]
DS =0030 0000000000000000 ffffffff 00cf9300 DPL=0 DS   [-WA]
FS =0030 0000000000000000 ffffffff 00cf9300 DPL=0 DS   [-WA]
GS =0030 0000000000000000 ffffffff 00cf9300 DPL=0 DS   [-WA]
LDT=0000 0000000000000000 0000ffff 00008200 DPL=0 LDT
TR =0000 0000000000000000 0000ffff 00008b00 DPL=0 TSS64-busy
GDT=     00000000079de000 00000047
IDT=     00000000074fa018 00000fff
CR0=80010033 CR2=0000000000000000 CR3=0000000007c01000 CR4=00000668
DR0=0000000000000000 DR1=0000000000000000 DR2=0000000000000000 DR3=0000000000000000 
DR6=00000000ffff0ff0 DR7=0000000000000400
CCS=0000000000000004 CCD=0000000000000000 CCO=EFLAGS
EFER=0000000000000d00
   504: v=20 e=0000 i=0 cpl=0 IP=0038:0000000007052c07 pc=0000000007052c07 SP=0030:0000000007efba60 env->regs[R_EAX]=00000000070a906f
RAX=00000000070a906f RBX=0000000000000017 RCX=00000000070a9058 RDX=0000000007efbbf8
RSI=0000000000000018 RDI=0000000000000001 RBP=0000000000000000 RSP=0000000007efba60
R8 =0000000000000018 R9 =0000000000000000 R10=0000000007f19a4d R11=0000000007059f00
R12=00000000070a9058 R13=0000000007efbbf8 R14=0000000000000001 R15=0000000007efbc10
RIP=0000000007052c07 RFL=00000206 [-----P-] CPL=0 II=0 A20=1 SMM=0 HLT=0
ES =0030 0000000000000000 ffffffff 00cf9300 DPL=0 DS   [-WA]
CS =0038 0000000000000000 ffffffff 00af9a00 DPL=0 CS64 [-R-]
SS =0030 0000000000000000 ffffffff 00cf9300 DPL=0 DS   [-WA]
DS =0030 0000000000000000 ffffffff 00cf9300 DPL=0 DS   [-WA]
FS =0030 0000000000000000 ffffffff 00cf9300 DPL=0 DS   [-WA]
GS =0030 0000000000000000 ffffffff 00cf9300 DPL=0 DS   [-WA]
LDT=0000 0000000000000000 0000ffff 00008200 DPL=0 LDT
TR =0000 0000000000000000 0000ffff 00008b00 DPL=0 TSS64-busy
GDT=     00000000079de000 00000047
IDT=     00000000074fa018 00000fff
CR0=80010033 CR2=0000000000000000 CR3=0000000007c01000 CR4=00000668
DR0=0000000000000000 DR1=0000000000000000 DR2=0000000000000000 DR3=0000000000000000 
DR6=00000000ffff0ff0 DR7=0000000000000400
CCS=0000000000000004 CCD=0000000000000000 CCO=EFLAGS
EFER=0000000000000d00
   505: v=20 e=0000 i=0 cpl=0 IP=0038:0000000007052c07 pc=0000000007052c07 SP=0030:0000000007efba60 env->regs[R_EAX]=00000000070a906f
RAX=00000000070a906f RBX=0000000000000017 RCX=00000000070a9058 RDX=0000000007efbbf8
RSI=0000000000000018 RDI=0000000000000001 RBP=0000000000000000 RSP=0000000007efba60
R8 =0000000000000018 R9 =0000000000000000 R10=0000000007f19a4d R11=0000000007059f00
R12=00000000070a9058 R13=0000000007efbbf8 R14=0000000000000001 R15=0000000007efbc10
RIP=0000000007052c07 RFL=00000206 [-----P-] CPL=0 II=0 A20=1 SMM=0 HLT=0
ES =0030 0000000000000000 ffffffff 00cf9300 DPL=0 DS   [-WA]
CS =0038 0000000000000000 ffffffff 00af9a00 DPL=0 CS64 [-R-]
SS =0030 0000000000000000 ffffffff 00cf9300 DPL=0 DS   [-WA]
DS =0030 0000000000000000 ffffffff 00cf9300 DPL=0 DS   [-WA]
FS =0030 0000000000000000 ffffffff 00cf9300 DPL=0 DS   [-WA]
GS =0030 0000000000000000 ffffffff 00cf9300 DPL=0 DS   [-WA]
LDT=0000 0000000000000000 0000ffff 00008200 DPL=0 LDT
TR =0000 0000000000000000 0000ffff 00008b00 DPL=0 TSS64-busy
GDT=     00000000079de000 00000047
IDT=     00000000074fa018 00000fff
CR0=80010033 CR2=0000000000000000 CR3=0000000007c01000 CR4=00000668
DR0=0000000000000000 DR1=0000000000000000 DR2=0000000000000000 DR3=0000000000000000 
DR6=00000000ffff0ff0 DR7=0000000000000400
CCS=0000000000000004 CCD=0000000000000000 CCO=EFLAGS
EFER=0000000000000d00
   506: v=20 e=0000 i=0 cpl=0 IP=0038:0000000007052c07 pc=0000000007052c07 SP=0030:0000000007efba60 env->regs[R_EAX]=00000000070a906f
RAX=00000000070a906f RBX=0000000000000017 RCX=00000000070a9058 RDX=0000000007efbbf8
RSI=0000000000000018 RDI=0000000000000001 RBP=0000000000000000 RSP=0000000007efba60
R8 =0000000000000018 R9 =0000000000000000 R10=0000000007f19a4d R11=0000000007059f00
R12=00000000070a9058 R13=0000000007efbbf8 R14=0000000000000001 R15=0000000007efbc10
RIP=0000000007052c07 RFL=00000206 [-----P-] CPL=0 II=0 A20=1 SMM=0 HLT=0
ES =0030 0000000000000000 ffffffff 00cf9300 DPL=0 DS   [-WA]
CS =0038 0000000000000000 ffffffff 00af9a00 DPL=0 CS64 [-R-]
SS =0030 0000000000000000 ffffffff 00cf9300 DPL=0 DS   [-WA]
DS =0030 0000000000000000 ffffffff 00cf9300 DPL=0 DS   [-WA]
FS =0030 0000000000000000 ffffffff 00cf9300 DPL=0 DS   [-WA]
GS =0030 0000000000000000 ffffffff 00cf9300 DPL=0 DS   [-WA]
LDT=0000 0000000000000000 0000ffff 00008200 DPL=0 LDT
TR =0000 0000000000000000 0000ffff 00008b00 DPL=0 TSS64-busy
GDT=     00000000079de000 00000047
IDT=     00000000074fa018 00000fff
CR0=80010033 CR2=0000000000000000 CR3=0000000007c01000 CR4=00000668
DR0=0000000000000000 DR1=0000000000000000 DR2=0000000000000000 DR3=0000000000000000 
DR6=00000000ffff0ff0 DR7=0000000000000400
CCS=0000000000000004 CCD=0000000000000000 CCO=EFLAGS
EFER=0000000000000d00
   507: v=20 e=0000 i=0 cpl=0 IP=0038:0000000007052c07 pc=0000000007052c07 SP=0030:0000000007efba60 env->regs[R_EAX]=00000000070a906f
RAX=00000000070a906f RBX=0000000000000017 RCX=00000000070a9058 RDX=0000000007efbbf8
RSI=0000000000000018 RDI=0000000000000001 RBP=0000000000000000 RSP=0000000007efba60
R8 =0000000000000018 R9 =0000000000000000 R10=0000000007f19a4d R11=0000000007059f00
R12=00000000070a9058 R13=0000000007efbbf8 R14=0000000000000001 R15=0000000007efbc10
RIP=0000000007052c07 RFL=00000206 [-----P-] CPL=0 II=0 A20=1 SMM=0 HLT=0
ES =0030 0000000000000000 ffffffff 00cf9300 DPL=0 DS   [-WA]
CS =0038 0000000000000000 ffffffff 00af9a00 DPL=0 CS64 [-R-]
SS =0030 0000000000000000 ffffffff 00cf9300 DPL=0 DS   [-WA]
DS =0030 0000000000000000 ffffffff 00cf9300 DPL=0 DS   [-WA]
FS =0030 0000000000000000 ffffffff 00cf9300 DPL=0 DS   [-WA]
GS =0030 0000000000000000 ffffffff 00cf9300 DPL=0 DS   [-WA]
LDT=0000 0000000000000000 0000ffff 00008200 DPL=0 LDT
TR =0000 0000000000000000 0000ffff 00008b00 DPL=0 TSS64-busy
GDT=     00000000079de000 00000047
IDT=     00000000074fa018 00000fff
CR0=80010033 CR2=0000000000000000 CR3=0000000007c01000 CR4=00000668
DR0=0000000000000000 DR1=0000000000000000 DR2=0000000000000000 DR3=0000000000000000 
DR6=00000000ffff0ff0 DR7=0000000000000400
CCS=0000000000000004 CCD=0000000000000000 CCO=EFLAGS
EFER=0000000000000d00
   508: v=20 e=0000 i=0 cpl=0 IP=0038:0000000007052c07 pc=0000000007052c07 SP=0030:0000000007efba60 env->regs[R_EAX]=00000000070a906f
RAX=00000000070a906f RBX=0000000000000017 RCX=00000000070a9058 RDX=0000000007efbbf8
RSI=0000000000000018 RDI=0000000000000001 RBP=0000000000000000 RSP=0000000007efba60
R8 =0000000000000018 R9 =0000000000000000 R10=0000000007f19a4d R11=0000000007059f00
R12=00000000070a9058 R13=0000000007efbbf8 R14=0000000000000001 R15=0000000007efbc10
RIP=0000000007052c07 RFL=00000206 [-----P-] CPL=0 II=0 A20=1 SMM=0 HLT=0
ES =0030 0000000000000000 ffffffff 00cf9300 DPL=0 DS   [-WA]
CS =0038 0000000000000000 ffffffff 00af9a00 DPL=0 CS64 [-R-]
SS =0030 0000000000000000 ffffffff 00cf9300 DPL=0 DS   [-WA]
DS =0030 0000000000000000 ffffffff 00cf9300 DPL=0 DS   [-WA]
FS =0030 0000000000000000 ffffffff 00cf9300 DPL=0 DS   [-WA]
GS =0030 0000000000000000 ffffffff 00cf9300 DPL=0 DS   [-WA]
LDT=0000 0000000000000000 0000ffff 00008200 DPL=0 LDT
TR =0000 0000000000000000 0000ffff 00008b00 DPL=0 TSS64-busy
GDT=     00000000079de000 00000047
IDT=     00000000074fa018 00000fff
CR0=80010033 CR2=0000000000000000 CR3=0000000007c01000 CR4=00000668
DR0=0000000000000000 DR1=0000000000000000 DR2=0000000000000000 DR3=0000000000000000 
DR6=00000000ffff0ff0 DR7=0000000000000400
CCS=0000000000000004 CCD=0000000000000000 CCO=EFLAGS
EFER=0000000000000d00
   509: v=20 e=0000 i=0 cpl=0 IP=0038:0000000007052c07 pc=0000000007052c07 SP=0030:0000000007efba60 env->regs[R_EAX]=00000000070a906f
RAX=00000000070a906f RBX=0000000000000017 RCX=00000000070a9058 RDX=0000000007efbbf8
RSI=0000000000000018 RDI=0000000000000001 RBP=0000000000000000 RSP=0000000007efba60
R8 =0000000000000018 R9 =0000000000000000 R10=0000000007f19a4d R11=0000000007059f00
R12=00000000070a9058 R13=0000000007efbbf8 R14=0000000000000001 R15=0000000007efbc10
RIP=0000000007052c07 RFL=00000206 [-----P-] CPL=0 II=0 A20=1 SMM=0 HLT=0
ES =0030 0000000000000000 ffffffff 00cf9300 DPL=0 DS   [-WA]
CS =0038 0000000000000000 ffffffff 00af9a00 DPL=0 CS64 [-R-]
SS =0030 0000000000000000 ffffffff 00cf9300 DPL=0 DS   [-WA]
DS =0030 0000000000000000 ffffffff 00cf9300 DPL=0 DS   [-WA]
FS =0030 0000000000000000 ffffffff 00cf9300 DPL=0 DS   [-WA]
GS =0030 0000000000000000 ffffffff 00cf9300 DPL=0 DS   [-WA]
LDT=0000 0000000000000000 0000ffff 00008200 DPL=0 LDT
TR =0000 0000000000000000 0000ffff 00008b00 DPL=0 TSS64-busy
GDT=     00000000079de000 00000047
IDT=     00000000074fa018 00000fff
CR0=80010033 CR2=0000000000000000 CR3=0000000007c01000 CR4=00000668
DR0=0000000000000000 DR1=0000000000000000 DR2=0000000000000000 DR3=0000000000000000 
DR6=00000000ffff0ff0 DR7=0000000000000400
CCS=0000000000000004 CCD=0000000000000000 CCO=EFLAGS
EFER=0000000000000d00
   510: v=20 e=0000 i=0 cpl=0 IP=0038:0000000007052c07 pc=0000000007052c07 SP=0030:0000000007efba60 env->regs[R_EAX]=00000000070a906f
RAX=00000000070a906f RBX=0000000000000017 RCX=00000000070a9058 RDX=0000000007efbbf8
RSI=0000000000000018 RDI=0000000000000001 RBP=0000000000000000 RSP=0000000007efba60
R8 =0000000000000018 R9 =0000000000000000 R10=0000000007f19a4d R11=0000000007059f00
R12=00000000070a9058 R13=0000000007efbbf8 R14=0000000000000001 R15=0000000007efbc10
RIP=0000000007052c07 RFL=00000206 [-----P-] CPL=0 II=0 A20=1 SMM=0 HLT=0
ES =0030 0000000000000000 ffffffff 00cf9300 DPL=0 DS   [-WA]
CS =0038 0000000000000000 ffffffff 00af9a00 DPL=0 CS64 [-R-]
SS =0030 0000000000000000 ffffffff 00cf9300 DPL=0 DS   [-WA]
DS =0030 0000000000000000 ffffffff 00cf9300 DPL=0 DS   [-WA]
FS =0030 0000000000000000 ffffffff 00cf9300 DPL=0 DS   [-WA]
GS =0030 0000000000000000 ffffffff 00cf9300 DPL=0 DS   [-WA]
LDT=0000 0000000000000000 0000ffff 00008200 DPL=0 LDT
TR =0000 0000000000000000 0000ffff 00008b00 DPL=0 TSS64-busy
GDT=     00000000079de000 00000047
IDT=     00000000074fa018 00000fff
CR0=80010033 CR2=0000000000000000 CR3=0000000007c01000 CR4=00000668
DR0=0000000000000000 DR1=0000000000000000 DR2=0000000000000000 DR3=0000000000000000 
DR6=00000000ffff0ff0 DR7=0000000000000400
CCS=0000000000000004 CCD=0000000000000000 CCO=EFLAGS
EFER=0000000000000d00
   511: v=20 e=0000 i=0 cpl=0 IP=0038:0000000007052c07 pc=0000000007052c07 SP=0030:0000000007efba60 env->regs[R_EAX]=00000000070a906f
RAX=00000000070a906f RBX=0000000000000017 RCX=00000000070a9058 RDX=0000000007efbbf8
RSI=0000000000000018 RDI=0000000000000001 RBP=0000000000000000 RSP=0000000007efba60
R8 =0000000000000018 R9 =0000000000000000 R10=0000000007f19a4d R11=0000000007059f00
R12=00000000070a9058 R13=0000000007efbbf8 R14=0000000000000001 R15=0000000007efbc10
RIP=0000000007052c07 RFL=00000206 [-----P-] CPL=0 II=0 A20=1 SMM=0 HLT=0
ES =0030 0000000000000000 ffffffff 00cf9300 DPL=0 DS   [-WA]
CS =0038 0000000000000000 ffffffff 00af9a00 DPL=0 CS64 [-R-]
SS =0030 0000000000000000 ffffffff 00cf9300 DPL=0 DS   [-WA]
DS =0030 0000000000000000 ffffffff 00cf9300 DPL=0 DS   [-WA]
FS =0030 0000000000000000 ffffffff 00cf9300 DPL=0 DS   [-WA]
GS =0030 0000000000000000 ffffffff 00cf9300 DPL=0 DS   [-WA]
LDT=0000 0000000000000000 0000ffff 00008200 DPL=0 LDT
TR =0000 0000000000000000 0000ffff 00008b00 DPL=0 TSS64-busy
GDT=     00000000079de000 00000047
IDT=     00000000074fa018 00000fff
CR0=80010033 CR2=0000000000000000 CR3=0000000007c01000 CR4=00000668
DR0=0000000000000000 DR1=0000000000000000 DR2=0000000000000000 DR3=0000000000000000 
DR6=00000000ffff0ff0 DR7=0000000000000400
CCS=0000000000000004 CCD=0000000000000000 CCO=EFLAGS
EFER=0000000000000d00
   512: v=20 e=0000 i=0 cpl=0 IP=0038:0000000007052c07 pc=0000000007052c07 SP=0030:0000000007efba60 env->regs[R_EAX]=00000000070a906f
RAX=00000000070a906f RBX=0000000000000017 RCX=00000000070a9058 RDX=0000000007efbbf8
RSI=0000000000000018 RDI=0000000000000001 RBP=0000000000000000 RSP=0000000007efba60
R8 =0000000000000018 R9 =0000000000000000 R10=0000000007f19a4d R11=0000000007059f00
R12=00000000070a9058 R13=0000000007efbbf8 R14=0000000000000001 R15=0000000007efbc10
RIP=0000000007052c07 RFL=00000206 [-----P-] CPL=0 II=0 A20=1 SMM=0 HLT=0
ES =0030 0000000000000000 ffffffff 00cf9300 DPL=0 DS   [-WA]
CS =0038 0000000000000000 ffffffff 00af9a00 DPL=0 CS64 [-R-]
SS =0030 0000000000000000 ffffffff 00cf9300 DPL=0 DS   [-WA]
DS =0030 0000000000000000 ffffffff 00cf9300 DPL=0 DS   [-WA]
FS =0030 0000000000000000 ffffffff 00cf9300 DPL=0 DS   [-WA]
GS =0030 0000000000000000 ffffffff 00cf9300 DPL=0 DS   [-WA]
LDT=0000 0000000000000000 0000ffff 00008200 DPL=0 LDT
TR =0000 0000000000000000 0000ffff 00008b00 DPL=0 TSS64-busy
GDT=     00000000079de000 00000047
IDT=     00000000074fa018 00000fff
CR0=80010033 CR2=0000000000000000 CR3=0000000007c01000 CR4=00000668
DR0=0000000000000000 DR1=0000000000000000 DR2=0000000000000000 DR3=0000000000000000 
DR6=00000000ffff0ff0 DR7=0000000000000400
CCS=0000000000000004 CCD=0000000000000000 CCO=EFLAGS
EFER=0000000000000d00
   513: v=20 e=0000 i=0 cpl=0 IP=0038:0000000007052c07 pc=0000000007052c07 SP=0030:0000000007efba60 env->regs[R_EAX]=00000000070a906f
RAX=00000000070a906f RBX=0000000000000017 RCX=00000000070a9058 RDX=0000000007efbbf8
RSI=0000000000000018 RDI=0000000000000001 RBP=0000000000000000 RSP=0000000007efba60
R8 =0000000000000018 R9 =0000000000000000 R10=0000000007f19a4d R11=0000000007059f00
R12=00000000070a9058 R13=0000000007efbbf8 R14=0000000000000001 R15=0000000007efbc10
RIP=0000000007052c07 RFL=00000206 [-----P-] CPL=0 II=0 A20=1 SMM=0 HLT=0
ES =0030 0000000000000000 ffffffff 00cf9300 DPL=0 DS   [-WA]
CS =0038 0000000000000000 ffffffff 00af9a00 DPL=0 CS64 [-R-]
SS =0030 0000000000000000 ffffffff 00cf9300 DPL=0 DS   [-WA]
DS =0030 0000000000000000 ffffffff 00cf9300 DPL=0 DS   [-WA]
FS =0030 0000000000000000 ffffffff 00cf9300 DPL=0 DS   [-WA]
GS =0030 0000000000000000 ffffffff 00cf9300 DPL=0 DS   [-WA]
LDT=0000 0000000000000000 0000ffff 00008200 DPL=0 LDT
TR =0000 0000000000000000 0000ffff 00008b00 DPL=0 TSS64-busy
GDT=     00000000079de000 00000047
IDT=     00000000074fa018 00000fff
CR0=80010033 CR2=0000000000000000 CR3=0000000007c01000 CR4=00000668
DR0=0000000000000000 DR1=0000000000000000 DR2=0000000000000000 DR3=0000000000000000 
DR6=00000000ffff0ff0 DR7=0000000000000400
CCS=0000000000000004 CCD=0000000000000000 CCO=EFLAGS
EFER=0000000000000d00
   514: v=20 e=0000 i=0 cpl=0 IP=0038:0000000007052c07 pc=0000000007052c07 SP=0030:0000000007efba60 env->regs[R_EAX]=00000000070a906f
RAX=00000000070a906f RBX=0000000000000017 RCX=00000000070a9058 RDX=0000000007efbbf8
RSI=0000000000000018 RDI=0000000000000001 RBP=0000000000000000 RSP=0000000007efba60
R8 =0000000000000018 R9 =0000000000000000 R10=0000000007f19a4d R11=0000000007059f00
R12=00000000070a9058 R13=0000000007efbbf8 R14=0000000000000001 R15=0000000007efbc10
RIP=0000000007052c07 RFL=00000206 [-----P-] CPL=0 II=0 A20=1 SMM=0 HLT=0
ES =0030 0000000000000000 ffffffff 00cf9300 DPL=0 DS   [-WA]
CS =0038 0000000000000000 ffffffff 00af9a00 DPL=0 CS64 [-R-]
SS =0030 0000000000000000 ffffffff 00cf9300 DPL=0 DS   [-WA]
DS =0030 0000000000000000 ffffffff 00cf9300 DPL=0 DS   [-WA]
FS =0030 0000000000000000 ffffffff 00cf9300 DPL=0 DS   [-WA]
GS =0030 0000000000000000 ffffffff 00cf9300 DPL=0 DS   [-WA]
LDT=0000 0000000000000000 0000ffff 00008200 DPL=0 LDT
TR =0000 0000000000000000 0000ffff 00008b00 DPL=0 TSS64-busy
GDT=     00000000079de000 00000047
IDT=     00000000074fa018 00000fff
CR0=80010033 CR2=0000000000000000 CR3=0000000007c01000 CR4=00000668
DR0=0000000000000000 DR1=0000000000000000 DR2=0000000000000000 DR3=0000000000000000 
DR6=00000000ffff0ff0 DR7=0000000000000400
CCS=0000000000000004 CCD=0000000000000000 CCO=EFLAGS
EFER=0000000000000d00
   515: v=20 e=0000 i=0 cpl=0 IP=0038:0000000007052c07 pc=0000000007052c07 SP=0030:0000000007efba60 env->regs[R_EAX]=00000000070a906f
RAX=00000000070a906f RBX=0000000000000017 RCX=00000000070a9058 RDX=0000000007efbbf8
RSI=0000000000000018 RDI=0000000000000001 RBP=0000000000000000 RSP=0000000007efba60
R8 =0000000000000018 R9 =0000000000000000 R10=0000000007f19a4d R11=0000000007059f00
R12=00000000070a9058 R13=0000000007efbbf8 R14=0000000000000001 R15=0000000007efbc10
RIP=0000000007052c07 RFL=00000206 [-----P-] CPL=0 II=0 A20=1 SMM=0 HLT=0
ES =0030 0000000000000000 ffffffff 00cf9300 DPL=0 DS   [-WA]
CS =0038 0000000000000000 ffffffff 00af9a00 DPL=0 CS64 [-R-]
SS =0030 0000000000000000 ffffffff 00cf9300 DPL=0 DS   [-WA]
DS =0030 0000000000000000 ffffffff 00cf9300 DPL=0 DS   [-WA]
FS =0030 0000000000000000 ffffffff 00cf9300 DPL=0 DS   [-WA]
GS =0030 0000000000000000 ffffffff 00cf9300 DPL=0 DS   [-WA]
LDT=0000 0000000000000000 0000ffff 00008200 DPL=0 LDT
TR =0000 0000000000000000 0000ffff 00008b00 DPL=0 TSS64-busy
GDT=     00000000079de000 00000047
IDT=     00000000074fa018 00000fff
CR0=80010033 CR2=0000000000000000 CR3=0000000007c01000 CR4=00000668
DR0=0000000000000000 DR1=0000000000000000 DR2=0000000000000000 DR3=0000000000000000 
DR6=00000000ffff0ff0 DR7=0000000000000400
CCS=0000000000000004 CCD=0000000000000000 CCO=EFLAGS
EFER=0000000000000d00
   516: v=20 e=0000 i=0 cpl=0 IP=0038:0000000007052c07 pc=0000000007052c07 SP=0030:0000000007efba60 env->regs[R_EAX]=00000000070a906f
RAX=00000000070a906f RBX=0000000000000017 RCX=00000000070a9058 RDX=0000000007efbbf8
RSI=0000000000000018 RDI=0000000000000001 RBP=0000000000000000 RSP=0000000007efba60
R8 =0000000000000018 R9 =0000000000000000 R10=0000000007f19a4d R11=0000000007059f00
R12=00000000070a9058 R13=0000000007efbbf8 R14=0000000000000001 R15=0000000007efbc10
RIP=0000000007052c07 RFL=00000206 [-----P-] CPL=0 II=0 A20=1 SMM=0 HLT=0
ES =0030 0000000000000000 ffffffff 00cf9300 DPL=0 DS   [-WA]
CS =0038 0000000000000000 ffffffff 00af9a00 DPL=0 CS64 [-R-]
SS =0030 0000000000000000 ffffffff 00cf9300 DPL=0 DS   [-WA]
DS =0030 0000000000000000 ffffffff 00cf9300 DPL=0 DS   [-WA]
FS =0030 0000000000000000 ffffffff 00cf9300 DPL=0 DS   [-WA]
GS =0030 0000000000000000 ffffffff 00cf9300 DPL=0 DS   [-WA]
LDT=0000 0000000000000000 0000ffff 00008200 DPL=0 LDT
TR =0000 0000000000000000 0000ffff 00008b00 DPL=0 TSS64-busy
GDT=     00000000079de000 00000047
IDT=     00000000074fa018 00000fff
CR0=80010033 CR2=0000000000000000 CR3=0000000007c01000 CR4=00000668
DR0=0000000000000000 DR1=0000000000000000 DR2=0000000000000000 DR3=0000000000000000 
DR6=00000000ffff0ff0 DR7=0000000000000400
CCS=0000000000000004 CCD=0000000000000000 CCO=EFLAGS
EFER=0000000000000d00
   517: v=20 e=0000 i=0 cpl=0 IP=0038:0000000007052c07 pc=0000000007052c07 SP=0030:0000000007efba60 env->regs[R_EAX]=00000000070a906f
RAX=00000000070a906f RBX=0000000000000017 RCX=00000000070a9058 RDX=0000000007efbbf8
RSI=0000000000000018 RDI=0000000000000001 RBP=0000000000000000 RSP=0000000007efba60
R8 =0000000000000018 R9 =0000000000000000 R10=0000000007f19a4d R11=0000000007059f00
R12=00000000070a9058 R13=0000000007efbbf8 R14=0000000000000001 R15=0000000007efbc10
RIP=0000000007052c07 RFL=00000206 [-----P-] CPL=0 II=0 A20=1 SMM=0 HLT=0
ES =0030 0000000000000000 ffffffff 00cf9300 DPL=0 DS   [-WA]
CS =0038 0000000000000000 ffffffff 00af9a00 DPL=0 CS64 [-R-]
SS =0030 0000000000000000 ffffffff 00cf9300 DPL=0 DS   [-WA]
DS =0030 0000000000000000 ffffffff 00cf9300 DPL=0 DS   [-WA]
FS =0030 0000000000000000 ffffffff 00cf9300 DPL=0 DS   [-WA]
GS =0030 0000000000000000 ffffffff 00cf9300 DPL=0 DS   [-WA]
LDT=0000 0000000000000000 0000ffff 00008200 DPL=0 LDT
TR =0000 0000000000000000 0000ffff 00008b00 DPL=0 TSS64-busy
GDT=     00000000079de000 00000047
IDT=     00000000074fa018 00000fff
CR0=80010033 CR2=0000000000000000 CR3=0000000007c01000 CR4=00000668
DR0=0000000000000000 DR1=0000000000000000 DR2=0000000000000000 DR3=0000000000000000 
DR6=00000000ffff0ff0 DR7=0000000000000400
CCS=0000000000000004 CCD=0000000000000000 CCO=EFLAGS
EFER=0000000000000d00
   518: v=20 e=0000 i=0 cpl=0 IP=0038:0000000007052c07 pc=0000000007052c07 SP=0030:0000000007efba60 env->regs[R_EAX]=00000000070a906f
RAX=00000000070a906f RBX=0000000000000017 RCX=00000000070a9058 RDX=0000000007efbbf8
RSI=0000000000000018 RDI=0000000000000001 RBP=0000000000000000 RSP=0000000007efba60
R8 =0000000000000018 R9 =0000000000000000 R10=0000000007f19a4d R11=0000000007059f00
R12=00000000070a9058 R13=0000000007efbbf8 R14=0000000000000001 R15=0000000007efbc10
RIP=0000000007052c07 RFL=00000206 [-----P-] CPL=0 II=0 A20=1 SMM=0 HLT=0
ES =0030 0000000000000000 ffffffff 00cf9300 DPL=0 DS   [-WA]
CS =0038 0000000000000000 ffffffff 00af9a00 DPL=0 CS64 [-R-]
SS =0030 0000000000000000 ffffffff 00cf9300 DPL=0 DS   [-WA]
DS =0030 0000000000000000 ffffffff 00cf9300 DPL=0 DS   [-WA]
FS =0030 0000000000000000 ffffffff 00cf9300 DPL=0 DS   [-WA]
GS =0030 0000000000000000 ffffffff 00cf9300 DPL=0 DS   [-WA]
LDT=0000 0000000000000000 0000ffff 00008200 DPL=0 LDT
TR =0000 0000000000000000 0000ffff 00008b00 DPL=0 TSS64-busy
GDT=     00000000079de000 00000047
IDT=     00000000074fa018 00000fff
CR0=80010033 CR2=0000000000000000 CR3=0000000007c01000 CR4=00000668
DR0=0000000000000000 DR1=0000000000000000 DR2=0000000000000000 DR3=0000000000000000 
DR6=00000000ffff0ff0 DR7=0000000000000400
CCS=0000000000000004 CCD=0000000000000000 CCO=EFLAGS
EFER=0000000000000d00
   519: v=20 e=0000 i=0 cpl=0 IP=0038:0000000007052c07 pc=0000000007052c07 SP=0030:0000000007efba60 env->regs[R_EAX]=00000000070a906f
RAX=00000000070a906f RBX=0000000000000017 RCX=00000000070a9058 RDX=0000000007efbbf8
RSI=0000000000000018 RDI=0000000000000001 RBP=0000000000000000 RSP=0000000007efba60
R8 =0000000000000018 R9 =0000000000000000 R10=0000000007f19a4d R11=0000000007059f00
R12=00000000070a9058 R13=0000000007efbbf8 R14=0000000000000001 R15=0000000007efbc10
RIP=0000000007052c07 RFL=00000206 [-----P-] CPL=0 II=0 A20=1 SMM=0 HLT=0
ES =0030 0000000000000000 ffffffff 00cf9300 DPL=0 DS   [-WA]
CS =0038 0000000000000000 ffffffff 00af9a00 DPL=0 CS64 [-R-]
SS =0030 0000000000000000 ffffffff 00cf9300 DPL=0 DS   [-WA]
DS =0030 0000000000000000 ffffffff 00cf9300 DPL=0 DS   [-WA]
FS =0030 0000000000000000 ffffffff 00cf9300 DPL=0 DS   [-WA]
GS =0030 0000000000000000 ffffffff 00cf9300 DPL=0 DS   [-WA]
LDT=0000 0000000000000000 0000ffff 00008200 DPL=0 LDT
TR =0000 0000000000000000 0000ffff 00008b00 DPL=0 TSS64-busy
GDT=     00000000079de000 00000047
IDT=     00000000074fa018 00000fff
CR0=80010033 CR2=0000000000000000 CR3=0000000007c01000 CR4=00000668
DR0=0000000000000000 DR1=0000000000000000 DR2=0000000000000000 DR3=0000000000000000 
DR6=00000000ffff0ff0 DR7=0000000000000400
CCS=0000000000000004 CCD=0000000000000000 CCO=EFLAGS
EFER=0000000000000d00
   520: v=20 e=0000 i=0 cpl=0 IP=0038:0000000007052c07 pc=0000000007052c07 SP=0030:0000000007efba60 env->regs[R_EAX]=00000000070a906f
RAX=00000000070a906f RBX=0000000000000017 RCX=00000000070a9058 RDX=0000000007efbbf8
RSI=0000000000000018 RDI=0000000000000001 RBP=0000000000000000 RSP=0000000007efba60
R8 =0000000000000018 R9 =0000000000000000 R10=0000000007f19a4d R11=0000000007059f00
R12=00000000070a9058 R13=0000000007efbbf8 R14=0000000000000001 R15=0000000007efbc10
RIP=0000000007052c07 RFL=00000206 [-----P-] CPL=0 II=0 A20=1 SMM=0 HLT=0
ES =0030 0000000000000000 ffffffff 00cf9300 DPL=0 DS   [-WA]
CS =0038 0000000000000000 ffffffff 00af9a00 DPL=0 CS64 [-R-]
SS =0030 0000000000000000 ffffffff 00cf9300 DPL=0 DS   [-WA]
DS =0030 0000000000000000 ffffffff 00cf9300 DPL=0 DS   [-WA]
FS =0030 0000000000000000 ffffffff 00cf9300 DPL=0 DS   [-WA]
GS =0030 0000000000000000 ffffffff 00cf9300 DPL=0 DS   [-WA]
LDT=0000 0000000000000000 0000ffff 00008200 DPL=0 LDT
TR =0000 0000000000000000 0000ffff 00008b00 DPL=0 TSS64-busy
GDT=     00000000079de000 00000047
IDT=     00000000074fa018 00000fff
CR0=80010033 CR2=0000000000000000 CR3=0000000007c01000 CR4=00000668
DR0=0000000000000000 DR1=0000000000000000 DR2=0000000000000000 DR3=0000000000000000 
DR6=00000000ffff0ff0 DR7=0000000000000400
CCS=0000000000000004 CCD=0000000000000000 CCO=EFLAGS
EFER=0000000000000d00
   521: v=20 e=0000 i=0 cpl=0 IP=0038:0000000007052c07 pc=0000000007052c07 SP=0030:0000000007efba60 env->regs[R_EAX]=00000000070a906f
RAX=00000000070a906f RBX=0000000000000017 RCX=00000000070a9058 RDX=0000000007efbbf8
RSI=0000000000000018 RDI=0000000000000001 RBP=0000000000000000 RSP=0000000007efba60
R8 =0000000000000018 R9 =0000000000000000 R10=0000000007f19a4d R11=0000000007059f00
R12=00000000070a9058 R13=0000000007efbbf8 R14=0000000000000001 R15=0000000007efbc10
RIP=0000000007052c07 RFL=00000206 [-----P-] CPL=0 II=0 A20=1 SMM=0 HLT=0
ES =0030 0000000000000000 ffffffff 00cf9300 DPL=0 DS   [-WA]
CS =0038 0000000000000000 ffffffff 00af9a00 DPL=0 CS64 [-R-]
SS =0030 0000000000000000 ffffffff 00cf9300 DPL=0 DS   [-WA]
DS =0030 0000000000000000 ffffffff 00cf9300 DPL=0 DS   [-WA]
FS =0030 0000000000000000 ffffffff 00cf9300 DPL=0 DS   [-WA]
GS =0030 0000000000000000 ffffffff 00cf9300 DPL=0 DS   [-WA]
LDT=0000 0000000000000000 0000ffff 00008200 DPL=0 LDT
TR =0000 0000000000000000 0000ffff 00008b00 DPL=0 TSS64-busy
GDT=     00000000079de000 00000047
IDT=     00000000074fa018 00000fff
CR0=80010033 CR2=0000000000000000 CR3=0000000007c01000 CR4=00000668
DR0=0000000000000000 DR1=0000000000000000 DR2=0000000000000000 DR3=0000000000000000 
DR6=00000000ffff0ff0 DR7=0000000000000400
CCS=0000000000000004 CCD=0000000000000000 CCO=EFLAGS
EFER=0000000000000d00
   522: v=20 e=0000 i=0 cpl=0 IP=0038:0000000007052c07 pc=0000000007052c07 SP=0030:0000000007efba60 env->regs[R_EAX]=00000000070a906f
RAX=00000000070a906f RBX=0000000000000017 RCX=00000000070a9058 RDX=0000000007efbbf8
RSI=0000000000000018 RDI=0000000000000001 RBP=0000000000000000 RSP=0000000007efba60
R8 =0000000000000018 R9 =0000000000000000 R10=0000000007f19a4d R11=0000000007059f00
R12=00000000070a9058 R13=0000000007efbbf8 R14=0000000000000001 R15=0000000007efbc10
RIP=0000000007052c07 RFL=00000206 [-----P-] CPL=0 II=0 A20=1 SMM=0 HLT=0
ES =0030 0000000000000000 ffffffff 00cf9300 DPL=0 DS   [-WA]
CS =0038 0000000000000000 ffffffff 00af9a00 DPL=0 CS64 [-R-]
SS =0030 0000000000000000 ffffffff 00cf9300 DPL=0 DS   [-WA]
DS =0030 0000000000000000 ffffffff 00cf9300 DPL=0 DS   [-WA]
FS =0030 0000000000000000 ffffffff 00cf9300 DPL=0 DS   [-WA]
GS =0030 0000000000000000 ffffffff 00cf9300 DPL=0 DS   [-WA]
LDT=0000 0000000000000000 0000ffff 00008200 DPL=0 LDT
TR =0000 0000000000000000 0000ffff 00008b00 DPL=0 TSS64-busy
GDT=     00000000079de000 00000047
IDT=     00000000074fa018 00000fff
CR0=80010033 CR2=0000000000000000 CR3=0000000007c01000 CR4=00000668
DR0=0000000000000000 DR1=0000000000000000 DR2=0000000000000000 DR3=0000000000000000 
DR6=00000000ffff0ff0 DR7=0000000000000400
CCS=0000000000000004 CCD=0000000000000000 CCO=EFLAGS
EFER=0000000000000d00
   523: v=20 e=0000 i=0 cpl=0 IP=0038:0000000007052c07 pc=0000000007052c07 SP=0030:0000000007efba60 env->regs[R_EAX]=00000000070a906f
RAX=00000000070a906f RBX=0000000000000017 RCX=00000000070a9058 RDX=0000000007efbbf8
RSI=0000000000000018 RDI=0000000000000001 RBP=0000000000000000 RSP=0000000007efba60
R8 =0000000000000018 R9 =0000000000000000 R10=0000000007f19a4d R11=0000000007059f00
R12=00000000070a9058 R13=0000000007efbbf8 R14=0000000000000001 R15=0000000007efbc10
RIP=0000000007052c07 RFL=00000206 [-----P-] CPL=0 II=0 A20=1 SMM=0 HLT=0
ES =0030 0000000000000000 ffffffff 00cf9300 DPL=0 DS   [-WA]
CS =0038 0000000000000000 ffffffff 00af9a00 DPL=0 CS64 [-R-]
SS =0030 0000000000000000 ffffffff 00cf9300 DPL=0 DS   [-WA]
DS =0030 0000000000000000 ffffffff 00cf9300 DPL=0 DS   [-WA]
FS =0030 0000000000000000 ffffffff 00cf9300 DPL=0 DS   [-WA]
GS =0030 0000000000000000 ffffffff 00cf9300 DPL=0 DS   [-WA]
LDT=0000 0000000000000000 0000ffff 00008200 DPL=0 LDT
TR =0000 0000000000000000 0000ffff 00008b00 DPL=0 TSS64-busy
GDT=     00000000079de000 00000047
IDT=     00000000074fa018 00000fff
CR0=80010033 CR2=0000000000000000 CR3=0000000007c01000 CR4=00000668
DR0=0000000000000000 DR1=0000000000000000 DR2=0000000000000000 DR3=0000000000000000 
DR6=00000000ffff0ff0 DR7=0000000000000400
CCS=0000000000000004 CCD=0000000000000000 CCO=EFLAGS
EFER=0000000000000d00
   524: v=20 e=0000 i=0 cpl=0 IP=0038:0000000007052c07 pc=0000000007052c07 SP=0030:0000000007efba60 env->regs[R_EAX]=00000000070a906f
RAX=00000000070a906f RBX=0000000000000017 RCX=00000000070a9058 RDX=0000000007efbbf8
RSI=0000000000000018 RDI=0000000000000001 RBP=0000000000000000 RSP=0000000007efba60
R8 =0000000000000018 R9 =0000000000000000 R10=0000000007f19a4d R11=0000000007059f00
R12=00000000070a9058 R13=0000000007efbbf8 R14=0000000000000001 R15=0000000007efbc10
RIP=0000000007052c07 RFL=00000206 [-----P-] CPL=0 II=0 A20=1 SMM=0 HLT=0
ES =0030 0000000000000000 ffffffff 00cf9300 DPL=0 DS   [-WA]
CS =0038 0000000000000000 ffffffff 00af9a00 DPL=0 CS64 [-R-]
SS =0030 0000000000000000 ffffffff 00cf9300 DPL=0 DS   [-WA]
DS =0030 0000000000000000 ffffffff 00cf9300 DPL=0 DS   [-WA]
FS =0030 0000000000000000 ffffffff 00cf9300 DPL=0 DS   [-WA]
GS =0030 0000000000000000 ffffffff 00cf9300 DPL=0 DS   [-WA]
LDT=0000 0000000000000000 0000ffff 00008200 DPL=0 LDT
TR =0000 0000000000000000 0000ffff 00008b00 DPL=0 TSS64-busy
GDT=     00000000079de000 00000047
IDT=     00000000074fa018 00000fff
CR0=80010033 CR2=0000000000000000 CR3=0000000007c01000 CR4=00000668
DR0=0000000000000000 DR1=0000000000000000 DR2=0000000000000000 DR3=0000000000000000 
DR6=00000000ffff0ff0 DR7=0000000000000400
CCS=0000000000000004 CCD=0000000000000000 CCO=EFLAGS
EFER=0000000000000d00
   525: v=20 e=0000 i=0 cpl=0 IP=0038:0000000007052c07 pc=0000000007052c07 SP=0030:0000000007efba60 env->regs[R_EAX]=00000000070a906f
RAX=00000000070a906f RBX=0000000000000017 RCX=00000000070a9058 RDX=0000000007efbbf8
RSI=0000000000000018 RDI=0000000000000001 RBP=0000000000000000 RSP=0000000007efba60
R8 =0000000000000018 R9 =0000000000000000 R10=0000000007f19a4d R11=0000000007059f00
R12=00000000070a9058 R13=0000000007efbbf8 R14=0000000000000001 R15=0000000007efbc10
RIP=0000000007052c07 RFL=00000206 [-----P-] CPL=0 II=0 A20=1 SMM=0 HLT=0
ES =0030 0000000000000000 ffffffff 00cf9300 DPL=0 DS   [-WA]
CS =0038 0000000000000000 ffffffff 00af9a00 DPL=0 CS64 [-R-]
SS =0030 0000000000000000 ffffffff 00cf9300 DPL=0 DS   [-WA]
DS =0030 0000000000000000 ffffffff 00cf9300 DPL=0 DS   [-WA]
FS =0030 0000000000000000 ffffffff 00cf9300 DPL=0 DS   [-WA]
GS =0030 0000000000000000 ffffffff 00cf9300 DPL=0 DS   [-WA]
LDT=0000 0000000000000000 0000ffff 00008200 DPL=0 LDT
TR =0000 0000000000000000 0000ffff 00008b00 DPL=0 TSS64-busy
GDT=     00000000079de000 00000047
IDT=     00000000074fa018 00000fff
CR0=80010033 CR2=0000000000000000 CR3=0000000007c01000 CR4=00000668
DR0=0000000000000000 DR1=0000000000000000 DR2=0000000000000000 DR3=0000000000000000 
DR6=00000000ffff0ff0 DR7=0000000000000400
CCS=0000000000000004 CCD=0000000000000000 CCO=EFLAGS
EFER=0000000000000d00
   526: v=20 e=0000 i=0 cpl=0 IP=0038:0000000007052c07 pc=0000000007052c07 SP=0030:0000000007efba60 env->regs[R_EAX]=00000000070a906f
RAX=00000000070a906f RBX=0000000000000017 RCX=00000000070a9058 RDX=0000000007efbbf8
RSI=0000000000000018 RDI=0000000000000001 RBP=0000000000000000 RSP=0000000007efba60
R8 =0000000000000018 R9 =0000000000000000 R10=0000000007f19a4d R11=0000000007059f00
R12=00000000070a9058 R13=0000000007efbbf8 R14=0000000000000001 R15=0000000007efbc10
RIP=0000000007052c07 RFL=00000206 [-----P-] CPL=0 II=0 A20=1 SMM=0 HLT=0
ES =0030 0000000000000000 ffffffff 00cf9300 DPL=0 DS   [-WA]
CS =0038 0000000000000000 ffffffff 00af9a00 DPL=0 CS64 [-R-]
SS =0030 0000000000000000 ffffffff 00cf9300 DPL=0 DS   [-WA]
DS =0030 0000000000000000 ffffffff 00cf9300 DPL=0 DS   [-WA]
FS =0030 0000000000000000 ffffffff 00cf9300 DPL=0 DS   [-WA]
GS =0030 0000000000000000 ffffffff 00cf9300 DPL=0 DS   [-WA]
LDT=0000 0000000000000000 0000ffff 00008200 DPL=0 LDT
TR =0000 0000000000000000 0000ffff 00008b00 DPL=0 TSS64-busy
GDT=     00000000079de000 00000047
IDT=     00000000074fa018 00000fff
CR0=80010033 CR2=0000000000000000 CR3=0000000007c01000 CR4=00000668
DR0=0000000000000000 DR1=0000000000000000 DR2=0000000000000000 DR3=0000000000000000 
DR6=00000000ffff0ff0 DR7=0000000000000400
CCS=0000000000000004 CCD=0000000000000000 CCO=EFLAGS
EFER=0000000000000d00
   527: v=20 e=0000 i=0 cpl=0 IP=0038:0000000007052c07 pc=0000000007052c07 SP=0030:0000000007efba60 env->regs[R_EAX]=00000000070a906f
RAX=00000000070a906f RBX=0000000000000017 RCX=00000000070a9058 RDX=0000000007efbbf8
RSI=0000000000000018 RDI=0000000000000001 RBP=0000000000000000 RSP=0000000007efba60
R8 =0000000000000018 R9 =0000000000000000 R10=0000000007f19a4d R11=0000000007059f00
R12=00000000070a9058 R13=0000000007efbbf8 R14=0000000000000001 R15=0000000007efbc10
RIP=0000000007052c07 RFL=00000206 [-----P-] CPL=0 II=0 A20=1 SMM=0 HLT=0
ES =0030 0000000000000000 ffffffff 00cf9300 DPL=0 DS   [-WA]
CS =0038 0000000000000000 ffffffff 00af9a00 DPL=0 CS64 [-R-]
SS =0030 0000000000000000 ffffffff 00cf9300 DPL=0 DS   [-WA]
DS =0030 0000000000000000 ffffffff 00cf9300 DPL=0 DS   [-WA]
FS =0030 0000000000000000 ffffffff 00cf9300 DPL=0 DS   [-WA]
GS =0030 0000000000000000 ffffffff 00cf9300 DPL=0 DS   [-WA]
LDT=0000 0000000000000000 0000ffff 00008200 DPL=0 LDT
TR =0000 0000000000000000 0000ffff 00008b00 DPL=0 TSS64-busy
GDT=     00000000079de000 00000047
IDT=     00000000074fa018 00000fff
CR0=80010033 CR2=0000000000000000 CR3=0000000007c01000 CR4=00000668
DR0=0000000000000000 DR1=0000000000000000 DR2=0000000000000000 DR3=0000000000000000 
DR6=00000000ffff0ff0 DR7=0000000000000400
CCS=0000000000000004 CCD=0000000000000000 CCO=EFLAGS
EFER=0000000000000d00
   528: v=20 e=0000 i=0 cpl=0 IP=0038:0000000007052c07 pc=0000000007052c07 SP=0030:0000000007efba60 env->regs[R_EAX]=00000000070a906f
RAX=00000000070a906f RBX=0000000000000017 RCX=00000000070a9058 RDX=0000000007efbbf8
RSI=0000000000000018 RDI=0000000000000001 RBP=0000000000000000 RSP=0000000007efba60
R8 =0000000000000018 R9 =0000000000000000 R10=0000000007f19a4d R11=0000000007059f00
R12=00000000070a9058 R13=0000000007efbbf8 R14=0000000000000001 R15=0000000007efbc10
RIP=0000000007052c07 RFL=00000206 [-----P-] CPL=0 II=0 A20=1 SMM=0 HLT=0
ES =0030 0000000000000000 ffffffff 00cf9300 DPL=0 DS   [-WA]
CS =0038 0000000000000000 ffffffff 00af9a00 DPL=0 CS64 [-R-]
SS =0030 0000000000000000 ffffffff 00cf9300 DPL=0 DS   [-WA]
DS =0030 0000000000000000 ffffffff 00cf9300 DPL=0 DS   [-WA]
FS =0030 0000000000000000 ffffffff 00cf9300 DPL=0 DS   [-WA]
GS =0030 0000000000000000 ffffffff 00cf9300 DPL=0 DS   [-WA]
LDT=0000 0000000000000000 0000ffff 00008200 DPL=0 LDT
TR =0000 0000000000000000 0000ffff 00008b00 DPL=0 TSS64-busy
GDT=     00000000079de000 00000047
IDT=     00000000074fa018 00000fff
CR0=80010033 CR2=0000000000000000 CR3=0000000007c01000 CR4=00000668
DR0=0000000000000000 DR1=0000000000000000 DR2=0000000000000000 DR3=0000000000000000 
DR6=00000000ffff0ff0 DR7=0000000000000400
CCS=0000000000000004 CCD=0000000000000000 CCO=EFLAGS
EFER=0000000000000d00
   529: v=20 e=0000 i=0 cpl=0 IP=0038:0000000007052c07 pc=0000000007052c07 SP=0030:0000000007efba60 env->regs[R_EAX]=00000000070a906f
RAX=00000000070a906f RBX=0000000000000017 RCX=00000000070a9058 RDX=0000000007efbbf8
RSI=0000000000000018 RDI=0000000000000001 RBP=0000000000000000 RSP=0000000007efba60
R8 =0000000000000018 R9 =0000000000000000 R10=0000000007f19a4d R11=0000000007059f00
R12=00000000070a9058 R13=0000000007efbbf8 R14=0000000000000001 R15=0000000007efbc10
RIP=0000000007052c07 RFL=00000206 [-----P-] CPL=0 II=0 A20=1 SMM=0 HLT=0
ES =0030 0000000000000000 ffffffff 00cf9300 DPL=0 DS   [-WA]
CS =0038 0000000000000000 ffffffff 00af9a00 DPL=0 CS64 [-R-]
SS =0030 0000000000000000 ffffffff 00cf9300 DPL=0 DS   [-WA]
DS =0030 0000000000000000 ffffffff 00cf9300 DPL=0 DS   [-WA]
FS =0030 0000000000000000 ffffffff 00cf9300 DPL=0 DS   [-WA]
GS =0030 0000000000000000 ffffffff 00cf9300 DPL=0 DS   [-WA]
LDT=0000 0000000000000000 0000ffff 00008200 DPL=0 LDT
TR =0000 0000000000000000 0000ffff 00008b00 DPL=0 TSS64-busy
GDT=     00000000079de000 00000047
IDT=     00000000074fa018 00000fff
CR0=80010033 CR2=0000000000000000 CR3=0000000007c01000 CR4=00000668
DR0=0000000000000000 DR1=0000000000000000 DR2=0000000000000000 DR3=0000000000000000 
DR6=00000000ffff0ff0 DR7=0000000000000400
CCS=0000000000000004 CCD=0000000000000000 CCO=EFLAGS
EFER=0000000000000d00
   530: v=20 e=0000 i=0 cpl=0 IP=0038:0000000007052c07 pc=0000000007052c07 SP=0030:0000000007efba60 env->regs[R_EAX]=00000000070a906f
RAX=00000000070a906f RBX=0000000000000017 RCX=00000000070a9058 RDX=0000000007efbbf8
RSI=0000000000000018 RDI=0000000000000001 RBP=0000000000000000 RSP=0000000007efba60
R8 =0000000000000018 R9 =0000000000000000 R10=0000000007f19a4d R11=0000000007059f00
R12=00000000070a9058 R13=0000000007efbbf8 R14=0000000000000001 R15=0000000007efbc10
RIP=0000000007052c07 RFL=00000206 [-----P-] CPL=0 II=0 A20=1 SMM=0 HLT=0
ES =0030 0000000000000000 ffffffff 00cf9300 DPL=0 DS   [-WA]
CS =0038 0000000000000000 ffffffff 00af9a00 DPL=0 CS64 [-R-]
SS =0030 0000000000000000 ffffffff 00cf9300 DPL=0 DS   [-WA]
DS =0030 0000000000000000 ffffffff 00cf9300 DPL=0 DS   [-WA]
FS =0030 0000000000000000 ffffffff 00cf9300 DPL=0 DS   [-WA]
GS =0030 0000000000000000 ffffffff 00cf9300 DPL=0 DS   [-WA]
LDT=0000 0000000000000000 0000ffff 00008200 DPL=0 LDT
TR =0000 0000000000000000 0000ffff 00008b00 DPL=0 TSS64-busy
GDT=     00000000079de000 00000047
IDT=     00000000074fa018 00000fff
CR0=80010033 CR2=0000000000000000 CR3=0000000007c01000 CR4=00000668
DR0=0000000000000000 DR1=0000000000000000 DR2=0000000000000000 DR3=0000000000000000 
DR6=00000000ffff0ff0 DR7=0000000000000400
CCS=0000000000000004 CCD=0000000000000000 CCO=EFLAGS
EFER=0000000000000d00
   531: v=20 e=0000 i=0 cpl=0 IP=0038:0000000007052c07 pc=0000000007052c07 SP=0030:0000000007efba60 env->regs[R_EAX]=00000000070a906f
RAX=00000000070a906f RBX=0000000000000017 RCX=00000000070a9058 RDX=0000000007efbbf8
RSI=0000000000000018 RDI=0000000000000001 RBP=0000000000000000 RSP=0000000007efba60
R8 =0000000000000018 R9 =0000000000000000 R10=0000000007f19a4d R11=0000000007059f00
R12=00000000070a9058 R13=0000000007efbbf8 R14=0000000000000001 R15=0000000007efbc10
RIP=0000000007052c07 RFL=00000206 [-----P-] CPL=0 II=0 A20=1 SMM=0 HLT=0
ES =0030 0000000000000000 ffffffff 00cf9300 DPL=0 DS   [-WA]
CS =0038 0000000000000000 ffffffff 00af9a00 DPL=0 CS64 [-R-]
SS =0030 0000000000000000 ffffffff 00cf9300 DPL=0 DS   [-WA]
DS =0030 0000000000000000 ffffffff 00cf9300 DPL=0 DS   [-WA]
FS =0030 0000000000000000 ffffffff 00cf9300 DPL=0 DS   [-WA]
GS =0030 0000000000000000 ffffffff 00cf9300 DPL=0 DS   [-WA]
LDT=0000 0000000000000000 0000ffff 00008200 DPL=0 LDT
TR =0000 0000000000000000 0000ffff 00008b00 DPL=0 TSS64-busy
GDT=     00000000079de000 00000047
IDT=     00000000074fa018 00000fff
CR0=80010033 CR2=0000000000000000 CR3=0000000007c01000 CR4=00000668
DR0=0000000000000000 DR1=0000000000000000 DR2=0000000000000000 DR3=0000000000000000 
DR6=00000000ffff0ff0 DR7=0000000000000400
CCS=0000000000000004 CCD=0000000000000000 CCO=EFLAGS
EFER=0000000000000d00
   532: v=20 e=0000 i=0 cpl=0 IP=0038:0000000007052c07 pc=0000000007052c07 SP=0030:0000000007efba60 env->regs[R_EAX]=00000000070a906f
RAX=00000000070a906f RBX=0000000000000017 RCX=00000000070a9058 RDX=0000000007efbbf8
RSI=0000000000000018 RDI=0000000000000001 RBP=0000000000000000 RSP=0000000007efba60
R8 =0000000000000018 R9 =0000000000000000 R10=0000000007f19a4d R11=0000000007059f00
R12=00000000070a9058 R13=0000000007efbbf8 R14=0000000000000001 R15=0000000007efbc10
RIP=0000000007052c07 RFL=00000206 [-----P-] CPL=0 II=0 A20=1 SMM=0 HLT=0
ES =0030 0000000000000000 ffffffff 00cf9300 DPL=0 DS   [-WA]
CS =0038 0000000000000000 ffffffff 00af9a00 DPL=0 CS64 [-R-]
SS =0030 0000000000000000 ffffffff 00cf9300 DPL=0 DS   [-WA]
DS =0030 0000000000000000 ffffffff 00cf9300 DPL=0 DS   [-WA]
FS =0030 0000000000000000 ffffffff 00cf9300 DPL=0 DS   [-WA]
GS =0030 0000000000000000 ffffffff 00cf9300 DPL=0 DS   [-WA]
LDT=0000 0000000000000000 0000ffff 00008200 DPL=0 LDT
TR =0000 0000000000000000 0000ffff 00008b00 DPL=0 TSS64-busy
GDT=     00000000079de000 00000047
IDT=     00000000074fa018 00000fff
CR0=80010033 CR2=0000000000000000 CR3=0000000007c01000 CR4=00000668
DR0=0000000000000000 DR1=0000000000000000 DR2=0000000000000000 DR3=0000000000000000 
DR6=00000000ffff0ff0 DR7=0000000000000400
CCS=0000000000000004 CCD=0000000000000000 CCO=EFLAGS
EFER=0000000000000d00
   533: v=20 e=0000 i=0 cpl=0 IP=0038:0000000007052c07 pc=0000000007052c07 SP=0030:0000000007efba60 env->regs[R_EAX]=00000000070a906f
RAX=00000000070a906f RBX=0000000000000017 RCX=00000000070a9058 RDX=0000000007efbbf8
RSI=0000000000000018 RDI=0000000000000001 RBP=0000000000000000 RSP=0000000007efba60
R8 =0000000000000018 R9 =0000000000000000 R10=0000000007f19a4d R11=0000000007059f00
R12=00000000070a9058 R13=0000000007efbbf8 R14=0000000000000001 R15=0000000007efbc10
RIP=0000000007052c07 RFL=00000206 [-----P-] CPL=0 II=0 A20=1 SMM=0 HLT=0
ES =0030 0000000000000000 ffffffff 00cf9300 DPL=0 DS   [-WA]
CS =0038 0000000000000000 ffffffff 00af9a00 DPL=0 CS64 [-R-]
SS =0030 0000000000000000 ffffffff 00cf9300 DPL=0 DS   [-WA]
DS =0030 0000000000000000 ffffffff 00cf9300 DPL=0 DS   [-WA]
FS =0030 0000000000000000 ffffffff 00cf9300 DPL=0 DS   [-WA]
GS =0030 0000000000000000 ffffffff 00cf9300 DPL=0 DS   [-WA]
LDT=0000 0000000000000000 0000ffff 00008200 DPL=0 LDT
TR =0000 0000000000000000 0000ffff 00008b00 DPL=0 TSS64-busy
GDT=     00000000079de000 00000047
IDT=     00000000074fa018 00000fff
CR0=80010033 CR2=0000000000000000 CR3=0000000007c01000 CR4=00000668
DR0=0000000000000000 DR1=0000000000000000 DR2=0000000000000000 DR3=0000000000000000 
DR6=00000000ffff0ff0 DR7=0000000000000400
CCS=0000000000000004 CCD=0000000000000000 CCO=EFLAGS
EFER=0000000000000d00
   534: v=20 e=0000 i=0 cpl=0 IP=0038:0000000007052c07 pc=0000000007052c07 SP=0030:0000000007efba60 env->regs[R_EAX]=00000000070a906f
RAX=00000000070a906f RBX=0000000000000017 RCX=00000000070a9058 RDX=0000000007efbbf8
RSI=0000000000000018 RDI=0000000000000001 RBP=0000000000000000 RSP=0000000007efba60
R8 =0000000000000018 R9 =0000000000000000 R10=0000000007f19a4d R11=0000000007059f00
R12=00000000070a9058 R13=0000000007efbbf8 R14=0000000000000001 R15=0000000007efbc10
RIP=0000000007052c07 RFL=00000206 [-----P-] CPL=0 II=0 A20=1 SMM=0 HLT=0
ES =0030 0000000000000000 ffffffff 00cf9300 DPL=0 DS   [-WA]
CS =0038 0000000000000000 ffffffff 00af9a00 DPL=0 CS64 [-R-]
SS =0030 0000000000000000 ffffffff 00cf9300 DPL=0 DS   [-WA]
DS =0030 0000000000000000 ffffffff 00cf9300 DPL=0 DS   [-WA]
FS =0030 0000000000000000 ffffffff 00cf9300 DPL=0 DS   [-WA]
GS =0030 0000000000000000 ffffffff 00cf9300 DPL=0 DS   [-WA]
LDT=0000 0000000000000000 0000ffff 00008200 DPL=0 LDT
TR =0000 0000000000000000 0000ffff 00008b00 DPL=0 TSS64-busy
GDT=     00000000079de000 00000047
IDT=     00000000074fa018 00000fff
CR0=80010033 CR2=0000000000000000 CR3=0000000007c01000 CR4=00000668
DR0=0000000000000000 DR1=0000000000000000 DR2=0000000000000000 DR3=0000000000000000 
DR6=00000000ffff0ff0 DR7=0000000000000400
CCS=0000000000000004 CCD=0000000000000000 CCO=EFLAGS
EFER=0000000000000d00
   535: v=20 e=0000 i=0 cpl=0 IP=0038:0000000007052c07 pc=0000000007052c07 SP=0030:0000000007efba60 env->regs[R_EAX]=00000000070a906f
RAX=00000000070a906f RBX=0000000000000017 RCX=00000000070a9058 RDX=0000000007efbbf8
RSI=0000000000000018 RDI=0000000000000001 RBP=0000000000000000 RSP=0000000007efba60
R8 =0000000000000018 R9 =0000000000000000 R10=0000000007f19a4d R11=0000000007059f00
R12=00000000070a9058 R13=0000000007efbbf8 R14=0000000000000001 R15=0000000007efbc10
RIP=0000000007052c07 RFL=00000206 [-----P-] CPL=0 II=0 A20=1 SMM=0 HLT=0
ES =0030 0000000000000000 ffffffff 00cf9300 DPL=0 DS   [-WA]
CS =0038 0000000000000000 ffffffff 00af9a00 DPL=0 CS64 [-R-]
SS =0030 0000000000000000 ffffffff 00cf9300 DPL=0 DS   [-WA]
DS =0030 0000000000000000 ffffffff 00cf9300 DPL=0 DS   [-WA]
FS =0030 0000000000000000 ffffffff 00cf9300 DPL=0 DS   [-WA]
GS =0030 0000000000000000 ffffffff 00cf9300 DPL=0 DS   [-WA]
LDT=0000 0000000000000000 0000ffff 00008200 DPL=0 LDT
TR =0000 0000000000000000 0000ffff 00008b00 DPL=0 TSS64-busy
GDT=     00000000079de000 00000047
IDT=     00000000074fa018 00000fff
CR0=80010033 CR2=0000000000000000 CR3=0000000007c01000 CR4=00000668
DR0=0000000000000000 DR1=0000000000000000 DR2=0000000000000000 DR3=0000000000000000 
DR6=00000000ffff0ff0 DR7=0000000000000400
CCS=0000000000000004 CCD=0000000000000000 CCO=EFLAGS
EFER=0000000000000d00
   536: v=20 e=0000 i=0 cpl=0 IP=0038:0000000007052c07 pc=0000000007052c07 SP=0030:0000000007efba60 env->regs[R_EAX]=00000000070a906f
RAX=00000000070a906f RBX=0000000000000017 RCX=00000000070a9058 RDX=0000000007efbbf8
RSI=0000000000000018 RDI=0000000000000001 RBP=0000000000000000 RSP=0000000007efba60
R8 =0000000000000018 R9 =0000000000000000 R10=0000000007f19a4d R11=0000000007059f00
R12=00000000070a9058 R13=0000000007efbbf8 R14=0000000000000001 R15=0000000007efbc10
RIP=0000000007052c07 RFL=00000206 [-----P-] CPL=0 II=0 A20=1 SMM=0 HLT=0
ES =0030 0000000000000000 ffffffff 00cf9300 DPL=0 DS   [-WA]
CS =0038 0000000000000000 ffffffff 00af9a00 DPL=0 CS64 [-R-]
SS =0030 0000000000000000 ffffffff 00cf9300 DPL=0 DS   [-WA]
DS =0030 0000000000000000 ffffffff 00cf9300 DPL=0 DS   [-WA]
FS =0030 0000000000000000 ffffffff 00cf9300 DPL=0 DS   [-WA]
GS =0030 0000000000000000 ffffffff 00cf9300 DPL=0 DS   [-WA]
LDT=0000 0000000000000000 0000ffff 00008200 DPL=0 LDT
TR =0000 0000000000000000 0000ffff 00008b00 DPL=0 TSS64-busy
GDT=     00000000079de000 00000047
IDT=     00000000074fa018 00000fff
CR0=80010033 CR2=0000000000000000 CR3=0000000007c01000 CR4=00000668
DR0=0000000000000000 DR1=0000000000000000 DR2=0000000000000000 DR3=0000000000000000 
DR6=00000000ffff0ff0 DR7=0000000000000400
CCS=0000000000000004 CCD=0000000000000000 CCO=EFLAGS
EFER=0000000000000d00
   537: v=20 e=0000 i=0 cpl=0 IP=0038:0000000007052c07 pc=0000000007052c07 SP=0030:0000000007efba60 env->regs[R_EAX]=00000000070a906f
RAX=00000000070a906f RBX=0000000000000017 RCX=00000000070a9058 RDX=0000000007efbbf8
RSI=0000000000000018 RDI=0000000000000001 RBP=0000000000000000 RSP=0000000007efba60
R8 =0000000000000018 R9 =0000000000000000 R10=0000000007f19a4d R11=0000000007059f00
R12=00000000070a9058 R13=0000000007efbbf8 R14=0000000000000001 R15=0000000007efbc10
RIP=0000000007052c07 RFL=00000206 [-----P-] CPL=0 II=0 A20=1 SMM=0 HLT=0
ES =0030 0000000000000000 ffffffff 00cf9300 DPL=0 DS   [-WA]
CS =0038 0000000000000000 ffffffff 00af9a00 DPL=0 CS64 [-R-]
SS =0030 0000000000000000 ffffffff 00cf9300 DPL=0 DS   [-WA]
DS =0030 0000000000000000 ffffffff 00cf9300 DPL=0 DS   [-WA]
FS =0030 0000000000000000 ffffffff 00cf9300 DPL=0 DS   [-WA]
GS =0030 0000000000000000 ffffffff 00cf9300 DPL=0 DS   [-WA]
LDT=0000 0000000000000000 0000ffff 00008200 DPL=0 LDT
TR =0000 0000000000000000 0000ffff 00008b00 DPL=0 TSS64-busy
GDT=     00000000079de000 00000047
IDT=     00000000074fa018 00000fff
CR0=80010033 CR2=0000000000000000 CR3=0000000007c01000 CR4=00000668
DR0=0000000000000000 DR1=0000000000000000 DR2=0000000000000000 DR3=0000000000000000 
DR6=00000000ffff0ff0 DR7=0000000000000400
CCS=0000000000000004 CCD=0000000000000000 CCO=EFLAGS
EFER=0000000000000d00
   538: v=20 e=0000 i=0 cpl=0 IP=0038:0000000007052c07 pc=0000000007052c07 SP=0030:0000000007efba60 env->regs[R_EAX]=00000000070a906f
RAX=00000000070a906f RBX=0000000000000017 RCX=00000000070a9058 RDX=0000000007efbbf8
RSI=0000000000000018 RDI=0000000000000001 RBP=0000000000000000 RSP=0000000007efba60
R8 =0000000000000018 R9 =0000000000000000 R10=0000000007f19a4d R11=0000000007059f00
R12=00000000070a9058 R13=0000000007efbbf8 R14=0000000000000001 R15=0000000007efbc10
RIP=0000000007052c07 RFL=00000206 [-----P-] CPL=0 II=0 A20=1 SMM=0 HLT=0
ES =0030 0000000000000000 ffffffff 00cf9300 DPL=0 DS   [-WA]
CS =0038 0000000000000000 ffffffff 00af9a00 DPL=0 CS64 [-R-]
SS =0030 0000000000000000 ffffffff 00cf9300 DPL=0 DS   [-WA]
DS =0030 0000000000000000 ffffffff 00cf9300 DPL=0 DS   [-WA]
FS =0030 0000000000000000 ffffffff 00cf9300 DPL=0 DS   [-WA]
GS =0030 0000000000000000 ffffffff 00cf9300 DPL=0 DS   [-WA]
LDT=0000 0000000000000000 0000ffff 00008200 DPL=0 LDT
TR =0000 0000000000000000 0000ffff 00008b00 DPL=0 TSS64-busy
GDT=     00000000079de000 00000047
IDT=     00000000074fa018 00000fff
CR0=80010033 CR2=0000000000000000 CR3=0000000007c01000 CR4=00000668
DR0=0000000000000000 DR1=0000000000000000 DR2=0000000000000000 DR3=0000000000000000 
DR6=00000000ffff0ff0 DR7=0000000000000400
CCS=0000000000000004 CCD=0000000000000000 CCO=EFLAGS
EFER=0000000000000d00
   539: v=20 e=0000 i=0 cpl=0 IP=0038:0000000007052c07 pc=0000000007052c07 SP=0030:0000000007efba60 env->regs[R_EAX]=00000000070a906f
RAX=00000000070a906f RBX=0000000000000017 RCX=00000000070a9058 RDX=0000000007efbbf8
RSI=0000000000000018 RDI=0000000000000001 RBP=0000000000000000 RSP=0000000007efba60
R8 =0000000000000018 R9 =0000000000000000 R10=0000000007f19a4d R11=0000000007059f00
R12=00000000070a9058 R13=0000000007efbbf8 R14=0000000000000001 R15=0000000007efbc10
RIP=0000000007052c07 RFL=00000206 [-----P-] CPL=0 II=0 A20=1 SMM=0 HLT=0
ES =0030 0000000000000000 ffffffff 00cf9300 DPL=0 DS   [-WA]
CS =0038 0000000000000000 ffffffff 00af9a00 DPL=0 CS64 [-R-]
SS =0030 0000000000000000 ffffffff 00cf9300 DPL=0 DS   [-WA]
DS =0030 0000000000000000 ffffffff 00cf9300 DPL=0 DS   [-WA]
FS =0030 0000000000000000 ffffffff 00cf9300 DPL=0 DS   [-WA]
GS =0030 0000000000000000 ffffffff 00cf9300 DPL=0 DS   [-WA]
LDT=0000 0000000000000000 0000ffff 00008200 DPL=0 LDT
TR =0000 0000000000000000 0000ffff 00008b00 DPL=0 TSS64-busy
GDT=     00000000079de000 00000047
IDT=     00000000074fa018 00000fff
CR0=80010033 CR2=0000000000000000 CR3=0000000007c01000 CR4=00000668
DR0=0000000000000000 DR1=0000000000000000 DR2=0000000000000000 DR3=0000000000000000 
DR6=00000000ffff0ff0 DR7=0000000000000400
CCS=0000000000000004 CCD=0000000000000000 CCO=EFLAGS
EFER=0000000000000d00
   540: v=20 e=0000 i=0 cpl=0 IP=0038:0000000007052c07 pc=0000000007052c07 SP=0030:0000000007efba60 env->regs[R_EAX]=00000000070a906f
RAX=00000000070a906f RBX=0000000000000017 RCX=00000000070a9058 RDX=0000000007efbbf8
RSI=0000000000000018 RDI=0000000000000001 RBP=0000000000000000 RSP=0000000007efba60
R8 =0000000000000018 R9 =0000000000000000 R10=0000000007f19a4d R11=0000000007059f00
R12=00000000070a9058 R13=0000000007efbbf8 R14=0000000000000001 R15=0000000007efbc10
RIP=0000000007052c07 RFL=00000206 [-----P-] CPL=0 II=0 A20=1 SMM=0 HLT=0
ES =0030 0000000000000000 ffffffff 00cf9300 DPL=0 DS   [-WA]
CS =0038 0000000000000000 ffffffff 00af9a00 DPL=0 CS64 [-R-]
SS =0030 0000000000000000 ffffffff 00cf9300 DPL=0 DS   [-WA]
DS =0030 0000000000000000 ffffffff 00cf9300 DPL=0 DS   [-WA]
FS =0030 0000000000000000 ffffffff 00cf9300 DPL=0 DS   [-WA]
GS =0030 0000000000000000 ffffffff 00cf9300 DPL=0 DS   [-WA]
LDT=0000 0000000000000000 0000ffff 00008200 DPL=0 LDT
TR =0000 0000000000000000 0000ffff 00008b00 DPL=0 TSS64-busy
GDT=     00000000079de000 00000047
IDT=     00000000074fa018 00000fff
CR0=80010033 CR2=0000000000000000 CR3=0000000007c01000 CR4=00000668
DR0=0000000000000000 DR1=0000000000000000 DR2=0000000000000000 DR3=0000000000000000 
DR6=00000000ffff0ff0 DR7=0000000000000400
CCS=0000000000000004 CCD=0000000000000000 CCO=EFLAGS
EFER=0000000000000d00
   541: v=20 e=0000 i=0 cpl=0 IP=0038:0000000007052c07 pc=0000000007052c07 SP=0030:0000000007efba60 env->regs[R_EAX]=00000000070a906f
RAX=00000000070a906f RBX=0000000000000017 RCX=00000000070a9058 RDX=0000000007efbbf8
RSI=0000000000000018 RDI=0000000000000001 RBP=0000000000000000 RSP=0000000007efba60
R8 =0000000000000018 R9 =0000000000000000 R10=0000000007f19a4d R11=0000000007059f00
R12=00000000070a9058 R13=0000000007efbbf8 R14=0000000000000001 R15=0000000007efbc10
RIP=0000000007052c07 RFL=00000206 [-----P-] CPL=0 II=0 A20=1 SMM=0 HLT=0
ES =0030 0000000000000000 ffffffff 00cf9300 DPL=0 DS   [-WA]
CS =0038 0000000000000000 ffffffff 00af9a00 DPL=0 CS64 [-R-]
SS =0030 0000000000000000 ffffffff 00cf9300 DPL=0 DS   [-WA]
DS =0030 0000000000000000 ffffffff 00cf9300 DPL=0 DS   [-WA]
FS =0030 0000000000000000 ffffffff 00cf9300 DPL=0 DS   [-WA]
GS =0030 0000000000000000 ffffffff 00cf9300 DPL=0 DS   [-WA]
LDT=0000 0000000000000000 0000ffff 00008200 DPL=0 LDT
TR =0000 0000000000000000 0000ffff 00008b00 DPL=0 TSS64-busy
GDT=     00000000079de000 00000047
IDT=     00000000074fa018 00000fff
CR0=80010033 CR2=0000000000000000 CR3=0000000007c01000 CR4=00000668
DR0=0000000000000000 DR1=0000000000000000 DR2=0000000000000000 DR3=0000000000000000 
DR6=00000000ffff0ff0 DR7=0000000000000400
CCS=0000000000000004 CCD=0000000000000000 CCO=EFLAGS
EFER=0000000000000d00
   542: v=20 e=0000 i=0 cpl=0 IP=0038:0000000007052c07 pc=0000000007052c07 SP=0030:0000000007efba60 env->regs[R_EAX]=00000000070a906f
RAX=00000000070a906f RBX=0000000000000017 RCX=00000000070a9058 RDX=0000000007efbbf8
RSI=0000000000000018 RDI=0000000000000001 RBP=0000000000000000 RSP=0000000007efba60
R8 =0000000000000018 R9 =0000000000000000 R10=0000000007f19a4d R11=0000000007059f00
R12=00000000070a9058 R13=0000000007efbbf8 R14=0000000000000001 R15=0000000007efbc10
RIP=0000000007052c07 RFL=00000206 [-----P-] CPL=0 II=0 A20=1 SMM=0 HLT=0
ES =0030 0000000000000000 ffffffff 00cf9300 DPL=0 DS   [-WA]
CS =0038 0000000000000000 ffffffff 00af9a00 DPL=0 CS64 [-R-]
SS =0030 0000000000000000 ffffffff 00cf9300 DPL=0 DS   [-WA]
DS =0030 0000000000000000 ffffffff 00cf9300 DPL=0 DS   [-WA]
FS =0030 0000000000000000 ffffffff 00cf9300 DPL=0 DS   [-WA]
GS =0030 0000000000000000 ffffffff 00cf9300 DPL=0 DS   [-WA]
LDT=0000 0000000000000000 0000ffff 00008200 DPL=0 LDT
TR =0000 0000000000000000 0000ffff 00008b00 DPL=0 TSS64-busy
GDT=     00000000079de000 00000047
IDT=     00000000074fa018 00000fff
CR0=80010033 CR2=0000000000000000 CR3=0000000007c01000 CR4=00000668
DR0=0000000000000000 DR1=0000000000000000 DR2=0000000000000000 DR3=0000000000000000 
DR6=00000000ffff0ff0 DR7=0000000000000400
CCS=0000000000000004 CCD=0000000000000000 CCO=EFLAGS
EFER=0000000000000d00
   543: v=20 e=0000 i=0 cpl=0 IP=0038:0000000007052c07 pc=0000000007052c07 SP=0030:0000000007efba60 env->regs[R_EAX]=00000000070a906f
RAX=00000000070a906f RBX=0000000000000017 RCX=00000000070a9058 RDX=0000000007efbbf8
RSI=0000000000000018 RDI=0000000000000001 RBP=0000000000000000 RSP=0000000007efba60
R8 =0000000000000018 R9 =0000000000000000 R10=0000000007f19a4d R11=0000000007059f00
R12=00000000070a9058 R13=0000000007efbbf8 R14=0000000000000001 R15=0000000007efbc10
RIP=0000000007052c07 RFL=00000206 [-----P-] CPL=0 II=0 A20=1 SMM=0 HLT=0
ES =0030 0000000000000000 ffffffff 00cf9300 DPL=0 DS   [-WA]
CS =0038 0000000000000000 ffffffff 00af9a00 DPL=0 CS64 [-R-]
SS =0030 0000000000000000 ffffffff 00cf9300 DPL=0 DS   [-WA]
DS =0030 0000000000000000 ffffffff 00cf9300 DPL=0 DS   [-WA]
FS =0030 0000000000000000 ffffffff 00cf9300 DPL=0 DS   [-WA]
GS =0030 0000000000000000 ffffffff 00cf9300 DPL=0 DS   [-WA]
LDT=0000 0000000000000000 0000ffff 00008200 DPL=0 LDT
TR =0000 0000000000000000 0000ffff 00008b00 DPL=0 TSS64-busy
GDT=     00000000079de000 00000047
IDT=     00000000074fa018 00000fff
CR0=80010033 CR2=0000000000000000 CR3=0000000007c01000 CR4=00000668
DR0=0000000000000000 DR1=0000000000000000 DR2=0000000000000000 DR3=0000000000000000 
DR6=00000000ffff0ff0 DR7=0000000000000400
CCS=0000000000000004 CCD=0000000000000000 CCO=EFLAGS
EFER=0000000000000d00
   544: v=20 e=0000 i=0 cpl=0 IP=0038:0000000007052c07 pc=0000000007052c07 SP=0030:0000000007efba60 env->regs[R_EAX]=00000000070a906f
RAX=00000000070a906f RBX=0000000000000017 RCX=00000000070a9058 RDX=0000000007efbbf8
RSI=0000000000000018 RDI=0000000000000001 RBP=0000000000000000 RSP=0000000007efba60
R8 =0000000000000018 R9 =0000000000000000 R10=0000000007f19a4d R11=0000000007059f00
R12=00000000070a9058 R13=0000000007efbbf8 R14=0000000000000001 R15=0000000007efbc10
RIP=0000000007052c07 RFL=00000206 [-----P-] CPL=0 II=0 A20=1 SMM=0 HLT=0
ES =0030 0000000000000000 ffffffff 00cf9300 DPL=0 DS   [-WA]
CS =0038 0000000000000000 ffffffff 00af9a00 DPL=0 CS64 [-R-]
SS =0030 0000000000000000 ffffffff 00cf9300 DPL=0 DS   [-WA]
DS =0030 0000000000000000 ffffffff 00cf9300 DPL=0 DS   [-WA]
FS =0030 0000000000000000 ffffffff 00cf9300 DPL=0 DS   [-WA]
GS =0030 0000000000000000 ffffffff 00cf9300 DPL=0 DS   [-WA]
LDT=0000 0000000000000000 0000ffff 00008200 DPL=0 LDT
TR =0000 0000000000000000 0000ffff 00008b00 DPL=0 TSS64-busy
GDT=     00000000079de000 00000047
IDT=     00000000074fa018 00000fff
CR0=80010033 CR2=0000000000000000 CR3=0000000007c01000 CR4=00000668
DR0=0000000000000000 DR1=0000000000000000 DR2=0000000000000000 DR3=0000000000000000 
DR6=00000000ffff0ff0 DR7=0000000000000400
CCS=0000000000000004 CCD=0000000000000000 CCO=EFLAGS
EFER=0000000000000d00
   545: v=20 e=0000 i=0 cpl=0 IP=0038:0000000007052c07 pc=0000000007052c07 SP=0030:0000000007efba60 env->regs[R_EAX]=00000000070a906f
RAX=00000000070a906f RBX=0000000000000017 RCX=00000000070a9058 RDX=0000000007efbbf8
RSI=0000000000000018 RDI=0000000000000001 RBP=0000000000000000 RSP=0000000007efba60
R8 =0000000000000018 R9 =0000000000000000 R10=0000000007f19a4d R11=0000000007059f00
R12=00000000070a9058 R13=0000000007efbbf8 R14=0000000000000001 R15=0000000007efbc10
RIP=0000000007052c07 RFL=00000206 [-----P-] CPL=0 II=0 A20=1 SMM=0 HLT=0
ES =0030 0000000000000000 ffffffff 00cf9300 DPL=0 DS   [-WA]
CS =0038 0000000000000000 ffffffff 00af9a00 DPL=0 CS64 [-R-]
SS =0030 0000000000000000 ffffffff 00cf9300 DPL=0 DS   [-WA]
DS =0030 0000000000000000 ffffffff 00cf9300 DPL=0 DS   [-WA]
FS =0030 0000000000000000 ffffffff 00cf9300 DPL=0 DS   [-WA]
GS =0030 0000000000000000 ffffffff 00cf9300 DPL=0 DS   [-WA]
LDT=0000 0000000000000000 0000ffff 00008200 DPL=0 LDT
TR =0000 0000000000000000 0000ffff 00008b00 DPL=0 TSS64-busy
GDT=     00000000079de000 00000047
IDT=     00000000074fa018 00000fff
CR0=80010033 CR2=0000000000000000 CR3=0000000007c01000 CR4=00000668
DR0=0000000000000000 DR1=0000000000000000 DR2=0000000000000000 DR3=0000000000000000 
DR6=00000000ffff0ff0 DR7=0000000000000400
CCS=0000000000000004 CCD=0000000000000000 CCO=EFLAGS
EFER=0000000000000d00
   546: v=20 e=0000 i=0 cpl=0 IP=0038:0000000007052c07 pc=0000000007052c07 SP=0030:0000000007efba60 env->regs[R_EAX]=00000000070a906f
RAX=00000000070a906f RBX=0000000000000017 RCX=00000000070a9058 RDX=0000000007efbbf8
RSI=0000000000000018 RDI=0000000000000001 RBP=0000000000000000 RSP=0000000007efba60
R8 =0000000000000018 R9 =0000000000000000 R10=0000000007f19a4d R11=0000000007059f00
R12=00000000070a9058 R13=0000000007efbbf8 R14=0000000000000001 R15=0000000007efbc10
RIP=0000000007052c07 RFL=00000206 [-----P-] CPL=0 II=0 A20=1 SMM=0 HLT=0
ES =0030 0000000000000000 ffffffff 00cf9300 DPL=0 DS   [-WA]
CS =0038 0000000000000000 ffffffff 00af9a00 DPL=0 CS64 [-R-]
SS =0030 0000000000000000 ffffffff 00cf9300 DPL=0 DS   [-WA]
DS =0030 0000000000000000 ffffffff 00cf9300 DPL=0 DS   [-WA]
FS =0030 0000000000000000 ffffffff 00cf9300 DPL=0 DS   [-WA]
GS =0030 0000000000000000 ffffffff 00cf9300 DPL=0 DS   [-WA]
LDT=0000 0000000000000000 0000ffff 00008200 DPL=0 LDT
TR =0000 0000000000000000 0000ffff 00008b00 DPL=0 TSS64-busy
GDT=     00000000079de000 00000047
IDT=     00000000074fa018 00000fff
CR0=80010033 CR2=0000000000000000 CR3=0000000007c01000 CR4=00000668
DR0=0000000000000000 DR1=0000000000000000 DR2=0000000000000000 DR3=0000000000000000 
DR6=00000000ffff0ff0 DR7=0000000000000400
CCS=0000000000000004 CCD=0000000000000000 CCO=EFLAGS
EFER=0000000000000d00
   547: v=20 e=0000 i=0 cpl=0 IP=0038:0000000007052c07 pc=0000000007052c07 SP=0030:0000000007efba60 env->regs[R_EAX]=00000000070a906f
RAX=00000000070a906f RBX=0000000000000017 RCX=00000000070a9058 RDX=0000000007efbbf8
RSI=0000000000000018 RDI=0000000000000001 RBP=0000000000000000 RSP=0000000007efba60
R8 =0000000000000018 R9 =0000000000000000 R10=0000000007f19a4d R11=0000000007059f00
R12=00000000070a9058 R13=0000000007efbbf8 R14=0000000000000001 R15=0000000007efbc10
RIP=0000000007052c07 RFL=00000206 [-----P-] CPL=0 II=0 A20=1 SMM=0 HLT=0
ES =0030 0000000000000000 ffffffff 00cf9300 DPL=0 DS   [-WA]
CS =0038 0000000000000000 ffffffff 00af9a00 DPL=0 CS64 [-R-]
SS =0030 0000000000000000 ffffffff 00cf9300 DPL=0 DS   [-WA]
DS =0030 0000000000000000 ffffffff 00cf9300 DPL=0 DS   [-WA]
FS =0030 0000000000000000 ffffffff 00cf9300 DPL=0 DS   [-WA]
GS =0030 0000000000000000 ffffffff 00cf9300 DPL=0 DS   [-WA]
LDT=0000 0000000000000000 0000ffff 00008200 DPL=0 LDT
TR =0000 0000000000000000 0000ffff 00008b00 DPL=0 TSS64-busy
GDT=     00000000079de000 00000047
IDT=     00000000074fa018 00000fff
CR0=80010033 CR2=0000000000000000 CR3=0000000007c01000 CR4=00000668
DR0=0000000000000000 DR1=0000000000000000 DR2=0000000000000000 DR3=0000000000000000 
DR6=00000000ffff0ff0 DR7=0000000000000400
CCS=0000000000000004 CCD=0000000000000000 CCO=EFLAGS
EFER=0000000000000d00
   548: v=20 e=0000 i=0 cpl=0 IP=0038:0000000007052c07 pc=0000000007052c07 SP=0030:0000000007efba60 env->regs[R_EAX]=00000000070a906f
RAX=00000000070a906f RBX=0000000000000017 RCX=00000000070a9058 RDX=0000000007efbbf8
RSI=0000000000000018 RDI=0000000000000001 RBP=0000000000000000 RSP=0000000007efba60
R8 =0000000000000018 R9 =0000000000000000 R10=0000000007f19a4d R11=0000000007059f00
R12=00000000070a9058 R13=0000000007efbbf8 R14=0000000000000001 R15=0000000007efbc10
RIP=0000000007052c07 RFL=00000206 [-----P-] CPL=0 II=0 A20=1 SMM=0 HLT=0
ES =0030 0000000000000000 ffffffff 00cf9300 DPL=0 DS   [-WA]
CS =0038 0000000000000000 ffffffff 00af9a00 DPL=0 CS64 [-R-]
SS =0030 0000000000000000 ffffffff 00cf9300 DPL=0 DS   [-WA]
DS =0030 0000000000000000 ffffffff 00cf9300 DPL=0 DS   [-WA]
FS =0030 0000000000000000 ffffffff 00cf9300 DPL=0 DS   [-WA]
GS =0030 0000000000000000 ffffffff 00cf9300 DPL=0 DS   [-WA]
LDT=0000 0000000000000000 0000ffff 00008200 DPL=0 LDT
TR =0000 0000000000000000 0000ffff 00008b00 DPL=0 TSS64-busy
GDT=     00000000079de000 00000047
IDT=     00000000074fa018 00000fff
CR0=80010033 CR2=0000000000000000 CR3=0000000007c01000 CR4=00000668
DR0=0000000000000000 DR1=0000000000000000 DR2=0000000000000000 DR3=0000000000000000 
DR6=00000000ffff0ff0 DR7=0000000000000400
CCS=0000000000000004 CCD=0000000000000000 CCO=EFLAGS
EFER=0000000000000d00
   549: v=20 e=0000 i=0 cpl=0 IP=0038:0000000007052c07 pc=0000000007052c07 SP=0030:0000000007efba60 env->regs[R_EAX]=00000000070a906f
RAX=00000000070a906f RBX=0000000000000017 RCX=00000000070a9058 RDX=0000000007efbbf8
RSI=0000000000000018 RDI=0000000000000001 RBP=0000000000000000 RSP=0000000007efba60
R8 =0000000000000018 R9 =0000000000000000 R10=0000000007f19a4d R11=0000000007059f00
R12=00000000070a9058 R13=0000000007efbbf8 R14=0000000000000001 R15=0000000007efbc10
RIP=0000000007052c07 RFL=00000206 [-----P-] CPL=0 II=0 A20=1 SMM=0 HLT=0
ES =0030 0000000000000000 ffffffff 00cf9300 DPL=0 DS   [-WA]
CS =0038 0000000000000000 ffffffff 00af9a00 DPL=0 CS64 [-R-]
SS =0030 0000000000000000 ffffffff 00cf9300 DPL=0 DS   [-WA]
DS =0030 0000000000000000 ffffffff 00cf9300 DPL=0 DS   [-WA]
FS =0030 0000000000000000 ffffffff 00cf9300 DPL=0 DS   [-WA]
GS =0030 0000000000000000 ffffffff 00cf9300 DPL=0 DS   [-WA]
LDT=0000 0000000000000000 0000ffff 00008200 DPL=0 LDT
TR =0000 0000000000000000 0000ffff 00008b00 DPL=0 TSS64-busy
GDT=     00000000079de000 00000047
IDT=     00000000074fa018 00000fff
CR0=80010033 CR2=0000000000000000 CR3=0000000007c01000 CR4=00000668
DR0=0000000000000000 DR1=0000000000000000 DR2=0000000000000000 DR3=0000000000000000 
DR6=00000000ffff0ff0 DR7=0000000000000400
CCS=0000000000000004 CCD=0000000000000000 CCO=EFLAGS
EFER=0000000000000d00
   550: v=20 e=0000 i=0 cpl=0 IP=0038:0000000007052c07 pc=0000000007052c07 SP=0030:0000000007efba60 env->regs[R_EAX]=00000000070a906f
RAX=00000000070a906f RBX=0000000000000017 RCX=00000000070a9058 RDX=0000000007efbbf8
RSI=0000000000000018 RDI=0000000000000001 RBP=0000000000000000 RSP=0000000007efba60
R8 =0000000000000018 R9 =0000000000000000 R10=0000000007f19a4d R11=0000000007059f00
R12=00000000070a9058 R13=0000000007efbbf8 R14=0000000000000001 R15=0000000007efbc10
RIP=0000000007052c07 RFL=00000206 [-----P-] CPL=0 II=0 A20=1 SMM=0 HLT=0
ES =0030 0000000000000000 ffffffff 00cf9300 DPL=0 DS   [-WA]
CS =0038 0000000000000000 ffffffff 00af9a00 DPL=0 CS64 [-R-]
SS =0030 0000000000000000 ffffffff 00cf9300 DPL=0 DS   [-WA]
DS =0030 0000000000000000 ffffffff 00cf9300 DPL=0 DS   [-WA]
FS =0030 0000000000000000 ffffffff 00cf9300 DPL=0 DS   [-WA]
GS =0030 0000000000000000 ffffffff 00cf9300 DPL=0 DS   [-WA]
LDT=0000 0000000000000000 0000ffff 00008200 DPL=0 LDT
TR =0000 0000000000000000 0000ffff 00008b00 DPL=0 TSS64-busy
GDT=     00000000079de000 00000047
IDT=     00000000074fa018 00000fff
CR0=80010033 CR2=0000000000000000 CR3=0000000007c01000 CR4=00000668
DR0=0000000000000000 DR1=0000000000000000 DR2=0000000000000000 DR3=0000000000000000 
DR6=00000000ffff0ff0 DR7=0000000000000400
CCS=0000000000000004 CCD=0000000000000000 CCO=EFLAGS
EFER=0000000000000d00
   551: v=20 e=0000 i=0 cpl=0 IP=0038:0000000007052c07 pc=0000000007052c07 SP=0030:0000000007efba60 env->regs[R_EAX]=00000000070a906f
RAX=00000000070a906f RBX=0000000000000017 RCX=00000000070a9058 RDX=0000000007efbbf8
RSI=0000000000000018 RDI=0000000000000001 RBP=0000000000000000 RSP=0000000007efba60
R8 =0000000000000018 R9 =0000000000000000 R10=0000000007f19a4d R11=0000000007059f00
R12=00000000070a9058 R13=0000000007efbbf8 R14=0000000000000001 R15=0000000007efbc10
RIP=0000000007052c07 RFL=00000206 [-----P-] CPL=0 II=0 A20=1 SMM=0 HLT=0
ES =0030 0000000000000000 ffffffff 00cf9300 DPL=0 DS   [-WA]
CS =0038 0000000000000000 ffffffff 00af9a00 DPL=0 CS64 [-R-]
SS =0030 0000000000000000 ffffffff 00cf9300 DPL=0 DS   [-WA]
DS =0030 0000000000000000 ffffffff 00cf9300 DPL=0 DS   [-WA]
FS =0030 0000000000000000 ffffffff 00cf9300 DPL=0 DS   [-WA]
GS =0030 0000000000000000 ffffffff 00cf9300 DPL=0 DS   [-WA]
LDT=0000 0000000000000000 0000ffff 00008200 DPL=0 LDT
TR =0000 0000000000000000 0000ffff 00008b00 DPL=0 TSS64-busy
GDT=     00000000079de000 00000047
IDT=     00000000074fa018 00000fff
CR0=80010033 CR2=0000000000000000 CR3=0000000007c01000 CR4=00000668
DR0=0000000000000000 DR1=0000000000000000 DR2=0000000000000000 DR3=0000000000000000 
DR6=00000000ffff0ff0 DR7=0000000000000400
CCS=0000000000000004 CCD=0000000000000000 CCO=EFLAGS
EFER=0000000000000d00
   552: v=20 e=0000 i=0 cpl=0 IP=0038:0000000007052c07 pc=0000000007052c07 SP=0030:0000000007efba60 env->regs[R_EAX]=00000000070a906f
RAX=00000000070a906f RBX=0000000000000017 RCX=00000000070a9058 RDX=0000000007efbbf8
RSI=0000000000000018 RDI=0000000000000001 RBP=0000000000000000 RSP=0000000007efba60
R8 =0000000000000018 R9 =0000000000000000 R10=0000000007f19a4d R11=0000000007059f00
R12=00000000070a9058 R13=0000000007efbbf8 R14=0000000000000001 R15=0000000007efbc10
RIP=0000000007052c07 RFL=00000206 [-----P-] CPL=0 II=0 A20=1 SMM=0 HLT=0
ES =0030 0000000000000000 ffffffff 00cf9300 DPL=0 DS   [-WA]
CS =0038 0000000000000000 ffffffff 00af9a00 DPL=0 CS64 [-R-]
SS =0030 0000000000000000 ffffffff 00cf9300 DPL=0 DS   [-WA]
DS =0030 0000000000000000 ffffffff 00cf9300 DPL=0 DS   [-WA]
FS =0030 0000000000000000 ffffffff 00cf9300 DPL=0 DS   [-WA]
GS =0030 0000000000000000 ffffffff 00cf9300 DPL=0 DS   [-WA]
LDT=0000 0000000000000000 0000ffff 00008200 DPL=0 LDT
TR =0000 0000000000000000 0000ffff 00008b00 DPL=0 TSS64-busy
GDT=     00000000079de000 00000047
IDT=     00000000074fa018 00000fff
CR0=80010033 CR2=0000000000000000 CR3=0000000007c01000 CR4=00000668
DR0=0000000000000000 DR1=0000000000000000 DR2=0000000000000000 DR3=0000000000000000 
DR6=00000000ffff0ff0 DR7=0000000000000400
CCS=0000000000000004 CCD=0000000000000000 CCO=EFLAGS
EFER=0000000000000d00
   553: v=20 e=0000 i=0 cpl=0 IP=0038:0000000007052c07 pc=0000000007052c07 SP=0030:0000000007efba60 env->regs[R_EAX]=00000000070a906f
RAX=00000000070a906f RBX=0000000000000017 RCX=00000000070a9058 RDX=0000000007efbbf8
RSI=0000000000000018 RDI=0000000000000001 RBP=0000000000000000 RSP=0000000007efba60
R8 =0000000000000018 R9 =0000000000000000 R10=0000000007f19a4d R11=0000000007059f00
R12=00000000070a9058 R13=0000000007efbbf8 R14=0000000000000001 R15=0000000007efbc10
RIP=0000000007052c07 RFL=00000206 [-----P-] CPL=0 II=0 A20=1 SMM=0 HLT=0
ES =0030 0000000000000000 ffffffff 00cf9300 DPL=0 DS   [-WA]
CS =0038 0000000000000000 ffffffff 00af9a00 DPL=0 CS64 [-R-]
SS =0030 0000000000000000 ffffffff 00cf9300 DPL=0 DS   [-WA]
DS =0030 0000000000000000 ffffffff 00cf9300 DPL=0 DS   [-WA]
FS =0030 0000000000000000 ffffffff 00cf9300 DPL=0 DS   [-WA]
GS =0030 0000000000000000 ffffffff 00cf9300 DPL=0 DS   [-WA]
LDT=0000 0000000000000000 0000ffff 00008200 DPL=0 LDT
TR =0000 0000000000000000 0000ffff 00008b00 DPL=0 TSS64-busy
GDT=     00000000079de000 00000047
IDT=     00000000074fa018 00000fff
CR0=80010033 CR2=0000000000000000 CR3=0000000007c01000 CR4=00000668
DR0=0000000000000000 DR1=0000000000000000 DR2=0000000000000000 DR3=0000000000000000 
DR6=00000000ffff0ff0 DR7=0000000000000400
CCS=0000000000000004 CCD=0000000000000000 CCO=EFLAGS
EFER=0000000000000d00
   554: v=20 e=0000 i=0 cpl=0 IP=0038:0000000007052c07 pc=0000000007052c07 SP=0030:0000000007efba60 env->regs[R_EAX]=00000000070a906f
RAX=00000000070a906f RBX=0000000000000017 RCX=00000000070a9058 RDX=0000000007efbbf8
RSI=0000000000000018 RDI=0000000000000001 RBP=0000000000000000 RSP=0000000007efba60
R8 =0000000000000018 R9 =0000000000000000 R10=0000000007f19a4d R11=0000000007059f00
R12=00000000070a9058 R13=0000000007efbbf8 R14=0000000000000001 R15=0000000007efbc10
RIP=0000000007052c07 RFL=00000206 [-----P-] CPL=0 II=0 A20=1 SMM=0 HLT=0
ES =0030 0000000000000000 ffffffff 00cf9300 DPL=0 DS   [-WA]
CS =0038 0000000000000000 ffffffff 00af9a00 DPL=0 CS64 [-R-]
SS =0030 0000000000000000 ffffffff 00cf9300 DPL=0 DS   [-WA]
DS =0030 0000000000000000 ffffffff 00cf9300 DPL=0 DS   [-WA]
FS =0030 0000000000000000 ffffffff 00cf9300 DPL=0 DS   [-WA]
GS =0030 0000000000000000 ffffffff 00cf9300 DPL=0 DS   [-WA]
LDT=0000 0000000000000000 0000ffff 00008200 DPL=0 LDT
TR =0000 0000000000000000 0000ffff 00008b00 DPL=0 TSS64-busy
GDT=     00000000079de000 00000047
IDT=     00000000074fa018 00000fff
CR0=80010033 CR2=0000000000000000 CR3=0000000007c01000 CR4=00000668
DR0=0000000000000000 DR1=0000000000000000 DR2=0000000000000000 DR3=0000000000000000 
DR6=00000000ffff0ff0 DR7=0000000000000400
CCS=0000000000000004 CCD=0000000000000000 CCO=EFLAGS
EFER=0000000000000d00
   555: v=20 e=0000 i=0 cpl=0 IP=0038:0000000007052c07 pc=0000000007052c07 SP=0030:0000000007efba60 env->regs[R_EAX]=00000000070a906f
RAX=00000000070a906f RBX=0000000000000017 RCX=00000000070a9058 RDX=0000000007efbbf8
RSI=0000000000000018 RDI=0000000000000001 RBP=0000000000000000 RSP=0000000007efba60
R8 =0000000000000018 R9 =0000000000000000 R10=0000000007f19a4d R11=0000000007059f00
R12=00000000070a9058 R13=0000000007efbbf8 R14=0000000000000001 R15=0000000007efbc10
RIP=0000000007052c07 RFL=00000206 [-----P-] CPL=0 II=0 A20=1 SMM=0 HLT=0
ES =0030 0000000000000000 ffffffff 00cf9300 DPL=0 DS   [-WA]
CS =0038 0000000000000000 ffffffff 00af9a00 DPL=0 CS64 [-R-]
SS =0030 0000000000000000 ffffffff 00cf9300 DPL=0 DS   [-WA]
DS =0030 0000000000000000 ffffffff 00cf9300 DPL=0 DS   [-WA]
FS =0030 0000000000000000 ffffffff 00cf9300 DPL=0 DS   [-WA]
GS =0030 0000000000000000 ffffffff 00cf9300 DPL=0 DS   [-WA]
LDT=0000 0000000000000000 0000ffff 00008200 DPL=0 LDT
TR =0000 0000000000000000 0000ffff 00008b00 DPL=0 TSS64-busy
GDT=     00000000079de000 00000047
IDT=     00000000074fa018 00000fff
CR0=80010033 CR2=0000000000000000 CR3=0000000007c01000 CR4=00000668
DR0=0000000000000000 DR1=0000000000000000 DR2=0000000000000000 DR3=0000000000000000 
DR6=00000000ffff0ff0 DR7=0000000000000400
CCS=0000000000000004 CCD=0000000000000000 CCO=EFLAGS
EFER=0000000000000d00
   556: v=20 e=0000 i=0 cpl=0 IP=0038:0000000007052c07 pc=0000000007052c07 SP=0030:0000000007efba60 env->regs[R_EAX]=00000000070a906f
RAX=00000000070a906f RBX=0000000000000017 RCX=00000000070a9058 RDX=0000000007efbbf8
RSI=0000000000000018 RDI=0000000000000001 RBP=0000000000000000 RSP=0000000007efba60
R8 =0000000000000018 R9 =0000000000000000 R10=0000000007f19a4d R11=0000000007059f00
R12=00000000070a9058 R13=0000000007efbbf8 R14=0000000000000001 R15=0000000007efbc10
RIP=0000000007052c07 RFL=00000206 [-----P-] CPL=0 II=0 A20=1 SMM=0 HLT=0
ES =0030 0000000000000000 ffffffff 00cf9300 DPL=0 DS   [-WA]
CS =0038 0000000000000000 ffffffff 00af9a00 DPL=0 CS64 [-R-]
SS =0030 0000000000000000 ffffffff 00cf9300 DPL=0 DS   [-WA]
DS =0030 0000000000000000 ffffffff 00cf9300 DPL=0 DS   [-WA]
FS =0030 0000000000000000 ffffffff 00cf9300 DPL=0 DS   [-WA]
GS =0030 0000000000000000 ffffffff 00cf9300 DPL=0 DS   [-WA]
LDT=0000 0000000000000000 0000ffff 00008200 DPL=0 LDT
TR =0000 0000000000000000 0000ffff 00008b00 DPL=0 TSS64-busy
GDT=     00000000079de000 00000047
IDT=     00000000074fa018 00000fff
CR0=80010033 CR2=0000000000000000 CR3=0000000007c01000 CR4=00000668
DR0=0000000000000000 DR1=0000000000000000 DR2=0000000000000000 DR3=0000000000000000 
DR6=00000000ffff0ff0 DR7=0000000000000400
CCS=0000000000000004 CCD=0000000000000000 CCO=EFLAGS
EFER=0000000000000d00
   557: v=20 e=0000 i=0 cpl=0 IP=0038:0000000007052c07 pc=0000000007052c07 SP=0030:0000000007efba60 env->regs[R_EAX]=00000000070a906f
RAX=00000000070a906f RBX=0000000000000017 RCX=00000000070a9058 RDX=0000000007efbbf8
RSI=0000000000000018 RDI=0000000000000001 RBP=0000000000000000 RSP=0000000007efba60
R8 =0000000000000018 R9 =0000000000000000 R10=0000000007f19a4d R11=0000000007059f00
R12=00000000070a9058 R13=0000000007efbbf8 R14=0000000000000001 R15=0000000007efbc10
RIP=0000000007052c07 RFL=00000206 [-----P-] CPL=0 II=0 A20=1 SMM=0 HLT=0
ES =0030 0000000000000000 ffffffff 00cf9300 DPL=0 DS   [-WA]
CS =0038 0000000000000000 ffffffff 00af9a00 DPL=0 CS64 [-R-]
SS =0030 0000000000000000 ffffffff 00cf9300 DPL=0 DS   [-WA]
DS =0030 0000000000000000 ffffffff 00cf9300 DPL=0 DS   [-WA]
FS =0030 0000000000000000 ffffffff 00cf9300 DPL=0 DS   [-WA]
GS =0030 0000000000000000 ffffffff 00cf9300 DPL=0 DS   [-WA]
LDT=0000 0000000000000000 0000ffff 00008200 DPL=0 LDT
TR =0000 0000000000000000 0000ffff 00008b00 DPL=0 TSS64-busy
GDT=     00000000079de000 00000047
IDT=     00000000074fa018 00000fff
CR0=80010033 CR2=0000000000000000 CR3=0000000007c01000 CR4=00000668
DR0=0000000000000000 DR1=0000000000000000 DR2=0000000000000000 DR3=0000000000000000 
DR6=00000000ffff0ff0 DR7=0000000000000400
CCS=0000000000000004 CCD=0000000000000000 CCO=EFLAGS
EFER=0000000000000d00
   558: v=20 e=0000 i=0 cpl=0 IP=0038:0000000007052c07 pc=0000000007052c07 SP=0030:0000000007efba60 env->regs[R_EAX]=00000000070a906f
RAX=00000000070a906f RBX=0000000000000017 RCX=00000000070a9058 RDX=0000000007efbbf8
RSI=0000000000000018 RDI=0000000000000001 RBP=0000000000000000 RSP=0000000007efba60
R8 =0000000000000018 R9 =0000000000000000 R10=0000000007f19a4d R11=0000000007059f00
R12=00000000070a9058 R13=0000000007efbbf8 R14=0000000000000001 R15=0000000007efbc10
RIP=0000000007052c07 RFL=00000206 [-----P-] CPL=0 II=0 A20=1 SMM=0 HLT=0
ES =0030 0000000000000000 ffffffff 00cf9300 DPL=0 DS   [-WA]
CS =0038 0000000000000000 ffffffff 00af9a00 DPL=0 CS64 [-R-]
SS =0030 0000000000000000 ffffffff 00cf9300 DPL=0 DS   [-WA]
DS =0030 0000000000000000 ffffffff 00cf9300 DPL=0 DS   [-WA]
FS =0030 0000000000000000 ffffffff 00cf9300 DPL=0 DS   [-WA]
GS =0030 0000000000000000 ffffffff 00cf9300 DPL=0 DS   [-WA]
LDT=0000 0000000000000000 0000ffff 00008200 DPL=0 LDT
TR =0000 0000000000000000 0000ffff 00008b00 DPL=0 TSS64-busy
GDT=     00000000079de000 00000047
IDT=     00000000074fa018 00000fff
CR0=80010033 CR2=0000000000000000 CR3=0000000007c01000 CR4=00000668
DR0=0000000000000000 DR1=0000000000000000 DR2=0000000000000000 DR3=0000000000000000 
DR6=00000000ffff0ff0 DR7=0000000000000400
CCS=0000000000000004 CCD=0000000000000000 CCO=EFLAGS
EFER=0000000000000d00
   559: v=20 e=0000 i=0 cpl=0 IP=0038:0000000007052c07 pc=0000000007052c07 SP=0030:0000000007efba60 env->regs[R_EAX]=00000000070a906f
RAX=00000000070a906f RBX=0000000000000017 RCX=00000000070a9058 RDX=0000000007efbbf8
RSI=0000000000000018 RDI=0000000000000001 RBP=0000000000000000 RSP=0000000007efba60
R8 =0000000000000018 R9 =0000000000000000 R10=0000000007f19a4d R11=0000000007059f00
R12=00000000070a9058 R13=0000000007efbbf8 R14=0000000000000001 R15=0000000007efbc10
RIP=0000000007052c07 RFL=00000206 [-----P-] CPL=0 II=0 A20=1 SMM=0 HLT=0
ES =0030 0000000000000000 ffffffff 00cf9300 DPL=0 DS   [-WA]
CS =0038 0000000000000000 ffffffff 00af9a00 DPL=0 CS64 [-R-]
SS =0030 0000000000000000 ffffffff 00cf9300 DPL=0 DS   [-WA]
DS =0030 0000000000000000 ffffffff 00cf9300 DPL=0 DS   [-WA]
FS =0030 0000000000000000 ffffffff 00cf9300 DPL=0 DS   [-WA]
GS =0030 0000000000000000 ffffffff 00cf9300 DPL=0 DS   [-WA]
LDT=0000 0000000000000000 0000ffff 00008200 DPL=0 LDT
TR =0000 0000000000000000 0000ffff 00008b00 DPL=0 TSS64-busy
GDT=     00000000079de000 00000047
IDT=     00000000074fa018 00000fff
CR0=80010033 CR2=0000000000000000 CR3=0000000007c01000 CR4=00000668
DR0=0000000000000000 DR1=0000000000000000 DR2=0000000000000000 DR3=0000000000000000 
DR6=00000000ffff0ff0 DR7=0000000000000400
CCS=0000000000000004 CCD=0000000000000000 CCO=EFLAGS
EFER=0000000000000d00
   560: v=20 e=0000 i=0 cpl=0 IP=0038:0000000007052c07 pc=0000000007052c07 SP=0030:0000000007efba60 env->regs[R_EAX]=00000000070a906f
RAX=00000000070a906f RBX=0000000000000017 RCX=00000000070a9058 RDX=0000000007efbbf8
RSI=0000000000000018 RDI=0000000000000001 RBP=0000000000000000 RSP=0000000007efba60
R8 =0000000000000018 R9 =0000000000000000 R10=0000000007f19a4d R11=0000000007059f00
R12=00000000070a9058 R13=0000000007efbbf8 R14=0000000000000001 R15=0000000007efbc10
RIP=0000000007052c07 RFL=00000206 [-----P-] CPL=0 II=0 A20=1 SMM=0 HLT=0
ES =0030 0000000000000000 ffffffff 00cf9300 DPL=0 DS   [-WA]
CS =0038 0000000000000000 ffffffff 00af9a00 DPL=0 CS64 [-R-]
SS =0030 0000000000000000 ffffffff 00cf9300 DPL=0 DS   [-WA]
DS =0030 0000000000000000 ffffffff 00cf9300 DPL=0 DS   [-WA]
FS =0030 0000000000000000 ffffffff 00cf9300 DPL=0 DS   [-WA]
GS =0030 0000000000000000 ffffffff 00cf9300 DPL=0 DS   [-WA]
LDT=0000 0000000000000000 0000ffff 00008200 DPL=0 LDT
TR =0000 0000000000000000 0000ffff 00008b00 DPL=0 TSS64-busy
GDT=     00000000079de000 00000047
IDT=     00000000074fa018 00000fff
CR0=80010033 CR2=0000000000000000 CR3=0000000007c01000 CR4=00000668
DR0=0000000000000000 DR1=0000000000000000 DR2=0000000000000000 DR3=0000000000000000 
DR6=00000000ffff0ff0 DR7=0000000000000400
CCS=0000000000000004 CCD=0000000000000000 CCO=EFLAGS
EFER=0000000000000d00
   561: v=20 e=0000 i=0 cpl=0 IP=0038:0000000007052c07 pc=0000000007052c07 SP=0030:0000000007efba60 env->regs[R_EAX]=00000000070a906f
RAX=00000000070a906f RBX=0000000000000017 RCX=00000000070a9058 RDX=0000000007efbbf8
RSI=0000000000000018 RDI=0000000000000001 RBP=0000000000000000 RSP=0000000007efba60
R8 =0000000000000018 R9 =0000000000000000 R10=0000000007f19a4d R11=0000000007059f00
R12=00000000070a9058 R13=0000000007efbbf8 R14=0000000000000001 R15=0000000007efbc10
RIP=0000000007052c07 RFL=00000206 [-----P-] CPL=0 II=0 A20=1 SMM=0 HLT=0
ES =0030 0000000000000000 ffffffff 00cf9300 DPL=0 DS   [-WA]
CS =0038 0000000000000000 ffffffff 00af9a00 DPL=0 CS64 [-R-]
SS =0030 0000000000000000 ffffffff 00cf9300 DPL=0 DS   [-WA]
DS =0030 0000000000000000 ffffffff 00cf9300 DPL=0 DS   [-WA]
FS =0030 0000000000000000 ffffffff 00cf9300 DPL=0 DS   [-WA]
GS =0030 0000000000000000 ffffffff 00cf9300 DPL=0 DS   [-WA]
LDT=0000 0000000000000000 0000ffff 00008200 DPL=0 LDT
TR =0000 0000000000000000 0000ffff 00008b00 DPL=0 TSS64-busy
GDT=     00000000079de000 00000047
IDT=     00000000074fa018 00000fff
CR0=80010033 CR2=0000000000000000 CR3=0000000007c01000 CR4=00000668
DR0=0000000000000000 DR1=0000000000000000 DR2=0000000000000000 DR3=0000000000000000 
DR6=00000000ffff0ff0 DR7=0000000000000400
CCS=0000000000000004 CCD=0000000000000000 CCO=EFLAGS
EFER=0000000000000d00
   562: v=20 e=0000 i=0 cpl=0 IP=0038:0000000007052c07 pc=0000000007052c07 SP=0030:0000000007efba60 env->regs[R_EAX]=00000000070a906f
RAX=00000000070a906f RBX=0000000000000017 RCX=00000000070a9058 RDX=0000000007efbbf8
RSI=0000000000000018 RDI=0000000000000001 RBP=0000000000000000 RSP=0000000007efba60
R8 =0000000000000018 R9 =0000000000000000 R10=0000000007f19a4d R11=0000000007059f00
R12=00000000070a9058 R13=0000000007efbbf8 R14=0000000000000001 R15=0000000007efbc10
RIP=0000000007052c07 RFL=00000206 [-----P-] CPL=0 II=0 A20=1 SMM=0 HLT=0
ES =0030 0000000000000000 ffffffff 00cf9300 DPL=0 DS   [-WA]
CS =0038 0000000000000000 ffffffff 00af9a00 DPL=0 CS64 [-R-]
SS =0030 0000000000000000 ffffffff 00cf9300 DPL=0 DS   [-WA]
DS =0030 0000000000000000 ffffffff 00cf9300 DPL=0 DS   [-WA]
FS =0030 0000000000000000 ffffffff 00cf9300 DPL=0 DS   [-WA]
GS =0030 0000000000000000 ffffffff 00cf9300 DPL=0 DS   [-WA]
LDT=0000 0000000000000000 0000ffff 00008200 DPL=0 LDT
TR =0000 0000000000000000 0000ffff 00008b00 DPL=0 TSS64-busy
GDT=     00000000079de000 00000047
IDT=     00000000074fa018 00000fff
CR0=80010033 CR2=0000000000000000 CR3=0000000007c01000 CR4=00000668
DR0=0000000000000000 DR1=0000000000000000 DR2=0000000000000000 DR3=0000000000000000 
DR6=00000000ffff0ff0 DR7=0000000000000400
CCS=0000000000000004 CCD=0000000000000000 CCO=EFLAGS
EFER=0000000000000d00
   563: v=20 e=0000 i=0 cpl=0 IP=0038:0000000007052c07 pc=0000000007052c07 SP=0030:0000000007efba60 env->regs[R_EAX]=00000000070a906f
RAX=00000000070a906f RBX=0000000000000017 RCX=00000000070a9058 RDX=0000000007efbbf8
RSI=0000000000000018 RDI=0000000000000001 RBP=0000000000000000 RSP=0000000007efba60
R8 =0000000000000018 R9 =0000000000000000 R10=0000000007f19a4d R11=0000000007059f00
R12=00000000070a9058 R13=0000000007efbbf8 R14=0000000000000001 R15=0000000007efbc10
RIP=0000000007052c07 RFL=00000206 [-----P-] CPL=0 II=0 A20=1 SMM=0 HLT=0
ES =0030 0000000000000000 ffffffff 00cf9300 DPL=0 DS   [-WA]
CS =0038 0000000000000000 ffffffff 00af9a00 DPL=0 CS64 [-R-]
SS =0030 0000000000000000 ffffffff 00cf9300 DPL=0 DS   [-WA]
DS =0030 0000000000000000 ffffffff 00cf9300 DPL=0 DS   [-WA]
FS =0030 0000000000000000 ffffffff 00cf9300 DPL=0 DS   [-WA]
GS =0030 0000000000000000 ffffffff 00cf9300 DPL=0 DS   [-WA]
LDT=0000 0000000000000000 0000ffff 00008200 DPL=0 LDT
TR =0000 0000000000000000 0000ffff 00008b00 DPL=0 TSS64-busy
GDT=     00000000079de000 00000047
IDT=     00000000074fa018 00000fff
CR0=80010033 CR2=0000000000000000 CR3=0000000007c01000 CR4=00000668
DR0=0000000000000000 DR1=0000000000000000 DR2=0000000000000000 DR3=0000000000000000 
DR6=00000000ffff0ff0 DR7=0000000000000400
CCS=0000000000000004 CCD=0000000000000000 CCO=EFLAGS
EFER=0000000000000d00
   564: v=20 e=0000 i=0 cpl=0 IP=0038:0000000007052c07 pc=0000000007052c07 SP=0030:0000000007efba60 env->regs[R_EAX]=00000000070a906f
RAX=00000000070a906f RBX=0000000000000017 RCX=00000000070a9058 RDX=0000000007efbbf8
RSI=0000000000000018 RDI=0000000000000001 RBP=0000000000000000 RSP=0000000007efba60
R8 =0000000000000018 R9 =0000000000000000 R10=0000000007f19a4d R11=0000000007059f00
R12=00000000070a9058 R13=0000000007efbbf8 R14=0000000000000001 R15=0000000007efbc10
RIP=0000000007052c07 RFL=00000206 [-----P-] CPL=0 II=0 A20=1 SMM=0 HLT=0
ES =0030 0000000000000000 ffffffff 00cf9300 DPL=0 DS   [-WA]
CS =0038 0000000000000000 ffffffff 00af9a00 DPL=0 CS64 [-R-]
SS =0030 0000000000000000 ffffffff 00cf9300 DPL=0 DS   [-WA]
DS =0030 0000000000000000 ffffffff 00cf9300 DPL=0 DS   [-WA]
FS =0030 0000000000000000 ffffffff 00cf9300 DPL=0 DS   [-WA]
GS =0030 0000000000000000 ffffffff 00cf9300 DPL=0 DS   [-WA]
LDT=0000 0000000000000000 0000ffff 00008200 DPL=0 LDT
TR =0000 0000000000000000 0000ffff 00008b00 DPL=0 TSS64-busy
GDT=     00000000079de000 00000047
IDT=     00000000074fa018 00000fff
CR0=80010033 CR2=0000000000000000 CR3=0000000007c01000 CR4=00000668
DR0=0000000000000000 DR1=0000000000000000 DR2=0000000000000000 DR3=0000000000000000 
DR6=00000000ffff0ff0 DR7=0000000000000400
CCS=0000000000000004 CCD=0000000000000000 CCO=EFLAGS
EFER=0000000000000d00
   565: v=20 e=0000 i=0 cpl=0 IP=0038:0000000007052c07 pc=0000000007052c07 SP=0030:0000000007efba60 env->regs[R_EAX]=00000000070a906f
RAX=00000000070a906f RBX=0000000000000017 RCX=00000000070a9058 RDX=0000000007efbbf8
RSI=0000000000000018 RDI=0000000000000001 RBP=0000000000000000 RSP=0000000007efba60
R8 =0000000000000018 R9 =0000000000000000 R10=0000000007f19a4d R11=0000000007059f00
R12=00000000070a9058 R13=0000000007efbbf8 R14=0000000000000001 R15=0000000007efbc10
RIP=0000000007052c07 RFL=00000206 [-----P-] CPL=0 II=0 A20=1 SMM=0 HLT=0
ES =0030 0000000000000000 ffffffff 00cf9300 DPL=0 DS   [-WA]
CS =0038 0000000000000000 ffffffff 00af9a00 DPL=0 CS64 [-R-]
SS =0030 0000000000000000 ffffffff 00cf9300 DPL=0 DS   [-WA]
DS =0030 0000000000000000 ffffffff 00cf9300 DPL=0 DS   [-WA]
FS =0030 0000000000000000 ffffffff 00cf9300 DPL=0 DS   [-WA]
GS =0030 0000000000000000 ffffffff 00cf9300 DPL=0 DS   [-WA]
LDT=0000 0000000000000000 0000ffff 00008200 DPL=0 LDT
TR =0000 0000000000000000 0000ffff 00008b00 DPL=0 TSS64-busy
GDT=     00000000079de000 00000047
IDT=     00000000074fa018 00000fff
CR0=80010033 CR2=0000000000000000 CR3=0000000007c01000 CR4=00000668
DR0=0000000000000000 DR1=0000000000000000 DR2=0000000000000000 DR3=0000000000000000 
DR6=00000000ffff0ff0 DR7=0000000000000400
CCS=0000000000000004 CCD=0000000000000000 CCO=EFLAGS
EFER=0000000000000d00
   566: v=20 e=0000 i=0 cpl=0 IP=0038:0000000007052c07 pc=0000000007052c07 SP=0030:0000000007efba60 env->regs[R_EAX]=00000000070a906f
RAX=00000000070a906f RBX=0000000000000017 RCX=00000000070a9058 RDX=0000000007efbbf8
RSI=0000000000000018 RDI=0000000000000001 RBP=0000000000000000 RSP=0000000007efba60
R8 =0000000000000018 R9 =0000000000000000 R10=0000000007f19a4d R11=0000000007059f00
R12=00000000070a9058 R13=0000000007efbbf8 R14=0000000000000001 R15=0000000007efbc10
RIP=0000000007052c07 RFL=00000206 [-----P-] CPL=0 II=0 A20=1 SMM=0 HLT=0
ES =0030 0000000000000000 ffffffff 00cf9300 DPL=0 DS   [-WA]
CS =0038 0000000000000000 ffffffff 00af9a00 DPL=0 CS64 [-R-]
SS =0030 0000000000000000 ffffffff 00cf9300 DPL=0 DS   [-WA]
DS =0030 0000000000000000 ffffffff 00cf9300 DPL=0 DS   [-WA]
FS =0030 0000000000000000 ffffffff 00cf9300 DPL=0 DS   [-WA]
GS =0030 0000000000000000 ffffffff 00cf9300 DPL=0 DS   [-WA]
LDT=0000 0000000000000000 0000ffff 00008200 DPL=0 LDT
TR =0000 0000000000000000 0000ffff 00008b00 DPL=0 TSS64-busy
GDT=     00000000079de000 00000047
IDT=     00000000074fa018 00000fff
CR0=80010033 CR2=0000000000000000 CR3=0000000007c01000 CR4=00000668
DR0=0000000000000000 DR1=0000000000000000 DR2=0000000000000000 DR3=0000000000000000 
DR6=00000000ffff0ff0 DR7=0000000000000400
CCS=0000000000000004 CCD=0000000000000000 CCO=EFLAGS
EFER=0000000000000d00
   567: v=20 e=0000 i=0 cpl=0 IP=0038:0000000007052c07 pc=0000000007052c07 SP=0030:0000000007efba60 env->regs[R_EAX]=00000000070a906f
RAX=00000000070a906f RBX=0000000000000017 RCX=00000000070a9058 RDX=0000000007efbbf8
RSI=0000000000000018 RDI=0000000000000001 RBP=0000000000000000 RSP=0000000007efba60
R8 =0000000000000018 R9 =0000000000000000 R10=0000000007f19a4d R11=0000000007059f00
R12=00000000070a9058 R13=0000000007efbbf8 R14=0000000000000001 R15=0000000007efbc10
RIP=0000000007052c07 RFL=00000206 [-----P-] CPL=0 II=0 A20=1 SMM=0 HLT=0
ES =0030 0000000000000000 ffffffff 00cf9300 DPL=0 DS   [-WA]
CS =0038 0000000000000000 ffffffff 00af9a00 DPL=0 CS64 [-R-]
SS =0030 0000000000000000 ffffffff 00cf9300 DPL=0 DS   [-WA]
DS =0030 0000000000000000 ffffffff 00cf9300 DPL=0 DS   [-WA]
FS =0030 0000000000000000 ffffffff 00cf9300 DPL=0 DS   [-WA]
GS =0030 0000000000000000 ffffffff 00cf9300 DPL=0 DS   [-WA]
LDT=0000 0000000000000000 0000ffff 00008200 DPL=0 LDT
TR =0000 0000000000000000 0000ffff 00008b00 DPL=0 TSS64-busy
GDT=     00000000079de000 00000047
IDT=     00000000074fa018 00000fff
CR0=80010033 CR2=0000000000000000 CR3=0000000007c01000 CR4=00000668
DR0=0000000000000000 DR1=0000000000000000 DR2=0000000000000000 DR3=0000000000000000 
DR6=00000000ffff0ff0 DR7=0000000000000400
CCS=0000000000000004 CCD=0000000000000000 CCO=EFLAGS
EFER=0000000000000d00
   568: v=20 e=0000 i=0 cpl=0 IP=0038:0000000007052c07 pc=0000000007052c07 SP=0030:0000000007efba60 env->regs[R_EAX]=00000000070a906f
RAX=00000000070a906f RBX=0000000000000017 RCX=00000000070a9058 RDX=0000000007efbbf8
RSI=0000000000000018 RDI=0000000000000001 RBP=0000000000000000 RSP=0000000007efba60
R8 =0000000000000018 R9 =0000000000000000 R10=0000000007f19a4d R11=0000000007059f00
R12=00000000070a9058 R13=0000000007efbbf8 R14=0000000000000001 R15=0000000007efbc10
RIP=0000000007052c07 RFL=00000206 [-----P-] CPL=0 II=0 A20=1 SMM=0 HLT=0
ES =0030 0000000000000000 ffffffff 00cf9300 DPL=0 DS   [-WA]
CS =0038 0000000000000000 ffffffff 00af9a00 DPL=0 CS64 [-R-]
SS =0030 0000000000000000 ffffffff 00cf9300 DPL=0 DS   [-WA]
DS =0030 0000000000000000 ffffffff 00cf9300 DPL=0 DS   [-WA]
FS =0030 0000000000000000 ffffffff 00cf9300 DPL=0 DS   [-WA]
GS =0030 0000000000000000 ffffffff 00cf9300 DPL=0 DS   [-WA]
LDT=0000 0000000000000000 0000ffff 00008200 DPL=0 LDT
TR =0000 0000000000000000 0000ffff 00008b00 DPL=0 TSS64-busy
GDT=     00000000079de000 00000047
IDT=     00000000074fa018 00000fff
CR0=80010033 CR2=0000000000000000 CR3=0000000007c01000 CR4=00000668
DR0=0000000000000000 DR1=0000000000000000 DR2=0000000000000000 DR3=0000000000000000 
DR6=00000000ffff0ff0 DR7=0000000000000400
CCS=0000000000000004 CCD=0000000000000000 CCO=EFLAGS
EFER=0000000000000d00
   569: v=20 e=0000 i=0 cpl=0 IP=0038:0000000007052c07 pc=0000000007052c07 SP=0030:0000000007efba60 env->regs[R_EAX]=00000000070a906f
RAX=00000000070a906f RBX=0000000000000017 RCX=00000000070a9058 RDX=0000000007efbbf8
RSI=0000000000000018 RDI=0000000000000001 RBP=0000000000000000 RSP=0000000007efba60
R8 =0000000000000018 R9 =0000000000000000 R10=0000000007f19a4d R11=0000000007059f00
R12=00000000070a9058 R13=0000000007efbbf8 R14=0000000000000001 R15=0000000007efbc10
RIP=0000000007052c07 RFL=00000206 [-----P-] CPL=0 II=0 A20=1 SMM=0 HLT=0
ES =0030 0000000000000000 ffffffff 00cf9300 DPL=0 DS   [-WA]
CS =0038 0000000000000000 ffffffff 00af9a00 DPL=0 CS64 [-R-]
SS =0030 0000000000000000 ffffffff 00cf9300 DPL=0 DS   [-WA]
DS =0030 0000000000000000 ffffffff 00cf9300 DPL=0 DS   [-WA]
FS =0030 0000000000000000 ffffffff 00cf9300 DPL=0 DS   [-WA]
GS =0030 0000000000000000 ffffffff 00cf9300 DPL=0 DS   [-WA]
LDT=0000 0000000000000000 0000ffff 00008200 DPL=0 LDT
TR =0000 0000000000000000 0000ffff 00008b00 DPL=0 TSS64-busy
GDT=     00000000079de000 00000047
IDT=     00000000074fa018 00000fff
CR0=80010033 CR2=0000000000000000 CR3=0000000007c01000 CR4=00000668
DR0=0000000000000000 DR1=0000000000000000 DR2=0000000000000000 DR3=0000000000000000 
DR6=00000000ffff0ff0 DR7=0000000000000400
CCS=0000000000000004 CCD=0000000000000000 CCO=EFLAGS
EFER=0000000000000d00
   570: v=20 e=0000 i=0 cpl=0 IP=0038:0000000007052c07 pc=0000000007052c07 SP=0030:0000000007efba60 env->regs[R_EAX]=00000000070a906f
RAX=00000000070a906f RBX=0000000000000017 RCX=00000000070a9058 RDX=0000000007efbbf8
RSI=0000000000000018 RDI=0000000000000001 RBP=0000000000000000 RSP=0000000007efba60
R8 =0000000000000018 R9 =0000000000000000 R10=0000000007f19a4d R11=0000000007059f00
R12=00000000070a9058 R13=0000000007efbbf8 R14=0000000000000001 R15=0000000007efbc10
RIP=0000000007052c07 RFL=00000206 [-----P-] CPL=0 II=0 A20=1 SMM=0 HLT=0
ES =0030 0000000000000000 ffffffff 00cf9300 DPL=0 DS   [-WA]
CS =0038 0000000000000000 ffffffff 00af9a00 DPL=0 CS64 [-R-]
SS =0030 0000000000000000 ffffffff 00cf9300 DPL=0 DS   [-WA]
DS =0030 0000000000000000 ffffffff 00cf9300 DPL=0 DS   [-WA]
FS =0030 0000000000000000 ffffffff 00cf9300 DPL=0 DS   [-WA]
GS =0030 0000000000000000 ffffffff 00cf9300 DPL=0 DS   [-WA]
LDT=0000 0000000000000000 0000ffff 00008200 DPL=0 LDT
TR =0000 0000000000000000 0000ffff 00008b00 DPL=0 TSS64-busy
GDT=     00000000079de000 00000047
IDT=     00000000074fa018 00000fff
CR0=80010033 CR2=0000000000000000 CR3=0000000007c01000 CR4=00000668
DR0=0000000000000000 DR1=0000000000000000 DR2=0000000000000000 DR3=0000000000000000 
DR6=00000000ffff0ff0 DR7=0000000000000400
CCS=0000000000000004 CCD=0000000000000000 CCO=EFLAGS
EFER=0000000000000d00
   571: v=20 e=0000 i=0 cpl=0 IP=0038:0000000007052c07 pc=0000000007052c07 SP=0030:0000000007efba60 env->regs[R_EAX]=00000000070a906f
RAX=00000000070a906f RBX=0000000000000017 RCX=00000000070a9058 RDX=0000000007efbbf8
RSI=0000000000000018 RDI=0000000000000001 RBP=0000000000000000 RSP=0000000007efba60
R8 =0000000000000018 R9 =0000000000000000 R10=0000000007f19a4d R11=0000000007059f00
R12=00000000070a9058 R13=0000000007efbbf8 R14=0000000000000001 R15=0000000007efbc10
RIP=0000000007052c07 RFL=00000206 [-----P-] CPL=0 II=0 A20=1 SMM=0 HLT=0
ES =0030 0000000000000000 ffffffff 00cf9300 DPL=0 DS   [-WA]
CS =0038 0000000000000000 ffffffff 00af9a00 DPL=0 CS64 [-R-]
SS =0030 0000000000000000 ffffffff 00cf9300 DPL=0 DS   [-WA]
DS =0030 0000000000000000 ffffffff 00cf9300 DPL=0 DS   [-WA]
FS =0030 0000000000000000 ffffffff 00cf9300 DPL=0 DS   [-WA]
GS =0030 0000000000000000 ffffffff 00cf9300 DPL=0 DS   [-WA]
LDT=0000 0000000000000000 0000ffff 00008200 DPL=0 LDT
TR =0000 0000000000000000 0000ffff 00008b00 DPL=0 TSS64-busy
GDT=     00000000079de000 00000047
IDT=     00000000074fa018 00000fff
CR0=80010033 CR2=0000000000000000 CR3=0000000007c01000 CR4=00000668
DR0=0000000000000000 DR1=0000000000000000 DR2=0000000000000000 DR3=0000000000000000 
DR6=00000000ffff0ff0 DR7=0000000000000400
CCS=0000000000000004 CCD=0000000000000000 CCO=EFLAGS
EFER=0000000000000d00
   572: v=20 e=0000 i=0 cpl=0 IP=0038:0000000007052c07 pc=0000000007052c07 SP=0030:0000000007efba60 env->regs[R_EAX]=00000000070a906f
RAX=00000000070a906f RBX=0000000000000017 RCX=00000000070a9058 RDX=0000000007efbbf8
RSI=0000000000000018 RDI=0000000000000001 RBP=0000000000000000 RSP=0000000007efba60
R8 =0000000000000018 R9 =0000000000000000 R10=0000000007f19a4d R11=0000000007059f00
R12=00000000070a9058 R13=0000000007efbbf8 R14=0000000000000001 R15=0000000007efbc10
RIP=0000000007052c07 RFL=00000206 [-----P-] CPL=0 II=0 A20=1 SMM=0 HLT=0
ES =0030 0000000000000000 ffffffff 00cf9300 DPL=0 DS   [-WA]
CS =0038 0000000000000000 ffffffff 00af9a00 DPL=0 CS64 [-R-]
SS =0030 0000000000000000 ffffffff 00cf9300 DPL=0 DS   [-WA]
DS =0030 0000000000000000 ffffffff 00cf9300 DPL=0 DS   [-WA]
FS =0030 0000000000000000 ffffffff 00cf9300 DPL=0 DS   [-WA]
GS =0030 0000000000000000 ffffffff 00cf9300 DPL=0 DS   [-WA]
LDT=0000 0000000000000000 0000ffff 00008200 DPL=0 LDT
TR =0000 0000000000000000 0000ffff 00008b00 DPL=0 TSS64-busy
GDT=     00000000079de000 00000047
IDT=     00000000074fa018 00000fff
CR0=80010033 CR2=0000000000000000 CR3=0000000007c01000 CR4=00000668
DR0=0000000000000000 DR1=0000000000000000 DR2=0000000000000000 DR3=0000000000000000 
DR6=00000000ffff0ff0 DR7=0000000000000400
CCS=0000000000000004 CCD=0000000000000000 CCO=EFLAGS
EFER=0000000000000d00
   573: v=20 e=0000 i=0 cpl=0 IP=0038:0000000007052c07 pc=0000000007052c07 SP=0030:0000000007efba60 env->regs[R_EAX]=00000000070a906f
RAX=00000000070a906f RBX=0000000000000017 RCX=00000000070a9058 RDX=0000000007efbbf8
RSI=0000000000000018 RDI=0000000000000001 RBP=0000000000000000 RSP=0000000007efba60
R8 =0000000000000018 R9 =0000000000000000 R10=0000000007f19a4d R11=0000000007059f00
R12=00000000070a9058 R13=0000000007efbbf8 R14=0000000000000001 R15=0000000007efbc10
RIP=0000000007052c07 RFL=00000206 [-----P-] CPL=0 II=0 A20=1 SMM=0 HLT=0
ES =0030 0000000000000000 ffffffff 00cf9300 DPL=0 DS   [-WA]
CS =0038 0000000000000000 ffffffff 00af9a00 DPL=0 CS64 [-R-]
SS =0030 0000000000000000 ffffffff 00cf9300 DPL=0 DS   [-WA]
DS =0030 0000000000000000 ffffffff 00cf9300 DPL=0 DS   [-WA]
FS =0030 0000000000000000 ffffffff 00cf9300 DPL=0 DS   [-WA]
GS =0030 0000000000000000 ffffffff 00cf9300 DPL=0 DS   [-WA]
LDT=0000 0000000000000000 0000ffff 00008200 DPL=0 LDT
TR =0000 0000000000000000 0000ffff 00008b00 DPL=0 TSS64-busy
GDT=     00000000079de000 00000047
IDT=     00000000074fa018 00000fff
CR0=80010033 CR2=0000000000000000 CR3=0000000007c01000 CR4=00000668
DR0=0000000000000000 DR1=0000000000000000 DR2=0000000000000000 DR3=0000000000000000 
DR6=00000000ffff0ff0 DR7=0000000000000400
CCS=0000000000000004 CCD=0000000000000000 CCO=EFLAGS
EFER=0000000000000d00
   574: v=20 e=0000 i=0 cpl=0 IP=0038:0000000007052c07 pc=0000000007052c07 SP=0030:0000000007efba60 env->regs[R_EAX]=00000000070a906f
RAX=00000000070a906f RBX=0000000000000017 RCX=00000000070a9058 RDX=0000000007efbbf8
RSI=0000000000000018 RDI=0000000000000001 RBP=0000000000000000 RSP=0000000007efba60
R8 =0000000000000018 R9 =0000000000000000 R10=0000000007f19a4d R11=0000000007059f00
R12=00000000070a9058 R13=0000000007efbbf8 R14=0000000000000001 R15=0000000007efbc10
RIP=0000000007052c07 RFL=00000206 [-----P-] CPL=0 II=0 A20=1 SMM=0 HLT=0
ES =0030 0000000000000000 ffffffff 00cf9300 DPL=0 DS   [-WA]
CS =0038 0000000000000000 ffffffff 00af9a00 DPL=0 CS64 [-R-]
SS =0030 0000000000000000 ffffffff 00cf9300 DPL=0 DS   [-WA]
DS =0030 0000000000000000 ffffffff 00cf9300 DPL=0 DS   [-WA]
FS =0030 0000000000000000 ffffffff 00cf9300 DPL=0 DS   [-WA]
GS =0030 0000000000000000 ffffffff 00cf9300 DPL=0 DS   [-WA]
LDT=0000 0000000000000000 0000ffff 00008200 DPL=0 LDT
TR =0000 0000000000000000 0000ffff 00008b00 DPL=0 TSS64-busy
GDT=     00000000079de000 00000047
IDT=     00000000074fa018 00000fff
CR0=80010033 CR2=0000000000000000 CR3=0000000007c01000 CR4=00000668
DR0=0000000000000000 DR1=0000000000000000 DR2=0000000000000000 DR3=0000000000000000 
DR6=00000000ffff0ff0 DR7=0000000000000400
CCS=0000000000000004 CCD=0000000000000000 CCO=EFLAGS
EFER=0000000000000d00
   575: v=20 e=0000 i=0 cpl=0 IP=0038:0000000007052c07 pc=0000000007052c07 SP=0030:0000000007efba60 env->regs[R_EAX]=00000000070a906f
RAX=00000000070a906f RBX=0000000000000017 RCX=00000000070a9058 RDX=0000000007efbbf8
RSI=0000000000000018 RDI=0000000000000001 RBP=0000000000000000 RSP=0000000007efba60
R8 =0000000000000018 R9 =0000000000000000 R10=0000000007f19a4d R11=0000000007059f00
R12=00000000070a9058 R13=0000000007efbbf8 R14=0000000000000001 R15=0000000007efbc10
RIP=0000000007052c07 RFL=00000206 [-----P-] CPL=0 II=0 A20=1 SMM=0 HLT=0
ES =0030 0000000000000000 ffffffff 00cf9300 DPL=0 DS   [-WA]
CS =0038 0000000000000000 ffffffff 00af9a00 DPL=0 CS64 [-R-]
SS =0030 0000000000000000 ffffffff 00cf9300 DPL=0 DS   [-WA]
DS =0030 0000000000000000 ffffffff 00cf9300 DPL=0 DS   [-WA]
FS =0030 0000000000000000 ffffffff 00cf9300 DPL=0 DS   [-WA]
GS =0030 0000000000000000 ffffffff 00cf9300 DPL=0 DS   [-WA]
LDT=0000 0000000000000000 0000ffff 00008200 DPL=0 LDT
TR =0000 0000000000000000 0000ffff 00008b00 DPL=0 TSS64-busy
GDT=     00000000079de000 00000047
IDT=     00000000074fa018 00000fff
CR0=80010033 CR2=0000000000000000 CR3=0000000007c01000 CR4=00000668
DR0=0000000000000000 DR1=0000000000000000 DR2=0000000000000000 DR3=0000000000000000 
DR6=00000000ffff0ff0 DR7=0000000000000400
CCS=0000000000000004 CCD=0000000000000000 CCO=EFLAGS
EFER=0000000000000d00
   576: v=20 e=0000 i=0 cpl=0 IP=0038:0000000007052c07 pc=0000000007052c07 SP=0030:0000000007efba60 env->regs[R_EAX]=00000000070a906f
RAX=00000000070a906f RBX=0000000000000017 RCX=00000000070a9058 RDX=0000000007efbbf8
RSI=0000000000000018 RDI=0000000000000001 RBP=0000000000000000 RSP=0000000007efba60
R8 =0000000000000018 R9 =0000000000000000 R10=0000000007f19a4d R11=0000000007059f00
R12=00000000070a9058 R13=0000000007efbbf8 R14=0000000000000001 R15=0000000007efbc10
RIP=0000000007052c07 RFL=00000206 [-----P-] CPL=0 II=0 A20=1 SMM=0 HLT=0
ES =0030 0000000000000000 ffffffff 00cf9300 DPL=0 DS   [-WA]
CS =0038 0000000000000000 ffffffff 00af9a00 DPL=0 CS64 [-R-]
SS =0030 0000000000000000 ffffffff 00cf9300 DPL=0 DS   [-WA]
DS =0030 0000000000000000 ffffffff 00cf9300 DPL=0 DS   [-WA]
FS =0030 0000000000000000 ffffffff 00cf9300 DPL=0 DS   [-WA]
GS =0030 0000000000000000 ffffffff 00cf9300 DPL=0 DS   [-WA]
LDT=0000 0000000000000000 0000ffff 00008200 DPL=0 LDT
TR =0000 0000000000000000 0000ffff 00008b00 DPL=0 TSS64-busy
GDT=     00000000079de000 00000047
IDT=     00000000074fa018 00000fff
CR0=80010033 CR2=0000000000000000 CR3=0000000007c01000 CR4=00000668
DR0=0000000000000000 DR1=0000000000000000 DR2=0000000000000000 DR3=0000000000000000 
DR6=00000000ffff0ff0 DR7=0000000000000400
CCS=0000000000000004 CCD=0000000000000000 CCO=EFLAGS
EFER=0000000000000d00
   577: v=20 e=0000 i=0 cpl=0 IP=0038:0000000007052c07 pc=0000000007052c07 SP=0030:0000000007efba60 env->regs[R_EAX]=00000000070a906f
RAX=00000000070a906f RBX=0000000000000017 RCX=00000000070a9058 RDX=0000000007efbbf8
RSI=0000000000000018 RDI=0000000000000001 RBP=0000000000000000 RSP=0000000007efba60
R8 =0000000000000018 R9 =0000000000000000 R10=0000000007f19a4d R11=0000000007059f00
R12=00000000070a9058 R13=0000000007efbbf8 R14=0000000000000001 R15=0000000007efbc10
RIP=0000000007052c07 RFL=00000206 [-----P-] CPL=0 II=0 A20=1 SMM=0 HLT=0
ES =0030 0000000000000000 ffffffff 00cf9300 DPL=0 DS   [-WA]
CS =0038 0000000000000000 ffffffff 00af9a00 DPL=0 CS64 [-R-]
SS =0030 0000000000000000 ffffffff 00cf9300 DPL=0 DS   [-WA]
DS =0030 0000000000000000 ffffffff 00cf9300 DPL=0 DS   [-WA]
FS =0030 0000000000000000 ffffffff 00cf9300 DPL=0 DS   [-WA]
GS =0030 0000000000000000 ffffffff 00cf9300 DPL=0 DS   [-WA]
LDT=0000 0000000000000000 0000ffff 00008200 DPL=0 LDT
TR =0000 0000000000000000 0000ffff 00008b00 DPL=0 TSS64-busy
GDT=     00000000079de000 00000047
IDT=     00000000074fa018 00000fff
CR0=80010033 CR2=0000000000000000 CR3=0000000007c01000 CR4=00000668
DR0=0000000000000000 DR1=0000000000000000 DR2=0000000000000000 DR3=0000000000000000 
DR6=00000000ffff0ff0 DR7=0000000000000400
CCS=0000000000000004 CCD=0000000000000000 CCO=EFLAGS
EFER=0000000000000d00
   578: v=20 e=0000 i=0 cpl=0 IP=0038:0000000007052c07 pc=0000000007052c07 SP=0030:0000000007efba60 env->regs[R_EAX]=00000000070a906f
RAX=00000000070a906f RBX=0000000000000017 RCX=00000000070a9058 RDX=0000000007efbbf8
RSI=0000000000000018 RDI=0000000000000001 RBP=0000000000000000 RSP=0000000007efba60
R8 =0000000000000018 R9 =0000000000000000 R10=0000000007f19a4d R11=0000000007059f00
R12=00000000070a9058 R13=0000000007efbbf8 R14=0000000000000001 R15=0000000007efbc10
RIP=0000000007052c07 RFL=00000206 [-----P-] CPL=0 II=0 A20=1 SMM=0 HLT=0
ES =0030 0000000000000000 ffffffff 00cf9300 DPL=0 DS   [-WA]
CS =0038 0000000000000000 ffffffff 00af9a00 DPL=0 CS64 [-R-]
SS =0030 0000000000000000 ffffffff 00cf9300 DPL=0 DS   [-WA]
DS =0030 0000000000000000 ffffffff 00cf9300 DPL=0 DS   [-WA]
FS =0030 0000000000000000 ffffffff 00cf9300 DPL=0 DS   [-WA]
GS =0030 0000000000000000 ffffffff 00cf9300 DPL=0 DS   [-WA]
LDT=0000 0000000000000000 0000ffff 00008200 DPL=0 LDT
TR =0000 0000000000000000 0000ffff 00008b00 DPL=0 TSS64-busy
GDT=     00000000079de000 00000047
IDT=     00000000074fa018 00000fff
CR0=80010033 CR2=0000000000000000 CR3=0000000007c01000 CR4=00000668
DR0=0000000000000000 DR1=0000000000000000 DR2=0000000000000000 DR3=0000000000000000 
DR6=00000000ffff0ff0 DR7=0000000000000400
CCS=0000000000000004 CCD=0000000000000000 CCO=EFLAGS
EFER=0000000000000d00
   579: v=20 e=0000 i=0 cpl=0 IP=0038:0000000007052c07 pc=0000000007052c07 SP=0030:0000000007efba60 env->regs[R_EAX]=00000000070a906f
RAX=00000000070a906f RBX=0000000000000017 RCX=00000000070a9058 RDX=0000000007efbbf8
RSI=0000000000000018 RDI=0000000000000001 RBP=0000000000000000 RSP=0000000007efba60
R8 =0000000000000018 R9 =0000000000000000 R10=0000000007f19a4d R11=0000000007059f00
R12=00000000070a9058 R13=0000000007efbbf8 R14=0000000000000001 R15=0000000007efbc10
RIP=0000000007052c07 RFL=00000206 [-----P-] CPL=0 II=0 A20=1 SMM=0 HLT=0
ES =0030 0000000000000000 ffffffff 00cf9300 DPL=0 DS   [-WA]
CS =0038 0000000000000000 ffffffff 00af9a00 DPL=0 CS64 [-R-]
SS =0030 0000000000000000 ffffffff 00cf9300 DPL=0 DS   [-WA]
DS =0030 0000000000000000 ffffffff 00cf9300 DPL=0 DS   [-WA]
FS =0030 0000000000000000 ffffffff 00cf9300 DPL=0 DS   [-WA]
GS =0030 0000000000000000 ffffffff 00cf9300 DPL=0 DS   [-WA]
LDT=0000 0000000000000000 0000ffff 00008200 DPL=0 LDT
TR =0000 0000000000000000 0000ffff 00008b00 DPL=0 TSS64-busy
GDT=     00000000079de000 00000047
IDT=     00000000074fa018 00000fff
CR0=80010033 CR2=0000000000000000 CR3=0000000007c01000 CR4=00000668
DR0=0000000000000000 DR1=0000000000000000 DR2=0000000000000000 DR3=0000000000000000 
DR6=00000000ffff0ff0 DR7=0000000000000400
CCS=0000000000000004 CCD=0000000000000000 CCO=EFLAGS
EFER=0000000000000d00
   580: v=20 e=0000 i=0 cpl=0 IP=0038:0000000007052c07 pc=0000000007052c07 SP=0030:0000000007efba60 env->regs[R_EAX]=00000000070a906f
RAX=00000000070a906f RBX=0000000000000017 RCX=00000000070a9058 RDX=0000000007efbbf8
RSI=0000000000000018 RDI=0000000000000001 RBP=0000000000000000 RSP=0000000007efba60
R8 =0000000000000018 R9 =0000000000000000 R10=0000000007f19a4d R11=0000000007059f00
R12=00000000070a9058 R13=0000000007efbbf8 R14=0000000000000001 R15=0000000007efbc10
RIP=0000000007052c07 RFL=00000206 [-----P-] CPL=0 II=0 A20=1 SMM=0 HLT=0
ES =0030 0000000000000000 ffffffff 00cf9300 DPL=0 DS   [-WA]
CS =0038 0000000000000000 ffffffff 00af9a00 DPL=0 CS64 [-R-]
SS =0030 0000000000000000 ffffffff 00cf9300 DPL=0 DS   [-WA]
DS =0030 0000000000000000 ffffffff 00cf9300 DPL=0 DS   [-WA]
FS =0030 0000000000000000 ffffffff 00cf9300 DPL=0 DS   [-WA]
GS =0030 0000000000000000 ffffffff 00cf9300 DPL=0 DS   [-WA]
LDT=0000 0000000000000000 0000ffff 00008200 DPL=0 LDT
TR =0000 0000000000000000 0000ffff 00008b00 DPL=0 TSS64-busy
GDT=     00000000079de000 00000047
IDT=     00000000074fa018 00000fff
CR0=80010033 CR2=0000000000000000 CR3=0000000007c01000 CR4=00000668
DR0=0000000000000000 DR1=0000000000000000 DR2=0000000000000000 DR3=0000000000000000 
DR6=00000000ffff0ff0 DR7=0000000000000400
CCS=0000000000000004 CCD=0000000000000000 CCO=EFLAGS
EFER=0000000000000d00
   581: v=20 e=0000 i=0 cpl=0 IP=0038:0000000007052c07 pc=0000000007052c07 SP=0030:0000000007efba60 env->regs[R_EAX]=00000000070a906f
RAX=00000000070a906f RBX=0000000000000017 RCX=00000000070a9058 RDX=0000000007efbbf8
RSI=0000000000000018 RDI=0000000000000001 RBP=0000000000000000 RSP=0000000007efba60
R8 =0000000000000018 R9 =0000000000000000 R10=0000000007f19a4d R11=0000000007059f00
R12=00000000070a9058 R13=0000000007efbbf8 R14=0000000000000001 R15=0000000007efbc10
RIP=0000000007052c07 RFL=00000206 [-----P-] CPL=0 II=0 A20=1 SMM=0 HLT=0
ES =0030 0000000000000000 ffffffff 00cf9300 DPL=0 DS   [-WA]
CS =0038 0000000000000000 ffffffff 00af9a00 DPL=0 CS64 [-R-]
SS =0030 0000000000000000 ffffffff 00cf9300 DPL=0 DS   [-WA]
DS =0030 0000000000000000 ffffffff 00cf9300 DPL=0 DS   [-WA]
FS =0030 0000000000000000 ffffffff 00cf9300 DPL=0 DS   [-WA]
GS =0030 0000000000000000 ffffffff 00cf9300 DPL=0 DS   [-WA]
LDT=0000 0000000000000000 0000ffff 00008200 DPL=0 LDT
TR =0000 0000000000000000 0000ffff 00008b00 DPL=0 TSS64-busy
GDT=     00000000079de000 00000047
IDT=     00000000074fa018 00000fff
CR0=80010033 CR2=0000000000000000 CR3=0000000007c01000 CR4=00000668
DR0=0000000000000000 DR1=0000000000000000 DR2=0000000000000000 DR3=0000000000000000 
DR6=00000000ffff0ff0 DR7=0000000000000400
CCS=0000000000000004 CCD=0000000000000000 CCO=EFLAGS
EFER=0000000000000d00
   582: v=20 e=0000 i=0 cpl=0 IP=0038:0000000007052c07 pc=0000000007052c07 SP=0030:0000000007efba60 env->regs[R_EAX]=00000000070a906f
RAX=00000000070a906f RBX=0000000000000017 RCX=00000000070a9058 RDX=0000000007efbbf8
RSI=0000000000000018 RDI=0000000000000001 RBP=0000000000000000 RSP=0000000007efba60
R8 =0000000000000018 R9 =0000000000000000 R10=0000000007f19a4d R11=0000000007059f00
R12=00000000070a9058 R13=0000000007efbbf8 R14=0000000000000001 R15=0000000007efbc10
RIP=0000000007052c07 RFL=00000206 [-----P-] CPL=0 II=0 A20=1 SMM=0 HLT=0
ES =0030 0000000000000000 ffffffff 00cf9300 DPL=0 DS   [-WA]
CS =0038 0000000000000000 ffffffff 00af9a00 DPL=0 CS64 [-R-]
SS =0030 0000000000000000 ffffffff 00cf9300 DPL=0 DS   [-WA]
DS =0030 0000000000000000 ffffffff 00cf9300 DPL=0 DS   [-WA]
FS =0030 0000000000000000 ffffffff 00cf9300 DPL=0 DS   [-WA]
GS =0030 0000000000000000 ffffffff 00cf9300 DPL=0 DS   [-WA]
LDT=0000 0000000000000000 0000ffff 00008200 DPL=0 LDT
TR =0000 0000000000000000 0000ffff 00008b00 DPL=0 TSS64-busy
GDT=     00000000079de000 00000047
IDT=     00000000074fa018 00000fff
CR0=80010033 CR2=0000000000000000 CR3=0000000007c01000 CR4=00000668
DR0=0000000000000000 DR1=0000000000000000 DR2=0000000000000000 DR3=0000000000000000 
DR6=00000000ffff0ff0 DR7=0000000000000400
CCS=0000000000000004 CCD=0000000000000000 CCO=EFLAGS
EFER=0000000000000d00
   583: v=20 e=0000 i=0 cpl=0 IP=0038:0000000007052c07 pc=0000000007052c07 SP=0030:0000000007efba60 env->regs[R_EAX]=00000000070a906f
RAX=00000000070a906f RBX=0000000000000017 RCX=00000000070a9058 RDX=0000000007efbbf8
RSI=0000000000000018 RDI=0000000000000001 RBP=0000000000000000 RSP=0000000007efba60
R8 =0000000000000018 R9 =0000000000000000 R10=0000000007f19a4d R11=0000000007059f00
R12=00000000070a9058 R13=0000000007efbbf8 R14=0000000000000001 R15=0000000007efbc10
RIP=0000000007052c07 RFL=00000206 [-----P-] CPL=0 II=0 A20=1 SMM=0 HLT=0
ES =0030 0000000000000000 ffffffff 00cf9300 DPL=0 DS   [-WA]
CS =0038 0000000000000000 ffffffff 00af9a00 DPL=0 CS64 [-R-]
SS =0030 0000000000000000 ffffffff 00cf9300 DPL=0 DS   [-WA]
DS =0030 0000000000000000 ffffffff 00cf9300 DPL=0 DS   [-WA]
FS =0030 0000000000000000 ffffffff 00cf9300 DPL=0 DS   [-WA]
GS =0030 0000000000000000 ffffffff 00cf9300 DPL=0 DS   [-WA]
LDT=0000 0000000000000000 0000ffff 00008200 DPL=0 LDT
TR =0000 0000000000000000 0000ffff 00008b00 DPL=0 TSS64-busy
GDT=     00000000079de000 00000047
IDT=     00000000074fa018 00000fff
CR0=80010033 CR2=0000000000000000 CR3=0000000007c01000 CR4=00000668
DR0=0000000000000000 DR1=0000000000000000 DR2=0000000000000000 DR3=0000000000000000 
DR6=00000000ffff0ff0 DR7=0000000000000400
CCS=0000000000000004 CCD=0000000000000000 CCO=EFLAGS
EFER=0000000000000d00
   584: v=20 e=0000 i=0 cpl=0 IP=0038:0000000007052c07 pc=0000000007052c07 SP=0030:0000000007efba60 env->regs[R_EAX]=00000000070a906f
RAX=00000000070a906f RBX=0000000000000017 RCX=00000000070a9058 RDX=0000000007efbbf8
RSI=0000000000000018 RDI=0000000000000001 RBP=0000000000000000 RSP=0000000007efba60
R8 =0000000000000018 R9 =0000000000000000 R10=0000000007f19a4d R11=0000000007059f00
R12=00000000070a9058 R13=0000000007efbbf8 R14=0000000000000001 R15=0000000007efbc10
RIP=0000000007052c07 RFL=00000206 [-----P-] CPL=0 II=0 A20=1 SMM=0 HLT=0
ES =0030 0000000000000000 ffffffff 00cf9300 DPL=0 DS   [-WA]
CS =0038 0000000000000000 ffffffff 00af9a00 DPL=0 CS64 [-R-]
SS =0030 0000000000000000 ffffffff 00cf9300 DPL=0 DS   [-WA]
DS =0030 0000000000000000 ffffffff 00cf9300 DPL=0 DS   [-WA]
FS =0030 0000000000000000 ffffffff 00cf9300 DPL=0 DS   [-WA]
GS =0030 0000000000000000 ffffffff 00cf9300 DPL=0 DS   [-WA]
LDT=0000 0000000000000000 0000ffff 00008200 DPL=0 LDT
TR =0000 0000000000000000 0000ffff 00008b00 DPL=0 TSS64-busy
GDT=     00000000079de000 00000047
IDT=     00000000074fa018 00000fff
CR0=80010033 CR2=0000000000000000 CR3=0000000007c01000 CR4=00000668
DR0=0000000000000000 DR1=0000000000000000 DR2=0000000000000000 DR3=0000000000000000 
DR6=00000000ffff0ff0 DR7=0000000000000400
CCS=0000000000000004 CCD=0000000000000000 CCO=EFLAGS
EFER=0000000000000d00
   585: v=20 e=0000 i=0 cpl=0 IP=0038:0000000007052c07 pc=0000000007052c07 SP=0030:0000000007efba60 env->regs[R_EAX]=00000000070a906f
RAX=00000000070a906f RBX=0000000000000017 RCX=00000000070a9058 RDX=0000000007efbbf8
RSI=0000000000000018 RDI=0000000000000001 RBP=0000000000000000 RSP=0000000007efba60
R8 =0000000000000018 R9 =0000000000000000 R10=0000000007f19a4d R11=0000000007059f00
R12=00000000070a9058 R13=0000000007efbbf8 R14=0000000000000001 R15=0000000007efbc10
RIP=0000000007052c07 RFL=00000206 [-----P-] CPL=0 II=0 A20=1 SMM=0 HLT=0
ES =0030 0000000000000000 ffffffff 00cf9300 DPL=0 DS   [-WA]
CS =0038 0000000000000000 ffffffff 00af9a00 DPL=0 CS64 [-R-]
SS =0030 0000000000000000 ffffffff 00cf9300 DPL=0 DS   [-WA]
DS =0030 0000000000000000 ffffffff 00cf9300 DPL=0 DS   [-WA]
FS =0030 0000000000000000 ffffffff 00cf9300 DPL=0 DS   [-WA]
GS =0030 0000000000000000 ffffffff 00cf9300 DPL=0 DS   [-WA]
LDT=0000 0000000000000000 0000ffff 00008200 DPL=0 LDT
TR =0000 0000000000000000 0000ffff 00008b00 DPL=0 TSS64-busy
GDT=     00000000079de000 00000047
IDT=     00000000074fa018 00000fff
CR0=80010033 CR2=0000000000000000 CR3=0000000007c01000 CR4=00000668
DR0=0000000000000000 DR1=0000000000000000 DR2=0000000000000000 DR3=0000000000000000 
DR6=00000000ffff0ff0 DR7=0000000000000400
CCS=0000000000000004 CCD=0000000000000000 CCO=EFLAGS
EFER=0000000000000d00
   586: v=20 e=0000 i=0 cpl=0 IP=0038:0000000007052c07 pc=0000000007052c07 SP=0030:0000000007efba60 env->regs[R_EAX]=00000000070a906f
RAX=00000000070a906f RBX=0000000000000017 RCX=00000000070a9058 RDX=0000000007efbbf8
RSI=0000000000000018 RDI=0000000000000001 RBP=0000000000000000 RSP=0000000007efba60
R8 =0000000000000018 R9 =0000000000000000 R10=0000000007f19a4d R11=0000000007059f00
R12=00000000070a9058 R13=0000000007efbbf8 R14=0000000000000001 R15=0000000007efbc10
RIP=0000000007052c07 RFL=00000206 [-----P-] CPL=0 II=0 A20=1 SMM=0 HLT=0
ES =0030 0000000000000000 ffffffff 00cf9300 DPL=0 DS   [-WA]
CS =0038 0000000000000000 ffffffff 00af9a00 DPL=0 CS64 [-R-]
SS =0030 0000000000000000 ffffffff 00cf9300 DPL=0 DS   [-WA]
DS =0030 0000000000000000 ffffffff 00cf9300 DPL=0 DS   [-WA]
FS =0030 0000000000000000 ffffffff 00cf9300 DPL=0 DS   [-WA]
GS =0030 0000000000000000 ffffffff 00cf9300 DPL=0 DS   [-WA]
LDT=0000 0000000000000000 0000ffff 00008200 DPL=0 LDT
TR =0000 0000000000000000 0000ffff 00008b00 DPL=0 TSS64-busy
GDT=     00000000079de000 00000047
IDT=     00000000074fa018 00000fff
CR0=80010033 CR2=0000000000000000 CR3=0000000007c01000 CR4=00000668
DR0=0000000000000000 DR1=0000000000000000 DR2=0000000000000000 DR3=0000000000000000 
DR6=00000000ffff0ff0 DR7=0000000000000400
CCS=0000000000000004 CCD=0000000000000000 CCO=EFLAGS
EFER=0000000000000d00
   587: v=20 e=0000 i=0 cpl=0 IP=0038:0000000007052c07 pc=0000000007052c07 SP=0030:0000000007efba60 env->regs[R_EAX]=00000000070a906f
RAX=00000000070a906f RBX=0000000000000017 RCX=00000000070a9058 RDX=0000000007efbbf8
RSI=0000000000000018 RDI=0000000000000001 RBP=0000000000000000 RSP=0000000007efba60
R8 =0000000000000018 R9 =0000000000000000 R10=0000000007f19a4d R11=0000000007059f00
R12=00000000070a9058 R13=0000000007efbbf8 R14=0000000000000001 R15=0000000007efbc10
RIP=0000000007052c07 RFL=00000206 [-----P-] CPL=0 II=0 A20=1 SMM=0 HLT=0
ES =0030 0000000000000000 ffffffff 00cf9300 DPL=0 DS   [-WA]
CS =0038 0000000000000000 ffffffff 00af9a00 DPL=0 CS64 [-R-]
SS =0030 0000000000000000 ffffffff 00cf9300 DPL=0 DS   [-WA]
DS =0030 0000000000000000 ffffffff 00cf9300 DPL=0 DS   [-WA]
FS =0030 0000000000000000 ffffffff 00cf9300 DPL=0 DS   [-WA]
GS =0030 0000000000000000 ffffffff 00cf9300 DPL=0 DS   [-WA]
LDT=0000 0000000000000000 0000ffff 00008200 DPL=0 LDT
TR =0000 0000000000000000 0000ffff 00008b00 DPL=0 TSS64-busy
GDT=     00000000079de000 00000047
IDT=     00000000074fa018 00000fff
CR0=80010033 CR2=0000000000000000 CR3=0000000007c01000 CR4=00000668
DR0=0000000000000000 DR1=0000000000000000 DR2=0000000000000000 DR3=0000000000000000 
DR6=00000000ffff0ff0 DR7=0000000000000400
CCS=0000000000000004 CCD=0000000000000000 CCO=EFLAGS
EFER=0000000000000d00
   588: v=20 e=0000 i=0 cpl=0 IP=0038:0000000007052c07 pc=0000000007052c07 SP=0030:0000000007efba60 env->regs[R_EAX]=00000000070a906f
RAX=00000000070a906f RBX=0000000000000017 RCX=00000000070a9058 RDX=0000000007efbbf8
RSI=0000000000000018 RDI=0000000000000001 RBP=0000000000000000 RSP=0000000007efba60
R8 =0000000000000018 R9 =0000000000000000 R10=0000000007f19a4d R11=0000000007059f00
R12=00000000070a9058 R13=0000000007efbbf8 R14=0000000000000001 R15=0000000007efbc10
RIP=0000000007052c07 RFL=00000206 [-----P-] CPL=0 II=0 A20=1 SMM=0 HLT=0
ES =0030 0000000000000000 ffffffff 00cf9300 DPL=0 DS   [-WA]
CS =0038 0000000000000000 ffffffff 00af9a00 DPL=0 CS64 [-R-]
SS =0030 0000000000000000 ffffffff 00cf9300 DPL=0 DS   [-WA]
DS =0030 0000000000000000 ffffffff 00cf9300 DPL=0 DS   [-WA]
FS =0030 0000000000000000 ffffffff 00cf9300 DPL=0 DS   [-WA]
GS =0030 0000000000000000 ffffffff 00cf9300 DPL=0 DS   [-WA]
LDT=0000 0000000000000000 0000ffff 00008200 DPL=0 LDT
TR =0000 0000000000000000 0000ffff 00008b00 DPL=0 TSS64-busy
GDT=     00000000079de000 00000047
IDT=     00000000074fa018 00000fff
CR0=80010033 CR2=0000000000000000 CR3=0000000007c01000 CR4=00000668
DR0=0000000000000000 DR1=0000000000000000 DR2=0000000000000000 DR3=0000000000000000 
DR6=00000000ffff0ff0 DR7=0000000000000400
CCS=0000000000000004 CCD=0000000000000000 CCO=EFLAGS
EFER=0000000000000d00
   589: v=20 e=0000 i=0 cpl=0 IP=0038:0000000007052c07 pc=0000000007052c07 SP=0030:0000000007efba60 env->regs[R_EAX]=00000000070a906f
RAX=00000000070a906f RBX=0000000000000017 RCX=00000000070a9058 RDX=0000000007efbbf8
RSI=0000000000000018 RDI=0000000000000001 RBP=0000000000000000 RSP=0000000007efba60
R8 =0000000000000018 R9 =0000000000000000 R10=0000000007f19a4d R11=0000000007059f00
R12=00000000070a9058 R13=0000000007efbbf8 R14=0000000000000001 R15=0000000007efbc10
RIP=0000000007052c07 RFL=00000206 [-----P-] CPL=0 II=0 A20=1 SMM=0 HLT=0
ES =0030 0000000000000000 ffffffff 00cf9300 DPL=0 DS   [-WA]
CS =0038 0000000000000000 ffffffff 00af9a00 DPL=0 CS64 [-R-]
SS =0030 0000000000000000 ffffffff 00cf9300 DPL=0 DS   [-WA]
DS =0030 0000000000000000 ffffffff 00cf9300 DPL=0 DS   [-WA]
FS =0030 0000000000000000 ffffffff 00cf9300 DPL=0 DS   [-WA]
GS =0030 0000000000000000 ffffffff 00cf9300 DPL=0 DS   [-WA]
LDT=0000 0000000000000000 0000ffff 00008200 DPL=0 LDT
TR =0000 0000000000000000 0000ffff 00008b00 DPL=0 TSS64-busy
GDT=     00000000079de000 00000047
IDT=     00000000074fa018 00000fff
CR0=80010033 CR2=0000000000000000 CR3=0000000007c01000 CR4=00000668
DR0=0000000000000000 DR1=0000000000000000 DR2=0000000000000000 DR3=0000000000000000 
DR6=00000000ffff0ff0 DR7=0000000000000400
CCS=0000000000000004 CCD=0000000000000000 CCO=EFLAGS
EFER=0000000000000d00
   590: v=20 e=0000 i=0 cpl=0 IP=0038:0000000007052c07 pc=0000000007052c07 SP=0030:0000000007efba60 env->regs[R_EAX]=00000000070a906f
RAX=00000000070a906f RBX=0000000000000017 RCX=00000000070a9058 RDX=0000000007efbbf8
RSI=0000000000000018 RDI=0000000000000001 RBP=0000000000000000 RSP=0000000007efba60
R8 =0000000000000018 R9 =0000000000000000 R10=0000000007f19a4d R11=0000000007059f00
R12=00000000070a9058 R13=0000000007efbbf8 R14=0000000000000001 R15=0000000007efbc10
RIP=0000000007052c07 RFL=00000206 [-----P-] CPL=0 II=0 A20=1 SMM=0 HLT=0
ES =0030 0000000000000000 ffffffff 00cf9300 DPL=0 DS   [-WA]
CS =0038 0000000000000000 ffffffff 00af9a00 DPL=0 CS64 [-R-]
SS =0030 0000000000000000 ffffffff 00cf9300 DPL=0 DS   [-WA]
DS =0030 0000000000000000 ffffffff 00cf9300 DPL=0 DS   [-WA]
FS =0030 0000000000000000 ffffffff 00cf9300 DPL=0 DS   [-WA]
GS =0030 0000000000000000 ffffffff 00cf9300 DPL=0 DS   [-WA]
LDT=0000 0000000000000000 0000ffff 00008200 DPL=0 LDT
TR =0000 0000000000000000 0000ffff 00008b00 DPL=0 TSS64-busy
GDT=     00000000079de000 00000047
IDT=     00000000074fa018 00000fff
CR0=80010033 CR2=0000000000000000 CR3=0000000007c01000 CR4=00000668
DR0=0000000000000000 DR1=0000000000000000 DR2=0000000000000000 DR3=0000000000000000 
DR6=00000000ffff0ff0 DR7=0000000000000400
CCS=0000000000000004 CCD=0000000000000000 CCO=EFLAGS
EFER=0000000000000d00
   591: v=20 e=0000 i=0 cpl=0 IP=0038:0000000007052c07 pc=0000000007052c07 SP=0030:0000000007efba60 env->regs[R_EAX]=00000000070a906f
RAX=00000000070a906f RBX=0000000000000017 RCX=00000000070a9058 RDX=0000000007efbbf8
RSI=0000000000000018 RDI=0000000000000001 RBP=0000000000000000 RSP=0000000007efba60
R8 =0000000000000018 R9 =0000000000000000 R10=0000000007f19a4d R11=0000000007059f00
R12=00000000070a9058 R13=0000000007efbbf8 R14=0000000000000001 R15=0000000007efbc10
RIP=0000000007052c07 RFL=00000206 [-----P-] CPL=0 II=0 A20=1 SMM=0 HLT=0
ES =0030 0000000000000000 ffffffff 00cf9300 DPL=0 DS   [-WA]
CS =0038 0000000000000000 ffffffff 00af9a00 DPL=0 CS64 [-R-]
SS =0030 0000000000000000 ffffffff 00cf9300 DPL=0 DS   [-WA]
DS =0030 0000000000000000 ffffffff 00cf9300 DPL=0 DS   [-WA]
FS =0030 0000000000000000 ffffffff 00cf9300 DPL=0 DS   [-WA]
GS =0030 0000000000000000 ffffffff 00cf9300 DPL=0 DS   [-WA]
LDT=0000 0000000000000000 0000ffff 00008200 DPL=0 LDT
TR =0000 0000000000000000 0000ffff 00008b00 DPL=0 TSS64-busy
GDT=     00000000079de000 00000047
IDT=     00000000074fa018 00000fff
CR0=80010033 CR2=0000000000000000 CR3=0000000007c01000 CR4=00000668
DR0=0000000000000000 DR1=0000000000000000 DR2=0000000000000000 DR3=0000000000000000 
DR6=00000000ffff0ff0 DR7=0000000000000400
CCS=0000000000000004 CCD=0000000000000000 CCO=EFLAGS
EFER=0000000000000d00
   592: v=20 e=0000 i=0 cpl=0 IP=0038:0000000007052c07 pc=0000000007052c07 SP=0030:0000000007efba60 env->regs[R_EAX]=00000000070a906f
RAX=00000000070a906f RBX=0000000000000017 RCX=00000000070a9058 RDX=0000000007efbbf8
RSI=0000000000000018 RDI=0000000000000001 RBP=0000000000000000 RSP=0000000007efba60
R8 =0000000000000018 R9 =0000000000000000 R10=0000000007f19a4d R11=0000000007059f00
R12=00000000070a9058 R13=0000000007efbbf8 R14=0000000000000001 R15=0000000007efbc10
RIP=0000000007052c07 RFL=00000206 [-----P-] CPL=0 II=0 A20=1 SMM=0 HLT=0
ES =0030 0000000000000000 ffffffff 00cf9300 DPL=0 DS   [-WA]
CS =0038 0000000000000000 ffffffff 00af9a00 DPL=0 CS64 [-R-]
SS =0030 0000000000000000 ffffffff 00cf9300 DPL=0 DS   [-WA]
DS =0030 0000000000000000 ffffffff 00cf9300 DPL=0 DS   [-WA]
FS =0030 0000000000000000 ffffffff 00cf9300 DPL=0 DS   [-WA]
GS =0030 0000000000000000 ffffffff 00cf9300 DPL=0 DS   [-WA]
LDT=0000 0000000000000000 0000ffff 00008200 DPL=0 LDT
TR =0000 0000000000000000 0000ffff 00008b00 DPL=0 TSS64-busy
GDT=     00000000079de000 00000047
IDT=     00000000074fa018 00000fff
CR0=80010033 CR2=0000000000000000 CR3=0000000007c01000 CR4=00000668
DR0=0000000000000000 DR1=0000000000000000 DR2=0000000000000000 DR3=0000000000000000 
DR6=00000000ffff0ff0 DR7=0000000000000400
CCS=0000000000000004 CCD=0000000000000000 CCO=EFLAGS
EFER=0000000000000d00
   593: v=20 e=0000 i=0 cpl=0 IP=0038:0000000007052c07 pc=0000000007052c07 SP=0030:0000000007efba60 env->regs[R_EAX]=00000000070a906f
RAX=00000000070a906f RBX=0000000000000017 RCX=00000000070a9058 RDX=0000000007efbbf8
RSI=0000000000000018 RDI=0000000000000001 RBP=0000000000000000 RSP=0000000007efba60
R8 =0000000000000018 R9 =0000000000000000 R10=0000000007f19a4d R11=0000000007059f00
R12=00000000070a9058 R13=0000000007efbbf8 R14=0000000000000001 R15=0000000007efbc10
RIP=0000000007052c07 RFL=00000206 [-----P-] CPL=0 II=0 A20=1 SMM=0 HLT=0
ES =0030 0000000000000000 ffffffff 00cf9300 DPL=0 DS   [-WA]
CS =0038 0000000000000000 ffffffff 00af9a00 DPL=0 CS64 [-R-]
SS =0030 0000000000000000 ffffffff 00cf9300 DPL=0 DS   [-WA]
DS =0030 0000000000000000 ffffffff 00cf9300 DPL=0 DS   [-WA]
FS =0030 0000000000000000 ffffffff 00cf9300 DPL=0 DS   [-WA]
GS =0030 0000000000000000 ffffffff 00cf9300 DPL=0 DS   [-WA]
LDT=0000 0000000000000000 0000ffff 00008200 DPL=0 LDT
TR =0000 0000000000000000 0000ffff 00008b00 DPL=0 TSS64-busy
GDT=     00000000079de000 00000047
IDT=     00000000074fa018 00000fff
CR0=80010033 CR2=0000000000000000 CR3=0000000007c01000 CR4=00000668
DR0=0000000000000000 DR1=0000000000000000 DR2=0000000000000000 DR3=0000000000000000 
DR6=00000000ffff0ff0 DR7=0000000000000400
CCS=0000000000000004 CCD=0000000000000000 CCO=EFLAGS
EFER=0000000000000d00
   594: v=20 e=0000 i=0 cpl=0 IP=0038:0000000007052c07 pc=0000000007052c07 SP=0030:0000000007efba60 env->regs[R_EAX]=00000000070a906f
RAX=00000000070a906f RBX=0000000000000017 RCX=00000000070a9058 RDX=0000000007efbbf8
RSI=0000000000000018 RDI=0000000000000001 RBP=0000000000000000 RSP=0000000007efba60
R8 =0000000000000018 R9 =0000000000000000 R10=0000000007f19a4d R11=0000000007059f00
R12=00000000070a9058 R13=0000000007efbbf8 R14=0000000000000001 R15=0000000007efbc10
RIP=0000000007052c07 RFL=00000206 [-----P-] CPL=0 II=0 A20=1 SMM=0 HLT=0
ES =0030 0000000000000000 ffffffff 00cf9300 DPL=0 DS   [-WA]
CS =0038 0000000000000000 ffffffff 00af9a00 DPL=0 CS64 [-R-]
SS =0030 0000000000000000 ffffffff 00cf9300 DPL=0 DS   [-WA]
DS =0030 0000000000000000 ffffffff 00cf9300 DPL=0 DS   [-WA]
FS =0030 0000000000000000 ffffffff 00cf9300 DPL=0 DS   [-WA]
GS =0030 0000000000000000 ffffffff 00cf9300 DPL=0 DS   [-WA]
LDT=0000 0000000000000000 0000ffff 00008200 DPL=0 LDT
TR =0000 0000000000000000 0000ffff 00008b00 DPL=0 TSS64-busy
GDT=     00000000079de000 00000047
IDT=     00000000074fa018 00000fff
CR0=80010033 CR2=0000000000000000 CR3=0000000007c01000 CR4=00000668
DR0=0000000000000000 DR1=0000000000000000 DR2=0000000000000000 DR3=0000000000000000 
DR6=00000000ffff0ff0 DR7=0000000000000400
CCS=0000000000000004 CCD=0000000000000000 CCO=EFLAGS
EFER=0000000000000d00
   595: v=20 e=0000 i=0 cpl=0 IP=0038:0000000007052c07 pc=0000000007052c07 SP=0030:0000000007efba60 env->regs[R_EAX]=00000000070a906f
RAX=00000000070a906f RBX=0000000000000017 RCX=00000000070a9058 RDX=0000000007efbbf8
RSI=0000000000000018 RDI=0000000000000001 RBP=0000000000000000 RSP=0000000007efba60
R8 =0000000000000018 R9 =0000000000000000 R10=0000000007f19a4d R11=0000000007059f00
R12=00000000070a9058 R13=0000000007efbbf8 R14=0000000000000001 R15=0000000007efbc10
RIP=0000000007052c07 RFL=00000206 [-----P-] CPL=0 II=0 A20=1 SMM=0 HLT=0
ES =0030 0000000000000000 ffffffff 00cf9300 DPL=0 DS   [-WA]
CS =0038 0000000000000000 ffffffff 00af9a00 DPL=0 CS64 [-R-]
SS =0030 0000000000000000 ffffffff 00cf9300 DPL=0 DS   [-WA]
DS =0030 0000000000000000 ffffffff 00cf9300 DPL=0 DS   [-WA]
FS =0030 0000000000000000 ffffffff 00cf9300 DPL=0 DS   [-WA]
GS =0030 0000000000000000 ffffffff 00cf9300 DPL=0 DS   [-WA]
LDT=0000 0000000000000000 0000ffff 00008200 DPL=0 LDT
TR =0000 0000000000000000 0000ffff 00008b00 DPL=0 TSS64-busy
GDT=     00000000079de000 00000047
IDT=     00000000074fa018 00000fff
CR0=80010033 CR2=0000000000000000 CR3=0000000007c01000 CR4=00000668
DR0=0000000000000000 DR1=0000000000000000 DR2=0000000000000000 DR3=0000000000000000 
DR6=00000000ffff0ff0 DR7=0000000000000400
CCS=0000000000000004 CCD=0000000000000000 CCO=EFLAGS
EFER=0000000000000d00
   596: v=20 e=0000 i=0 cpl=0 IP=0038:0000000007052c07 pc=0000000007052c07 SP=0030:0000000007efba60 env->regs[R_EAX]=00000000070a906f
RAX=00000000070a906f RBX=0000000000000017 RCX=00000000070a9058 RDX=0000000007efbbf8
RSI=0000000000000018 RDI=0000000000000001 RBP=0000000000000000 RSP=0000000007efba60
R8 =0000000000000018 R9 =0000000000000000 R10=0000000007f19a4d R11=0000000007059f00
R12=00000000070a9058 R13=0000000007efbbf8 R14=0000000000000001 R15=0000000007efbc10
RIP=0000000007052c07 RFL=00000206 [-----P-] CPL=0 II=0 A20=1 SMM=0 HLT=0
ES =0030 0000000000000000 ffffffff 00cf9300 DPL=0 DS   [-WA]
CS =0038 0000000000000000 ffffffff 00af9a00 DPL=0 CS64 [-R-]
SS =0030 0000000000000000 ffffffff 00cf9300 DPL=0 DS   [-WA]
DS =0030 0000000000000000 ffffffff 00cf9300 DPL=0 DS   [-WA]
FS =0030 0000000000000000 ffffffff 00cf9300 DPL=0 DS   [-WA]
GS =0030 0000000000000000 ffffffff 00cf9300 DPL=0 DS   [-WA]
LDT=0000 0000000000000000 0000ffff 00008200 DPL=0 LDT
TR =0000 0000000000000000 0000ffff 00008b00 DPL=0 TSS64-busy
GDT=     00000000079de000 00000047
IDT=     00000000074fa018 00000fff
CR0=80010033 CR2=0000000000000000 CR3=0000000007c01000 CR4=00000668
DR0=0000000000000000 DR1=0000000000000000 DR2=0000000000000000 DR3=0000000000000000 
DR6=00000000ffff0ff0 DR7=0000000000000400
CCS=0000000000000004 CCD=0000000000000000 CCO=EFLAGS
EFER=0000000000000d00
   597: v=20 e=0000 i=0 cpl=0 IP=0038:0000000007052c07 pc=0000000007052c07 SP=0030:0000000007efba60 env->regs[R_EAX]=00000000070a906f
RAX=00000000070a906f RBX=0000000000000017 RCX=00000000070a9058 RDX=0000000007efbbf8
RSI=0000000000000018 RDI=0000000000000001 RBP=0000000000000000 RSP=0000000007efba60
R8 =0000000000000018 R9 =0000000000000000 R10=0000000007f19a4d R11=0000000007059f00
R12=00000000070a9058 R13=0000000007efbbf8 R14=0000000000000001 R15=0000000007efbc10
RIP=0000000007052c07 RFL=00000206 [-----P-] CPL=0 II=0 A20=1 SMM=0 HLT=0
ES =0030 0000000000000000 ffffffff 00cf9300 DPL=0 DS   [-WA]
CS =0038 0000000000000000 ffffffff 00af9a00 DPL=0 CS64 [-R-]
SS =0030 0000000000000000 ffffffff 00cf9300 DPL=0 DS   [-WA]
DS =0030 0000000000000000 ffffffff 00cf9300 DPL=0 DS   [-WA]
FS =0030 0000000000000000 ffffffff 00cf9300 DPL=0 DS   [-WA]
GS =0030 0000000000000000 ffffffff 00cf9300 DPL=0 DS   [-WA]
LDT=0000 0000000000000000 0000ffff 00008200 DPL=0 LDT
TR =0000 0000000000000000 0000ffff 00008b00 DPL=0 TSS64-busy
GDT=     00000000079de000 00000047
IDT=     00000000074fa018 00000fff
CR0=80010033 CR2=0000000000000000 CR3=0000000007c01000 CR4=00000668
DR0=0000000000000000 DR1=0000000000000000 DR2=0000000000000000 DR3=0000000000000000 
DR6=00000000ffff0ff0 DR7=0000000000000400
CCS=0000000000000004 CCD=0000000000000000 CCO=EFLAGS
EFER=0000000000000d00
   598: v=20 e=0000 i=0 cpl=0 IP=0038:0000000007052c07 pc=0000000007052c07 SP=0030:0000000007efba60 env->regs[R_EAX]=00000000070a906f
RAX=00000000070a906f RBX=0000000000000017 RCX=00000000070a9058 RDX=0000000007efbbf8
RSI=0000000000000018 RDI=0000000000000001 RBP=0000000000000000 RSP=0000000007efba60
R8 =0000000000000018 R9 =0000000000000000 R10=0000000007f19a4d R11=0000000007059f00
R12=00000000070a9058 R13=0000000007efbbf8 R14=0000000000000001 R15=0000000007efbc10
RIP=0000000007052c07 RFL=00000206 [-----P-] CPL=0 II=0 A20=1 SMM=0 HLT=0
ES =0030 0000000000000000 ffffffff 00cf9300 DPL=0 DS   [-WA]
CS =0038 0000000000000000 ffffffff 00af9a00 DPL=0 CS64 [-R-]
SS =0030 0000000000000000 ffffffff 00cf9300 DPL=0 DS   [-WA]
DS =0030 0000000000000000 ffffffff 00cf9300 DPL=0 DS   [-WA]
FS =0030 0000000000000000 ffffffff 00cf9300 DPL=0 DS   [-WA]
GS =0030 0000000000000000 ffffffff 00cf9300 DPL=0 DS   [-WA]
LDT=0000 0000000000000000 0000ffff 00008200 DPL=0 LDT
TR =0000 0000000000000000 0000ffff 00008b00 DPL=0 TSS64-busy
GDT=     00000000079de000 00000047
IDT=     00000000074fa018 00000fff
CR0=80010033 CR2=0000000000000000 CR3=0000000007c01000 CR4=00000668
DR0=0000000000000000 DR1=0000000000000000 DR2=0000000000000000 DR3=0000000000000000 
DR6=00000000ffff0ff0 DR7=0000000000000400
CCS=0000000000000004 CCD=0000000000000000 CCO=EFLAGS
EFER=0000000000000d00
   599: v=20 e=0000 i=0 cpl=0 IP=0038:0000000007052c07 pc=0000000007052c07 SP=0030:0000000007efba60 env->regs[R_EAX]=00000000070a906f
RAX=00000000070a906f RBX=0000000000000017 RCX=00000000070a9058 RDX=0000000007efbbf8
RSI=0000000000000018 RDI=0000000000000001 RBP=0000000000000000 RSP=0000000007efba60
R8 =0000000000000018 R9 =0000000000000000 R10=0000000007f19a4d R11=0000000007059f00
R12=00000000070a9058 R13=0000000007efbbf8 R14=0000000000000001 R15=0000000007efbc10
RIP=0000000007052c07 RFL=00000206 [-----P-] CPL=0 II=0 A20=1 SMM=0 HLT=0
ES =0030 0000000000000000 ffffffff 00cf9300 DPL=0 DS   [-WA]
CS =0038 0000000000000000 ffffffff 00af9a00 DPL=0 CS64 [-R-]
SS =0030 0000000000000000 ffffffff 00cf9300 DPL=0 DS   [-WA]
DS =0030 0000000000000000 ffffffff 00cf9300 DPL=0 DS   [-WA]
FS =0030 0000000000000000 ffffffff 00cf9300 DPL=0 DS   [-WA]
GS =0030 0000000000000000 ffffffff 00cf9300 DPL=0 DS   [-WA]
LDT=0000 0000000000000000 0000ffff 00008200 DPL=0 LDT
TR =0000 0000000000000000 0000ffff 00008b00 DPL=0 TSS64-busy
GDT=     00000000079de000 00000047
IDT=     00000000074fa018 00000fff
CR0=80010033 CR2=0000000000000000 CR3=0000000007c01000 CR4=00000668
DR0=0000000000000000 DR1=0000000000000000 DR2=0000000000000000 DR3=0000000000000000 
DR6=00000000ffff0ff0 DR7=0000000000000400
CCS=0000000000000004 CCD=0000000000000000 CCO=EFLAGS
EFER=0000000000000d00
   600: v=20 e=0000 i=0 cpl=0 IP=0038:0000000007052c07 pc=0000000007052c07 SP=0030:0000000007efba60 env->regs[R_EAX]=00000000070a906f
RAX=00000000070a906f RBX=0000000000000017 RCX=00000000070a9058 RDX=0000000007efbbf8
RSI=0000000000000018 RDI=0000000000000001 RBP=0000000000000000 RSP=0000000007efba60
R8 =0000000000000018 R9 =0000000000000000 R10=0000000007f19a4d R11=0000000007059f00
R12=00000000070a9058 R13=0000000007efbbf8 R14=0000000000000001 R15=0000000007efbc10
RIP=0000000007052c07 RFL=00000206 [-----P-] CPL=0 II=0 A20=1 SMM=0 HLT=0
ES =0030 0000000000000000 ffffffff 00cf9300 DPL=0 DS   [-WA]
CS =0038 0000000000000000 ffffffff 00af9a00 DPL=0 CS64 [-R-]
SS =0030 0000000000000000 ffffffff 00cf9300 DPL=0 DS   [-WA]
DS =0030 0000000000000000 ffffffff 00cf9300 DPL=0 DS   [-WA]
FS =0030 0000000000000000 ffffffff 00cf9300 DPL=0 DS   [-WA]
GS =0030 0000000000000000 ffffffff 00cf9300 DPL=0 DS   [-WA]
LDT=0000 0000000000000000 0000ffff 00008200 DPL=0 LDT
TR =0000 0000000000000000 0000ffff 00008b00 DPL=0 TSS64-busy
GDT=     00000000079de000 00000047
IDT=     00000000074fa018 00000fff
CR0=80010033 CR2=0000000000000000 CR3=0000000007c01000 CR4=00000668
DR0=0000000000000000 DR1=0000000000000000 DR2=0000000000000000 DR3=0000000000000000 
DR6=00000000ffff0ff0 DR7=0000000000000400
CCS=0000000000000004 CCD=0000000000000000 CCO=EFLAGS
EFER=0000000000000d00
   601: v=20 e=0000 i=0 cpl=0 IP=0038:0000000007052c07 pc=0000000007052c07 SP=0030:0000000007efba60 env->regs[R_EAX]=00000000070a906f
RAX=00000000070a906f RBX=0000000000000017 RCX=00000000070a9058 RDX=0000000007efbbf8
RSI=0000000000000018 RDI=0000000000000001 RBP=0000000000000000 RSP=0000000007efba60
R8 =0000000000000018 R9 =0000000000000000 R10=0000000007f19a4d R11=0000000007059f00
R12=00000000070a9058 R13=0000000007efbbf8 R14=0000000000000001 R15=0000000007efbc10
RIP=0000000007052c07 RFL=00000206 [-----P-] CPL=0 II=0 A20=1 SMM=0 HLT=0
ES =0030 0000000000000000 ffffffff 00cf9300 DPL=0 DS   [-WA]
CS =0038 0000000000000000 ffffffff 00af9a00 DPL=0 CS64 [-R-]
SS =0030 0000000000000000 ffffffff 00cf9300 DPL=0 DS   [-WA]
DS =0030 0000000000000000 ffffffff 00cf9300 DPL=0 DS   [-WA]
FS =0030 0000000000000000 ffffffff 00cf9300 DPL=0 DS   [-WA]
GS =0030 0000000000000000 ffffffff 00cf9300 DPL=0 DS   [-WA]
LDT=0000 0000000000000000 0000ffff 00008200 DPL=0 LDT
TR =0000 0000000000000000 0000ffff 00008b00 DPL=0 TSS64-busy
GDT=     00000000079de000 00000047
IDT=     00000000074fa018 00000fff
CR0=80010033 CR2=0000000000000000 CR3=0000000007c01000 CR4=00000668
DR0=0000000000000000 DR1=0000000000000000 DR2=0000000000000000 DR3=0000000000000000 
DR6=00000000ffff0ff0 DR7=0000000000000400
CCS=0000000000000004 CCD=0000000000000000 CCO=EFLAGS
EFER=0000000000000d00
   602: v=20 e=0000 i=0 cpl=0 IP=0038:0000000007052c07 pc=0000000007052c07 SP=0030:0000000007efba60 env->regs[R_EAX]=00000000070a906f
RAX=00000000070a906f RBX=0000000000000017 RCX=00000000070a9058 RDX=0000000007efbbf8
RSI=0000000000000018 RDI=0000000000000001 RBP=0000000000000000 RSP=0000000007efba60
R8 =0000000000000018 R9 =0000000000000000 R10=0000000007f19a4d R11=0000000007059f00
R12=00000000070a9058 R13=0000000007efbbf8 R14=0000000000000001 R15=0000000007efbc10
RIP=0000000007052c07 RFL=00000206 [-----P-] CPL=0 II=0 A20=1 SMM=0 HLT=0
ES =0030 0000000000000000 ffffffff 00cf9300 DPL=0 DS   [-WA]
CS =0038 0000000000000000 ffffffff 00af9a00 DPL=0 CS64 [-R-]
SS =0030 0000000000000000 ffffffff 00cf9300 DPL=0 DS   [-WA]
DS =0030 0000000000000000 ffffffff 00cf9300 DPL=0 DS   [-WA]
FS =0030 0000000000000000 ffffffff 00cf9300 DPL=0 DS   [-WA]
GS =0030 0000000000000000 ffffffff 00cf9300 DPL=0 DS   [-WA]
LDT=0000 0000000000000000 0000ffff 00008200 DPL=0 LDT
TR =0000 0000000000000000 0000ffff 00008b00 DPL=0 TSS64-busy
GDT=     00000000079de000 00000047
IDT=     00000000074fa018 00000fff
CR0=80010033 CR2=0000000000000000 CR3=0000000007c01000 CR4=00000668
DR0=0000000000000000 DR1=0000000000000000 DR2=0000000000000000 DR3=0000000000000000 
DR6=00000000ffff0ff0 DR7=0000000000000400
CCS=0000000000000004 CCD=0000000000000000 CCO=EFLAGS
EFER=0000000000000d00
   603: v=20 e=0000 i=0 cpl=0 IP=0038:0000000007052c07 pc=0000000007052c07 SP=0030:0000000007efba60 env->regs[R_EAX]=00000000070a906f
RAX=00000000070a906f RBX=0000000000000017 RCX=00000000070a9058 RDX=0000000007efbbf8
RSI=0000000000000018 RDI=0000000000000001 RBP=0000000000000000 RSP=0000000007efba60
R8 =0000000000000018 R9 =0000000000000000 R10=0000000007f19a4d R11=0000000007059f00
R12=00000000070a9058 R13=0000000007efbbf8 R14=0000000000000001 R15=0000000007efbc10
RIP=0000000007052c07 RFL=00000206 [-----P-] CPL=0 II=0 A20=1 SMM=0 HLT=0
ES =0030 0000000000000000 ffffffff 00cf9300 DPL=0 DS   [-WA]
CS =0038 0000000000000000 ffffffff 00af9a00 DPL=0 CS64 [-R-]
SS =0030 0000000000000000 ffffffff 00cf9300 DPL=0 DS   [-WA]
DS =0030 0000000000000000 ffffffff 00cf9300 DPL=0 DS   [-WA]
FS =0030 0000000000000000 ffffffff 00cf9300 DPL=0 DS   [-WA]
GS =0030 0000000000000000 ffffffff 00cf9300 DPL=0 DS   [-WA]
LDT=0000 0000000000000000 0000ffff 00008200 DPL=0 LDT
TR =0000 0000000000000000 0000ffff 00008b00 DPL=0 TSS64-busy
GDT=     00000000079de000 00000047
IDT=     00000000074fa018 00000fff
CR0=80010033 CR2=0000000000000000 CR3=0000000007c01000 CR4=00000668
DR0=0000000000000000 DR1=0000000000000000 DR2=0000000000000000 DR3=0000000000000000 
DR6=00000000ffff0ff0 DR7=0000000000000400
CCS=0000000000000004 CCD=0000000000000000 CCO=EFLAGS
EFER=0000000000000d00
   604: v=20 e=0000 i=0 cpl=0 IP=0038:0000000007052c07 pc=0000000007052c07 SP=0030:0000000007efba60 env->regs[R_EAX]=00000000070a906f
RAX=00000000070a906f RBX=0000000000000017 RCX=00000000070a9058 RDX=0000000007efbbf8
RSI=0000000000000018 RDI=0000000000000001 RBP=0000000000000000 RSP=0000000007efba60
R8 =0000000000000018 R9 =0000000000000000 R10=0000000007f19a4d R11=0000000007059f00
R12=00000000070a9058 R13=0000000007efbbf8 R14=0000000000000001 R15=0000000007efbc10
RIP=0000000007052c07 RFL=00000206 [-----P-] CPL=0 II=0 A20=1 SMM=0 HLT=0
ES =0030 0000000000000000 ffffffff 00cf9300 DPL=0 DS   [-WA]
CS =0038 0000000000000000 ffffffff 00af9a00 DPL=0 CS64 [-R-]
SS =0030 0000000000000000 ffffffff 00cf9300 DPL=0 DS   [-WA]
DS =0030 0000000000000000 ffffffff 00cf9300 DPL=0 DS   [-WA]
FS =0030 0000000000000000 ffffffff 00cf9300 DPL=0 DS   [-WA]
GS =0030 0000000000000000 ffffffff 00cf9300 DPL=0 DS   [-WA]
LDT=0000 0000000000000000 0000ffff 00008200 DPL=0 LDT
TR =0000 0000000000000000 0000ffff 00008b00 DPL=0 TSS64-busy
GDT=     00000000079de000 00000047
IDT=     00000000074fa018 00000fff
CR0=80010033 CR2=0000000000000000 CR3=0000000007c01000 CR4=00000668
DR0=0000000000000000 DR1=0000000000000000 DR2=0000000000000000 DR3=0000000000000000 
DR6=00000000ffff0ff0 DR7=0000000000000400
CCS=0000000000000004 CCD=0000000000000000 CCO=EFLAGS
EFER=0000000000000d00
   605: v=20 e=0000 i=0 cpl=0 IP=0038:0000000007052c07 pc=0000000007052c07 SP=0030:0000000007efba60 env->regs[R_EAX]=00000000070a906f
RAX=00000000070a906f RBX=0000000000000017 RCX=00000000070a9058 RDX=0000000007efbbf8
RSI=0000000000000018 RDI=0000000000000001 RBP=0000000000000000 RSP=0000000007efba60
R8 =0000000000000018 R9 =0000000000000000 R10=0000000007f19a4d R11=0000000007059f00
R12=00000000070a9058 R13=0000000007efbbf8 R14=0000000000000001 R15=0000000007efbc10
RIP=0000000007052c07 RFL=00000206 [-----P-] CPL=0 II=0 A20=1 SMM=0 HLT=0
ES =0030 0000000000000000 ffffffff 00cf9300 DPL=0 DS   [-WA]
CS =0038 0000000000000000 ffffffff 00af9a00 DPL=0 CS64 [-R-]
SS =0030 0000000000000000 ffffffff 00cf9300 DPL=0 DS   [-WA]
DS =0030 0000000000000000 ffffffff 00cf9300 DPL=0 DS   [-WA]
FS =0030 0000000000000000 ffffffff 00cf9300 DPL=0 DS   [-WA]
GS =0030 0000000000000000 ffffffff 00cf9300 DPL=0 DS   [-WA]
LDT=0000 0000000000000000 0000ffff 00008200 DPL=0 LDT
TR =0000 0000000000000000 0000ffff 00008b00 DPL=0 TSS64-busy
GDT=     00000000079de000 00000047
IDT=     00000000074fa018 00000fff
CR0=80010033 CR2=0000000000000000 CR3=0000000007c01000 CR4=00000668
DR0=0000000000000000 DR1=0000000000000000 DR2=0000000000000000 DR3=0000000000000000 
DR6=00000000ffff0ff0 DR7=0000000000000400
CCS=0000000000000004 CCD=0000000000000000 CCO=EFLAGS
EFER=0000000000000d00
   606: v=20 e=0000 i=0 cpl=0 IP=0038:0000000007052c07 pc=0000000007052c07 SP=0030:0000000007efba60 env->regs[R_EAX]=00000000070a906f
RAX=00000000070a906f RBX=0000000000000017 RCX=00000000070a9058 RDX=0000000007efbbf8
RSI=0000000000000018 RDI=0000000000000001 RBP=0000000000000000 RSP=0000000007efba60
R8 =0000000000000018 R9 =0000000000000000 R10=0000000007f19a4d R11=0000000007059f00
R12=00000000070a9058 R13=0000000007efbbf8 R14=0000000000000001 R15=0000000007efbc10
RIP=0000000007052c07 RFL=00000206 [-----P-] CPL=0 II=0 A20=1 SMM=0 HLT=0
ES =0030 0000000000000000 ffffffff 00cf9300 DPL=0 DS   [-WA]
CS =0038 0000000000000000 ffffffff 00af9a00 DPL=0 CS64 [-R-]
SS =0030 0000000000000000 ffffffff 00cf9300 DPL=0 DS   [-WA]
DS =0030 0000000000000000 ffffffff 00cf9300 DPL=0 DS   [-WA]
FS =0030 0000000000000000 ffffffff 00cf9300 DPL=0 DS   [-WA]
GS =0030 0000000000000000 ffffffff 00cf9300 DPL=0 DS   [-WA]
LDT=0000 0000000000000000 0000ffff 00008200 DPL=0 LDT
TR =0000 0000000000000000 0000ffff 00008b00 DPL=0 TSS64-busy
GDT=     00000000079de000 00000047
IDT=     00000000074fa018 00000fff
CR0=80010033 CR2=0000000000000000 CR3=0000000007c01000 CR4=00000668
DR0=0000000000000000 DR1=0000000000000000 DR2=0000000000000000 DR3=0000000000000000 
DR6=00000000ffff0ff0 DR7=0000000000000400
CCS=0000000000000004 CCD=0000000000000000 CCO=EFLAGS
EFER=0000000000000d00
   607: v=20 e=0000 i=0 cpl=0 IP=0038:0000000007052c07 pc=0000000007052c07 SP=0030:0000000007efba60 env->regs[R_EAX]=00000000070a906f
RAX=00000000070a906f RBX=0000000000000017 RCX=00000000070a9058 RDX=0000000007efbbf8
RSI=0000000000000018 RDI=0000000000000001 RBP=0000000000000000 RSP=0000000007efba60
R8 =0000000000000018 R9 =0000000000000000 R10=0000000007f19a4d R11=0000000007059f00
R12=00000000070a9058 R13=0000000007efbbf8 R14=0000000000000001 R15=0000000007efbc10
RIP=0000000007052c07 RFL=00000206 [-----P-] CPL=0 II=0 A20=1 SMM=0 HLT=0
ES =0030 0000000000000000 ffffffff 00cf9300 DPL=0 DS   [-WA]
CS =0038 0000000000000000 ffffffff 00af9a00 DPL=0 CS64 [-R-]
SS =0030 0000000000000000 ffffffff 00cf9300 DPL=0 DS   [-WA]
DS =0030 0000000000000000 ffffffff 00cf9300 DPL=0 DS   [-WA]
FS =0030 0000000000000000 ffffffff 00cf9300 DPL=0 DS   [-WA]
GS =0030 0000000000000000 ffffffff 00cf9300 DPL=0 DS   [-WA]
LDT=0000 0000000000000000 0000ffff 00008200 DPL=0 LDT
TR =0000 0000000000000000 0000ffff 00008b00 DPL=0 TSS64-busy
GDT=     00000000079de000 00000047
IDT=     00000000074fa018 00000fff
CR0=80010033 CR2=0000000000000000 CR3=0000000007c01000 CR4=00000668
DR0=0000000000000000 DR1=0000000000000000 DR2=0000000000000000 DR3=0000000000000000 
DR6=00000000ffff0ff0 DR7=0000000000000400
CCS=0000000000000004 CCD=0000000000000000 CCO=EFLAGS
EFER=0000000000000d00
   608: v=20 e=0000 i=0 cpl=0 IP=0038:0000000007052c07 pc=0000000007052c07 SP=0030:0000000007efba60 env->regs[R_EAX]=00000000070a906f
RAX=00000000070a906f RBX=0000000000000017 RCX=00000000070a9058 RDX=0000000007efbbf8
RSI=0000000000000018 RDI=0000000000000001 RBP=0000000000000000 RSP=0000000007efba60
R8 =0000000000000018 R9 =0000000000000000 R10=0000000007f19a4d R11=0000000007059f00
R12=00000000070a9058 R13=0000000007efbbf8 R14=0000000000000001 R15=0000000007efbc10
RIP=0000000007052c07 RFL=00000206 [-----P-] CPL=0 II=0 A20=1 SMM=0 HLT=0
ES =0030 0000000000000000 ffffffff 00cf9300 DPL=0 DS   [-WA]
CS =0038 0000000000000000 ffffffff 00af9a00 DPL=0 CS64 [-R-]
SS =0030 0000000000000000 ffffffff 00cf9300 DPL=0 DS   [-WA]
DS =0030 0000000000000000 ffffffff 00cf9300 DPL=0 DS   [-WA]
FS =0030 0000000000000000 ffffffff 00cf9300 DPL=0 DS   [-WA]
GS =0030 0000000000000000 ffffffff 00cf9300 DPL=0 DS   [-WA]
LDT=0000 0000000000000000 0000ffff 00008200 DPL=0 LDT
TR =0000 0000000000000000 0000ffff 00008b00 DPL=0 TSS64-busy
GDT=     00000000079de000 00000047
IDT=     00000000074fa018 00000fff
CR0=80010033 CR2=0000000000000000 CR3=0000000007c01000 CR4=00000668
DR0=0000000000000000 DR1=0000000000000000 DR2=0000000000000000 DR3=0000000000000000 
DR6=00000000ffff0ff0 DR7=0000000000000400
CCS=0000000000000004 CCD=0000000000000000 CCO=EFLAGS
EFER=0000000000000d00
   609: v=20 e=0000 i=0 cpl=0 IP=0038:0000000007052c07 pc=0000000007052c07 SP=0030:0000000007efba60 env->regs[R_EAX]=00000000070a906f
RAX=00000000070a906f RBX=0000000000000017 RCX=00000000070a9058 RDX=0000000007efbbf8
RSI=0000000000000018 RDI=0000000000000001 RBP=0000000000000000 RSP=0000000007efba60
R8 =0000000000000018 R9 =0000000000000000 R10=0000000007f19a4d R11=0000000007059f00
R12=00000000070a9058 R13=0000000007efbbf8 R14=0000000000000001 R15=0000000007efbc10
RIP=0000000007052c07 RFL=00000206 [-----P-] CPL=0 II=0 A20=1 SMM=0 HLT=0
ES =0030 0000000000000000 ffffffff 00cf9300 DPL=0 DS   [-WA]
CS =0038 0000000000000000 ffffffff 00af9a00 DPL=0 CS64 [-R-]
SS =0030 0000000000000000 ffffffff 00cf9300 DPL=0 DS   [-WA]
DS =0030 0000000000000000 ffffffff 00cf9300 DPL=0 DS   [-WA]
FS =0030 0000000000000000 ffffffff 00cf9300 DPL=0 DS   [-WA]
GS =0030 0000000000000000 ffffffff 00cf9300 DPL=0 DS   [-WA]
LDT=0000 0000000000000000 0000ffff 00008200 DPL=0 LDT
TR =0000 0000000000000000 0000ffff 00008b00 DPL=0 TSS64-busy
GDT=     00000000079de000 00000047
IDT=     00000000074fa018 00000fff
CR0=80010033 CR2=0000000000000000 CR3=0000000007c01000 CR4=00000668
DR0=0000000000000000 DR1=0000000000000000 DR2=0000000000000000 DR3=0000000000000000 
DR6=00000000ffff0ff0 DR7=0000000000000400
CCS=0000000000000004 CCD=0000000000000000 CCO=EFLAGS
EFER=0000000000000d00
   610: v=20 e=0000 i=0 cpl=0 IP=0038:0000000007052c07 pc=0000000007052c07 SP=0030:0000000007efba60 env->regs[R_EAX]=00000000070a906f
RAX=00000000070a906f RBX=0000000000000017 RCX=00000000070a9058 RDX=0000000007efbbf8
RSI=0000000000000018 RDI=0000000000000001 RBP=0000000000000000 RSP=0000000007efba60
R8 =0000000000000018 R9 =0000000000000000 R10=0000000007f19a4d R11=0000000007059f00
R12=00000000070a9058 R13=0000000007efbbf8 R14=0000000000000001 R15=0000000007efbc10
RIP=0000000007052c07 RFL=00000206 [-----P-] CPL=0 II=0 A20=1 SMM=0 HLT=0
ES =0030 0000000000000000 ffffffff 00cf9300 DPL=0 DS   [-WA]
CS =0038 0000000000000000 ffffffff 00af9a00 DPL=0 CS64 [-R-]
SS =0030 0000000000000000 ffffffff 00cf9300 DPL=0 DS   [-WA]
DS =0030 0000000000000000 ffffffff 00cf9300 DPL=0 DS   [-WA]
FS =0030 0000000000000000 ffffffff 00cf9300 DPL=0 DS   [-WA]
GS =0030 0000000000000000 ffffffff 00cf9300 DPL=0 DS   [-WA]
LDT=0000 0000000000000000 0000ffff 00008200 DPL=0 LDT
TR =0000 0000000000000000 0000ffff 00008b00 DPL=0 TSS64-busy
GDT=     00000000079de000 00000047
IDT=     00000000074fa018 00000fff
CR0=80010033 CR2=0000000000000000 CR3=0000000007c01000 CR4=00000668
DR0=0000000000000000 DR1=0000000000000000 DR2=0000000000000000 DR3=0000000000000000 
DR6=00000000ffff0ff0 DR7=0000000000000400
CCS=0000000000000004 CCD=0000000000000000 CCO=EFLAGS
EFER=0000000000000d00
   611: v=20 e=0000 i=0 cpl=0 IP=0038:0000000007052c07 pc=0000000007052c07 SP=0030:0000000007efba60 env->regs[R_EAX]=00000000070a906f
RAX=00000000070a906f RBX=0000000000000017 RCX=00000000070a9058 RDX=0000000007efbbf8
RSI=0000000000000018 RDI=0000000000000001 RBP=0000000000000000 RSP=0000000007efba60
R8 =0000000000000018 R9 =0000000000000000 R10=0000000007f19a4d R11=0000000007059f00
R12=00000000070a9058 R13=0000000007efbbf8 R14=0000000000000001 R15=0000000007efbc10
RIP=0000000007052c07 RFL=00000206 [-----P-] CPL=0 II=0 A20=1 SMM=0 HLT=0
ES =0030 0000000000000000 ffffffff 00cf9300 DPL=0 DS   [-WA]
CS =0038 0000000000000000 ffffffff 00af9a00 DPL=0 CS64 [-R-]
SS =0030 0000000000000000 ffffffff 00cf9300 DPL=0 DS   [-WA]
DS =0030 0000000000000000 ffffffff 00cf9300 DPL=0 DS   [-WA]
FS =0030 0000000000000000 ffffffff 00cf9300 DPL=0 DS   [-WA]
GS =0030 0000000000000000 ffffffff 00cf9300 DPL=0 DS   [-WA]
LDT=0000 0000000000000000 0000ffff 00008200 DPL=0 LDT
TR =0000 0000000000000000 0000ffff 00008b00 DPL=0 TSS64-busy
GDT=     00000000079de000 00000047
IDT=     00000000074fa018 00000fff
CR0=80010033 CR2=0000000000000000 CR3=0000000007c01000 CR4=00000668
DR0=0000000000000000 DR1=0000000000000000 DR2=0000000000000000 DR3=0000000000000000 
DR6=00000000ffff0ff0 DR7=0000000000000400
CCS=0000000000000004 CCD=0000000000000000 CCO=EFLAGS
EFER=0000000000000d00
   612: v=20 e=0000 i=0 cpl=0 IP=0038:0000000007052c07 pc=0000000007052c07 SP=0030:0000000007efba60 env->regs[R_EAX]=00000000070a906f
RAX=00000000070a906f RBX=0000000000000017 RCX=00000000070a9058 RDX=0000000007efbbf8
RSI=0000000000000018 RDI=0000000000000001 RBP=0000000000000000 RSP=0000000007efba60
R8 =0000000000000018 R9 =0000000000000000 R10=0000000007f19a4d R11=0000000007059f00
R12=00000000070a9058 R13=0000000007efbbf8 R14=0000000000000001 R15=0000000007efbc10
RIP=0000000007052c07 RFL=00000206 [-----P-] CPL=0 II=0 A20=1 SMM=0 HLT=0
ES =0030 0000000000000000 ffffffff 00cf9300 DPL=0 DS   [-WA]
CS =0038 0000000000000000 ffffffff 00af9a00 DPL=0 CS64 [-R-]
SS =0030 0000000000000000 ffffffff 00cf9300 DPL=0 DS   [-WA]
DS =0030 0000000000000000 ffffffff 00cf9300 DPL=0 DS   [-WA]
FS =0030 0000000000000000 ffffffff 00cf9300 DPL=0 DS   [-WA]
GS =0030 0000000000000000 ffffffff 00cf9300 DPL=0 DS   [-WA]
LDT=0000 0000000000000000 0000ffff 00008200 DPL=0 LDT
TR =0000 0000000000000000 0000ffff 00008b00 DPL=0 TSS64-busy
GDT=     00000000079de000 00000047
IDT=     00000000074fa018 00000fff
CR0=80010033 CR2=0000000000000000 CR3=0000000007c01000 CR4=00000668
DR0=0000000000000000 DR1=0000000000000000 DR2=0000000000000000 DR3=0000000000000000 
DR6=00000000ffff0ff0 DR7=0000000000000400
CCS=0000000000000004 CCD=0000000000000000 CCO=EFLAGS
EFER=0000000000000d00
   613: v=20 e=0000 i=0 cpl=0 IP=0038:0000000007052c07 pc=0000000007052c07 SP=0030:0000000007efba60 env->regs[R_EAX]=00000000070a906f
RAX=00000000070a906f RBX=0000000000000017 RCX=00000000070a9058 RDX=0000000007efbbf8
RSI=0000000000000018 RDI=0000000000000001 RBP=0000000000000000 RSP=0000000007efba60
R8 =0000000000000018 R9 =0000000000000000 R10=0000000007f19a4d R11=0000000007059f00
R12=00000000070a9058 R13=0000000007efbbf8 R14=0000000000000001 R15=0000000007efbc10
RIP=0000000007052c07 RFL=00000206 [-----P-] CPL=0 II=0 A20=1 SMM=0 HLT=0
ES =0030 0000000000000000 ffffffff 00cf9300 DPL=0 DS   [-WA]
CS =0038 0000000000000000 ffffffff 00af9a00 DPL=0 CS64 [-R-]
SS =0030 0000000000000000 ffffffff 00cf9300 DPL=0 DS   [-WA]
DS =0030 0000000000000000 ffffffff 00cf9300 DPL=0 DS   [-WA]
FS =0030 0000000000000000 ffffffff 00cf9300 DPL=0 DS   [-WA]
GS =0030 0000000000000000 ffffffff 00cf9300 DPL=0 DS   [-WA]
LDT=0000 0000000000000000 0000ffff 00008200 DPL=0 LDT
TR =0000 0000000000000000 0000ffff 00008b00 DPL=0 TSS64-busy
GDT=     00000000079de000 00000047
IDT=     00000000074fa018 00000fff
CR0=80010033 CR2=0000000000000000 CR3=0000000007c01000 CR4=00000668
DR0=0000000000000000 DR1=0000000000000000 DR2=0000000000000000 DR3=0000000000000000 
DR6=00000000ffff0ff0 DR7=0000000000000400
CCS=0000000000000004 CCD=0000000000000000 CCO=EFLAGS
EFER=0000000000000d00
   614: v=20 e=0000 i=0 cpl=0 IP=0038:0000000007052c07 pc=0000000007052c07 SP=0030:0000000007efba60 env->regs[R_EAX]=00000000070a906f
RAX=00000000070a906f RBX=0000000000000017 RCX=00000000070a9058 RDX=0000000007efbbf8
RSI=0000000000000018 RDI=0000000000000001 RBP=0000000000000000 RSP=0000000007efba60
R8 =0000000000000018 R9 =0000000000000000 R10=0000000007f19a4d R11=0000000007059f00
R12=00000000070a9058 R13=0000000007efbbf8 R14=0000000000000001 R15=0000000007efbc10
RIP=0000000007052c07 RFL=00000206 [-----P-] CPL=0 II=0 A20=1 SMM=0 HLT=0
ES =0030 0000000000000000 ffffffff 00cf9300 DPL=0 DS   [-WA]
CS =0038 0000000000000000 ffffffff 00af9a00 DPL=0 CS64 [-R-]
SS =0030 0000000000000000 ffffffff 00cf9300 DPL=0 DS   [-WA]
DS =0030 0000000000000000 ffffffff 00cf9300 DPL=0 DS   [-WA]
FS =0030 0000000000000000 ffffffff 00cf9300 DPL=0 DS   [-WA]
GS =0030 0000000000000000 ffffffff 00cf9300 DPL=0 DS   [-WA]
LDT=0000 0000000000000000 0000ffff 00008200 DPL=0 LDT
TR =0000 0000000000000000 0000ffff 00008b00 DPL=0 TSS64-busy
GDT=     00000000079de000 00000047
IDT=     00000000074fa018 00000fff
CR0=80010033 CR2=0000000000000000 CR3=0000000007c01000 CR4=00000668
DR0=0000000000000000 DR1=0000000000000000 DR2=0000000000000000 DR3=0000000000000000 
DR6=00000000ffff0ff0 DR7=0000000000000400
CCS=0000000000000004 CCD=0000000000000000 CCO=EFLAGS
EFER=0000000000000d00
   615: v=20 e=0000 i=0 cpl=0 IP=0038:0000000007052c07 pc=0000000007052c07 SP=0030:0000000007efba60 env->regs[R_EAX]=00000000070a906f
RAX=00000000070a906f RBX=0000000000000017 RCX=00000000070a9058 RDX=0000000007efbbf8
RSI=0000000000000018 RDI=0000000000000001 RBP=0000000000000000 RSP=0000000007efba60
R8 =0000000000000018 R9 =0000000000000000 R10=0000000007f19a4d R11=0000000007059f00
R12=00000000070a9058 R13=0000000007efbbf8 R14=0000000000000001 R15=0000000007efbc10
RIP=0000000007052c07 RFL=00000206 [-----P-] CPL=0 II=0 A20=1 SMM=0 HLT=0
ES =0030 0000000000000000 ffffffff 00cf9300 DPL=0 DS   [-WA]
CS =0038 0000000000000000 ffffffff 00af9a00 DPL=0 CS64 [-R-]
SS =0030 0000000000000000 ffffffff 00cf9300 DPL=0 DS   [-WA]
DS =0030 0000000000000000 ffffffff 00cf9300 DPL=0 DS   [-WA]
FS =0030 0000000000000000 ffffffff 00cf9300 DPL=0 DS   [-WA]
GS =0030 0000000000000000 ffffffff 00cf9300 DPL=0 DS   [-WA]
LDT=0000 0000000000000000 0000ffff 00008200 DPL=0 LDT
TR =0000 0000000000000000 0000ffff 00008b00 DPL=0 TSS64-busy
GDT=     00000000079de000 00000047
IDT=     00000000074fa018 00000fff
CR0=80010033 CR2=0000000000000000 CR3=0000000007c01000 CR4=00000668
DR0=0000000000000000 DR1=0000000000000000 DR2=0000000000000000 DR3=0000000000000000 
DR6=00000000ffff0ff0 DR7=0000000000000400
CCS=0000000000000004 CCD=0000000000000000 CCO=EFLAGS
EFER=0000000000000d00
   616: v=20 e=0000 i=0 cpl=0 IP=0038:0000000007052c07 pc=0000000007052c07 SP=0030:0000000007efba60 env->regs[R_EAX]=00000000070a906f
RAX=00000000070a906f RBX=0000000000000017 RCX=00000000070a9058 RDX=0000000007efbbf8
RSI=0000000000000018 RDI=0000000000000001 RBP=0000000000000000 RSP=0000000007efba60
R8 =0000000000000018 R9 =0000000000000000 R10=0000000007f19a4d R11=0000000007059f00
R12=00000000070a9058 R13=0000000007efbbf8 R14=0000000000000001 R15=0000000007efbc10
RIP=0000000007052c07 RFL=00000206 [-----P-] CPL=0 II=0 A20=1 SMM=0 HLT=0
ES =0030 0000000000000000 ffffffff 00cf9300 DPL=0 DS   [-WA]
CS =0038 0000000000000000 ffffffff 00af9a00 DPL=0 CS64 [-R-]
SS =0030 0000000000000000 ffffffff 00cf9300 DPL=0 DS   [-WA]
DS =0030 0000000000000000 ffffffff 00cf9300 DPL=0 DS   [-WA]
FS =0030 0000000000000000 ffffffff 00cf9300 DPL=0 DS   [-WA]
GS =0030 0000000000000000 ffffffff 00cf9300 DPL=0 DS   [-WA]
LDT=0000 0000000000000000 0000ffff 00008200 DPL=0 LDT
TR =0000 0000000000000000 0000ffff 00008b00 DPL=0 TSS64-busy
GDT=     00000000079de000 00000047
IDT=     00000000074fa018 00000fff
CR0=80010033 CR2=0000000000000000 CR3=0000000007c01000 CR4=00000668
DR0=0000000000000000 DR1=0000000000000000 DR2=0000000000000000 DR3=0000000000000000 
DR6=00000000ffff0ff0 DR7=0000000000000400
CCS=0000000000000004 CCD=0000000000000000 CCO=EFLAGS
EFER=0000000000000d00
   617: v=20 e=0000 i=0 cpl=0 IP=0038:0000000007052c07 pc=0000000007052c07 SP=0030:0000000007efba60 env->regs[R_EAX]=00000000070a906f
RAX=00000000070a906f RBX=0000000000000017 RCX=00000000070a9058 RDX=0000000007efbbf8
RSI=0000000000000018 RDI=0000000000000001 RBP=0000000000000000 RSP=0000000007efba60
R8 =0000000000000018 R9 =0000000000000000 R10=0000000007f19a4d R11=0000000007059f00
R12=00000000070a9058 R13=0000000007efbbf8 R14=0000000000000001 R15=0000000007efbc10
RIP=0000000007052c07 RFL=00000206 [-----P-] CPL=0 II=0 A20=1 SMM=0 HLT=0
ES =0030 0000000000000000 ffffffff 00cf9300 DPL=0 DS   [-WA]
CS =0038 0000000000000000 ffffffff 00af9a00 DPL=0 CS64 [-R-]
SS =0030 0000000000000000 ffffffff 00cf9300 DPL=0 DS   [-WA]
DS =0030 0000000000000000 ffffffff 00cf9300 DPL=0 DS   [-WA]
FS =0030 0000000000000000 ffffffff 00cf9300 DPL=0 DS   [-WA]
GS =0030 0000000000000000 ffffffff 00cf9300 DPL=0 DS   [-WA]
LDT=0000 0000000000000000 0000ffff 00008200 DPL=0 LDT
TR =0000 0000000000000000 0000ffff 00008b00 DPL=0 TSS64-busy
GDT=     00000000079de000 00000047
IDT=     00000000074fa018 00000fff
CR0=80010033 CR2=0000000000000000 CR3=0000000007c01000 CR4=00000668
DR0=0000000000000000 DR1=0000000000000000 DR2=0000000000000000 DR3=0000000000000000 
DR6=00000000ffff0ff0 DR7=0000000000000400
CCS=0000000000000004 CCD=0000000000000000 CCO=EFLAGS
EFER=0000000000000d00
   618: v=20 e=0000 i=0 cpl=0 IP=0038:0000000007052c07 pc=0000000007052c07 SP=0030:0000000007efba60 env->regs[R_EAX]=00000000070a906f
RAX=00000000070a906f RBX=0000000000000017 RCX=00000000070a9058 RDX=0000000007efbbf8
RSI=0000000000000018 RDI=0000000000000001 RBP=0000000000000000 RSP=0000000007efba60
R8 =0000000000000018 R9 =0000000000000000 R10=0000000007f19a4d R11=0000000007059f00
R12=00000000070a9058 R13=0000000007efbbf8 R14=0000000000000001 R15=0000000007efbc10
RIP=0000000007052c07 RFL=00000206 [-----P-] CPL=0 II=0 A20=1 SMM=0 HLT=0
ES =0030 0000000000000000 ffffffff 00cf9300 DPL=0 DS   [-WA]
CS =0038 0000000000000000 ffffffff 00af9a00 DPL=0 CS64 [-R-]
SS =0030 0000000000000000 ffffffff 00cf9300 DPL=0 DS   [-WA]
DS =0030 0000000000000000 ffffffff 00cf9300 DPL=0 DS   [-WA]
FS =0030 0000000000000000 ffffffff 00cf9300 DPL=0 DS   [-WA]
GS =0030 0000000000000000 ffffffff 00cf9300 DPL=0 DS   [-WA]
LDT=0000 0000000000000000 0000ffff 00008200 DPL=0 LDT
TR =0000 0000000000000000 0000ffff 00008b00 DPL=0 TSS64-busy
GDT=     00000000079de000 00000047
IDT=     00000000074fa018 00000fff
CR0=80010033 CR2=0000000000000000 CR3=0000000007c01000 CR4=00000668
DR0=0000000000000000 DR1=0000000000000000 DR2=0000000000000000 DR3=0000000000000000 
DR6=00000000ffff0ff0 DR7=0000000000000400
CCS=0000000000000004 CCD=0000000000000000 CCO=EFLAGS
EFER=0000000000000d00
   619: v=20 e=0000 i=0 cpl=0 IP=0038:0000000007052c07 pc=0000000007052c07 SP=0030:0000000007efba60 env->regs[R_EAX]=00000000070a906f
RAX=00000000070a906f RBX=0000000000000017 RCX=00000000070a9058 RDX=0000000007efbbf8
RSI=0000000000000018 RDI=0000000000000001 RBP=0000000000000000 RSP=0000000007efba60
R8 =0000000000000018 R9 =0000000000000000 R10=0000000007f19a4d R11=0000000007059f00
R12=00000000070a9058 R13=0000000007efbbf8 R14=0000000000000001 R15=0000000007efbc10
RIP=0000000007052c07 RFL=00000206 [-----P-] CPL=0 II=0 A20=1 SMM=0 HLT=0
ES =0030 0000000000000000 ffffffff 00cf9300 DPL=0 DS   [-WA]
CS =0038 0000000000000000 ffffffff 00af9a00 DPL=0 CS64 [-R-]
SS =0030 0000000000000000 ffffffff 00cf9300 DPL=0 DS   [-WA]
DS =0030 0000000000000000 ffffffff 00cf9300 DPL=0 DS   [-WA]
FS =0030 0000000000000000 ffffffff 00cf9300 DPL=0 DS   [-WA]
GS =0030 0000000000000000 ffffffff 00cf9300 DPL=0 DS   [-WA]
LDT=0000 0000000000000000 0000ffff 00008200 DPL=0 LDT
TR =0000 0000000000000000 0000ffff 00008b00 DPL=0 TSS64-busy
GDT=     00000000079de000 00000047
IDT=     00000000074fa018 00000fff
CR0=80010033 CR2=0000000000000000 CR3=0000000007c01000 CR4=00000668
DR0=0000000000000000 DR1=0000000000000000 DR2=0000000000000000 DR3=0000000000000000 
DR6=00000000ffff0ff0 DR7=0000000000000400
CCS=0000000000000004 CCD=0000000000000000 CCO=EFLAGS
EFER=0000000000000d00
   620: v=20 e=0000 i=0 cpl=0 IP=0038:0000000007052c07 pc=0000000007052c07 SP=0030:0000000007efba60 env->regs[R_EAX]=00000000070a906f
RAX=00000000070a906f RBX=0000000000000017 RCX=00000000070a9058 RDX=0000000007efbbf8
RSI=0000000000000018 RDI=0000000000000001 RBP=0000000000000000 RSP=0000000007efba60
R8 =0000000000000018 R9 =0000000000000000 R10=0000000007f19a4d R11=0000000007059f00
R12=00000000070a9058 R13=0000000007efbbf8 R14=0000000000000001 R15=0000000007efbc10
RIP=0000000007052c07 RFL=00000206 [-----P-] CPL=0 II=0 A20=1 SMM=0 HLT=0
ES =0030 0000000000000000 ffffffff 00cf9300 DPL=0 DS   [-WA]
CS =0038 0000000000000000 ffffffff 00af9a00 DPL=0 CS64 [-R-]
SS =0030 0000000000000000 ffffffff 00cf9300 DPL=0 DS   [-WA]
DS =0030 0000000000000000 ffffffff 00cf9300 DPL=0 DS   [-WA]
FS =0030 0000000000000000 ffffffff 00cf9300 DPL=0 DS   [-WA]
GS =0030 0000000000000000 ffffffff 00cf9300 DPL=0 DS   [-WA]
LDT=0000 0000000000000000 0000ffff 00008200 DPL=0 LDT
TR =0000 0000000000000000 0000ffff 00008b00 DPL=0 TSS64-busy
GDT=     00000000079de000 00000047
IDT=     00000000074fa018 00000fff
CR0=80010033 CR2=0000000000000000 CR3=0000000007c01000 CR4=00000668
DR0=0000000000000000 DR1=0000000000000000 DR2=0000000000000000 DR3=0000000000000000 
DR6=00000000ffff0ff0 DR7=0000000000000400
CCS=0000000000000004 CCD=0000000000000000 CCO=EFLAGS
EFER=0000000000000d00
   621: v=20 e=0000 i=0 cpl=0 IP=0038:0000000007052c07 pc=0000000007052c07 SP=0030:0000000007efba60 env->regs[R_EAX]=00000000070a906f
RAX=00000000070a906f RBX=0000000000000017 RCX=00000000070a9058 RDX=0000000007efbbf8
RSI=0000000000000018 RDI=0000000000000001 RBP=0000000000000000 RSP=0000000007efba60
R8 =0000000000000018 R9 =0000000000000000 R10=0000000007f19a4d R11=0000000007059f00
R12=00000000070a9058 R13=0000000007efbbf8 R14=0000000000000001 R15=0000000007efbc10
RIP=0000000007052c07 RFL=00000206 [-----P-] CPL=0 II=0 A20=1 SMM=0 HLT=0
ES =0030 0000000000000000 ffffffff 00cf9300 DPL=0 DS   [-WA]
CS =0038 0000000000000000 ffffffff 00af9a00 DPL=0 CS64 [-R-]
SS =0030 0000000000000000 ffffffff 00cf9300 DPL=0 DS   [-WA]
DS =0030 0000000000000000 ffffffff 00cf9300 DPL=0 DS   [-WA]
FS =0030 0000000000000000 ffffffff 00cf9300 DPL=0 DS   [-WA]
GS =0030 0000000000000000 ffffffff 00cf9300 DPL=0 DS   [-WA]
LDT=0000 0000000000000000 0000ffff 00008200 DPL=0 LDT
TR =0000 0000000000000000 0000ffff 00008b00 DPL=0 TSS64-busy
GDT=     00000000079de000 00000047
IDT=     00000000074fa018 00000fff
CR0=80010033 CR2=0000000000000000 CR3=0000000007c01000 CR4=00000668
DR0=0000000000000000 DR1=0000000000000000 DR2=0000000000000000 DR3=0000000000000000 
DR6=00000000ffff0ff0 DR7=0000000000000400
CCS=0000000000000004 CCD=0000000000000000 CCO=EFLAGS
EFER=0000000000000d00
   622: v=20 e=0000 i=0 cpl=0 IP=0038:0000000007052c07 pc=0000000007052c07 SP=0030:0000000007efba60 env->regs[R_EAX]=00000000070a906f
RAX=00000000070a906f RBX=0000000000000017 RCX=00000000070a9058 RDX=0000000007efbbf8
RSI=0000000000000018 RDI=0000000000000001 RBP=0000000000000000 RSP=0000000007efba60
R8 =0000000000000018 R9 =0000000000000000 R10=0000000007f19a4d R11=0000000007059f00
R12=00000000070a9058 R13=0000000007efbbf8 R14=0000000000000001 R15=0000000007efbc10
RIP=0000000007052c07 RFL=00000206 [-----P-] CPL=0 II=0 A20=1 SMM=0 HLT=0
ES =0030 0000000000000000 ffffffff 00cf9300 DPL=0 DS   [-WA]
CS =0038 0000000000000000 ffffffff 00af9a00 DPL=0 CS64 [-R-]
SS =0030 0000000000000000 ffffffff 00cf9300 DPL=0 DS   [-WA]
DS =0030 0000000000000000 ffffffff 00cf9300 DPL=0 DS   [-WA]
FS =0030 0000000000000000 ffffffff 00cf9300 DPL=0 DS   [-WA]
GS =0030 0000000000000000 ffffffff 00cf9300 DPL=0 DS   [-WA]
LDT=0000 0000000000000000 0000ffff 00008200 DPL=0 LDT
TR =0000 0000000000000000 0000ffff 00008b00 DPL=0 TSS64-busy
GDT=     00000000079de000 00000047
IDT=     00000000074fa018 00000fff
CR0=80010033 CR2=0000000000000000 CR3=0000000007c01000 CR4=00000668
DR0=0000000000000000 DR1=0000000000000000 DR2=0000000000000000 DR3=0000000000000000 
DR6=00000000ffff0ff0 DR7=0000000000000400
CCS=0000000000000004 CCD=0000000000000000 CCO=EFLAGS
EFER=0000000000000d00
   623: v=20 e=0000 i=0 cpl=0 IP=0038:0000000007052c07 pc=0000000007052c07 SP=0030:0000000007efba60 env->regs[R_EAX]=00000000070a906f
RAX=00000000070a906f RBX=0000000000000017 RCX=00000000070a9058 RDX=0000000007efbbf8
RSI=0000000000000018 RDI=0000000000000001 RBP=0000000000000000 RSP=0000000007efba60
R8 =0000000000000018 R9 =0000000000000000 R10=0000000007f19a4d R11=0000000007059f00
R12=00000000070a9058 R13=0000000007efbbf8 R14=0000000000000001 R15=0000000007efbc10
RIP=0000000007052c07 RFL=00000206 [-----P-] CPL=0 II=0 A20=1 SMM=0 HLT=0
ES =0030 0000000000000000 ffffffff 00cf9300 DPL=0 DS   [-WA]
CS =0038 0000000000000000 ffffffff 00af9a00 DPL=0 CS64 [-R-]
SS =0030 0000000000000000 ffffffff 00cf9300 DPL=0 DS   [-WA]
DS =0030 0000000000000000 ffffffff 00cf9300 DPL=0 DS   [-WA]
FS =0030 0000000000000000 ffffffff 00cf9300 DPL=0 DS   [-WA]
GS =0030 0000000000000000 ffffffff 00cf9300 DPL=0 DS   [-WA]
LDT=0000 0000000000000000 0000ffff 00008200 DPL=0 LDT
TR =0000 0000000000000000 0000ffff 00008b00 DPL=0 TSS64-busy
GDT=     00000000079de000 00000047
IDT=     00000000074fa018 00000fff
CR0=80010033 CR2=0000000000000000 CR3=0000000007c01000 CR4=00000668
DR0=0000000000000000 DR1=0000000000000000 DR2=0000000000000000 DR3=0000000000000000 
DR6=00000000ffff0ff0 DR7=0000000000000400
CCS=0000000000000004 CCD=0000000000000000 CCO=EFLAGS
EFER=0000000000000d00
   624: v=20 e=0000 i=0 cpl=0 IP=0038:0000000007052c07 pc=0000000007052c07 SP=0030:0000000007efba60 env->regs[R_EAX]=00000000070a906f
RAX=00000000070a906f RBX=0000000000000017 RCX=00000000070a9058 RDX=0000000007efbbf8
RSI=0000000000000018 RDI=0000000000000001 RBP=0000000000000000 RSP=0000000007efba60
R8 =0000000000000018 R9 =0000000000000000 R10=0000000007f19a4d R11=0000000007059f00
R12=00000000070a9058 R13=0000000007efbbf8 R14=0000000000000001 R15=0000000007efbc10
RIP=0000000007052c07 RFL=00000206 [-----P-] CPL=0 II=0 A20=1 SMM=0 HLT=0
ES =0030 0000000000000000 ffffffff 00cf9300 DPL=0 DS   [-WA]
CS =0038 0000000000000000 ffffffff 00af9a00 DPL=0 CS64 [-R-]
SS =0030 0000000000000000 ffffffff 00cf9300 DPL=0 DS   [-WA]
DS =0030 0000000000000000 ffffffff 00cf9300 DPL=0 DS   [-WA]
FS =0030 0000000000000000 ffffffff 00cf9300 DPL=0 DS   [-WA]
GS =0030 0000000000000000 ffffffff 00cf9300 DPL=0 DS   [-WA]
LDT=0000 0000000000000000 0000ffff 00008200 DPL=0 LDT
TR =0000 0000000000000000 0000ffff 00008b00 DPL=0 TSS64-busy
GDT=     00000000079de000 00000047
IDT=     00000000074fa018 00000fff
CR0=80010033 CR2=0000000000000000 CR3=0000000007c01000 CR4=00000668
DR0=0000000000000000 DR1=0000000000000000 DR2=0000000000000000 DR3=0000000000000000 
DR6=00000000ffff0ff0 DR7=0000000000000400
CCS=0000000000000004 CCD=0000000000000000 CCO=EFLAGS
EFER=0000000000000d00
   625: v=20 e=0000 i=0 cpl=0 IP=0038:0000000007052c07 pc=0000000007052c07 SP=0030:0000000007efba60 env->regs[R_EAX]=00000000070a906f
RAX=00000000070a906f RBX=0000000000000017 RCX=00000000070a9058 RDX=0000000007efbbf8
RSI=0000000000000018 RDI=0000000000000001 RBP=0000000000000000 RSP=0000000007efba60
R8 =0000000000000018 R9 =0000000000000000 R10=0000000007f19a4d R11=0000000007059f00
R12=00000000070a9058 R13=0000000007efbbf8 R14=0000000000000001 R15=0000000007efbc10
RIP=0000000007052c07 RFL=00000206 [-----P-] CPL=0 II=0 A20=1 SMM=0 HLT=0
ES =0030 0000000000000000 ffffffff 00cf9300 DPL=0 DS   [-WA]
CS =0038 0000000000000000 ffffffff 00af9a00 DPL=0 CS64 [-R-]
SS =0030 0000000000000000 ffffffff 00cf9300 DPL=0 DS   [-WA]
DS =0030 0000000000000000 ffffffff 00cf9300 DPL=0 DS   [-WA]
FS =0030 0000000000000000 ffffffff 00cf9300 DPL=0 DS   [-WA]
GS =0030 0000000000000000 ffffffff 00cf9300 DPL=0 DS   [-WA]
LDT=0000 0000000000000000 0000ffff 00008200 DPL=0 LDT
TR =0000 0000000000000000 0000ffff 00008b00 DPL=0 TSS64-busy
GDT=     00000000079de000 00000047
IDT=     00000000074fa018 00000fff
CR0=80010033 CR2=0000000000000000 CR3=0000000007c01000 CR4=00000668
DR0=0000000000000000 DR1=0000000000000000 DR2=0000000000000000 DR3=0000000000000000 
DR6=00000000ffff0ff0 DR7=0000000000000400
CCS=0000000000000004 CCD=0000000000000000 CCO=EFLAGS
EFER=0000000000000d00
   626: v=20 e=0000 i=0 cpl=0 IP=0038:0000000007052c07 pc=0000000007052c07 SP=0030:0000000007efba60 env->regs[R_EAX]=00000000070a906f
RAX=00000000070a906f RBX=0000000000000017 RCX=00000000070a9058 RDX=0000000007efbbf8
RSI=0000000000000018 RDI=0000000000000001 RBP=0000000000000000 RSP=0000000007efba60
R8 =0000000000000018 R9 =0000000000000000 R10=0000000007f19a4d R11=0000000007059f00
R12=00000000070a9058 R13=0000000007efbbf8 R14=0000000000000001 R15=0000000007efbc10
RIP=0000000007052c07 RFL=00000206 [-----P-] CPL=0 II=0 A20=1 SMM=0 HLT=0
ES =0030 0000000000000000 ffffffff 00cf9300 DPL=0 DS   [-WA]
CS =0038 0000000000000000 ffffffff 00af9a00 DPL=0 CS64 [-R-]
SS =0030 0000000000000000 ffffffff 00cf9300 DPL=0 DS   [-WA]
DS =0030 0000000000000000 ffffffff 00cf9300 DPL=0 DS   [-WA]
FS =0030 0000000000000000 ffffffff 00cf9300 DPL=0 DS   [-WA]
GS =0030 0000000000000000 ffffffff 00cf9300 DPL=0 DS   [-WA]
LDT=0000 0000000000000000 0000ffff 00008200 DPL=0 LDT
TR =0000 0000000000000000 0000ffff 00008b00 DPL=0 TSS64-busy
GDT=     00000000079de000 00000047
IDT=     00000000074fa018 00000fff
CR0=80010033 CR2=0000000000000000 CR3=0000000007c01000 CR4=00000668
DR0=0000000000000000 DR1=0000000000000000 DR2=0000000000000000 DR3=0000000000000000 
DR6=00000000ffff0ff0 DR7=0000000000000400
CCS=0000000000000004 CCD=0000000000000000 CCO=EFLAGS
EFER=0000000000000d00
   627: v=20 e=0000 i=0 cpl=0 IP=0038:0000000007052c07 pc=0000000007052c07 SP=0030:0000000007efba60 env->regs[R_EAX]=00000000070a906f
RAX=00000000070a906f RBX=0000000000000017 RCX=00000000070a9058 RDX=0000000007efbbf8
RSI=0000000000000018 RDI=0000000000000001 RBP=0000000000000000 RSP=0000000007efba60
R8 =0000000000000018 R9 =0000000000000000 R10=0000000007f19a4d R11=0000000007059f00
R12=00000000070a9058 R13=0000000007efbbf8 R14=0000000000000001 R15=0000000007efbc10
RIP=0000000007052c07 RFL=00000206 [-----P-] CPL=0 II=0 A20=1 SMM=0 HLT=0
ES =0030 0000000000000000 ffffffff 00cf9300 DPL=0 DS   [-WA]
CS =0038 0000000000000000 ffffffff 00af9a00 DPL=0 CS64 [-R-]
SS =0030 0000000000000000 ffffffff 00cf9300 DPL=0 DS   [-WA]
DS =0030 0000000000000000 ffffffff 00cf9300 DPL=0 DS   [-WA]
FS =0030 0000000000000000 ffffffff 00cf9300 DPL=0 DS   [-WA]
GS =0030 0000000000000000 ffffffff 00cf9300 DPL=0 DS   [-WA]
LDT=0000 0000000000000000 0000ffff 00008200 DPL=0 LDT
TR =0000 0000000000000000 0000ffff 00008b00 DPL=0 TSS64-busy
GDT=     00000000079de000 00000047
IDT=     00000000074fa018 00000fff
CR0=80010033 CR2=0000000000000000 CR3=0000000007c01000 CR4=00000668
DR0=0000000000000000 DR1=0000000000000000 DR2=0000000000000000 DR3=0000000000000000 
DR6=00000000ffff0ff0 DR7=0000000000000400
CCS=0000000000000004 CCD=0000000000000000 CCO=EFLAGS
EFER=0000000000000d00
   628: v=20 e=0000 i=0 cpl=0 IP=0038:0000000007052c07 pc=0000000007052c07 SP=0030:0000000007efba60 env->regs[R_EAX]=00000000070a906f
RAX=00000000070a906f RBX=0000000000000017 RCX=00000000070a9058 RDX=0000000007efbbf8
RSI=0000000000000018 RDI=0000000000000001 RBP=0000000000000000 RSP=0000000007efba60
R8 =0000000000000018 R9 =0000000000000000 R10=0000000007f19a4d R11=0000000007059f00
R12=00000000070a9058 R13=0000000007efbbf8 R14=0000000000000001 R15=0000000007efbc10
RIP=0000000007052c07 RFL=00000206 [-----P-] CPL=0 II=0 A20=1 SMM=0 HLT=0
ES =0030 0000000000000000 ffffffff 00cf9300 DPL=0 DS   [-WA]
CS =0038 0000000000000000 ffffffff 00af9a00 DPL=0 CS64 [-R-]
SS =0030 0000000000000000 ffffffff 00cf9300 DPL=0 DS   [-WA]
DS =0030 0000000000000000 ffffffff 00cf9300 DPL=0 DS   [-WA]
FS =0030 0000000000000000 ffffffff 00cf9300 DPL=0 DS   [-WA]
GS =0030 0000000000000000 ffffffff 00cf9300 DPL=0 DS   [-WA]
LDT=0000 0000000000000000 0000ffff 00008200 DPL=0 LDT
TR =0000 0000000000000000 0000ffff 00008b00 DPL=0 TSS64-busy
GDT=     00000000079de000 00000047
IDT=     00000000074fa018 00000fff
CR0=80010033 CR2=0000000000000000 CR3=0000000007c01000 CR4=00000668
DR0=0000000000000000 DR1=0000000000000000 DR2=0000000000000000 DR3=0000000000000000 
DR6=00000000ffff0ff0 DR7=0000000000000400
CCS=0000000000000004 CCD=0000000000000000 CCO=EFLAGS
EFER=0000000000000d00
   629: v=20 e=0000 i=0 cpl=0 IP=0038:0000000007052c07 pc=0000000007052c07 SP=0030:0000000007efba60 env->regs[R_EAX]=00000000070a906f
RAX=00000000070a906f RBX=0000000000000017 RCX=00000000070a9058 RDX=0000000007efbbf8
RSI=0000000000000018 RDI=0000000000000001 RBP=0000000000000000 RSP=0000000007efba60
R8 =0000000000000018 R9 =0000000000000000 R10=0000000007f19a4d R11=0000000007059f00
R12=00000000070a9058 R13=0000000007efbbf8 R14=0000000000000001 R15=0000000007efbc10
RIP=0000000007052c07 RFL=00000206 [-----P-] CPL=0 II=0 A20=1 SMM=0 HLT=0
ES =0030 0000000000000000 ffffffff 00cf9300 DPL=0 DS   [-WA]
CS =0038 0000000000000000 ffffffff 00af9a00 DPL=0 CS64 [-R-]
SS =0030 0000000000000000 ffffffff 00cf9300 DPL=0 DS   [-WA]
DS =0030 0000000000000000 ffffffff 00cf9300 DPL=0 DS   [-WA]
FS =0030 0000000000000000 ffffffff 00cf9300 DPL=0 DS   [-WA]
GS =0030 0000000000000000 ffffffff 00cf9300 DPL=0 DS   [-WA]
LDT=0000 0000000000000000 0000ffff 00008200 DPL=0 LDT
TR =0000 0000000000000000 0000ffff 00008b00 DPL=0 TSS64-busy
GDT=     00000000079de000 00000047
IDT=     00000000074fa018 00000fff
CR0=80010033 CR2=0000000000000000 CR3=0000000007c01000 CR4=00000668
DR0=0000000000000000 DR1=0000000000000000 DR2=0000000000000000 DR3=0000000000000000 
DR6=00000000ffff0ff0 DR7=0000000000000400
CCS=0000000000000004 CCD=0000000000000000 CCO=EFLAGS
EFER=0000000000000d00
   630: v=20 e=0000 i=0 cpl=0 IP=0038:0000000007052c07 pc=0000000007052c07 SP=0030:0000000007efba60 env->regs[R_EAX]=00000000070a906f
RAX=00000000070a906f RBX=0000000000000017 RCX=00000000070a9058 RDX=0000000007efbbf8
RSI=0000000000000018 RDI=0000000000000001 RBP=0000000000000000 RSP=0000000007efba60
R8 =0000000000000018 R9 =0000000000000000 R10=0000000007f19a4d R11=0000000007059f00
R12=00000000070a9058 R13=0000000007efbbf8 R14=0000000000000001 R15=0000000007efbc10
RIP=0000000007052c07 RFL=00000206 [-----P-] CPL=0 II=0 A20=1 SMM=0 HLT=0
ES =0030 0000000000000000 ffffffff 00cf9300 DPL=0 DS   [-WA]
CS =0038 0000000000000000 ffffffff 00af9a00 DPL=0 CS64 [-R-]
SS =0030 0000000000000000 ffffffff 00cf9300 DPL=0 DS   [-WA]
DS =0030 0000000000000000 ffffffff 00cf9300 DPL=0 DS   [-WA]
FS =0030 0000000000000000 ffffffff 00cf9300 DPL=0 DS   [-WA]
GS =0030 0000000000000000 ffffffff 00cf9300 DPL=0 DS   [-WA]
LDT=0000 0000000000000000 0000ffff 00008200 DPL=0 LDT
TR =0000 0000000000000000 0000ffff 00008b00 DPL=0 TSS64-busy
GDT=     00000000079de000 00000047
IDT=     00000000074fa018 00000fff
CR0=80010033 CR2=0000000000000000 CR3=0000000007c01000 CR4=00000668
DR0=0000000000000000 DR1=0000000000000000 DR2=0000000000000000 DR3=0000000000000000 
DR6=00000000ffff0ff0 DR7=0000000000000400
CCS=0000000000000004 CCD=0000000000000000 CCO=EFLAGS
EFER=0000000000000d00
   631: v=20 e=0000 i=0 cpl=0 IP=0038:0000000007052c07 pc=0000000007052c07 SP=0030:0000000007efba60 env->regs[R_EAX]=00000000070a906f
RAX=00000000070a906f RBX=0000000000000017 RCX=00000000070a9058 RDX=0000000007efbbf8
RSI=0000000000000018 RDI=0000000000000001 RBP=0000000000000000 RSP=0000000007efba60
R8 =0000000000000018 R9 =0000000000000000 R10=0000000007f19a4d R11=0000000007059f00
R12=00000000070a9058 R13=0000000007efbbf8 R14=0000000000000001 R15=0000000007efbc10
RIP=0000000007052c07 RFL=00000206 [-----P-] CPL=0 II=0 A20=1 SMM=0 HLT=0
ES =0030 0000000000000000 ffffffff 00cf9300 DPL=0 DS   [-WA]
CS =0038 0000000000000000 ffffffff 00af9a00 DPL=0 CS64 [-R-]
SS =0030 0000000000000000 ffffffff 00cf9300 DPL=0 DS   [-WA]
DS =0030 0000000000000000 ffffffff 00cf9300 DPL=0 DS   [-WA]
FS =0030 0000000000000000 ffffffff 00cf9300 DPL=0 DS   [-WA]
GS =0030 0000000000000000 ffffffff 00cf9300 DPL=0 DS   [-WA]
LDT=0000 0000000000000000 0000ffff 00008200 DPL=0 LDT
TR =0000 0000000000000000 0000ffff 00008b00 DPL=0 TSS64-busy
GDT=     00000000079de000 00000047
IDT=     00000000074fa018 00000fff
CR0=80010033 CR2=0000000000000000 CR3=0000000007c01000 CR4=00000668
DR0=0000000000000000 DR1=0000000000000000 DR2=0000000000000000 DR3=0000000000000000 
DR6=00000000ffff0ff0 DR7=0000000000000400
CCS=0000000000000004 CCD=0000000000000000 CCO=EFLAGS
EFER=0000000000000d00
   632: v=20 e=0000 i=0 cpl=0 IP=0038:0000000007052c07 pc=0000000007052c07 SP=0030:0000000007efba60 env->regs[R_EAX]=00000000070a906f
RAX=00000000070a906f RBX=0000000000000017 RCX=00000000070a9058 RDX=0000000007efbbf8
RSI=0000000000000018 RDI=0000000000000001 RBP=0000000000000000 RSP=0000000007efba60
R8 =0000000000000018 R9 =0000000000000000 R10=0000000007f19a4d R11=0000000007059f00
R12=00000000070a9058 R13=0000000007efbbf8 R14=0000000000000001 R15=0000000007efbc10
RIP=0000000007052c07 RFL=00000206 [-----P-] CPL=0 II=0 A20=1 SMM=0 HLT=0
ES =0030 0000000000000000 ffffffff 00cf9300 DPL=0 DS   [-WA]
CS =0038 0000000000000000 ffffffff 00af9a00 DPL=0 CS64 [-R-]
SS =0030 0000000000000000 ffffffff 00cf9300 DPL=0 DS   [-WA]
DS =0030 0000000000000000 ffffffff 00cf9300 DPL=0 DS   [-WA]
FS =0030 0000000000000000 ffffffff 00cf9300 DPL=0 DS   [-WA]
GS =0030 0000000000000000 ffffffff 00cf9300 DPL=0 DS   [-WA]
LDT=0000 0000000000000000 0000ffff 00008200 DPL=0 LDT
TR =0000 0000000000000000 0000ffff 00008b00 DPL=0 TSS64-busy
GDT=     00000000079de000 00000047
IDT=     00000000074fa018 00000fff
CR0=80010033 CR2=0000000000000000 CR3=0000000007c01000 CR4=00000668
DR0=0000000000000000 DR1=0000000000000000 DR2=0000000000000000 DR3=0000000000000000 
DR6=00000000ffff0ff0 DR7=0000000000000400
CCS=0000000000000004 CCD=0000000000000000 CCO=EFLAGS
EFER=0000000000000d00
   633: v=20 e=0000 i=0 cpl=0 IP=0038:0000000007052c07 pc=0000000007052c07 SP=0030:0000000007efba60 env->regs[R_EAX]=00000000070a906f
RAX=00000000070a906f RBX=0000000000000017 RCX=00000000070a9058 RDX=0000000007efbbf8
RSI=0000000000000018 RDI=0000000000000001 RBP=0000000000000000 RSP=0000000007efba60
R8 =0000000000000018 R9 =0000000000000000 R10=0000000007f19a4d R11=0000000007059f00
R12=00000000070a9058 R13=0000000007efbbf8 R14=0000000000000001 R15=0000000007efbc10
RIP=0000000007052c07 RFL=00000206 [-----P-] CPL=0 II=0 A20=1 SMM=0 HLT=0
ES =0030 0000000000000000 ffffffff 00cf9300 DPL=0 DS   [-WA]
CS =0038 0000000000000000 ffffffff 00af9a00 DPL=0 CS64 [-R-]
SS =0030 0000000000000000 ffffffff 00cf9300 DPL=0 DS   [-WA]
DS =0030 0000000000000000 ffffffff 00cf9300 DPL=0 DS   [-WA]
FS =0030 0000000000000000 ffffffff 00cf9300 DPL=0 DS   [-WA]
GS =0030 0000000000000000 ffffffff 00cf9300 DPL=0 DS   [-WA]
LDT=0000 0000000000000000 0000ffff 00008200 DPL=0 LDT
TR =0000 0000000000000000 0000ffff 00008b00 DPL=0 TSS64-busy
GDT=     00000000079de000 00000047
IDT=     00000000074fa018 00000fff
CR0=80010033 CR2=0000000000000000 CR3=0000000007c01000 CR4=00000668
DR0=0000000000000000 DR1=0000000000000000 DR2=0000000000000000 DR3=0000000000000000 
DR6=00000000ffff0ff0 DR7=0000000000000400
CCS=0000000000000004 CCD=0000000000000000 CCO=EFLAGS
EFER=0000000000000d00
   634: v=20 e=0000 i=0 cpl=0 IP=0038:0000000007052c07 pc=0000000007052c07 SP=0030:0000000007efba60 env->regs[R_EAX]=00000000070a906f
RAX=00000000070a906f RBX=0000000000000017 RCX=00000000070a9058 RDX=0000000007efbbf8
RSI=0000000000000018 RDI=0000000000000001 RBP=0000000000000000 RSP=0000000007efba60
R8 =0000000000000018 R9 =0000000000000000 R10=0000000007f19a4d R11=0000000007059f00
R12=00000000070a9058 R13=0000000007efbbf8 R14=0000000000000001 R15=0000000007efbc10
RIP=0000000007052c07 RFL=00000206 [-----P-] CPL=0 II=0 A20=1 SMM=0 HLT=0
ES =0030 0000000000000000 ffffffff 00cf9300 DPL=0 DS   [-WA]
CS =0038 0000000000000000 ffffffff 00af9a00 DPL=0 CS64 [-R-]
SS =0030 0000000000000000 ffffffff 00cf9300 DPL=0 DS   [-WA]
DS =0030 0000000000000000 ffffffff 00cf9300 DPL=0 DS   [-WA]
FS =0030 0000000000000000 ffffffff 00cf9300 DPL=0 DS   [-WA]
GS =0030 0000000000000000 ffffffff 00cf9300 DPL=0 DS   [-WA]
LDT=0000 0000000000000000 0000ffff 00008200 DPL=0 LDT
TR =0000 0000000000000000 0000ffff 00008b00 DPL=0 TSS64-busy
GDT=     00000000079de000 00000047
IDT=     00000000074fa018 00000fff
CR0=80010033 CR2=0000000000000000 CR3=0000000007c01000 CR4=00000668
DR0=0000000000000000 DR1=0000000000000000 DR2=0000000000000000 DR3=0000000000000000 
DR6=00000000ffff0ff0 DR7=0000000000000400
CCS=0000000000000004 CCD=0000000000000000 CCO=EFLAGS
EFER=0000000000000d00
   635: v=20 e=0000 i=0 cpl=0 IP=0038:0000000007052c07 pc=0000000007052c07 SP=0030:0000000007efba60 env->regs[R_EAX]=00000000070a906f
RAX=00000000070a906f RBX=0000000000000017 RCX=00000000070a9058 RDX=0000000007efbbf8
RSI=0000000000000018 RDI=0000000000000001 RBP=0000000000000000 RSP=0000000007efba60
R8 =0000000000000018 R9 =0000000000000000 R10=0000000007f19a4d R11=0000000007059f00
R12=00000000070a9058 R13=0000000007efbbf8 R14=0000000000000001 R15=0000000007efbc10
RIP=0000000007052c07 RFL=00000206 [-----P-] CPL=0 II=0 A20=1 SMM=0 HLT=0
ES =0030 0000000000000000 ffffffff 00cf9300 DPL=0 DS   [-WA]
CS =0038 0000000000000000 ffffffff 00af9a00 DPL=0 CS64 [-R-]
SS =0030 0000000000000000 ffffffff 00cf9300 DPL=0 DS   [-WA]
DS =0030 0000000000000000 ffffffff 00cf9300 DPL=0 DS   [-WA]
FS =0030 0000000000000000 ffffffff 00cf9300 DPL=0 DS   [-WA]
GS =0030 0000000000000000 ffffffff 00cf9300 DPL=0 DS   [-WA]
LDT=0000 0000000000000000 0000ffff 00008200 DPL=0 LDT
TR =0000 0000000000000000 0000ffff 00008b00 DPL=0 TSS64-busy
GDT=     00000000079de000 00000047
IDT=     00000000074fa018 00000fff
CR0=80010033 CR2=0000000000000000 CR3=0000000007c01000 CR4=00000668
DR0=0000000000000000 DR1=0000000000000000 DR2=0000000000000000 DR3=0000000000000000 
DR6=00000000ffff0ff0 DR7=0000000000000400
CCS=0000000000000004 CCD=0000000000000000 CCO=EFLAGS
EFER=0000000000000d00
   636: v=20 e=0000 i=0 cpl=0 IP=0038:0000000007052c07 pc=0000000007052c07 SP=0030:0000000007efba60 env->regs[R_EAX]=00000000070a906f
RAX=00000000070a906f RBX=0000000000000017 RCX=00000000070a9058 RDX=0000000007efbbf8
RSI=0000000000000018 RDI=0000000000000001 RBP=0000000000000000 RSP=0000000007efba60
R8 =0000000000000018 R9 =0000000000000000 R10=0000000007f19a4d R11=0000000007059f00
R12=00000000070a9058 R13=0000000007efbbf8 R14=0000000000000001 R15=0000000007efbc10
RIP=0000000007052c07 RFL=00000206 [-----P-] CPL=0 II=0 A20=1 SMM=0 HLT=0
ES =0030 0000000000000000 ffffffff 00cf9300 DPL=0 DS   [-WA]
CS =0038 0000000000000000 ffffffff 00af9a00 DPL=0 CS64 [-R-]
SS =0030 0000000000000000 ffffffff 00cf9300 DPL=0 DS   [-WA]
DS =0030 0000000000000000 ffffffff 00cf9300 DPL=0 DS   [-WA]
FS =0030 0000000000000000 ffffffff 00cf9300 DPL=0 DS   [-WA]
GS =0030 0000000000000000 ffffffff 00cf9300 DPL=0 DS   [-WA]
LDT=0000 0000000000000000 0000ffff 00008200 DPL=0 LDT
TR =0000 0000000000000000 0000ffff 00008b00 DPL=0 TSS64-busy
GDT=     00000000079de000 00000047
IDT=     00000000074fa018 00000fff
CR0=80010033 CR2=0000000000000000 CR3=0000000007c01000 CR4=00000668
DR0=0000000000000000 DR1=0000000000000000 DR2=0000000000000000 DR3=0000000000000000 
DR6=00000000ffff0ff0 DR7=0000000000000400
CCS=0000000000000004 CCD=0000000000000000 CCO=EFLAGS
EFER=0000000000000d00
   637: v=20 e=0000 i=0 cpl=0 IP=0038:0000000007052c07 pc=0000000007052c07 SP=0030:0000000007efba60 env->regs[R_EAX]=00000000070a906f
RAX=00000000070a906f RBX=0000000000000017 RCX=00000000070a9058 RDX=0000000007efbbf8
RSI=0000000000000018 RDI=0000000000000001 RBP=0000000000000000 RSP=0000000007efba60
R8 =0000000000000018 R9 =0000000000000000 R10=0000000007f19a4d R11=0000000007059f00
R12=00000000070a9058 R13=0000000007efbbf8 R14=0000000000000001 R15=0000000007efbc10
RIP=0000000007052c07 RFL=00000206 [-----P-] CPL=0 II=0 A20=1 SMM=0 HLT=0
ES =0030 0000000000000000 ffffffff 00cf9300 DPL=0 DS   [-WA]
CS =0038 0000000000000000 ffffffff 00af9a00 DPL=0 CS64 [-R-]
SS =0030 0000000000000000 ffffffff 00cf9300 DPL=0 DS   [-WA]
DS =0030 0000000000000000 ffffffff 00cf9300 DPL=0 DS   [-WA]
FS =0030 0000000000000000 ffffffff 00cf9300 DPL=0 DS   [-WA]
GS =0030 0000000000000000 ffffffff 00cf9300 DPL=0 DS   [-WA]
LDT=0000 0000000000000000 0000ffff 00008200 DPL=0 LDT
TR =0000 0000000000000000 0000ffff 00008b00 DPL=0 TSS64-busy
GDT=     00000000079de000 00000047
IDT=     00000000074fa018 00000fff
CR0=80010033 CR2=0000000000000000 CR3=0000000007c01000 CR4=00000668
DR0=0000000000000000 DR1=0000000000000000 DR2=0000000000000000 DR3=0000000000000000 
DR6=00000000ffff0ff0 DR7=0000000000000400
CCS=0000000000000004 CCD=0000000000000000 CCO=EFLAGS
EFER=0000000000000d00
   638: v=20 e=0000 i=0 cpl=0 IP=0038:0000000007052c07 pc=0000000007052c07 SP=0030:0000000007efba60 env->regs[R_EAX]=00000000070a906f
RAX=00000000070a906f RBX=0000000000000017 RCX=00000000070a9058 RDX=0000000007efbbf8
RSI=0000000000000018 RDI=0000000000000001 RBP=0000000000000000 RSP=0000000007efba60
R8 =0000000000000018 R9 =0000000000000000 R10=0000000007f19a4d R11=0000000007059f00
R12=00000000070a9058 R13=0000000007efbbf8 R14=0000000000000001 R15=0000000007efbc10
RIP=0000000007052c07 RFL=00000206 [-----P-] CPL=0 II=0 A20=1 SMM=0 HLT=0
ES =0030 0000000000000000 ffffffff 00cf9300 DPL=0 DS   [-WA]
CS =0038 0000000000000000 ffffffff 00af9a00 DPL=0 CS64 [-R-]
SS =0030 0000000000000000 ffffffff 00cf9300 DPL=0 DS   [-WA]
DS =0030 0000000000000000 ffffffff 00cf9300 DPL=0 DS   [-WA]
FS =0030 0000000000000000 ffffffff 00cf9300 DPL=0 DS   [-WA]
GS =0030 0000000000000000 ffffffff 00cf9300 DPL=0 DS   [-WA]
LDT=0000 0000000000000000 0000ffff 00008200 DPL=0 LDT
TR =0000 0000000000000000 0000ffff 00008b00 DPL=0 TSS64-busy
GDT=     00000000079de000 00000047
IDT=     00000000074fa018 00000fff
CR0=80010033 CR2=0000000000000000 CR3=0000000007c01000 CR4=00000668
DR0=0000000000000000 DR1=0000000000000000 DR2=0000000000000000 DR3=0000000000000000 
DR6=00000000ffff0ff0 DR7=0000000000000400
CCS=0000000000000004 CCD=0000000000000000 CCO=EFLAGS
EFER=0000000000000d00
   639: v=20 e=0000 i=0 cpl=0 IP=0038:0000000007052c07 pc=0000000007052c07 SP=0030:0000000007efba60 env->regs[R_EAX]=00000000070a906f
RAX=00000000070a906f RBX=0000000000000017 RCX=00000000070a9058 RDX=0000000007efbbf8
RSI=0000000000000018 RDI=0000000000000001 RBP=0000000000000000 RSP=0000000007efba60
R8 =0000000000000018 R9 =0000000000000000 R10=0000000007f19a4d R11=0000000007059f00
R12=00000000070a9058 R13=0000000007efbbf8 R14=0000000000000001 R15=0000000007efbc10
RIP=0000000007052c07 RFL=00000206 [-----P-] CPL=0 II=0 A20=1 SMM=0 HLT=0
ES =0030 0000000000000000 ffffffff 00cf9300 DPL=0 DS   [-WA]
CS =0038 0000000000000000 ffffffff 00af9a00 DPL=0 CS64 [-R-]
SS =0030 0000000000000000 ffffffff 00cf9300 DPL=0 DS   [-WA]
DS =0030 0000000000000000 ffffffff 00cf9300 DPL=0 DS   [-WA]
FS =0030 0000000000000000 ffffffff 00cf9300 DPL=0 DS   [-WA]
GS =0030 0000000000000000 ffffffff 00cf9300 DPL=0 DS   [-WA]
LDT=0000 0000000000000000 0000ffff 00008200 DPL=0 LDT
TR =0000 0000000000000000 0000ffff 00008b00 DPL=0 TSS64-busy
GDT=     00000000079de000 00000047
IDT=     00000000074fa018 00000fff
CR0=80010033 CR2=0000000000000000 CR3=0000000007c01000 CR4=00000668
DR0=0000000000000000 DR1=0000000000000000 DR2=0000000000000000 DR3=0000000000000000 
DR6=00000000ffff0ff0 DR7=0000000000000400
CCS=0000000000000004 CCD=0000000000000000 CCO=EFLAGS
EFER=0000000000000d00
   640: v=20 e=0000 i=0 cpl=0 IP=0038:0000000007052c07 pc=0000000007052c07 SP=0030:0000000007efba60 env->regs[R_EAX]=00000000070a906f
RAX=00000000070a906f RBX=0000000000000017 RCX=00000000070a9058 RDX=0000000007efbbf8
RSI=0000000000000018 RDI=0000000000000001 RBP=0000000000000000 RSP=0000000007efba60
R8 =0000000000000018 R9 =0000000000000000 R10=0000000007f19a4d R11=0000000007059f00
R12=00000000070a9058 R13=0000000007efbbf8 R14=0000000000000001 R15=0000000007efbc10
RIP=0000000007052c07 RFL=00000206 [-----P-] CPL=0 II=0 A20=1 SMM=0 HLT=0
ES =0030 0000000000000000 ffffffff 00cf9300 DPL=0 DS   [-WA]
CS =0038 0000000000000000 ffffffff 00af9a00 DPL=0 CS64 [-R-]
SS =0030 0000000000000000 ffffffff 00cf9300 DPL=0 DS   [-WA]
DS =0030 0000000000000000 ffffffff 00cf9300 DPL=0 DS   [-WA]
FS =0030 0000000000000000 ffffffff 00cf9300 DPL=0 DS   [-WA]
GS =0030 0000000000000000 ffffffff 00cf9300 DPL=0 DS   [-WA]
LDT=0000 0000000000000000 0000ffff 00008200 DPL=0 LDT
TR =0000 0000000000000000 0000ffff 00008b00 DPL=0 TSS64-busy
GDT=     00000000079de000 00000047
IDT=     00000000074fa018 00000fff
CR0=80010033 CR2=0000000000000000 CR3=0000000007c01000 CR4=00000668
DR0=0000000000000000 DR1=0000000000000000 DR2=0000000000000000 DR3=0000000000000000 
DR6=00000000ffff0ff0 DR7=0000000000000400
CCS=0000000000000004 CCD=0000000000000000 CCO=EFLAGS
EFER=0000000000000d00
   641: v=20 e=0000 i=0 cpl=0 IP=0038:0000000007052c07 pc=0000000007052c07 SP=0030:0000000007efba60 env->regs[R_EAX]=00000000070a906f
RAX=00000000070a906f RBX=0000000000000017 RCX=00000000070a9058 RDX=0000000007efbbf8
RSI=0000000000000018 RDI=0000000000000001 RBP=0000000000000000 RSP=0000000007efba60
R8 =0000000000000018 R9 =0000000000000000 R10=0000000007f19a4d R11=0000000007059f00
R12=00000000070a9058 R13=0000000007efbbf8 R14=0000000000000001 R15=0000000007efbc10
RIP=0000000007052c07 RFL=00000206 [-----P-] CPL=0 II=0 A20=1 SMM=0 HLT=0
ES =0030 0000000000000000 ffffffff 00cf9300 DPL=0 DS   [-WA]
CS =0038 0000000000000000 ffffffff 00af9a00 DPL=0 CS64 [-R-]
SS =0030 0000000000000000 ffffffff 00cf9300 DPL=0 DS   [-WA]
DS =0030 0000000000000000 ffffffff 00cf9300 DPL=0 DS   [-WA]
FS =0030 0000000000000000 ffffffff 00cf9300 DPL=0 DS   [-WA]
GS =0030 0000000000000000 ffffffff 00cf9300 DPL=0 DS   [-WA]
LDT=0000 0000000000000000 0000ffff 00008200 DPL=0 LDT
TR =0000 0000000000000000 0000ffff 00008b00 DPL=0 TSS64-busy
GDT=     00000000079de000 00000047
IDT=     00000000074fa018 00000fff
CR0=80010033 CR2=0000000000000000 CR3=0000000007c01000 CR4=00000668
DR0=0000000000000000 DR1=0000000000000000 DR2=0000000000000000 DR3=0000000000000000 
DR6=00000000ffff0ff0 DR7=0000000000000400
CCS=0000000000000004 CCD=0000000000000000 CCO=EFLAGS
EFER=0000000000000d00
   642: v=20 e=0000 i=0 cpl=0 IP=0038:0000000007052c07 pc=0000000007052c07 SP=0030:0000000007efba60 env->regs[R_EAX]=00000000070a906f
RAX=00000000070a906f RBX=0000000000000017 RCX=00000000070a9058 RDX=0000000007efbbf8
RSI=0000000000000018 RDI=0000000000000001 RBP=0000000000000000 RSP=0000000007efba60
R8 =0000000000000018 R9 =0000000000000000 R10=0000000007f19a4d R11=0000000007059f00
R12=00000000070a9058 R13=0000000007efbbf8 R14=0000000000000001 R15=0000000007efbc10
RIP=0000000007052c07 RFL=00000206 [-----P-] CPL=0 II=0 A20=1 SMM=0 HLT=0
ES =0030 0000000000000000 ffffffff 00cf9300 DPL=0 DS   [-WA]
CS =0038 0000000000000000 ffffffff 00af9a00 DPL=0 CS64 [-R-]
SS =0030 0000000000000000 ffffffff 00cf9300 DPL=0 DS   [-WA]
DS =0030 0000000000000000 ffffffff 00cf9300 DPL=0 DS   [-WA]
FS =0030 0000000000000000 ffffffff 00cf9300 DPL=0 DS   [-WA]
GS =0030 0000000000000000 ffffffff 00cf9300 DPL=0 DS   [-WA]
LDT=0000 0000000000000000 0000ffff 00008200 DPL=0 LDT
TR =0000 0000000000000000 0000ffff 00008b00 DPL=0 TSS64-busy
GDT=     00000000079de000 00000047
IDT=     00000000074fa018 00000fff
CR0=80010033 CR2=0000000000000000 CR3=0000000007c01000 CR4=00000668
DR0=0000000000000000 DR1=0000000000000000 DR2=0000000000000000 DR3=0000000000000000 
DR6=00000000ffff0ff0 DR7=0000000000000400
CCS=0000000000000004 CCD=0000000000000000 CCO=EFLAGS
EFER=0000000000000d00
   643: v=20 e=0000 i=0 cpl=0 IP=0038:0000000007052c07 pc=0000000007052c07 SP=0030:0000000007efba60 env->regs[R_EAX]=00000000070a906f
RAX=00000000070a906f RBX=0000000000000017 RCX=00000000070a9058 RDX=0000000007efbbf8
RSI=0000000000000018 RDI=0000000000000001 RBP=0000000000000000 RSP=0000000007efba60
R8 =0000000000000018 R9 =0000000000000000 R10=0000000007f19a4d R11=0000000007059f00
R12=00000000070a9058 R13=0000000007efbbf8 R14=0000000000000001 R15=0000000007efbc10
RIP=0000000007052c07 RFL=00000206 [-----P-] CPL=0 II=0 A20=1 SMM=0 HLT=0
ES =0030 0000000000000000 ffffffff 00cf9300 DPL=0 DS   [-WA]
CS =0038 0000000000000000 ffffffff 00af9a00 DPL=0 CS64 [-R-]
SS =0030 0000000000000000 ffffffff 00cf9300 DPL=0 DS   [-WA]
DS =0030 0000000000000000 ffffffff 00cf9300 DPL=0 DS   [-WA]
FS =0030 0000000000000000 ffffffff 00cf9300 DPL=0 DS   [-WA]
GS =0030 0000000000000000 ffffffff 00cf9300 DPL=0 DS   [-WA]
LDT=0000 0000000000000000 0000ffff 00008200 DPL=0 LDT
TR =0000 0000000000000000 0000ffff 00008b00 DPL=0 TSS64-busy
GDT=     00000000079de000 00000047
IDT=     00000000074fa018 00000fff
CR0=80010033 CR2=0000000000000000 CR3=0000000007c01000 CR4=00000668
DR0=0000000000000000 DR1=0000000000000000 DR2=0000000000000000 DR3=0000000000000000 
DR6=00000000ffff0ff0 DR7=0000000000000400
CCS=0000000000000004 CCD=0000000000000000 CCO=EFLAGS
EFER=0000000000000d00
   644: v=20 e=0000 i=0 cpl=0 IP=0038:0000000007052c07 pc=0000000007052c07 SP=0030:0000000007efba60 env->regs[R_EAX]=00000000070a906f
RAX=00000000070a906f RBX=0000000000000017 RCX=00000000070a9058 RDX=0000000007efbbf8
RSI=0000000000000018 RDI=0000000000000001 RBP=0000000000000000 RSP=0000000007efba60
R8 =0000000000000018 R9 =0000000000000000 R10=0000000007f19a4d R11=0000000007059f00
R12=00000000070a9058 R13=0000000007efbbf8 R14=0000000000000001 R15=0000000007efbc10
RIP=0000000007052c07 RFL=00000206 [-----P-] CPL=0 II=0 A20=1 SMM=0 HLT=0
ES =0030 0000000000000000 ffffffff 00cf9300 DPL=0 DS   [-WA]
CS =0038 0000000000000000 ffffffff 00af9a00 DPL=0 CS64 [-R-]
SS =0030 0000000000000000 ffffffff 00cf9300 DPL=0 DS   [-WA]
DS =0030 0000000000000000 ffffffff 00cf9300 DPL=0 DS   [-WA]
FS =0030 0000000000000000 ffffffff 00cf9300 DPL=0 DS   [-WA]
GS =0030 0000000000000000 ffffffff 00cf9300 DPL=0 DS   [-WA]
LDT=0000 0000000000000000 0000ffff 00008200 DPL=0 LDT
TR =0000 0000000000000000 0000ffff 00008b00 DPL=0 TSS64-busy
GDT=     00000000079de000 00000047
IDT=     00000000074fa018 00000fff
CR0=80010033 CR2=0000000000000000 CR3=0000000007c01000 CR4=00000668
DR0=0000000000000000 DR1=0000000000000000 DR2=0000000000000000 DR3=0000000000000000 
DR6=00000000ffff0ff0 DR7=0000000000000400
CCS=0000000000000004 CCD=0000000000000000 CCO=EFLAGS
EFER=0000000000000d00
   645: v=20 e=0000 i=0 cpl=0 IP=0038:0000000007052c07 pc=0000000007052c07 SP=0030:0000000007efba60 env->regs[R_EAX]=00000000070a906f
RAX=00000000070a906f RBX=0000000000000017 RCX=00000000070a9058 RDX=0000000007efbbf8
RSI=0000000000000018 RDI=0000000000000001 RBP=0000000000000000 RSP=0000000007efba60
R8 =0000000000000018 R9 =0000000000000000 R10=0000000007f19a4d R11=0000000007059f00
R12=00000000070a9058 R13=0000000007efbbf8 R14=0000000000000001 R15=0000000007efbc10
RIP=0000000007052c07 RFL=00000206 [-----P-] CPL=0 II=0 A20=1 SMM=0 HLT=0
ES =0030 0000000000000000 ffffffff 00cf9300 DPL=0 DS   [-WA]
CS =0038 0000000000000000 ffffffff 00af9a00 DPL=0 CS64 [-R-]
SS =0030 0000000000000000 ffffffff 00cf9300 DPL=0 DS   [-WA]
DS =0030 0000000000000000 ffffffff 00cf9300 DPL=0 DS   [-WA]
FS =0030 0000000000000000 ffffffff 00cf9300 DPL=0 DS   [-WA]
GS =0030 0000000000000000 ffffffff 00cf9300 DPL=0 DS   [-WA]
LDT=0000 0000000000000000 0000ffff 00008200 DPL=0 LDT
TR =0000 0000000000000000 0000ffff 00008b00 DPL=0 TSS64-busy
GDT=     00000000079de000 00000047
IDT=     00000000074fa018 00000fff
CR0=80010033 CR2=0000000000000000 CR3=0000000007c01000 CR4=00000668
DR0=0000000000000000 DR1=0000000000000000 DR2=0000000000000000 DR3=0000000000000000 
DR6=00000000ffff0ff0 DR7=0000000000000400
CCS=0000000000000004 CCD=0000000000000000 CCO=EFLAGS
EFER=0000000000000d00
   646: v=20 e=0000 i=0 cpl=0 IP=0038:0000000007052c07 pc=0000000007052c07 SP=0030:0000000007efba60 env->regs[R_EAX]=00000000070a906f
RAX=00000000070a906f RBX=0000000000000017 RCX=00000000070a9058 RDX=0000000007efbbf8
RSI=0000000000000018 RDI=0000000000000001 RBP=0000000000000000 RSP=0000000007efba60
R8 =0000000000000018 R9 =0000000000000000 R10=0000000007f19a4d R11=0000000007059f00
R12=00000000070a9058 R13=0000000007efbbf8 R14=0000000000000001 R15=0000000007efbc10
RIP=0000000007052c07 RFL=00000206 [-----P-] CPL=0 II=0 A20=1 SMM=0 HLT=0
ES =0030 0000000000000000 ffffffff 00cf9300 DPL=0 DS   [-WA]
CS =0038 0000000000000000 ffffffff 00af9a00 DPL=0 CS64 [-R-]
SS =0030 0000000000000000 ffffffff 00cf9300 DPL=0 DS   [-WA]
DS =0030 0000000000000000 ffffffff 00cf9300 DPL=0 DS   [-WA]
FS =0030 0000000000000000 ffffffff 00cf9300 DPL=0 DS   [-WA]
GS =0030 0000000000000000 ffffffff 00cf9300 DPL=0 DS   [-WA]
LDT=0000 0000000000000000 0000ffff 00008200 DPL=0 LDT
TR =0000 0000000000000000 0000ffff 00008b00 DPL=0 TSS64-busy
GDT=     00000000079de000 00000047
IDT=     00000000074fa018 00000fff
CR0=80010033 CR2=0000000000000000 CR3=0000000007c01000 CR4=00000668
DR0=0000000000000000 DR1=0000000000000000 DR2=0000000000000000 DR3=0000000000000000 
DR6=00000000ffff0ff0 DR7=0000000000000400
CCS=0000000000000004 CCD=0000000000000000 CCO=EFLAGS
EFER=0000000000000d00
   647: v=20 e=0000 i=0 cpl=0 IP=0038:0000000007052c07 pc=0000000007052c07 SP=0030:0000000007efba60 env->regs[R_EAX]=00000000070a906f
RAX=00000000070a906f RBX=0000000000000017 RCX=00000000070a9058 RDX=0000000007efbbf8
RSI=0000000000000018 RDI=0000000000000001 RBP=0000000000000000 RSP=0000000007efba60
R8 =0000000000000018 R9 =0000000000000000 R10=0000000007f19a4d R11=0000000007059f00
R12=00000000070a9058 R13=0000000007efbbf8 R14=0000000000000001 R15=0000000007efbc10
RIP=0000000007052c07 RFL=00000206 [-----P-] CPL=0 II=0 A20=1 SMM=0 HLT=0
ES =0030 0000000000000000 ffffffff 00cf9300 DPL=0 DS   [-WA]
CS =0038 0000000000000000 ffffffff 00af9a00 DPL=0 CS64 [-R-]
SS =0030 0000000000000000 ffffffff 00cf9300 DPL=0 DS   [-WA]
DS =0030 0000000000000000 ffffffff 00cf9300 DPL=0 DS   [-WA]
FS =0030 0000000000000000 ffffffff 00cf9300 DPL=0 DS   [-WA]
GS =0030 0000000000000000 ffffffff 00cf9300 DPL=0 DS   [-WA]
LDT=0000 0000000000000000 0000ffff 00008200 DPL=0 LDT
TR =0000 0000000000000000 0000ffff 00008b00 DPL=0 TSS64-busy
GDT=     00000000079de000 00000047
IDT=     00000000074fa018 00000fff
CR0=80010033 CR2=0000000000000000 CR3=0000000007c01000 CR4=00000668
DR0=0000000000000000 DR1=0000000000000000 DR2=0000000000000000 DR3=0000000000000000 
DR6=00000000ffff0ff0 DR7=0000000000000400
CCS=0000000000000004 CCD=0000000000000000 CCO=EFLAGS
EFER=0000000000000d00
   648: v=20 e=0000 i=0 cpl=0 IP=0038:0000000007052c07 pc=0000000007052c07 SP=0030:0000000007efba60 env->regs[R_EAX]=00000000070a906f
RAX=00000000070a906f RBX=0000000000000017 RCX=00000000070a9058 RDX=0000000007efbbf8
RSI=0000000000000018 RDI=0000000000000001 RBP=0000000000000000 RSP=0000000007efba60
R8 =0000000000000018 R9 =0000000000000000 R10=0000000007f19a4d R11=0000000007059f00
R12=00000000070a9058 R13=0000000007efbbf8 R14=0000000000000001 R15=0000000007efbc10
RIP=0000000007052c07 RFL=00000206 [-----P-] CPL=0 II=0 A20=1 SMM=0 HLT=0
ES =0030 0000000000000000 ffffffff 00cf9300 DPL=0 DS   [-WA]
CS =0038 0000000000000000 ffffffff 00af9a00 DPL=0 CS64 [-R-]
SS =0030 0000000000000000 ffffffff 00cf9300 DPL=0 DS   [-WA]
DS =0030 0000000000000000 ffffffff 00cf9300 DPL=0 DS   [-WA]
FS =0030 0000000000000000 ffffffff 00cf9300 DPL=0 DS   [-WA]
GS =0030 0000000000000000 ffffffff 00cf9300 DPL=0 DS   [-WA]
LDT=0000 0000000000000000 0000ffff 00008200 DPL=0 LDT
TR =0000 0000000000000000 0000ffff 00008b00 DPL=0 TSS64-busy
GDT=     00000000079de000 00000047
IDT=     00000000074fa018 00000fff
CR0=80010033 CR2=0000000000000000 CR3=0000000007c01000 CR4=00000668
DR0=0000000000000000 DR1=0000000000000000 DR2=0000000000000000 DR3=0000000000000000 
DR6=00000000ffff0ff0 DR7=0000000000000400
CCS=0000000000000004 CCD=0000000000000000 CCO=EFLAGS
EFER=0000000000000d00
   649: v=20 e=0000 i=0 cpl=0 IP=0038:0000000007052c07 pc=0000000007052c07 SP=0030:0000000007efba60 env->regs[R_EAX]=00000000070a906f
RAX=00000000070a906f RBX=0000000000000017 RCX=00000000070a9058 RDX=0000000007efbbf8
RSI=0000000000000018 RDI=0000000000000001 RBP=0000000000000000 RSP=0000000007efba60
R8 =0000000000000018 R9 =0000000000000000 R10=0000000007f19a4d R11=0000000007059f00
R12=00000000070a9058 R13=0000000007efbbf8 R14=0000000000000001 R15=0000000007efbc10
RIP=0000000007052c07 RFL=00000206 [-----P-] CPL=0 II=0 A20=1 SMM=0 HLT=0
ES =0030 0000000000000000 ffffffff 00cf9300 DPL=0 DS   [-WA]
CS =0038 0000000000000000 ffffffff 00af9a00 DPL=0 CS64 [-R-]
SS =0030 0000000000000000 ffffffff 00cf9300 DPL=0 DS   [-WA]
DS =0030 0000000000000000 ffffffff 00cf9300 DPL=0 DS   [-WA]
FS =0030 0000000000000000 ffffffff 00cf9300 DPL=0 DS   [-WA]
GS =0030 0000000000000000 ffffffff 00cf9300 DPL=0 DS   [-WA]
LDT=0000 0000000000000000 0000ffff 00008200 DPL=0 LDT
TR =0000 0000000000000000 0000ffff 00008b00 DPL=0 TSS64-busy
GDT=     00000000079de000 00000047
IDT=     00000000074fa018 00000fff
CR0=80010033 CR2=0000000000000000 CR3=0000000007c01000 CR4=00000668
DR0=0000000000000000 DR1=0000000000000000 DR2=0000000000000000 DR3=0000000000000000 
DR6=00000000ffff0ff0 DR7=0000000000000400
CCS=0000000000000004 CCD=0000000000000000 CCO=EFLAGS
EFER=0000000000000d00
   650: v=20 e=0000 i=0 cpl=0 IP=0038:0000000007052c07 pc=0000000007052c07 SP=0030:0000000007efba60 env->regs[R_EAX]=00000000070a906f
RAX=00000000070a906f RBX=0000000000000017 RCX=00000000070a9058 RDX=0000000007efbbf8
RSI=0000000000000018 RDI=0000000000000001 RBP=0000000000000000 RSP=0000000007efba60
R8 =0000000000000018 R9 =0000000000000000 R10=0000000007f19a4d R11=0000000007059f00
R12=00000000070a9058 R13=0000000007efbbf8 R14=0000000000000001 R15=0000000007efbc10
RIP=0000000007052c07 RFL=00000206 [-----P-] CPL=0 II=0 A20=1 SMM=0 HLT=0
ES =0030 0000000000000000 ffffffff 00cf9300 DPL=0 DS   [-WA]
CS =0038 0000000000000000 ffffffff 00af9a00 DPL=0 CS64 [-R-]
SS =0030 0000000000000000 ffffffff 00cf9300 DPL=0 DS   [-WA]
DS =0030 0000000000000000 ffffffff 00cf9300 DPL=0 DS   [-WA]
FS =0030 0000000000000000 ffffffff 00cf9300 DPL=0 DS   [-WA]
GS =0030 0000000000000000 ffffffff 00cf9300 DPL=0 DS   [-WA]
LDT=0000 0000000000000000 0000ffff 00008200 DPL=0 LDT
TR =0000 0000000000000000 0000ffff 00008b00 DPL=0 TSS64-busy
GDT=     00000000079de000 00000047
IDT=     00000000074fa018 00000fff
CR0=80010033 CR2=0000000000000000 CR3=0000000007c01000 CR4=00000668
DR0=0000000000000000 DR1=0000000000000000 DR2=0000000000000000 DR3=0000000000000000 
DR6=00000000ffff0ff0 DR7=0000000000000400
CCS=0000000000000004 CCD=0000000000000000 CCO=EFLAGS
EFER=0000000000000d00
   651: v=20 e=0000 i=0 cpl=0 IP=0038:0000000007052c07 pc=0000000007052c07 SP=0030:0000000007efba60 env->regs[R_EAX]=00000000070a906f
RAX=00000000070a906f RBX=0000000000000017 RCX=00000000070a9058 RDX=0000000007efbbf8
RSI=0000000000000018 RDI=0000000000000001 RBP=0000000000000000 RSP=0000000007efba60
R8 =0000000000000018 R9 =0000000000000000 R10=0000000007f19a4d R11=0000000007059f00
R12=00000000070a9058 R13=0000000007efbbf8 R14=0000000000000001 R15=0000000007efbc10
RIP=0000000007052c07 RFL=00000206 [-----P-] CPL=0 II=0 A20=1 SMM=0 HLT=0
ES =0030 0000000000000000 ffffffff 00cf9300 DPL=0 DS   [-WA]
CS =0038 0000000000000000 ffffffff 00af9a00 DPL=0 CS64 [-R-]
SS =0030 0000000000000000 ffffffff 00cf9300 DPL=0 DS   [-WA]
DS =0030 0000000000000000 ffffffff 00cf9300 DPL=0 DS   [-WA]
FS =0030 0000000000000000 ffffffff 00cf9300 DPL=0 DS   [-WA]
GS =0030 0000000000000000 ffffffff 00cf9300 DPL=0 DS   [-WA]
LDT=0000 0000000000000000 0000ffff 00008200 DPL=0 LDT
TR =0000 0000000000000000 0000ffff 00008b00 DPL=0 TSS64-busy
GDT=     00000000079de000 00000047
IDT=     00000000074fa018 00000fff
CR0=80010033 CR2=0000000000000000 CR3=0000000007c01000 CR4=00000668
DR0=0000000000000000 DR1=0000000000000000 DR2=0000000000000000 DR3=0000000000000000 
DR6=00000000ffff0ff0 DR7=0000000000000400
CCS=0000000000000004 CCD=0000000000000000 CCO=EFLAGS
EFER=0000000000000d00
   652: v=20 e=0000 i=0 cpl=0 IP=0038:0000000007052c07 pc=0000000007052c07 SP=0030:0000000007efba60 env->regs[R_EAX]=00000000070a906f
RAX=00000000070a906f RBX=0000000000000017 RCX=00000000070a9058 RDX=0000000007efbbf8
RSI=0000000000000018 RDI=0000000000000001 RBP=0000000000000000 RSP=0000000007efba60
R8 =0000000000000018 R9 =0000000000000000 R10=0000000007f19a4d R11=0000000007059f00
R12=00000000070a9058 R13=0000000007efbbf8 R14=0000000000000001 R15=0000000007efbc10
RIP=0000000007052c07 RFL=00000206 [-----P-] CPL=0 II=0 A20=1 SMM=0 HLT=0
ES =0030 0000000000000000 ffffffff 00cf9300 DPL=0 DS   [-WA]
CS =0038 0000000000000000 ffffffff 00af9a00 DPL=0 CS64 [-R-]
SS =0030 0000000000000000 ffffffff 00cf9300 DPL=0 DS   [-WA]
DS =0030 0000000000000000 ffffffff 00cf9300 DPL=0 DS   [-WA]
FS =0030 0000000000000000 ffffffff 00cf9300 DPL=0 DS   [-WA]
GS =0030 0000000000000000 ffffffff 00cf9300 DPL=0 DS   [-WA]
LDT=0000 0000000000000000 0000ffff 00008200 DPL=0 LDT
TR =0000 0000000000000000 0000ffff 00008b00 DPL=0 TSS64-busy
GDT=     00000000079de000 00000047
IDT=     00000000074fa018 00000fff
CR0=80010033 CR2=0000000000000000 CR3=0000000007c01000 CR4=00000668
DR0=0000000000000000 DR1=0000000000000000 DR2=0000000000000000 DR3=0000000000000000 
DR6=00000000ffff0ff0 DR7=0000000000000400
CCS=0000000000000004 CCD=0000000000000000 CCO=EFLAGS
EFER=0000000000000d00
   653: v=20 e=0000 i=0 cpl=0 IP=0038:0000000007052c07 pc=0000000007052c07 SP=0030:0000000007efba60 env->regs[R_EAX]=00000000070a906f
RAX=00000000070a906f RBX=0000000000000017 RCX=00000000070a9058 RDX=0000000007efbbf8
RSI=0000000000000018 RDI=0000000000000001 RBP=0000000000000000 RSP=0000000007efba60
R8 =0000000000000018 R9 =0000000000000000 R10=0000000007f19a4d R11=0000000007059f00
R12=00000000070a9058 R13=0000000007efbbf8 R14=0000000000000001 R15=0000000007efbc10
RIP=0000000007052c07 RFL=00000206 [-----P-] CPL=0 II=0 A20=1 SMM=0 HLT=0
ES =0030 0000000000000000 ffffffff 00cf9300 DPL=0 DS   [-WA]
CS =0038 0000000000000000 ffffffff 00af9a00 DPL=0 CS64 [-R-]
SS =0030 0000000000000000 ffffffff 00cf9300 DPL=0 DS   [-WA]
DS =0030 0000000000000000 ffffffff 00cf9300 DPL=0 DS   [-WA]
FS =0030 0000000000000000 ffffffff 00cf9300 DPL=0 DS   [-WA]
GS =0030 0000000000000000 ffffffff 00cf9300 DPL=0 DS   [-WA]
LDT=0000 0000000000000000 0000ffff 00008200 DPL=0 LDT
TR =0000 0000000000000000 0000ffff 00008b00 DPL=0 TSS64-busy
GDT=     00000000079de000 00000047
IDT=     00000000074fa018 00000fff
CR0=80010033 CR2=0000000000000000 CR3=0000000007c01000 CR4=00000668
DR0=0000000000000000 DR1=0000000000000000 DR2=0000000000000000 DR3=0000000000000000 
DR6=00000000ffff0ff0 DR7=0000000000000400
CCS=0000000000000004 CCD=0000000000000000 CCO=EFLAGS
EFER=0000000000000d00
   654: v=20 e=0000 i=0 cpl=0 IP=0038:0000000007052c07 pc=0000000007052c07 SP=0030:0000000007efba60 env->regs[R_EAX]=00000000070a906f
RAX=00000000070a906f RBX=0000000000000017 RCX=00000000070a9058 RDX=0000000007efbbf8
RSI=0000000000000018 RDI=0000000000000001 RBP=0000000000000000 RSP=0000000007efba60
R8 =0000000000000018 R9 =0000000000000000 R10=0000000007f19a4d R11=0000000007059f00
R12=00000000070a9058 R13=0000000007efbbf8 R14=0000000000000001 R15=0000000007efbc10
RIP=0000000007052c07 RFL=00000206 [-----P-] CPL=0 II=0 A20=1 SMM=0 HLT=0
ES =0030 0000000000000000 ffffffff 00cf9300 DPL=0 DS   [-WA]
CS =0038 0000000000000000 ffffffff 00af9a00 DPL=0 CS64 [-R-]
SS =0030 0000000000000000 ffffffff 00cf9300 DPL=0 DS   [-WA]
DS =0030 0000000000000000 ffffffff 00cf9300 DPL=0 DS   [-WA]
FS =0030 0000000000000000 ffffffff 00cf9300 DPL=0 DS   [-WA]
GS =0030 0000000000000000 ffffffff 00cf9300 DPL=0 DS   [-WA]
LDT=0000 0000000000000000 0000ffff 00008200 DPL=0 LDT
TR =0000 0000000000000000 0000ffff 00008b00 DPL=0 TSS64-busy
GDT=     00000000079de000 00000047
IDT=     00000000074fa018 00000fff
CR0=80010033 CR2=0000000000000000 CR3=0000000007c01000 CR4=00000668
DR0=0000000000000000 DR1=0000000000000000 DR2=0000000000000000 DR3=0000000000000000 
DR6=00000000ffff0ff0 DR7=0000000000000400
CCS=0000000000000004 CCD=0000000000000000 CCO=EFLAGS
EFER=0000000000000d00
   655: v=20 e=0000 i=0 cpl=0 IP=0038:0000000007052c07 pc=0000000007052c07 SP=0030:0000000007efba60 env->regs[R_EAX]=00000000070a906f
RAX=00000000070a906f RBX=0000000000000017 RCX=00000000070a9058 RDX=0000000007efbbf8
RSI=0000000000000018 RDI=0000000000000001 RBP=0000000000000000 RSP=0000000007efba60
R8 =0000000000000018 R9 =0000000000000000 R10=0000000007f19a4d R11=0000000007059f00
R12=00000000070a9058 R13=0000000007efbbf8 R14=0000000000000001 R15=0000000007efbc10
RIP=0000000007052c07 RFL=00000206 [-----P-] CPL=0 II=0 A20=1 SMM=0 HLT=0
ES =0030 0000000000000000 ffffffff 00cf9300 DPL=0 DS   [-WA]
CS =0038 0000000000000000 ffffffff 00af9a00 DPL=0 CS64 [-R-]
SS =0030 0000000000000000 ffffffff 00cf9300 DPL=0 DS   [-WA]
DS =0030 0000000000000000 ffffffff 00cf9300 DPL=0 DS   [-WA]
FS =0030 0000000000000000 ffffffff 00cf9300 DPL=0 DS   [-WA]
GS =0030 0000000000000000 ffffffff 00cf9300 DPL=0 DS   [-WA]
LDT=0000 0000000000000000 0000ffff 00008200 DPL=0 LDT
TR =0000 0000000000000000 0000ffff 00008b00 DPL=0 TSS64-busy
GDT=     00000000079de000 00000047
IDT=     00000000074fa018 00000fff
CR0=80010033 CR2=0000000000000000 CR3=0000000007c01000 CR4=00000668
DR0=0000000000000000 DR1=0000000000000000 DR2=0000000000000000 DR3=0000000000000000 
DR6=00000000ffff0ff0 DR7=0000000000000400
CCS=0000000000000004 CCD=0000000000000000 CCO=EFLAGS
EFER=0000000000000d00
   656: v=20 e=0000 i=0 cpl=0 IP=0038:0000000007052c07 pc=0000000007052c07 SP=0030:0000000007efba60 env->regs[R_EAX]=00000000070a906f
RAX=00000000070a906f RBX=0000000000000017 RCX=00000000070a9058 RDX=0000000007efbbf8
RSI=0000000000000018 RDI=0000000000000001 RBP=0000000000000000 RSP=0000000007efba60
R8 =0000000000000018 R9 =0000000000000000 R10=0000000007f19a4d R11=0000000007059f00
R12=00000000070a9058 R13=0000000007efbbf8 R14=0000000000000001 R15=0000000007efbc10
RIP=0000000007052c07 RFL=00000206 [-----P-] CPL=0 II=0 A20=1 SMM=0 HLT=0
ES =0030 0000000000000000 ffffffff 00cf9300 DPL=0 DS   [-WA]
CS =0038 0000000000000000 ffffffff 00af9a00 DPL=0 CS64 [-R-]
SS =0030 0000000000000000 ffffffff 00cf9300 DPL=0 DS   [-WA]
DS =0030 0000000000000000 ffffffff 00cf9300 DPL=0 DS   [-WA]
FS =0030 0000000000000000 ffffffff 00cf9300 DPL=0 DS   [-WA]
GS =0030 0000000000000000 ffffffff 00cf9300 DPL=0 DS   [-WA]
LDT=0000 0000000000000000 0000ffff 00008200 DPL=0 LDT
TR =0000 0000000000000000 0000ffff 00008b00 DPL=0 TSS64-busy
GDT=     00000000079de000 00000047
IDT=     00000000074fa018 00000fff
CR0=80010033 CR2=0000000000000000 CR3=0000000007c01000 CR4=00000668
DR0=0000000000000000 DR1=0000000000000000 DR2=0000000000000000 DR3=0000000000000000 
DR6=00000000ffff0ff0 DR7=0000000000000400
CCS=0000000000000004 CCD=0000000000000000 CCO=EFLAGS
EFER=0000000000000d00
   657: v=20 e=0000 i=0 cpl=0 IP=0038:0000000007052c07 pc=0000000007052c07 SP=0030:0000000007efba60 env->regs[R_EAX]=00000000070a906f
RAX=00000000070a906f RBX=0000000000000017 RCX=00000000070a9058 RDX=0000000007efbbf8
RSI=0000000000000018 RDI=0000000000000001 RBP=0000000000000000 RSP=0000000007efba60
R8 =0000000000000018 R9 =0000000000000000 R10=0000000007f19a4d R11=0000000007059f00
R12=00000000070a9058 R13=0000000007efbbf8 R14=0000000000000001 R15=0000000007efbc10
RIP=0000000007052c07 RFL=00000206 [-----P-] CPL=0 II=0 A20=1 SMM=0 HLT=0
ES =0030 0000000000000000 ffffffff 00cf9300 DPL=0 DS   [-WA]
CS =0038 0000000000000000 ffffffff 00af9a00 DPL=0 CS64 [-R-]
SS =0030 0000000000000000 ffffffff 00cf9300 DPL=0 DS   [-WA]
DS =0030 0000000000000000 ffffffff 00cf9300 DPL=0 DS   [-WA]
FS =0030 0000000000000000 ffffffff 00cf9300 DPL=0 DS   [-WA]
GS =0030 0000000000000000 ffffffff 00cf9300 DPL=0 DS   [-WA]
LDT=0000 0000000000000000 0000ffff 00008200 DPL=0 LDT
TR =0000 0000000000000000 0000ffff 00008b00 DPL=0 TSS64-busy
GDT=     00000000079de000 00000047
IDT=     00000000074fa018 00000fff
CR0=80010033 CR2=0000000000000000 CR3=0000000007c01000 CR4=00000668
DR0=0000000000000000 DR1=0000000000000000 DR2=0000000000000000 DR3=0000000000000000 
DR6=00000000ffff0ff0 DR7=0000000000000400
CCS=0000000000000004 CCD=0000000000000000 CCO=EFLAGS
EFER=0000000000000d00
   658: v=20 e=0000 i=0 cpl=0 IP=0038:0000000007052c07 pc=0000000007052c07 SP=0030:0000000007efba60 env->regs[R_EAX]=00000000070a906f
RAX=00000000070a906f RBX=0000000000000017 RCX=00000000070a9058 RDX=0000000007efbbf8
RSI=0000000000000018 RDI=0000000000000001 RBP=0000000000000000 RSP=0000000007efba60
R8 =0000000000000018 R9 =0000000000000000 R10=0000000007f19a4d R11=0000000007059f00
R12=00000000070a9058 R13=0000000007efbbf8 R14=0000000000000001 R15=0000000007efbc10
RIP=0000000007052c07 RFL=00000206 [-----P-] CPL=0 II=0 A20=1 SMM=0 HLT=0
ES =0030 0000000000000000 ffffffff 00cf9300 DPL=0 DS   [-WA]
CS =0038 0000000000000000 ffffffff 00af9a00 DPL=0 CS64 [-R-]
SS =0030 0000000000000000 ffffffff 00cf9300 DPL=0 DS   [-WA]
DS =0030 0000000000000000 ffffffff 00cf9300 DPL=0 DS   [-WA]
FS =0030 0000000000000000 ffffffff 00cf9300 DPL=0 DS   [-WA]
GS =0030 0000000000000000 ffffffff 00cf9300 DPL=0 DS   [-WA]
LDT=0000 0000000000000000 0000ffff 00008200 DPL=0 LDT
TR =0000 0000000000000000 0000ffff 00008b00 DPL=0 TSS64-busy
GDT=     00000000079de000 00000047
IDT=     00000000074fa018 00000fff
CR0=80010033 CR2=0000000000000000 CR3=0000000007c01000 CR4=00000668
DR0=0000000000000000 DR1=0000000000000000 DR2=0000000000000000 DR3=0000000000000000 
DR6=00000000ffff0ff0 DR7=0000000000000400
CCS=0000000000000004 CCD=0000000000000000 CCO=EFLAGS
EFER=0000000000000d00
   659: v=20 e=0000 i=0 cpl=0 IP=0038:0000000007052c07 pc=0000000007052c07 SP=0030:0000000007efba60 env->regs[R_EAX]=00000000070a906f
RAX=00000000070a906f RBX=0000000000000017 RCX=00000000070a9058 RDX=0000000007efbbf8
RSI=0000000000000018 RDI=0000000000000001 RBP=0000000000000000 RSP=0000000007efba60
R8 =0000000000000018 R9 =0000000000000000 R10=0000000007f19a4d R11=0000000007059f00
R12=00000000070a9058 R13=0000000007efbbf8 R14=0000000000000001 R15=0000000007efbc10
RIP=0000000007052c07 RFL=00000206 [-----P-] CPL=0 II=0 A20=1 SMM=0 HLT=0
ES =0030 0000000000000000 ffffffff 00cf9300 DPL=0 DS   [-WA]
CS =0038 0000000000000000 ffffffff 00af9a00 DPL=0 CS64 [-R-]
SS =0030 0000000000000000 ffffffff 00cf9300 DPL=0 DS   [-WA]
DS =0030 0000000000000000 ffffffff 00cf9300 DPL=0 DS   [-WA]
FS =0030 0000000000000000 ffffffff 00cf9300 DPL=0 DS   [-WA]
GS =0030 0000000000000000 ffffffff 00cf9300 DPL=0 DS   [-WA]
LDT=0000 0000000000000000 0000ffff 00008200 DPL=0 LDT
TR =0000 0000000000000000 0000ffff 00008b00 DPL=0 TSS64-busy
GDT=     00000000079de000 00000047
IDT=     00000000074fa018 00000fff
CR0=80010033 CR2=0000000000000000 CR3=0000000007c01000 CR4=00000668
DR0=0000000000000000 DR1=0000000000000000 DR2=0000000000000000 DR3=0000000000000000 
DR6=00000000ffff0ff0 DR7=0000000000000400
CCS=0000000000000004 CCD=0000000000000000 CCO=EFLAGS
EFER=0000000000000d00
   660: v=20 e=0000 i=0 cpl=0 IP=0038:0000000007052c07 pc=0000000007052c07 SP=0030:0000000007efba60 env->regs[R_EAX]=00000000070a906f
RAX=00000000070a906f RBX=0000000000000017 RCX=00000000070a9058 RDX=0000000007efbbf8
RSI=0000000000000018 RDI=0000000000000001 RBP=0000000000000000 RSP=0000000007efba60
R8 =0000000000000018 R9 =0000000000000000 R10=0000000007f19a4d R11=0000000007059f00
R12=00000000070a9058 R13=0000000007efbbf8 R14=0000000000000001 R15=0000000007efbc10
RIP=0000000007052c07 RFL=00000206 [-----P-] CPL=0 II=0 A20=1 SMM=0 HLT=0
ES =0030 0000000000000000 ffffffff 00cf9300 DPL=0 DS   [-WA]
CS =0038 0000000000000000 ffffffff 00af9a00 DPL=0 CS64 [-R-]
SS =0030 0000000000000000 ffffffff 00cf9300 DPL=0 DS   [-WA]
DS =0030 0000000000000000 ffffffff 00cf9300 DPL=0 DS   [-WA]
FS =0030 0000000000000000 ffffffff 00cf9300 DPL=0 DS   [-WA]
GS =0030 0000000000000000 ffffffff 00cf9300 DPL=0 DS   [-WA]
LDT=0000 0000000000000000 0000ffff 00008200 DPL=0 LDT
TR =0000 0000000000000000 0000ffff 00008b00 DPL=0 TSS64-busy
GDT=     00000000079de000 00000047
IDT=     00000000074fa018 00000fff
CR0=80010033 CR2=0000000000000000 CR3=0000000007c01000 CR4=00000668
DR0=0000000000000000 DR1=0000000000000000 DR2=0000000000000000 DR3=0000000000000000 
DR6=00000000ffff0ff0 DR7=0000000000000400
CCS=0000000000000004 CCD=0000000000000000 CCO=EFLAGS
EFER=0000000000000d00
   661: v=20 e=0000 i=0 cpl=0 IP=0038:0000000007052c07 pc=0000000007052c07 SP=0030:0000000007efba60 env->regs[R_EAX]=00000000070a906f
RAX=00000000070a906f RBX=0000000000000017 RCX=00000000070a9058 RDX=0000000007efbbf8
RSI=0000000000000018 RDI=0000000000000001 RBP=0000000000000000 RSP=0000000007efba60
R8 =0000000000000018 R9 =0000000000000000 R10=0000000007f19a4d R11=0000000007059f00
R12=00000000070a9058 R13=0000000007efbbf8 R14=0000000000000001 R15=0000000007efbc10
RIP=0000000007052c07 RFL=00000206 [-----P-] CPL=0 II=0 A20=1 SMM=0 HLT=0
ES =0030 0000000000000000 ffffffff 00cf9300 DPL=0 DS   [-WA]
CS =0038 0000000000000000 ffffffff 00af9a00 DPL=0 CS64 [-R-]
SS =0030 0000000000000000 ffffffff 00cf9300 DPL=0 DS   [-WA]
DS =0030 0000000000000000 ffffffff 00cf9300 DPL=0 DS   [-WA]
FS =0030 0000000000000000 ffffffff 00cf9300 DPL=0 DS   [-WA]
GS =0030 0000000000000000 ffffffff 00cf9300 DPL=0 DS   [-WA]
LDT=0000 0000000000000000 0000ffff 00008200 DPL=0 LDT
TR =0000 0000000000000000 0000ffff 00008b00 DPL=0 TSS64-busy
GDT=     00000000079de000 00000047
IDT=     00000000074fa018 00000fff
CR0=80010033 CR2=0000000000000000 CR3=0000000007c01000 CR4=00000668
DR0=0000000000000000 DR1=0000000000000000 DR2=0000000000000000 DR3=0000000000000000 
DR6=00000000ffff0ff0 DR7=0000000000000400
CCS=0000000000000004 CCD=0000000000000000 CCO=EFLAGS
EFER=0000000000000d00
   662: v=20 e=0000 i=0 cpl=0 IP=0038:0000000007052c07 pc=0000000007052c07 SP=0030:0000000007efba60 env->regs[R_EAX]=00000000070a906f
RAX=00000000070a906f RBX=0000000000000017 RCX=00000000070a9058 RDX=0000000007efbbf8
RSI=0000000000000018 RDI=0000000000000001 RBP=0000000000000000 RSP=0000000007efba60
R8 =0000000000000018 R9 =0000000000000000 R10=0000000007f19a4d R11=0000000007059f00
R12=00000000070a9058 R13=0000000007efbbf8 R14=0000000000000001 R15=0000000007efbc10
RIP=0000000007052c07 RFL=00000206 [-----P-] CPL=0 II=0 A20=1 SMM=0 HLT=0
ES =0030 0000000000000000 ffffffff 00cf9300 DPL=0 DS   [-WA]
CS =0038 0000000000000000 ffffffff 00af9a00 DPL=0 CS64 [-R-]
SS =0030 0000000000000000 ffffffff 00cf9300 DPL=0 DS   [-WA]
DS =0030 0000000000000000 ffffffff 00cf9300 DPL=0 DS   [-WA]
FS =0030 0000000000000000 ffffffff 00cf9300 DPL=0 DS   [-WA]
GS =0030 0000000000000000 ffffffff 00cf9300 DPL=0 DS   [-WA]
LDT=0000 0000000000000000 0000ffff 00008200 DPL=0 LDT
TR =0000 0000000000000000 0000ffff 00008b00 DPL=0 TSS64-busy
GDT=     00000000079de000 00000047
IDT=     00000000074fa018 00000fff
CR0=80010033 CR2=0000000000000000 CR3=0000000007c01000 CR4=00000668
DR0=0000000000000000 DR1=0000000000000000 DR2=0000000000000000 DR3=0000000000000000 
DR6=00000000ffff0ff0 DR7=0000000000000400
CCS=0000000000000004 CCD=0000000000000000 CCO=EFLAGS
EFER=0000000000000d00
   663: v=20 e=0000 i=0 cpl=0 IP=0038:0000000007052c07 pc=0000000007052c07 SP=0030:0000000007efba60 env->regs[R_EAX]=00000000070a906f
RAX=00000000070a906f RBX=0000000000000017 RCX=00000000070a9058 RDX=0000000007efbbf8
RSI=0000000000000018 RDI=0000000000000001 RBP=0000000000000000 RSP=0000000007efba60
R8 =0000000000000018 R9 =0000000000000000 R10=0000000007f19a4d R11=0000000007059f00
R12=00000000070a9058 R13=0000000007efbbf8 R14=0000000000000001 R15=0000000007efbc10
RIP=0000000007052c07 RFL=00000206 [-----P-] CPL=0 II=0 A20=1 SMM=0 HLT=0
ES =0030 0000000000000000 ffffffff 00cf9300 DPL=0 DS   [-WA]
CS =0038 0000000000000000 ffffffff 00af9a00 DPL=0 CS64 [-R-]
SS =0030 0000000000000000 ffffffff 00cf9300 DPL=0 DS   [-WA]
DS =0030 0000000000000000 ffffffff 00cf9300 DPL=0 DS   [-WA]
FS =0030 0000000000000000 ffffffff 00cf9300 DPL=0 DS   [-WA]
GS =0030 0000000000000000 ffffffff 00cf9300 DPL=0 DS   [-WA]
LDT=0000 0000000000000000 0000ffff 00008200 DPL=0 LDT
TR =0000 0000000000000000 0000ffff 00008b00 DPL=0 TSS64-busy
GDT=     00000000079de000 00000047
IDT=     00000000074fa018 00000fff
CR0=80010033 CR2=0000000000000000 CR3=0000000007c01000 CR4=00000668
DR0=0000000000000000 DR1=0000000000000000 DR2=0000000000000000 DR3=0000000000000000 
DR6=00000000ffff0ff0 DR7=0000000000000400
CCS=0000000000000004 CCD=0000000000000000 CCO=EFLAGS
EFER=0000000000000d00
   664: v=20 e=0000 i=0 cpl=0 IP=0038:0000000007052c07 pc=0000000007052c07 SP=0030:0000000007efba60 env->regs[R_EAX]=00000000070a906f
RAX=00000000070a906f RBX=0000000000000017 RCX=00000000070a9058 RDX=0000000007efbbf8
RSI=0000000000000018 RDI=0000000000000001 RBP=0000000000000000 RSP=0000000007efba60
R8 =0000000000000018 R9 =0000000000000000 R10=0000000007f19a4d R11=0000000007059f00
R12=00000000070a9058 R13=0000000007efbbf8 R14=0000000000000001 R15=0000000007efbc10
RIP=0000000007052c07 RFL=00000206 [-----P-] CPL=0 II=0 A20=1 SMM=0 HLT=0
ES =0030 0000000000000000 ffffffff 00cf9300 DPL=0 DS   [-WA]
CS =0038 0000000000000000 ffffffff 00af9a00 DPL=0 CS64 [-R-]
SS =0030 0000000000000000 ffffffff 00cf9300 DPL=0 DS   [-WA]
DS =0030 0000000000000000 ffffffff 00cf9300 DPL=0 DS   [-WA]
FS =0030 0000000000000000 ffffffff 00cf9300 DPL=0 DS   [-WA]
GS =0030 0000000000000000 ffffffff 00cf9300 DPL=0 DS   [-WA]
LDT=0000 0000000000000000 0000ffff 00008200 DPL=0 LDT
TR =0000 0000000000000000 0000ffff 00008b00 DPL=0 TSS64-busy
GDT=     00000000079de000 00000047
IDT=     00000000074fa018 00000fff
CR0=80010033 CR2=0000000000000000 CR3=0000000007c01000 CR4=00000668
DR0=0000000000000000 DR1=0000000000000000 DR2=0000000000000000 DR3=0000000000000000 
DR6=00000000ffff0ff0 DR7=0000000000000400
CCS=0000000000000004 CCD=0000000000000000 CCO=EFLAGS
EFER=0000000000000d00
   665: v=20 e=0000 i=0 cpl=0 IP=0038:0000000007052c07 pc=0000000007052c07 SP=0030:0000000007efba60 env->regs[R_EAX]=00000000070a906f
RAX=00000000070a906f RBX=0000000000000017 RCX=00000000070a9058 RDX=0000000007efbbf8
RSI=0000000000000018 RDI=0000000000000001 RBP=0000000000000000 RSP=0000000007efba60
R8 =0000000000000018 R9 =0000000000000000 R10=0000000007f19a4d R11=0000000007059f00
R12=00000000070a9058 R13=0000000007efbbf8 R14=0000000000000001 R15=0000000007efbc10
RIP=0000000007052c07 RFL=00000206 [-----P-] CPL=0 II=0 A20=1 SMM=0 HLT=0
ES =0030 0000000000000000 ffffffff 00cf9300 DPL=0 DS   [-WA]
CS =0038 0000000000000000 ffffffff 00af9a00 DPL=0 CS64 [-R-]
SS =0030 0000000000000000 ffffffff 00cf9300 DPL=0 DS   [-WA]
DS =0030 0000000000000000 ffffffff 00cf9300 DPL=0 DS   [-WA]
FS =0030 0000000000000000 ffffffff 00cf9300 DPL=0 DS   [-WA]
GS =0030 0000000000000000 ffffffff 00cf9300 DPL=0 DS   [-WA]
LDT=0000 0000000000000000 0000ffff 00008200 DPL=0 LDT
TR =0000 0000000000000000 0000ffff 00008b00 DPL=0 TSS64-busy
GDT=     00000000079de000 00000047
IDT=     00000000074fa018 00000fff
CR0=80010033 CR2=0000000000000000 CR3=0000000007c01000 CR4=00000668
DR0=0000000000000000 DR1=0000000000000000 DR2=0000000000000000 DR3=0000000000000000 
DR6=00000000ffff0ff0 DR7=0000000000000400
CCS=0000000000000004 CCD=0000000000000000 CCO=EFLAGS
EFER=0000000000000d00
   666: v=20 e=0000 i=0 cpl=0 IP=0038:0000000007052c07 pc=0000000007052c07 SP=0030:0000000007efba60 env->regs[R_EAX]=00000000070a906f
RAX=00000000070a906f RBX=0000000000000017 RCX=00000000070a9058 RDX=0000000007efbbf8
RSI=0000000000000018 RDI=0000000000000001 RBP=0000000000000000 RSP=0000000007efba60
R8 =0000000000000018 R9 =0000000000000000 R10=0000000007f19a4d R11=0000000007059f00
R12=00000000070a9058 R13=0000000007efbbf8 R14=0000000000000001 R15=0000000007efbc10
RIP=0000000007052c07 RFL=00000206 [-----P-] CPL=0 II=0 A20=1 SMM=0 HLT=0
ES =0030 0000000000000000 ffffffff 00cf9300 DPL=0 DS   [-WA]
CS =0038 0000000000000000 ffffffff 00af9a00 DPL=0 CS64 [-R-]
SS =0030 0000000000000000 ffffffff 00cf9300 DPL=0 DS   [-WA]
DS =0030 0000000000000000 ffffffff 00cf9300 DPL=0 DS   [-WA]
FS =0030 0000000000000000 ffffffff 00cf9300 DPL=0 DS   [-WA]
GS =0030 0000000000000000 ffffffff 00cf9300 DPL=0 DS   [-WA]
LDT=0000 0000000000000000 0000ffff 00008200 DPL=0 LDT
TR =0000 0000000000000000 0000ffff 00008b00 DPL=0 TSS64-busy
GDT=     00000000079de000 00000047
IDT=     00000000074fa018 00000fff
CR0=80010033 CR2=0000000000000000 CR3=0000000007c01000 CR4=00000668
DR0=0000000000000000 DR1=0000000000000000 DR2=0000000000000000 DR3=0000000000000000 
DR6=00000000ffff0ff0 DR7=0000000000000400
CCS=0000000000000004 CCD=0000000000000000 CCO=EFLAGS
EFER=0000000000000d00
   667: v=20 e=0000 i=0 cpl=0 IP=0038:0000000007052c07 pc=0000000007052c07 SP=0030:0000000007efba60 env->regs[R_EAX]=00000000070a906f
RAX=00000000070a906f RBX=0000000000000017 RCX=00000000070a9058 RDX=0000000007efbbf8
RSI=0000000000000018 RDI=0000000000000001 RBP=0000000000000000 RSP=0000000007efba60
R8 =0000000000000018 R9 =0000000000000000 R10=0000000007f19a4d R11=0000000007059f00
R12=00000000070a9058 R13=0000000007efbbf8 R14=0000000000000001 R15=0000000007efbc10
RIP=0000000007052c07 RFL=00000206 [-----P-] CPL=0 II=0 A20=1 SMM=0 HLT=0
ES =0030 0000000000000000 ffffffff 00cf9300 DPL=0 DS   [-WA]
CS =0038 0000000000000000 ffffffff 00af9a00 DPL=0 CS64 [-R-]
SS =0030 0000000000000000 ffffffff 00cf9300 DPL=0 DS   [-WA]
DS =0030 0000000000000000 ffffffff 00cf9300 DPL=0 DS   [-WA]
FS =0030 0000000000000000 ffffffff 00cf9300 DPL=0 DS   [-WA]
GS =0030 0000000000000000 ffffffff 00cf9300 DPL=0 DS   [-WA]
LDT=0000 0000000000000000 0000ffff 00008200 DPL=0 LDT
TR =0000 0000000000000000 0000ffff 00008b00 DPL=0 TSS64-busy
GDT=     00000000079de000 00000047
IDT=     00000000074fa018 00000fff
CR0=80010033 CR2=0000000000000000 CR3=0000000007c01000 CR4=00000668
DR0=0000000000000000 DR1=0000000000000000 DR2=0000000000000000 DR3=0000000000000000 
DR6=00000000ffff0ff0 DR7=0000000000000400
CCS=0000000000000004 CCD=0000000000000000 CCO=EFLAGS
EFER=0000000000000d00
   668: v=20 e=0000 i=0 cpl=0 IP=0038:0000000007052c07 pc=0000000007052c07 SP=0030:0000000007efba60 env->regs[R_EAX]=00000000070a906f
RAX=00000000070a906f RBX=0000000000000017 RCX=00000000070a9058 RDX=0000000007efbbf8
RSI=0000000000000018 RDI=0000000000000001 RBP=0000000000000000 RSP=0000000007efba60
R8 =0000000000000018 R9 =0000000000000000 R10=0000000007f19a4d R11=0000000007059f00
R12=00000000070a9058 R13=0000000007efbbf8 R14=0000000000000001 R15=0000000007efbc10
RIP=0000000007052c07 RFL=00000206 [-----P-] CPL=0 II=0 A20=1 SMM=0 HLT=0
ES =0030 0000000000000000 ffffffff 00cf9300 DPL=0 DS   [-WA]
CS =0038 0000000000000000 ffffffff 00af9a00 DPL=0 CS64 [-R-]
SS =0030 0000000000000000 ffffffff 00cf9300 DPL=0 DS   [-WA]
DS =0030 0000000000000000 ffffffff 00cf9300 DPL=0 DS   [-WA]
FS =0030 0000000000000000 ffffffff 00cf9300 DPL=0 DS   [-WA]
GS =0030 0000000000000000 ffffffff 00cf9300 DPL=0 DS   [-WA]
LDT=0000 0000000000000000 0000ffff 00008200 DPL=0 LDT
TR =0000 0000000000000000 0000ffff 00008b00 DPL=0 TSS64-busy
GDT=     00000000079de000 00000047
IDT=     00000000074fa018 00000fff
CR0=80010033 CR2=0000000000000000 CR3=0000000007c01000 CR4=00000668
DR0=0000000000000000 DR1=0000000000000000 DR2=0000000000000000 DR3=0000000000000000 
DR6=00000000ffff0ff0 DR7=0000000000000400
CCS=0000000000000004 CCD=0000000000000000 CCO=EFLAGS
EFER=0000000000000d00
   669: v=20 e=0000 i=0 cpl=0 IP=0038:0000000007052c07 pc=0000000007052c07 SP=0030:0000000007efba60 env->regs[R_EAX]=00000000070a906f
RAX=00000000070a906f RBX=0000000000000017 RCX=00000000070a9058 RDX=0000000007efbbf8
RSI=0000000000000018 RDI=0000000000000001 RBP=0000000000000000 RSP=0000000007efba60
R8 =0000000000000018 R9 =0000000000000000 R10=0000000007f19a4d R11=0000000007059f00
R12=00000000070a9058 R13=0000000007efbbf8 R14=0000000000000001 R15=0000000007efbc10
RIP=0000000007052c07 RFL=00000206 [-----P-] CPL=0 II=0 A20=1 SMM=0 HLT=0
ES =0030 0000000000000000 ffffffff 00cf9300 DPL=0 DS   [-WA]
CS =0038 0000000000000000 ffffffff 00af9a00 DPL=0 CS64 [-R-]
SS =0030 0000000000000000 ffffffff 00cf9300 DPL=0 DS   [-WA]
DS =0030 0000000000000000 ffffffff 00cf9300 DPL=0 DS   [-WA]
FS =0030 0000000000000000 ffffffff 00cf9300 DPL=0 DS   [-WA]
GS =0030 0000000000000000 ffffffff 00cf9300 DPL=0 DS   [-WA]
LDT=0000 0000000000000000 0000ffff 00008200 DPL=0 LDT
TR =0000 0000000000000000 0000ffff 00008b00 DPL=0 TSS64-busy
GDT=     00000000079de000 00000047
IDT=     00000000074fa018 00000fff
CR0=80010033 CR2=0000000000000000 CR3=0000000007c01000 CR4=00000668
DR0=0000000000000000 DR1=0000000000000000 DR2=0000000000000000 DR3=0000000000000000 
DR6=00000000ffff0ff0 DR7=0000000000000400
CCS=0000000000000004 CCD=0000000000000000 CCO=EFLAGS
EFER=0000000000000d00
   670: v=20 e=0000 i=0 cpl=0 IP=0038:0000000007052c07 pc=0000000007052c07 SP=0030:0000000007efba60 env->regs[R_EAX]=00000000070a906f
RAX=00000000070a906f RBX=0000000000000017 RCX=00000000070a9058 RDX=0000000007efbbf8
RSI=0000000000000018 RDI=0000000000000001 RBP=0000000000000000 RSP=0000000007efba60
R8 =0000000000000018 R9 =0000000000000000 R10=0000000007f19a4d R11=0000000007059f00
R12=00000000070a9058 R13=0000000007efbbf8 R14=0000000000000001 R15=0000000007efbc10
RIP=0000000007052c07 RFL=00000206 [-----P-] CPL=0 II=0 A20=1 SMM=0 HLT=0
ES =0030 0000000000000000 ffffffff 00cf9300 DPL=0 DS   [-WA]
CS =0038 0000000000000000 ffffffff 00af9a00 DPL=0 CS64 [-R-]
SS =0030 0000000000000000 ffffffff 00cf9300 DPL=0 DS   [-WA]
DS =0030 0000000000000000 ffffffff 00cf9300 DPL=0 DS   [-WA]
FS =0030 0000000000000000 ffffffff 00cf9300 DPL=0 DS   [-WA]
GS =0030 0000000000000000 ffffffff 00cf9300 DPL=0 DS   [-WA]
LDT=0000 0000000000000000 0000ffff 00008200 DPL=0 LDT
TR =0000 0000000000000000 0000ffff 00008b00 DPL=0 TSS64-busy
GDT=     00000000079de000 00000047
IDT=     00000000074fa018 00000fff
CR0=80010033 CR2=0000000000000000 CR3=0000000007c01000 CR4=00000668
DR0=0000000000000000 DR1=0000000000000000 DR2=0000000000000000 DR3=0000000000000000 
DR6=00000000ffff0ff0 DR7=0000000000000400
CCS=0000000000000004 CCD=0000000000000000 CCO=EFLAGS
EFER=0000000000000d00
   671: v=20 e=0000 i=0 cpl=0 IP=0038:0000000007052c07 pc=0000000007052c07 SP=0030:0000000007efba60 env->regs[R_EAX]=00000000070a906f
RAX=00000000070a906f RBX=0000000000000017 RCX=00000000070a9058 RDX=0000000007efbbf8
RSI=0000000000000018 RDI=0000000000000001 RBP=0000000000000000 RSP=0000000007efba60
R8 =0000000000000018 R9 =0000000000000000 R10=0000000007f19a4d R11=0000000007059f00
R12=00000000070a9058 R13=0000000007efbbf8 R14=0000000000000001 R15=0000000007efbc10
RIP=0000000007052c07 RFL=00000206 [-----P-] CPL=0 II=0 A20=1 SMM=0 HLT=0
ES =0030 0000000000000000 ffffffff 00cf9300 DPL=0 DS   [-WA]
CS =0038 0000000000000000 ffffffff 00af9a00 DPL=0 CS64 [-R-]
SS =0030 0000000000000000 ffffffff 00cf9300 DPL=0 DS   [-WA]
DS =0030 0000000000000000 ffffffff 00cf9300 DPL=0 DS   [-WA]
FS =0030 0000000000000000 ffffffff 00cf9300 DPL=0 DS   [-WA]
GS =0030 0000000000000000 ffffffff 00cf9300 DPL=0 DS   [-WA]
LDT=0000 0000000000000000 0000ffff 00008200 DPL=0 LDT
TR =0000 0000000000000000 0000ffff 00008b00 DPL=0 TSS64-busy
GDT=     00000000079de000 00000047
IDT=     00000000074fa018 00000fff
CR0=80010033 CR2=0000000000000000 CR3=0000000007c01000 CR4=00000668
DR0=0000000000000000 DR1=0000000000000000 DR2=0000000000000000 DR3=0000000000000000 
DR6=00000000ffff0ff0 DR7=0000000000000400
CCS=0000000000000004 CCD=0000000000000000 CCO=EFLAGS
EFER=0000000000000d00
   672: v=20 e=0000 i=0 cpl=0 IP=0038:0000000007052c07 pc=0000000007052c07 SP=0030:0000000007efba60 env->regs[R_EAX]=00000000070a906f
RAX=00000000070a906f RBX=0000000000000017 RCX=00000000070a9058 RDX=0000000007efbbf8
RSI=0000000000000018 RDI=0000000000000001 RBP=0000000000000000 RSP=0000000007efba60
R8 =0000000000000018 R9 =0000000000000000 R10=0000000007f19a4d R11=0000000007059f00
R12=00000000070a9058 R13=0000000007efbbf8 R14=0000000000000001 R15=0000000007efbc10
RIP=0000000007052c07 RFL=00000206 [-----P-] CPL=0 II=0 A20=1 SMM=0 HLT=0
ES =0030 0000000000000000 ffffffff 00cf9300 DPL=0 DS   [-WA]
CS =0038 0000000000000000 ffffffff 00af9a00 DPL=0 CS64 [-R-]
SS =0030 0000000000000000 ffffffff 00cf9300 DPL=0 DS   [-WA]
DS =0030 0000000000000000 ffffffff 00cf9300 DPL=0 DS   [-WA]
FS =0030 0000000000000000 ffffffff 00cf9300 DPL=0 DS   [-WA]
GS =0030 0000000000000000 ffffffff 00cf9300 DPL=0 DS   [-WA]
LDT=0000 0000000000000000 0000ffff 00008200 DPL=0 LDT
TR =0000 0000000000000000 0000ffff 00008b00 DPL=0 TSS64-busy
GDT=     00000000079de000 00000047
IDT=     00000000074fa018 00000fff
CR0=80010033 CR2=0000000000000000 CR3=0000000007c01000 CR4=00000668
DR0=0000000000000000 DR1=0000000000000000 DR2=0000000000000000 DR3=0000000000000000 
DR6=00000000ffff0ff0 DR7=0000000000000400
CCS=0000000000000004 CCD=0000000000000000 CCO=EFLAGS
EFER=0000000000000d00
   673: v=20 e=0000 i=0 cpl=0 IP=0038:0000000007052c07 pc=0000000007052c07 SP=0030:0000000007efba60 env->regs[R_EAX]=00000000070a906f
RAX=00000000070a906f RBX=0000000000000017 RCX=00000000070a9058 RDX=0000000007efbbf8
RSI=0000000000000018 RDI=0000000000000001 RBP=0000000000000000 RSP=0000000007efba60
R8 =0000000000000018 R9 =0000000000000000 R10=0000000007f19a4d R11=0000000007059f00
R12=00000000070a9058 R13=0000000007efbbf8 R14=0000000000000001 R15=0000000007efbc10
RIP=0000000007052c07 RFL=00000206 [-----P-] CPL=0 II=0 A20=1 SMM=0 HLT=0
ES =0030 0000000000000000 ffffffff 00cf9300 DPL=0 DS   [-WA]
CS =0038 0000000000000000 ffffffff 00af9a00 DPL=0 CS64 [-R-]
SS =0030 0000000000000000 ffffffff 00cf9300 DPL=0 DS   [-WA]
DS =0030 0000000000000000 ffffffff 00cf9300 DPL=0 DS   [-WA]
FS =0030 0000000000000000 ffffffff 00cf9300 DPL=0 DS   [-WA]
GS =0030 0000000000000000 ffffffff 00cf9300 DPL=0 DS   [-WA]
LDT=0000 0000000000000000 0000ffff 00008200 DPL=0 LDT
TR =0000 0000000000000000 0000ffff 00008b00 DPL=0 TSS64-busy
GDT=     00000000079de000 00000047
IDT=     00000000074fa018 00000fff
CR0=80010033 CR2=0000000000000000 CR3=0000000007c01000 CR4=00000668
DR0=0000000000000000 DR1=0000000000000000 DR2=0000000000000000 DR3=0000000000000000 
DR6=00000000ffff0ff0 DR7=0000000000000400
CCS=0000000000000004 CCD=0000000000000000 CCO=EFLAGS
EFER=0000000000000d00
   674: v=20 e=0000 i=0 cpl=0 IP=0038:0000000007052c07 pc=0000000007052c07 SP=0030:0000000007efba60 env->regs[R_EAX]=00000000070a906f
RAX=00000000070a906f RBX=0000000000000017 RCX=00000000070a9058 RDX=0000000007efbbf8
RSI=0000000000000018 RDI=0000000000000001 RBP=0000000000000000 RSP=0000000007efba60
R8 =0000000000000018 R9 =0000000000000000 R10=0000000007f19a4d R11=0000000007059f00
R12=00000000070a9058 R13=0000000007efbbf8 R14=0000000000000001 R15=0000000007efbc10
RIP=0000000007052c07 RFL=00000206 [-----P-] CPL=0 II=0 A20=1 SMM=0 HLT=0
ES =0030 0000000000000000 ffffffff 00cf9300 DPL=0 DS   [-WA]
CS =0038 0000000000000000 ffffffff 00af9a00 DPL=0 CS64 [-R-]
SS =0030 0000000000000000 ffffffff 00cf9300 DPL=0 DS   [-WA]
DS =0030 0000000000000000 ffffffff 00cf9300 DPL=0 DS   [-WA]
FS =0030 0000000000000000 ffffffff 00cf9300 DPL=0 DS   [-WA]
GS =0030 0000000000000000 ffffffff 00cf9300 DPL=0 DS   [-WA]
LDT=0000 0000000000000000 0000ffff 00008200 DPL=0 LDT
TR =0000 0000000000000000 0000ffff 00008b00 DPL=0 TSS64-busy
GDT=     00000000079de000 00000047
IDT=     00000000074fa018 00000fff
CR0=80010033 CR2=0000000000000000 CR3=0000000007c01000 CR4=00000668
DR0=0000000000000000 DR1=0000000000000000 DR2=0000000000000000 DR3=0000000000000000 
DR6=00000000ffff0ff0 DR7=0000000000000400
CCS=0000000000000004 CCD=0000000000000000 CCO=EFLAGS
EFER=0000000000000d00
   675: v=20 e=0000 i=0 cpl=0 IP=0038:0000000007052c07 pc=0000000007052c07 SP=0030:0000000007efba60 env->regs[R_EAX]=00000000070a906f
RAX=00000000070a906f RBX=0000000000000017 RCX=00000000070a9058 RDX=0000000007efbbf8
RSI=0000000000000018 RDI=0000000000000001 RBP=0000000000000000 RSP=0000000007efba60
R8 =0000000000000018 R9 =0000000000000000 R10=0000000007f19a4d R11=0000000007059f00
R12=00000000070a9058 R13=0000000007efbbf8 R14=0000000000000001 R15=0000000007efbc10
RIP=0000000007052c07 RFL=00000206 [-----P-] CPL=0 II=0 A20=1 SMM=0 HLT=0
ES =0030 0000000000000000 ffffffff 00cf9300 DPL=0 DS   [-WA]
CS =0038 0000000000000000 ffffffff 00af9a00 DPL=0 CS64 [-R-]
SS =0030 0000000000000000 ffffffff 00cf9300 DPL=0 DS   [-WA]
DS =0030 0000000000000000 ffffffff 00cf9300 DPL=0 DS   [-WA]
FS =0030 0000000000000000 ffffffff 00cf9300 DPL=0 DS   [-WA]
GS =0030 0000000000000000 ffffffff 00cf9300 DPL=0 DS   [-WA]
LDT=0000 0000000000000000 0000ffff 00008200 DPL=0 LDT
TR =0000 0000000000000000 0000ffff 00008b00 DPL=0 TSS64-busy
GDT=     00000000079de000 00000047
IDT=     00000000074fa018 00000fff
CR0=80010033 CR2=0000000000000000 CR3=0000000007c01000 CR4=00000668
DR0=0000000000000000 DR1=0000000000000000 DR2=0000000000000000 DR3=0000000000000000 
DR6=00000000ffff0ff0 DR7=0000000000000400
CCS=0000000000000004 CCD=0000000000000000 CCO=EFLAGS
EFER=0000000000000d00
   676: v=20 e=0000 i=0 cpl=0 IP=0038:0000000007052c07 pc=0000000007052c07 SP=0030:0000000007efba60 env->regs[R_EAX]=00000000070a906f
RAX=00000000070a906f RBX=0000000000000017 RCX=00000000070a9058 RDX=0000000007efbbf8
RSI=0000000000000018 RDI=0000000000000001 RBP=0000000000000000 RSP=0000000007efba60
R8 =0000000000000018 R9 =0000000000000000 R10=0000000007f19a4d R11=0000000007059f00
R12=00000000070a9058 R13=0000000007efbbf8 R14=0000000000000001 R15=0000000007efbc10
RIP=0000000007052c07 RFL=00000206 [-----P-] CPL=0 II=0 A20=1 SMM=0 HLT=0
ES =0030 0000000000000000 ffffffff 00cf9300 DPL=0 DS   [-WA]
CS =0038 0000000000000000 ffffffff 00af9a00 DPL=0 CS64 [-R-]
SS =0030 0000000000000000 ffffffff 00cf9300 DPL=0 DS   [-WA]
DS =0030 0000000000000000 ffffffff 00cf9300 DPL=0 DS   [-WA]
FS =0030 0000000000000000 ffffffff 00cf9300 DPL=0 DS   [-WA]
GS =0030 0000000000000000 ffffffff 00cf9300 DPL=0 DS   [-WA]
LDT=0000 0000000000000000 0000ffff 00008200 DPL=0 LDT
TR =0000 0000000000000000 0000ffff 00008b00 DPL=0 TSS64-busy
GDT=     00000000079de000 00000047
IDT=     00000000074fa018 00000fff
CR0=80010033 CR2=0000000000000000 CR3=0000000007c01000 CR4=00000668
DR0=0000000000000000 DR1=0000000000000000 DR2=0000000000000000 DR3=0000000000000000 
DR6=00000000ffff0ff0 DR7=0000000000000400
CCS=0000000000000004 CCD=0000000000000000 CCO=EFLAGS
EFER=0000000000000d00
   677: v=20 e=0000 i=0 cpl=0 IP=0038:0000000007052c07 pc=0000000007052c07 SP=0030:0000000007efba60 env->regs[R_EAX]=00000000070a906f
RAX=00000000070a906f RBX=0000000000000017 RCX=00000000070a9058 RDX=0000000007efbbf8
RSI=0000000000000018 RDI=0000000000000001 RBP=0000000000000000 RSP=0000000007efba60
R8 =0000000000000018 R9 =0000000000000000 R10=0000000007f19a4d R11=0000000007059f00
R12=00000000070a9058 R13=0000000007efbbf8 R14=0000000000000001 R15=0000000007efbc10
RIP=0000000007052c07 RFL=00000206 [-----P-] CPL=0 II=0 A20=1 SMM=0 HLT=0
ES =0030 0000000000000000 ffffffff 00cf9300 DPL=0 DS   [-WA]
CS =0038 0000000000000000 ffffffff 00af9a00 DPL=0 CS64 [-R-]
SS =0030 0000000000000000 ffffffff 00cf9300 DPL=0 DS   [-WA]
DS =0030 0000000000000000 ffffffff 00cf9300 DPL=0 DS   [-WA]
FS =0030 0000000000000000 ffffffff 00cf9300 DPL=0 DS   [-WA]
GS =0030 0000000000000000 ffffffff 00cf9300 DPL=0 DS   [-WA]
LDT=0000 0000000000000000 0000ffff 00008200 DPL=0 LDT
TR =0000 0000000000000000 0000ffff 00008b00 DPL=0 TSS64-busy
GDT=     00000000079de000 00000047
IDT=     00000000074fa018 00000fff
CR0=80010033 CR2=0000000000000000 CR3=0000000007c01000 CR4=00000668
DR0=0000000000000000 DR1=0000000000000000 DR2=0000000000000000 DR3=0000000000000000 
DR6=00000000ffff0ff0 DR7=0000000000000400
CCS=0000000000000004 CCD=0000000000000000 CCO=EFLAGS
EFER=0000000000000d00
   678: v=20 e=0000 i=0 cpl=0 IP=0038:0000000007052c07 pc=0000000007052c07 SP=0030:0000000007efba60 env->regs[R_EAX]=00000000070a906f
RAX=00000000070a906f RBX=0000000000000017 RCX=00000000070a9058 RDX=0000000007efbbf8
RSI=0000000000000018 RDI=0000000000000001 RBP=0000000000000000 RSP=0000000007efba60
R8 =0000000000000018 R9 =0000000000000000 R10=0000000007f19a4d R11=0000000007059f00
R12=00000000070a9058 R13=0000000007efbbf8 R14=0000000000000001 R15=0000000007efbc10
RIP=0000000007052c07 RFL=00000206 [-----P-] CPL=0 II=0 A20=1 SMM=0 HLT=0
ES =0030 0000000000000000 ffffffff 00cf9300 DPL=0 DS   [-WA]
CS =0038 0000000000000000 ffffffff 00af9a00 DPL=0 CS64 [-R-]
SS =0030 0000000000000000 ffffffff 00cf9300 DPL=0 DS   [-WA]
DS =0030 0000000000000000 ffffffff 00cf9300 DPL=0 DS   [-WA]
FS =0030 0000000000000000 ffffffff 00cf9300 DPL=0 DS   [-WA]
GS =0030 0000000000000000 ffffffff 00cf9300 DPL=0 DS   [-WA]
LDT=0000 0000000000000000 0000ffff 00008200 DPL=0 LDT
TR =0000 0000000000000000 0000ffff 00008b00 DPL=0 TSS64-busy
GDT=     00000000079de000 00000047
IDT=     00000000074fa018 00000fff
CR0=80010033 CR2=0000000000000000 CR3=0000000007c01000 CR4=00000668
DR0=0000000000000000 DR1=0000000000000000 DR2=0000000000000000 DR3=0000000000000000 
DR6=00000000ffff0ff0 DR7=0000000000000400
CCS=0000000000000004 CCD=0000000000000000 CCO=EFLAGS
EFER=0000000000000d00
   679: v=20 e=0000 i=0 cpl=0 IP=0038:0000000007052c07 pc=0000000007052c07 SP=0030:0000000007efba60 env->regs[R_EAX]=00000000070a906f
RAX=00000000070a906f RBX=0000000000000017 RCX=00000000070a9058 RDX=0000000007efbbf8
RSI=0000000000000018 RDI=0000000000000001 RBP=0000000000000000 RSP=0000000007efba60
R8 =0000000000000018 R9 =0000000000000000 R10=0000000007f19a4d R11=0000000007059f00
R12=00000000070a9058 R13=0000000007efbbf8 R14=0000000000000001 R15=0000000007efbc10
RIP=0000000007052c07 RFL=00000206 [-----P-] CPL=0 II=0 A20=1 SMM=0 HLT=0
ES =0030 0000000000000000 ffffffff 00cf9300 DPL=0 DS   [-WA]
CS =0038 0000000000000000 ffffffff 00af9a00 DPL=0 CS64 [-R-]
SS =0030 0000000000000000 ffffffff 00cf9300 DPL=0 DS   [-WA]
DS =0030 0000000000000000 ffffffff 00cf9300 DPL=0 DS   [-WA]
FS =0030 0000000000000000 ffffffff 00cf9300 DPL=0 DS   [-WA]
GS =0030 0000000000000000 ffffffff 00cf9300 DPL=0 DS   [-WA]
LDT=0000 0000000000000000 0000ffff 00008200 DPL=0 LDT
TR =0000 0000000000000000 0000ffff 00008b00 DPL=0 TSS64-busy
GDT=     00000000079de000 00000047
IDT=     00000000074fa018 00000fff
CR0=80010033 CR2=0000000000000000 CR3=0000000007c01000 CR4=00000668
DR0=0000000000000000 DR1=0000000000000000 DR2=0000000000000000 DR3=0000000000000000 
DR6=00000000ffff0ff0 DR7=0000000000000400
CCS=0000000000000004 CCD=0000000000000000 CCO=EFLAGS
EFER=0000000000000d00
   680: v=20 e=0000 i=0 cpl=0 IP=0038:0000000007052c07 pc=0000000007052c07 SP=0030:0000000007efba60 env->regs[R_EAX]=00000000070a906f
RAX=00000000070a906f RBX=0000000000000017 RCX=00000000070a9058 RDX=0000000007efbbf8
RSI=0000000000000018 RDI=0000000000000001 RBP=0000000000000000 RSP=0000000007efba60
R8 =0000000000000018 R9 =0000000000000000 R10=0000000007f19a4d R11=0000000007059f00
R12=00000000070a9058 R13=0000000007efbbf8 R14=0000000000000001 R15=0000000007efbc10
RIP=0000000007052c07 RFL=00000206 [-----P-] CPL=0 II=0 A20=1 SMM=0 HLT=0
ES =0030 0000000000000000 ffffffff 00cf9300 DPL=0 DS   [-WA]
CS =0038 0000000000000000 ffffffff 00af9a00 DPL=0 CS64 [-R-]
SS =0030 0000000000000000 ffffffff 00cf9300 DPL=0 DS   [-WA]
DS =0030 0000000000000000 ffffffff 00cf9300 DPL=0 DS   [-WA]
FS =0030 0000000000000000 ffffffff 00cf9300 DPL=0 DS   [-WA]
GS =0030 0000000000000000 ffffffff 00cf9300 DPL=0 DS   [-WA]
LDT=0000 0000000000000000 0000ffff 00008200 DPL=0 LDT
TR =0000 0000000000000000 0000ffff 00008b00 DPL=0 TSS64-busy
GDT=     00000000079de000 00000047
IDT=     00000000074fa018 00000fff
CR0=80010033 CR2=0000000000000000 CR3=0000000007c01000 CR4=00000668
DR0=0000000000000000 DR1=0000000000000000 DR2=0000000000000000 DR3=0000000000000000 
DR6=00000000ffff0ff0 DR7=0000000000000400
CCS=0000000000000004 CCD=0000000000000000 CCO=EFLAGS
EFER=0000000000000d00
   681: v=20 e=0000 i=0 cpl=0 IP=0038:0000000007052c07 pc=0000000007052c07 SP=0030:0000000007efba60 env->regs[R_EAX]=00000000070a906f
RAX=00000000070a906f RBX=0000000000000017 RCX=00000000070a9058 RDX=0000000007efbbf8
RSI=0000000000000018 RDI=0000000000000001 RBP=0000000000000000 RSP=0000000007efba60
R8 =0000000000000018 R9 =0000000000000000 R10=0000000007f19a4d R11=0000000007059f00
R12=00000000070a9058 R13=0000000007efbbf8 R14=0000000000000001 R15=0000000007efbc10
RIP=0000000007052c07 RFL=00000206 [-----P-] CPL=0 II=0 A20=1 SMM=0 HLT=0
ES =0030 0000000000000000 ffffffff 00cf9300 DPL=0 DS   [-WA]
CS =0038 0000000000000000 ffffffff 00af9a00 DPL=0 CS64 [-R-]
SS =0030 0000000000000000 ffffffff 00cf9300 DPL=0 DS   [-WA]
DS =0030 0000000000000000 ffffffff 00cf9300 DPL=0 DS   [-WA]
FS =0030 0000000000000000 ffffffff 00cf9300 DPL=0 DS   [-WA]
GS =0030 0000000000000000 ffffffff 00cf9300 DPL=0 DS   [-WA]
LDT=0000 0000000000000000 0000ffff 00008200 DPL=0 LDT
TR =0000 0000000000000000 0000ffff 00008b00 DPL=0 TSS64-busy
GDT=     00000000079de000 00000047
IDT=     00000000074fa018 00000fff
CR0=80010033 CR2=0000000000000000 CR3=0000000007c01000 CR4=00000668
DR0=0000000000000000 DR1=0000000000000000 DR2=0000000000000000 DR3=0000000000000000 
DR6=00000000ffff0ff0 DR7=0000000000000400
CCS=0000000000000004 CCD=0000000000000000 CCO=EFLAGS
EFER=0000000000000d00
   682: v=20 e=0000 i=0 cpl=0 IP=0038:0000000007052c07 pc=0000000007052c07 SP=0030:0000000007efba60 env->regs[R_EAX]=00000000070a906f
RAX=00000000070a906f RBX=0000000000000017 RCX=00000000070a9058 RDX=0000000007efbbf8
RSI=0000000000000018 RDI=0000000000000001 RBP=0000000000000000 RSP=0000000007efba60
R8 =0000000000000018 R9 =0000000000000000 R10=0000000007f19a4d R11=0000000007059f00
R12=00000000070a9058 R13=0000000007efbbf8 R14=0000000000000001 R15=0000000007efbc10
RIP=0000000007052c07 RFL=00000206 [-----P-] CPL=0 II=0 A20=1 SMM=0 HLT=0
ES =0030 0000000000000000 ffffffff 00cf9300 DPL=0 DS   [-WA]
CS =0038 0000000000000000 ffffffff 00af9a00 DPL=0 CS64 [-R-]
SS =0030 0000000000000000 ffffffff 00cf9300 DPL=0 DS   [-WA]
DS =0030 0000000000000000 ffffffff 00cf9300 DPL=0 DS   [-WA]
FS =0030 0000000000000000 ffffffff 00cf9300 DPL=0 DS   [-WA]
GS =0030 0000000000000000 ffffffff 00cf9300 DPL=0 DS   [-WA]
LDT=0000 0000000000000000 0000ffff 00008200 DPL=0 LDT
TR =0000 0000000000000000 0000ffff 00008b00 DPL=0 TSS64-busy
GDT=     00000000079de000 00000047
IDT=     00000000074fa018 00000fff
CR0=80010033 CR2=0000000000000000 CR3=0000000007c01000 CR4=00000668
DR0=0000000000000000 DR1=0000000000000000 DR2=0000000000000000 DR3=0000000000000000 
DR6=00000000ffff0ff0 DR7=0000000000000400
CCS=0000000000000004 CCD=0000000000000000 CCO=EFLAGS
EFER=0000000000000d00
   683: v=20 e=0000 i=0 cpl=0 IP=0038:0000000007052c07 pc=0000000007052c07 SP=0030:0000000007efba60 env->regs[R_EAX]=00000000070a906f
RAX=00000000070a906f RBX=0000000000000017 RCX=00000000070a9058 RDX=0000000007efbbf8
RSI=0000000000000018 RDI=0000000000000001 RBP=0000000000000000 RSP=0000000007efba60
R8 =0000000000000018 R9 =0000000000000000 R10=0000000007f19a4d R11=0000000007059f00
R12=00000000070a9058 R13=0000000007efbbf8 R14=0000000000000001 R15=0000000007efbc10
RIP=0000000007052c07 RFL=00000206 [-----P-] CPL=0 II=0 A20=1 SMM=0 HLT=0
ES =0030 0000000000000000 ffffffff 00cf9300 DPL=0 DS   [-WA]
CS =0038 0000000000000000 ffffffff 00af9a00 DPL=0 CS64 [-R-]
SS =0030 0000000000000000 ffffffff 00cf9300 DPL=0 DS   [-WA]
DS =0030 0000000000000000 ffffffff 00cf9300 DPL=0 DS   [-WA]
FS =0030 0000000000000000 ffffffff 00cf9300 DPL=0 DS   [-WA]
GS =0030 0000000000000000 ffffffff 00cf9300 DPL=0 DS   [-WA]
LDT=0000 0000000000000000 0000ffff 00008200 DPL=0 LDT
TR =0000 0000000000000000 0000ffff 00008b00 DPL=0 TSS64-busy
GDT=     00000000079de000 00000047
IDT=     00000000074fa018 00000fff
CR0=80010033 CR2=0000000000000000 CR3=0000000007c01000 CR4=00000668
DR0=0000000000000000 DR1=0000000000000000 DR2=0000000000000000 DR3=0000000000000000 
DR6=00000000ffff0ff0 DR7=0000000000000400
CCS=0000000000000004 CCD=0000000000000000 CCO=EFLAGS
EFER=0000000000000d00
   684: v=20 e=0000 i=0 cpl=0 IP=0038:0000000007052c07 pc=0000000007052c07 SP=0030:0000000007efba60 env->regs[R_EAX]=00000000070a906f
RAX=00000000070a906f RBX=0000000000000017 RCX=00000000070a9058 RDX=0000000007efbbf8
RSI=0000000000000018 RDI=0000000000000001 RBP=0000000000000000 RSP=0000000007efba60
R8 =0000000000000018 R9 =0000000000000000 R10=0000000007f19a4d R11=0000000007059f00
R12=00000000070a9058 R13=0000000007efbbf8 R14=0000000000000001 R15=0000000007efbc10
RIP=0000000007052c07 RFL=00000206 [-----P-] CPL=0 II=0 A20=1 SMM=0 HLT=0
ES =0030 0000000000000000 ffffffff 00cf9300 DPL=0 DS   [-WA]
CS =0038 0000000000000000 ffffffff 00af9a00 DPL=0 CS64 [-R-]
SS =0030 0000000000000000 ffffffff 00cf9300 DPL=0 DS   [-WA]
DS =0030 0000000000000000 ffffffff 00cf9300 DPL=0 DS   [-WA]
FS =0030 0000000000000000 ffffffff 00cf9300 DPL=0 DS   [-WA]
GS =0030 0000000000000000 ffffffff 00cf9300 DPL=0 DS   [-WA]
LDT=0000 0000000000000000 0000ffff 00008200 DPL=0 LDT
TR =0000 0000000000000000 0000ffff 00008b00 DPL=0 TSS64-busy
GDT=     00000000079de000 00000047
IDT=     00000000074fa018 00000fff
CR0=80010033 CR2=0000000000000000 CR3=0000000007c01000 CR4=00000668
DR0=0000000000000000 DR1=0000000000000000 DR2=0000000000000000 DR3=0000000000000000 
DR6=00000000ffff0ff0 DR7=0000000000000400
CCS=0000000000000004 CCD=0000000000000000 CCO=EFLAGS
EFER=0000000000000d00
   685: v=20 e=0000 i=0 cpl=0 IP=0038:0000000007052c07 pc=0000000007052c07 SP=0030:0000000007efba60 env->regs[R_EAX]=00000000070a906f
RAX=00000000070a906f RBX=0000000000000017 RCX=00000000070a9058 RDX=0000000007efbbf8
RSI=0000000000000018 RDI=0000000000000001 RBP=0000000000000000 RSP=0000000007efba60
R8 =0000000000000018 R9 =0000000000000000 R10=0000000007f19a4d R11=0000000007059f00
R12=00000000070a9058 R13=0000000007efbbf8 R14=0000000000000001 R15=0000000007efbc10
RIP=0000000007052c07 RFL=00000206 [-----P-] CPL=0 II=0 A20=1 SMM=0 HLT=0
ES =0030 0000000000000000 ffffffff 00cf9300 DPL=0 DS   [-WA]
CS =0038 0000000000000000 ffffffff 00af9a00 DPL=0 CS64 [-R-]
SS =0030 0000000000000000 ffffffff 00cf9300 DPL=0 DS   [-WA]
DS =0030 0000000000000000 ffffffff 00cf9300 DPL=0 DS   [-WA]
FS =0030 0000000000000000 ffffffff 00cf9300 DPL=0 DS   [-WA]
GS =0030 0000000000000000 ffffffff 00cf9300 DPL=0 DS   [-WA]
LDT=0000 0000000000000000 0000ffff 00008200 DPL=0 LDT
TR =0000 0000000000000000 0000ffff 00008b00 DPL=0 TSS64-busy
GDT=     00000000079de000 00000047
IDT=     00000000074fa018 00000fff
CR0=80010033 CR2=0000000000000000 CR3=0000000007c01000 CR4=00000668
DR0=0000000000000000 DR1=0000000000000000 DR2=0000000000000000 DR3=0000000000000000 
DR6=00000000ffff0ff0 DR7=0000000000000400
CCS=0000000000000004 CCD=0000000000000000 CCO=EFLAGS
EFER=0000000000000d00
   686: v=20 e=0000 i=0 cpl=0 IP=0038:0000000007052c07 pc=0000000007052c07 SP=0030:0000000007efba60 env->regs[R_EAX]=00000000070a906f
RAX=00000000070a906f RBX=0000000000000017 RCX=00000000070a9058 RDX=0000000007efbbf8
RSI=0000000000000018 RDI=0000000000000001 RBP=0000000000000000 RSP=0000000007efba60
R8 =0000000000000018 R9 =0000000000000000 R10=0000000007f19a4d R11=0000000007059f00
R12=00000000070a9058 R13=0000000007efbbf8 R14=0000000000000001 R15=0000000007efbc10
RIP=0000000007052c07 RFL=00000206 [-----P-] CPL=0 II=0 A20=1 SMM=0 HLT=0
ES =0030 0000000000000000 ffffffff 00cf9300 DPL=0 DS   [-WA]
CS =0038 0000000000000000 ffffffff 00af9a00 DPL=0 CS64 [-R-]
SS =0030 0000000000000000 ffffffff 00cf9300 DPL=0 DS   [-WA]
DS =0030 0000000000000000 ffffffff 00cf9300 DPL=0 DS   [-WA]
FS =0030 0000000000000000 ffffffff 00cf9300 DPL=0 DS   [-WA]
GS =0030 0000000000000000 ffffffff 00cf9300 DPL=0 DS   [-WA]
LDT=0000 0000000000000000 0000ffff 00008200 DPL=0 LDT
TR =0000 0000000000000000 0000ffff 00008b00 DPL=0 TSS64-busy
GDT=     00000000079de000 00000047
IDT=     00000000074fa018 00000fff
CR0=80010033 CR2=0000000000000000 CR3=0000000007c01000 CR4=00000668
DR0=0000000000000000 DR1=0000000000000000 DR2=0000000000000000 DR3=0000000000000000 
DR6=00000000ffff0ff0 DR7=0000000000000400
CCS=0000000000000004 CCD=0000000000000000 CCO=EFLAGS
EFER=0000000000000d00
   687: v=20 e=0000 i=0 cpl=0 IP=0038:0000000007052c07 pc=0000000007052c07 SP=0030:0000000007efba60 env->regs[R_EAX]=00000000070a906f
RAX=00000000070a906f RBX=0000000000000017 RCX=00000000070a9058 RDX=0000000007efbbf8
RSI=0000000000000018 RDI=0000000000000001 RBP=0000000000000000 RSP=0000000007efba60
R8 =0000000000000018 R9 =0000000000000000 R10=0000000007f19a4d R11=0000000007059f00
R12=00000000070a9058 R13=0000000007efbbf8 R14=0000000000000001 R15=0000000007efbc10
RIP=0000000007052c07 RFL=00000206 [-----P-] CPL=0 II=0 A20=1 SMM=0 HLT=0
ES =0030 0000000000000000 ffffffff 00cf9300 DPL=0 DS   [-WA]
CS =0038 0000000000000000 ffffffff 00af9a00 DPL=0 CS64 [-R-]
SS =0030 0000000000000000 ffffffff 00cf9300 DPL=0 DS   [-WA]
DS =0030 0000000000000000 ffffffff 00cf9300 DPL=0 DS   [-WA]
FS =0030 0000000000000000 ffffffff 00cf9300 DPL=0 DS   [-WA]
GS =0030 0000000000000000 ffffffff 00cf9300 DPL=0 DS   [-WA]
LDT=0000 0000000000000000 0000ffff 00008200 DPL=0 LDT
TR =0000 0000000000000000 0000ffff 00008b00 DPL=0 TSS64-busy
GDT=     00000000079de000 00000047
IDT=     00000000074fa018 00000fff
CR0=80010033 CR2=0000000000000000 CR3=0000000007c01000 CR4=00000668
DR0=0000000000000000 DR1=0000000000000000 DR2=0000000000000000 DR3=0000000000000000 
DR6=00000000ffff0ff0 DR7=0000000000000400
CCS=0000000000000004 CCD=0000000000000000 CCO=EFLAGS
EFER=0000000000000d00
   688: v=20 e=0000 i=0 cpl=0 IP=0038:0000000007052c07 pc=0000000007052c07 SP=0030:0000000007efba60 env->regs[R_EAX]=00000000070a906f
RAX=00000000070a906f RBX=0000000000000017 RCX=00000000070a9058 RDX=0000000007efbbf8
RSI=0000000000000018 RDI=0000000000000001 RBP=0000000000000000 RSP=0000000007efba60
R8 =0000000000000018 R9 =0000000000000000 R10=0000000007f19a4d R11=0000000007059f00
R12=00000000070a9058 R13=0000000007efbbf8 R14=0000000000000001 R15=0000000007efbc10
RIP=0000000007052c07 RFL=00000206 [-----P-] CPL=0 II=0 A20=1 SMM=0 HLT=0
ES =0030 0000000000000000 ffffffff 00cf9300 DPL=0 DS   [-WA]
CS =0038 0000000000000000 ffffffff 00af9a00 DPL=0 CS64 [-R-]
SS =0030 0000000000000000 ffffffff 00cf9300 DPL=0 DS   [-WA]
DS =0030 0000000000000000 ffffffff 00cf9300 DPL=0 DS   [-WA]
FS =0030 0000000000000000 ffffffff 00cf9300 DPL=0 DS   [-WA]
GS =0030 0000000000000000 ffffffff 00cf9300 DPL=0 DS   [-WA]
LDT=0000 0000000000000000 0000ffff 00008200 DPL=0 LDT
TR =0000 0000000000000000 0000ffff 00008b00 DPL=0 TSS64-busy
GDT=     00000000079de000 00000047
IDT=     00000000074fa018 00000fff
CR0=80010033 CR2=0000000000000000 CR3=0000000007c01000 CR4=00000668
DR0=0000000000000000 DR1=0000000000000000 DR2=0000000000000000 DR3=0000000000000000 
DR6=00000000ffff0ff0 DR7=0000000000000400
CCS=0000000000000004 CCD=0000000000000000 CCO=EFLAGS
EFER=0000000000000d00
   689: v=20 e=0000 i=0 cpl=0 IP=0038:0000000007052c07 pc=0000000007052c07 SP=0030:0000000007efba60 env->regs[R_EAX]=00000000070a906f
RAX=00000000070a906f RBX=0000000000000017 RCX=00000000070a9058 RDX=0000000007efbbf8
RSI=0000000000000018 RDI=0000000000000001 RBP=0000000000000000 RSP=0000000007efba60
R8 =0000000000000018 R9 =0000000000000000 R10=0000000007f19a4d R11=0000000007059f00
R12=00000000070a9058 R13=0000000007efbbf8 R14=0000000000000001 R15=0000000007efbc10
RIP=0000000007052c07 RFL=00000206 [-----P-] CPL=0 II=0 A20=1 SMM=0 HLT=0
ES =0030 0000000000000000 ffffffff 00cf9300 DPL=0 DS   [-WA]
CS =0038 0000000000000000 ffffffff 00af9a00 DPL=0 CS64 [-R-]
SS =0030 0000000000000000 ffffffff 00cf9300 DPL=0 DS   [-WA]
DS =0030 0000000000000000 ffffffff 00cf9300 DPL=0 DS   [-WA]
FS =0030 0000000000000000 ffffffff 00cf9300 DPL=0 DS   [-WA]
GS =0030 0000000000000000 ffffffff 00cf9300 DPL=0 DS   [-WA]
LDT=0000 0000000000000000 0000ffff 00008200 DPL=0 LDT
TR =0000 0000000000000000 0000ffff 00008b00 DPL=0 TSS64-busy
GDT=     00000000079de000 00000047
IDT=     00000000074fa018 00000fff
CR0=80010033 CR2=0000000000000000 CR3=0000000007c01000 CR4=00000668
DR0=0000000000000000 DR1=0000000000000000 DR2=0000000000000000 DR3=0000000000000000 
DR6=00000000ffff0ff0 DR7=0000000000000400
CCS=0000000000000004 CCD=0000000000000000 CCO=EFLAGS
EFER=0000000000000d00
   690: v=20 e=0000 i=0 cpl=0 IP=0038:0000000007052c07 pc=0000000007052c07 SP=0030:0000000007efba60 env->regs[R_EAX]=00000000070a906f
RAX=00000000070a906f RBX=0000000000000017 RCX=00000000070a9058 RDX=0000000007efbbf8
RSI=0000000000000018 RDI=0000000000000001 RBP=0000000000000000 RSP=0000000007efba60
R8 =0000000000000018 R9 =0000000000000000 R10=0000000007f19a4d R11=0000000007059f00
R12=00000000070a9058 R13=0000000007efbbf8 R14=0000000000000001 R15=0000000007efbc10
RIP=0000000007052c07 RFL=00000206 [-----P-] CPL=0 II=0 A20=1 SMM=0 HLT=0
ES =0030 0000000000000000 ffffffff 00cf9300 DPL=0 DS   [-WA]
CS =0038 0000000000000000 ffffffff 00af9a00 DPL=0 CS64 [-R-]
SS =0030 0000000000000000 ffffffff 00cf9300 DPL=0 DS   [-WA]
DS =0030 0000000000000000 ffffffff 00cf9300 DPL=0 DS   [-WA]
FS =0030 0000000000000000 ffffffff 00cf9300 DPL=0 DS   [-WA]
GS =0030 0000000000000000 ffffffff 00cf9300 DPL=0 DS   [-WA]
LDT=0000 0000000000000000 0000ffff 00008200 DPL=0 LDT
TR =0000 0000000000000000 0000ffff 00008b00 DPL=0 TSS64-busy
GDT=     00000000079de000 00000047
IDT=     00000000074fa018 00000fff
CR0=80010033 CR2=0000000000000000 CR3=0000000007c01000 CR4=00000668
DR0=0000000000000000 DR1=0000000000000000 DR2=0000000000000000 DR3=0000000000000000 
DR6=00000000ffff0ff0 DR7=0000000000000400
CCS=0000000000000004 CCD=0000000000000000 CCO=EFLAGS
EFER=0000000000000d00
   691: v=20 e=0000 i=0 cpl=0 IP=0038:0000000007052c07 pc=0000000007052c07 SP=0030:0000000007efba60 env->regs[R_EAX]=00000000070a906f
RAX=00000000070a906f RBX=0000000000000017 RCX=00000000070a9058 RDX=0000000007efbbf8
RSI=0000000000000018 RDI=0000000000000001 RBP=0000000000000000 RSP=0000000007efba60
R8 =0000000000000018 R9 =0000000000000000 R10=0000000007f19a4d R11=0000000007059f00
R12=00000000070a9058 R13=0000000007efbbf8 R14=0000000000000001 R15=0000000007efbc10
RIP=0000000007052c07 RFL=00000206 [-----P-] CPL=0 II=0 A20=1 SMM=0 HLT=0
ES =0030 0000000000000000 ffffffff 00cf9300 DPL=0 DS   [-WA]
CS =0038 0000000000000000 ffffffff 00af9a00 DPL=0 CS64 [-R-]
SS =0030 0000000000000000 ffffffff 00cf9300 DPL=0 DS   [-WA]
DS =0030 0000000000000000 ffffffff 00cf9300 DPL=0 DS   [-WA]
FS =0030 0000000000000000 ffffffff 00cf9300 DPL=0 DS   [-WA]
GS =0030 0000000000000000 ffffffff 00cf9300 DPL=0 DS   [-WA]
LDT=0000 0000000000000000 0000ffff 00008200 DPL=0 LDT
TR =0000 0000000000000000 0000ffff 00008b00 DPL=0 TSS64-busy
GDT=     00000000079de000 00000047
IDT=     00000000074fa018 00000fff
CR0=80010033 CR2=0000000000000000 CR3=0000000007c01000 CR4=00000668
DR0=0000000000000000 DR1=0000000000000000 DR2=0000000000000000 DR3=0000000000000000 
DR6=00000000ffff0ff0 DR7=0000000000000400
CCS=0000000000000004 CCD=0000000000000000 CCO=EFLAGS
EFER=0000000000000d00
   692: v=20 e=0000 i=0 cpl=0 IP=0038:0000000007052c07 pc=0000000007052c07 SP=0030:0000000007efba60 env->regs[R_EAX]=00000000070a906f
RAX=00000000070a906f RBX=0000000000000017 RCX=00000000070a9058 RDX=0000000007efbbf8
RSI=0000000000000018 RDI=0000000000000001 RBP=0000000000000000 RSP=0000000007efba60
R8 =0000000000000018 R9 =0000000000000000 R10=0000000007f19a4d R11=0000000007059f00
R12=00000000070a9058 R13=0000000007efbbf8 R14=0000000000000001 R15=0000000007efbc10
RIP=0000000007052c07 RFL=00000206 [-----P-] CPL=0 II=0 A20=1 SMM=0 HLT=0
ES =0030 0000000000000000 ffffffff 00cf9300 DPL=0 DS   [-WA]
CS =0038 0000000000000000 ffffffff 00af9a00 DPL=0 CS64 [-R-]
SS =0030 0000000000000000 ffffffff 00cf9300 DPL=0 DS   [-WA]
DS =0030 0000000000000000 ffffffff 00cf9300 DPL=0 DS   [-WA]
FS =0030 0000000000000000 ffffffff 00cf9300 DPL=0 DS   [-WA]
GS =0030 0000000000000000 ffffffff 00cf9300 DPL=0 DS   [-WA]
LDT=0000 0000000000000000 0000ffff 00008200 DPL=0 LDT
TR =0000 0000000000000000 0000ffff 00008b00 DPL=0 TSS64-busy
GDT=     00000000079de000 00000047
IDT=     00000000074fa018 00000fff
CR0=80010033 CR2=0000000000000000 CR3=0000000007c01000 CR4=00000668
DR0=0000000000000000 DR1=0000000000000000 DR2=0000000000000000 DR3=0000000000000000 
DR6=00000000ffff0ff0 DR7=0000000000000400
CCS=0000000000000004 CCD=0000000000000000 CCO=EFLAGS
EFER=0000000000000d00
   693: v=20 e=0000 i=0 cpl=0 IP=0038:0000000007052c07 pc=0000000007052c07 SP=0030:0000000007efba60 env->regs[R_EAX]=00000000070a906f
RAX=00000000070a906f RBX=0000000000000017 RCX=00000000070a9058 RDX=0000000007efbbf8
RSI=0000000000000018 RDI=0000000000000001 RBP=0000000000000000 RSP=0000000007efba60
R8 =0000000000000018 R9 =0000000000000000 R10=0000000007f19a4d R11=0000000007059f00
R12=00000000070a9058 R13=0000000007efbbf8 R14=0000000000000001 R15=0000000007efbc10
RIP=0000000007052c07 RFL=00000206 [-----P-] CPL=0 II=0 A20=1 SMM=0 HLT=0
ES =0030 0000000000000000 ffffffff 00cf9300 DPL=0 DS   [-WA]
CS =0038 0000000000000000 ffffffff 00af9a00 DPL=0 CS64 [-R-]
SS =0030 0000000000000000 ffffffff 00cf9300 DPL=0 DS   [-WA]
DS =0030 0000000000000000 ffffffff 00cf9300 DPL=0 DS   [-WA]
FS =0030 0000000000000000 ffffffff 00cf9300 DPL=0 DS   [-WA]
GS =0030 0000000000000000 ffffffff 00cf9300 DPL=0 DS   [-WA]
LDT=0000 0000000000000000 0000ffff 00008200 DPL=0 LDT
TR =0000 0000000000000000 0000ffff 00008b00 DPL=0 TSS64-busy
GDT=     00000000079de000 00000047
IDT=     00000000074fa018 00000fff
CR0=80010033 CR2=0000000000000000 CR3=0000000007c01000 CR4=00000668
DR0=0000000000000000 DR1=0000000000000000 DR2=0000000000000000 DR3=0000000000000000 
DR6=00000000ffff0ff0 DR7=0000000000000400
CCS=0000000000000004 CCD=0000000000000000 CCO=EFLAGS
EFER=0000000000000d00
   694: v=20 e=0000 i=0 cpl=0 IP=0038:0000000007052c07 pc=0000000007052c07 SP=0030:0000000007efba60 env->regs[R_EAX]=00000000070a906f
RAX=00000000070a906f RBX=0000000000000017 RCX=00000000070a9058 RDX=0000000007efbbf8
RSI=0000000000000018 RDI=0000000000000001 RBP=0000000000000000 RSP=0000000007efba60
R8 =0000000000000018 R9 =0000000000000000 R10=0000000007f19a4d R11=0000000007059f00
R12=00000000070a9058 R13=0000000007efbbf8 R14=0000000000000001 R15=0000000007efbc10
RIP=0000000007052c07 RFL=00000206 [-----P-] CPL=0 II=0 A20=1 SMM=0 HLT=0
ES =0030 0000000000000000 ffffffff 00cf9300 DPL=0 DS   [-WA]
CS =0038 0000000000000000 ffffffff 00af9a00 DPL=0 CS64 [-R-]
SS =0030 0000000000000000 ffffffff 00cf9300 DPL=0 DS   [-WA]
DS =0030 0000000000000000 ffffffff 00cf9300 DPL=0 DS   [-WA]
FS =0030 0000000000000000 ffffffff 00cf9300 DPL=0 DS   [-WA]
GS =0030 0000000000000000 ffffffff 00cf9300 DPL=0 DS   [-WA]
LDT=0000 0000000000000000 0000ffff 00008200 DPL=0 LDT
TR =0000 0000000000000000 0000ffff 00008b00 DPL=0 TSS64-busy
GDT=     00000000079de000 00000047
IDT=     00000000074fa018 00000fff
CR0=80010033 CR2=0000000000000000 CR3=0000000007c01000 CR4=00000668
DR0=0000000000000000 DR1=0000000000000000 DR2=0000000000000000 DR3=0000000000000000 
DR6=00000000ffff0ff0 DR7=0000000000000400
CCS=0000000000000004 CCD=0000000000000000 CCO=EFLAGS
EFER=0000000000000d00
   695: v=20 e=0000 i=0 cpl=0 IP=0038:0000000007052c07 pc=0000000007052c07 SP=0030:0000000007efba60 env->regs[R_EAX]=00000000070a906f
RAX=00000000070a906f RBX=0000000000000017 RCX=00000000070a9058 RDX=0000000007efbbf8
RSI=0000000000000018 RDI=0000000000000001 RBP=0000000000000000 RSP=0000000007efba60
R8 =0000000000000018 R9 =0000000000000000 R10=0000000007f19a4d R11=0000000007059f00
R12=00000000070a9058 R13=0000000007efbbf8 R14=0000000000000001 R15=0000000007efbc10
RIP=0000000007052c07 RFL=00000206 [-----P-] CPL=0 II=0 A20=1 SMM=0 HLT=0
ES =0030 0000000000000000 ffffffff 00cf9300 DPL=0 DS   [-WA]
CS =0038 0000000000000000 ffffffff 00af9a00 DPL=0 CS64 [-R-]
SS =0030 0000000000000000 ffffffff 00cf9300 DPL=0 DS   [-WA]
DS =0030 0000000000000000 ffffffff 00cf9300 DPL=0 DS   [-WA]
FS =0030 0000000000000000 ffffffff 00cf9300 DPL=0 DS   [-WA]
GS =0030 0000000000000000 ffffffff 00cf9300 DPL=0 DS   [-WA]
LDT=0000 0000000000000000 0000ffff 00008200 DPL=0 LDT
TR =0000 0000000000000000 0000ffff 00008b00 DPL=0 TSS64-busy
GDT=     00000000079de000 00000047
IDT=     00000000074fa018 00000fff
CR0=80010033 CR2=0000000000000000 CR3=0000000007c01000 CR4=00000668
DR0=0000000000000000 DR1=0000000000000000 DR2=0000000000000000 DR3=0000000000000000 
DR6=00000000ffff0ff0 DR7=0000000000000400
CCS=0000000000000004 CCD=0000000000000000 CCO=EFLAGS
EFER=0000000000000d00
   696: v=20 e=0000 i=0 cpl=0 IP=0038:0000000007052c07 pc=0000000007052c07 SP=0030:0000000007efba60 env->regs[R_EAX]=00000000070a906f
RAX=00000000070a906f RBX=0000000000000017 RCX=00000000070a9058 RDX=0000000007efbbf8
RSI=0000000000000018 RDI=0000000000000001 RBP=0000000000000000 RSP=0000000007efba60
R8 =0000000000000018 R9 =0000000000000000 R10=0000000007f19a4d R11=0000000007059f00
R12=00000000070a9058 R13=0000000007efbbf8 R14=0000000000000001 R15=0000000007efbc10
RIP=0000000007052c07 RFL=00000206 [-----P-] CPL=0 II=0 A20=1 SMM=0 HLT=0
ES =0030 0000000000000000 ffffffff 00cf9300 DPL=0 DS   [-WA]
CS =0038 0000000000000000 ffffffff 00af9a00 DPL=0 CS64 [-R-]
SS =0030 0000000000000000 ffffffff 00cf9300 DPL=0 DS   [-WA]
DS =0030 0000000000000000 ffffffff 00cf9300 DPL=0 DS   [-WA]
FS =0030 0000000000000000 ffffffff 00cf9300 DPL=0 DS   [-WA]
GS =0030 0000000000000000 ffffffff 00cf9300 DPL=0 DS   [-WA]
LDT=0000 0000000000000000 0000ffff 00008200 DPL=0 LDT
TR =0000 0000000000000000 0000ffff 00008b00 DPL=0 TSS64-busy
GDT=     00000000079de000 00000047
IDT=     00000000074fa018 00000fff
CR0=80010033 CR2=0000000000000000 CR3=0000000007c01000 CR4=00000668
DR0=0000000000000000 DR1=0000000000000000 DR2=0000000000000000 DR3=0000000000000000 
DR6=00000000ffff0ff0 DR7=0000000000000400
CCS=0000000000000004 CCD=0000000000000000 CCO=EFLAGS
EFER=0000000000000d00
   697: v=20 e=0000 i=0 cpl=0 IP=0038:0000000007052c07 pc=0000000007052c07 SP=0030:0000000007efba60 env->regs[R_EAX]=00000000070a906f
RAX=00000000070a906f RBX=0000000000000017 RCX=00000000070a9058 RDX=0000000007efbbf8
RSI=0000000000000018 RDI=0000000000000001 RBP=0000000000000000 RSP=0000000007efba60
R8 =0000000000000018 R9 =0000000000000000 R10=0000000007f19a4d R11=0000000007059f00
R12=00000000070a9058 R13=0000000007efbbf8 R14=0000000000000001 R15=0000000007efbc10
RIP=0000000007052c07 RFL=00000206 [-----P-] CPL=0 II=0 A20=1 SMM=0 HLT=0
ES =0030 0000000000000000 ffffffff 00cf9300 DPL=0 DS   [-WA]
CS =0038 0000000000000000 ffffffff 00af9a00 DPL=0 CS64 [-R-]
SS =0030 0000000000000000 ffffffff 00cf9300 DPL=0 DS   [-WA]
DS =0030 0000000000000000 ffffffff 00cf9300 DPL=0 DS   [-WA]
FS =0030 0000000000000000 ffffffff 00cf9300 DPL=0 DS   [-WA]
GS =0030 0000000000000000 ffffffff 00cf9300 DPL=0 DS   [-WA]
LDT=0000 0000000000000000 0000ffff 00008200 DPL=0 LDT
TR =0000 0000000000000000 0000ffff 00008b00 DPL=0 TSS64-busy
GDT=     00000000079de000 00000047
IDT=     00000000074fa018 00000fff
CR0=80010033 CR2=0000000000000000 CR3=0000000007c01000 CR4=00000668
DR0=0000000000000000 DR1=0000000000000000 DR2=0000000000000000 DR3=0000000000000000 
DR6=00000000ffff0ff0 DR7=0000000000000400
CCS=0000000000000004 CCD=0000000000000000 CCO=EFLAGS
EFER=0000000000000d00
   698: v=20 e=0000 i=0 cpl=0 IP=0038:0000000007052c07 pc=0000000007052c07 SP=0030:0000000007efba60 env->regs[R_EAX]=00000000070a906f
RAX=00000000070a906f RBX=0000000000000017 RCX=00000000070a9058 RDX=0000000007efbbf8
RSI=0000000000000018 RDI=0000000000000001 RBP=0000000000000000 RSP=0000000007efba60
R8 =0000000000000018 R9 =0000000000000000 R10=0000000007f19a4d R11=0000000007059f00
R12=00000000070a9058 R13=0000000007efbbf8 R14=0000000000000001 R15=0000000007efbc10
RIP=0000000007052c07 RFL=00000206 [-----P-] CPL=0 II=0 A20=1 SMM=0 HLT=0
ES =0030 0000000000000000 ffffffff 00cf9300 DPL=0 DS   [-WA]
CS =0038 0000000000000000 ffffffff 00af9a00 DPL=0 CS64 [-R-]
SS =0030 0000000000000000 ffffffff 00cf9300 DPL=0 DS   [-WA]
DS =0030 0000000000000000 ffffffff 00cf9300 DPL=0 DS   [-WA]
FS =0030 0000000000000000 ffffffff 00cf9300 DPL=0 DS   [-WA]
GS =0030 0000000000000000 ffffffff 00cf9300 DPL=0 DS   [-WA]
LDT=0000 0000000000000000 0000ffff 00008200 DPL=0 LDT
TR =0000 0000000000000000 0000ffff 00008b00 DPL=0 TSS64-busy
GDT=     00000000079de000 00000047
IDT=     00000000074fa018 00000fff
CR0=80010033 CR2=0000000000000000 CR3=0000000007c01000 CR4=00000668
DR0=0000000000000000 DR1=0000000000000000 DR2=0000000000000000 DR3=0000000000000000 
DR6=00000000ffff0ff0 DR7=0000000000000400
CCS=0000000000000004 CCD=0000000000000000 CCO=EFLAGS
EFER=0000000000000d00
   699: v=20 e=0000 i=0 cpl=0 IP=0038:0000000007052c07 pc=0000000007052c07 SP=0030:0000000007efba60 env->regs[R_EAX]=00000000070a906f
RAX=00000000070a906f RBX=0000000000000017 RCX=00000000070a9058 RDX=0000000007efbbf8
RSI=0000000000000018 RDI=0000000000000001 RBP=0000000000000000 RSP=0000000007efba60
R8 =0000000000000018 R9 =0000000000000000 R10=0000000007f19a4d R11=0000000007059f00
R12=00000000070a9058 R13=0000000007efbbf8 R14=0000000000000001 R15=0000000007efbc10
RIP=0000000007052c07 RFL=00000206 [-----P-] CPL=0 II=0 A20=1 SMM=0 HLT=0
ES =0030 0000000000000000 ffffffff 00cf9300 DPL=0 DS   [-WA]
CS =0038 0000000000000000 ffffffff 00af9a00 DPL=0 CS64 [-R-]
SS =0030 0000000000000000 ffffffff 00cf9300 DPL=0 DS   [-WA]
DS =0030 0000000000000000 ffffffff 00cf9300 DPL=0 DS   [-WA]
FS =0030 0000000000000000 ffffffff 00cf9300 DPL=0 DS   [-WA]
GS =0030 0000000000000000 ffffffff 00cf9300 DPL=0 DS   [-WA]
LDT=0000 0000000000000000 0000ffff 00008200 DPL=0 LDT
TR =0000 0000000000000000 0000ffff 00008b00 DPL=0 TSS64-busy
GDT=     00000000079de000 00000047
IDT=     00000000074fa018 00000fff
CR0=80010033 CR2=0000000000000000 CR3=0000000007c01000 CR4=00000668
DR0=0000000000000000 DR1=0000000000000000 DR2=0000000000000000 DR3=0000000000000000 
DR6=00000000ffff0ff0 DR7=0000000000000400
CCS=0000000000000004 CCD=0000000000000000 CCO=EFLAGS
EFER=0000000000000d00
   700: v=20 e=0000 i=0 cpl=0 IP=0038:0000000007052c07 pc=0000000007052c07 SP=0030:0000000007efba60 env->regs[R_EAX]=00000000070a906f
RAX=00000000070a906f RBX=0000000000000017 RCX=00000000070a9058 RDX=0000000007efbbf8
RSI=0000000000000018 RDI=0000000000000001 RBP=0000000000000000 RSP=0000000007efba60
R8 =0000000000000018 R9 =0000000000000000 R10=0000000007f19a4d R11=0000000007059f00
R12=00000000070a9058 R13=0000000007efbbf8 R14=0000000000000001 R15=0000000007efbc10
RIP=0000000007052c07 RFL=00000206 [-----P-] CPL=0 II=0 A20=1 SMM=0 HLT=0
ES =0030 0000000000000000 ffffffff 00cf9300 DPL=0 DS   [-WA]
CS =0038 0000000000000000 ffffffff 00af9a00 DPL=0 CS64 [-R-]
SS =0030 0000000000000000 ffffffff 00cf9300 DPL=0 DS   [-WA]
DS =0030 0000000000000000 ffffffff 00cf9300 DPL=0 DS   [-WA]
FS =0030 0000000000000000 ffffffff 00cf9300 DPL=0 DS   [-WA]
GS =0030 0000000000000000 ffffffff 00cf9300 DPL=0 DS   [-WA]
LDT=0000 0000000000000000 0000ffff 00008200 DPL=0 LDT
TR =0000 0000000000000000 0000ffff 00008b00 DPL=0 TSS64-busy
GDT=     00000000079de000 00000047
IDT=     00000000074fa018 00000fff
CR0=80010033 CR2=0000000000000000 CR3=0000000007c01000 CR4=00000668
DR0=0000000000000000 DR1=0000000000000000 DR2=0000000000000000 DR3=0000000000000000 
DR6=00000000ffff0ff0 DR7=0000000000000400
CCS=0000000000000004 CCD=0000000000000000 CCO=EFLAGS
EFER=0000000000000d00
   701: v=20 e=0000 i=0 cpl=0 IP=0038:0000000007052c07 pc=0000000007052c07 SP=0030:0000000007efba60 env->regs[R_EAX]=00000000070a906f
RAX=00000000070a906f RBX=0000000000000017 RCX=00000000070a9058 RDX=0000000007efbbf8
RSI=0000000000000018 RDI=0000000000000001 RBP=0000000000000000 RSP=0000000007efba60
R8 =0000000000000018 R9 =0000000000000000 R10=0000000007f19a4d R11=0000000007059f00
R12=00000000070a9058 R13=0000000007efbbf8 R14=0000000000000001 R15=0000000007efbc10
RIP=0000000007052c07 RFL=00000206 [-----P-] CPL=0 II=0 A20=1 SMM=0 HLT=0
ES =0030 0000000000000000 ffffffff 00cf9300 DPL=0 DS   [-WA]
CS =0038 0000000000000000 ffffffff 00af9a00 DPL=0 CS64 [-R-]
SS =0030 0000000000000000 ffffffff 00cf9300 DPL=0 DS   [-WA]
DS =0030 0000000000000000 ffffffff 00cf9300 DPL=0 DS   [-WA]
FS =0030 0000000000000000 ffffffff 00cf9300 DPL=0 DS   [-WA]
GS =0030 0000000000000000 ffffffff 00cf9300 DPL=0 DS   [-WA]
LDT=0000 0000000000000000 0000ffff 00008200 DPL=0 LDT
TR =0000 0000000000000000 0000ffff 00008b00 DPL=0 TSS64-busy
GDT=     00000000079de000 00000047
IDT=     00000000074fa018 00000fff
CR0=80010033 CR2=0000000000000000 CR3=0000000007c01000 CR4=00000668
DR0=0000000000000000 DR1=0000000000000000 DR2=0000000000000000 DR3=0000000000000000 
DR6=00000000ffff0ff0 DR7=0000000000000400
CCS=0000000000000004 CCD=0000000000000000 CCO=EFLAGS
EFER=0000000000000d00
   702: v=20 e=0000 i=0 cpl=0 IP=0038:0000000007052c07 pc=0000000007052c07 SP=0030:0000000007efba60 env->regs[R_EAX]=00000000070a906f
RAX=00000000070a906f RBX=0000000000000017 RCX=00000000070a9058 RDX=0000000007efbbf8
RSI=0000000000000018 RDI=0000000000000001 RBP=0000000000000000 RSP=0000000007efba60
R8 =0000000000000018 R9 =0000000000000000 R10=0000000007f19a4d R11=0000000007059f00
R12=00000000070a9058 R13=0000000007efbbf8 R14=0000000000000001 R15=0000000007efbc10
RIP=0000000007052c07 RFL=00000206 [-----P-] CPL=0 II=0 A20=1 SMM=0 HLT=0
ES =0030 0000000000000000 ffffffff 00cf9300 DPL=0 DS   [-WA]
CS =0038 0000000000000000 ffffffff 00af9a00 DPL=0 CS64 [-R-]
SS =0030 0000000000000000 ffffffff 00cf9300 DPL=0 DS   [-WA]
DS =0030 0000000000000000 ffffffff 00cf9300 DPL=0 DS   [-WA]
FS =0030 0000000000000000 ffffffff 00cf9300 DPL=0 DS   [-WA]
GS =0030 0000000000000000 ffffffff 00cf9300 DPL=0 DS   [-WA]
LDT=0000 0000000000000000 0000ffff 00008200 DPL=0 LDT
TR =0000 0000000000000000 0000ffff 00008b00 DPL=0 TSS64-busy
GDT=     00000000079de000 00000047
IDT=     00000000074fa018 00000fff
CR0=80010033 CR2=0000000000000000 CR3=0000000007c01000 CR4=00000668
DR0=0000000000000000 DR1=0000000000000000 DR2=0000000000000000 DR3=0000000000000000 
DR6=00000000ffff0ff0 DR7=0000000000000400
CCS=0000000000000004 CCD=0000000000000000 CCO=EFLAGS
EFER=0000000000000d00
   703: v=20 e=0000 i=0 cpl=0 IP=0038:0000000007052c07 pc=0000000007052c07 SP=0030:0000000007efba60 env->regs[R_EAX]=00000000070a906f
RAX=00000000070a906f RBX=0000000000000017 RCX=00000000070a9058 RDX=0000000007efbbf8
RSI=0000000000000018 RDI=0000000000000001 RBP=0000000000000000 RSP=0000000007efba60
R8 =0000000000000018 R9 =0000000000000000 R10=0000000007f19a4d R11=0000000007059f00
R12=00000000070a9058 R13=0000000007efbbf8 R14=0000000000000001 R15=0000000007efbc10
RIP=0000000007052c07 RFL=00000206 [-----P-] CPL=0 II=0 A20=1 SMM=0 HLT=0
ES =0030 0000000000000000 ffffffff 00cf9300 DPL=0 DS   [-WA]
CS =0038 0000000000000000 ffffffff 00af9a00 DPL=0 CS64 [-R-]
SS =0030 0000000000000000 ffffffff 00cf9300 DPL=0 DS   [-WA]
DS =0030 0000000000000000 ffffffff 00cf9300 DPL=0 DS   [-WA]
FS =0030 0000000000000000 ffffffff 00cf9300 DPL=0 DS   [-WA]
GS =0030 0000000000000000 ffffffff 00cf9300 DPL=0 DS   [-WA]
LDT=0000 0000000000000000 0000ffff 00008200 DPL=0 LDT
TR =0000 0000000000000000 0000ffff 00008b00 DPL=0 TSS64-busy
GDT=     00000000079de000 00000047
IDT=     00000000074fa018 00000fff
CR0=80010033 CR2=0000000000000000 CR3=0000000007c01000 CR4=00000668
DR0=0000000000000000 DR1=0000000000000000 DR2=0000000000000000 DR3=0000000000000000 
DR6=00000000ffff0ff0 DR7=0000000000000400
CCS=0000000000000004 CCD=0000000000000000 CCO=EFLAGS
EFER=0000000000000d00
   704: v=20 e=0000 i=0 cpl=0 IP=0038:0000000007052c07 pc=0000000007052c07 SP=0030:0000000007efba60 env->regs[R_EAX]=00000000070a906f
RAX=00000000070a906f RBX=0000000000000017 RCX=00000000070a9058 RDX=0000000007efbbf8
RSI=0000000000000018 RDI=0000000000000001 RBP=0000000000000000 RSP=0000000007efba60
R8 =0000000000000018 R9 =0000000000000000 R10=0000000007f19a4d R11=0000000007059f00
R12=00000000070a9058 R13=0000000007efbbf8 R14=0000000000000001 R15=0000000007efbc10
RIP=0000000007052c07 RFL=00000206 [-----P-] CPL=0 II=0 A20=1 SMM=0 HLT=0
ES =0030 0000000000000000 ffffffff 00cf9300 DPL=0 DS   [-WA]
CS =0038 0000000000000000 ffffffff 00af9a00 DPL=0 CS64 [-R-]
SS =0030 0000000000000000 ffffffff 00cf9300 DPL=0 DS   [-WA]
DS =0030 0000000000000000 ffffffff 00cf9300 DPL=0 DS   [-WA]
FS =0030 0000000000000000 ffffffff 00cf9300 DPL=0 DS   [-WA]
GS =0030 0000000000000000 ffffffff 00cf9300 DPL=0 DS   [-WA]
LDT=0000 0000000000000000 0000ffff 00008200 DPL=0 LDT
TR =0000 0000000000000000 0000ffff 00008b00 DPL=0 TSS64-busy
GDT=     00000000079de000 00000047
IDT=     00000000074fa018 00000fff
CR0=80010033 CR2=0000000000000000 CR3=0000000007c01000 CR4=00000668
DR0=0000000000000000 DR1=0000000000000000 DR2=0000000000000000 DR3=0000000000000000 
DR6=00000000ffff0ff0 DR7=0000000000000400
CCS=0000000000000004 CCD=0000000000000000 CCO=EFLAGS
EFER=0000000000000d00
   705: v=20 e=0000 i=0 cpl=0 IP=0038:0000000007052c07 pc=0000000007052c07 SP=0030:0000000007efba60 env->regs[R_EAX]=00000000070a906f
RAX=00000000070a906f RBX=0000000000000017 RCX=00000000070a9058 RDX=0000000007efbbf8
RSI=0000000000000018 RDI=0000000000000001 RBP=0000000000000000 RSP=0000000007efba60
R8 =0000000000000018 R9 =0000000000000000 R10=0000000007f19a4d R11=0000000007059f00
R12=00000000070a9058 R13=0000000007efbbf8 R14=0000000000000001 R15=0000000007efbc10
RIP=0000000007052c07 RFL=00000206 [-----P-] CPL=0 II=0 A20=1 SMM=0 HLT=0
ES =0030 0000000000000000 ffffffff 00cf9300 DPL=0 DS   [-WA]
CS =0038 0000000000000000 ffffffff 00af9a00 DPL=0 CS64 [-R-]
SS =0030 0000000000000000 ffffffff 00cf9300 DPL=0 DS   [-WA]
DS =0030 0000000000000000 ffffffff 00cf9300 DPL=0 DS   [-WA]
FS =0030 0000000000000000 ffffffff 00cf9300 DPL=0 DS   [-WA]
GS =0030 0000000000000000 ffffffff 00cf9300 DPL=0 DS   [-WA]
LDT=0000 0000000000000000 0000ffff 00008200 DPL=0 LDT
TR =0000 0000000000000000 0000ffff 00008b00 DPL=0 TSS64-busy
GDT=     00000000079de000 00000047
IDT=     00000000074fa018 00000fff
CR0=80010033 CR2=0000000000000000 CR3=0000000007c01000 CR4=00000668
DR0=0000000000000000 DR1=0000000000000000 DR2=0000000000000000 DR3=0000000000000000 
DR6=00000000ffff0ff0 DR7=0000000000000400
CCS=0000000000000004 CCD=0000000000000000 CCO=EFLAGS
EFER=0000000000000d00
   706: v=20 e=0000 i=0 cpl=0 IP=0038:0000000007052c07 pc=0000000007052c07 SP=0030:0000000007efba60 env->regs[R_EAX]=00000000070a906f
RAX=00000000070a906f RBX=0000000000000017 RCX=00000000070a9058 RDX=0000000007efbbf8
RSI=0000000000000018 RDI=0000000000000001 RBP=0000000000000000 RSP=0000000007efba60
R8 =0000000000000018 R9 =0000000000000000 R10=0000000007f19a4d R11=0000000007059f00
R12=00000000070a9058 R13=0000000007efbbf8 R14=0000000000000001 R15=0000000007efbc10
RIP=0000000007052c07 RFL=00000206 [-----P-] CPL=0 II=0 A20=1 SMM=0 HLT=0
ES =0030 0000000000000000 ffffffff 00cf9300 DPL=0 DS   [-WA]
CS =0038 0000000000000000 ffffffff 00af9a00 DPL=0 CS64 [-R-]
SS =0030 0000000000000000 ffffffff 00cf9300 DPL=0 DS   [-WA]
DS =0030 0000000000000000 ffffffff 00cf9300 DPL=0 DS   [-WA]
FS =0030 0000000000000000 ffffffff 00cf9300 DPL=0 DS   [-WA]
GS =0030 0000000000000000 ffffffff 00cf9300 DPL=0 DS   [-WA]
LDT=0000 0000000000000000 0000ffff 00008200 DPL=0 LDT
TR =0000 0000000000000000 0000ffff 00008b00 DPL=0 TSS64-busy
GDT=     00000000079de000 00000047
IDT=     00000000074fa018 00000fff
CR0=80010033 CR2=0000000000000000 CR3=0000000007c01000 CR4=00000668
DR0=0000000000000000 DR1=0000000000000000 DR2=0000000000000000 DR3=0000000000000000 
DR6=00000000ffff0ff0 DR7=0000000000000400
CCS=0000000000000004 CCD=0000000000000000 CCO=EFLAGS
EFER=0000000000000d00
   707: v=20 e=0000 i=0 cpl=0 IP=0038:0000000007052c07 pc=0000000007052c07 SP=0030:0000000007efba60 env->regs[R_EAX]=00000000070a906f
RAX=00000000070a906f RBX=0000000000000017 RCX=00000000070a9058 RDX=0000000007efbbf8
RSI=0000000000000018 RDI=0000000000000001 RBP=0000000000000000 RSP=0000000007efba60
R8 =0000000000000018 R9 =0000000000000000 R10=0000000007f19a4d R11=0000000007059f00
R12=00000000070a9058 R13=0000000007efbbf8 R14=0000000000000001 R15=0000000007efbc10
RIP=0000000007052c07 RFL=00000206 [-----P-] CPL=0 II=0 A20=1 SMM=0 HLT=0
ES =0030 0000000000000000 ffffffff 00cf9300 DPL=0 DS   [-WA]
CS =0038 0000000000000000 ffffffff 00af9a00 DPL=0 CS64 [-R-]
SS =0030 0000000000000000 ffffffff 00cf9300 DPL=0 DS   [-WA]
DS =0030 0000000000000000 ffffffff 00cf9300 DPL=0 DS   [-WA]
FS =0030 0000000000000000 ffffffff 00cf9300 DPL=0 DS   [-WA]
GS =0030 0000000000000000 ffffffff 00cf9300 DPL=0 DS   [-WA]
LDT=0000 0000000000000000 0000ffff 00008200 DPL=0 LDT
TR =0000 0000000000000000 0000ffff 00008b00 DPL=0 TSS64-busy
GDT=     00000000079de000 00000047
IDT=     00000000074fa018 00000fff
CR0=80010033 CR2=0000000000000000 CR3=0000000007c01000 CR4=00000668
DR0=0000000000000000 DR1=0000000000000000 DR2=0000000000000000 DR3=0000000000000000 
DR6=00000000ffff0ff0 DR7=0000000000000400
CCS=0000000000000004 CCD=0000000000000000 CCO=EFLAGS
EFER=0000000000000d00
   708: v=20 e=0000 i=0 cpl=0 IP=0038:0000000007052c07 pc=0000000007052c07 SP=0030:0000000007efba60 env->regs[R_EAX]=00000000070a906f
RAX=00000000070a906f RBX=0000000000000017 RCX=00000000070a9058 RDX=0000000007efbbf8
RSI=0000000000000018 RDI=0000000000000001 RBP=0000000000000000 RSP=0000000007efba60
R8 =0000000000000018 R9 =0000000000000000 R10=0000000007f19a4d R11=0000000007059f00
R12=00000000070a9058 R13=0000000007efbbf8 R14=0000000000000001 R15=0000000007efbc10
RIP=0000000007052c07 RFL=00000206 [-----P-] CPL=0 II=0 A20=1 SMM=0 HLT=0
ES =0030 0000000000000000 ffffffff 00cf9300 DPL=0 DS   [-WA]
CS =0038 0000000000000000 ffffffff 00af9a00 DPL=0 CS64 [-R-]
SS =0030 0000000000000000 ffffffff 00cf9300 DPL=0 DS   [-WA]
DS =0030 0000000000000000 ffffffff 00cf9300 DPL=0 DS   [-WA]
FS =0030 0000000000000000 ffffffff 00cf9300 DPL=0 DS   [-WA]
GS =0030 0000000000000000 ffffffff 00cf9300 DPL=0 DS   [-WA]
LDT=0000 0000000000000000 0000ffff 00008200 DPL=0 LDT
TR =0000 0000000000000000 0000ffff 00008b00 DPL=0 TSS64-busy
GDT=     00000000079de000 00000047
IDT=     00000000074fa018 00000fff
CR0=80010033 CR2=0000000000000000 CR3=0000000007c01000 CR4=00000668
DR0=0000000000000000 DR1=0000000000000000 DR2=0000000000000000 DR3=0000000000000000 
DR6=00000000ffff0ff0 DR7=0000000000000400
CCS=0000000000000004 CCD=0000000000000000 CCO=EFLAGS
EFER=0000000000000d00
   709: v=20 e=0000 i=0 cpl=0 IP=0038:0000000007052c07 pc=0000000007052c07 SP=0030:0000000007efba60 env->regs[R_EAX]=00000000070a906f
RAX=00000000070a906f RBX=0000000000000017 RCX=00000000070a9058 RDX=0000000007efbbf8
RSI=0000000000000018 RDI=0000000000000001 RBP=0000000000000000 RSP=0000000007efba60
R8 =0000000000000018 R9 =0000000000000000 R10=0000000007f19a4d R11=0000000007059f00
R12=00000000070a9058 R13=0000000007efbbf8 R14=0000000000000001 R15=0000000007efbc10
RIP=0000000007052c07 RFL=00000206 [-----P-] CPL=0 II=0 A20=1 SMM=0 HLT=0
ES =0030 0000000000000000 ffffffff 00cf9300 DPL=0 DS   [-WA]
CS =0038 0000000000000000 ffffffff 00af9a00 DPL=0 CS64 [-R-]
SS =0030 0000000000000000 ffffffff 00cf9300 DPL=0 DS   [-WA]
DS =0030 0000000000000000 ffffffff 00cf9300 DPL=0 DS   [-WA]
FS =0030 0000000000000000 ffffffff 00cf9300 DPL=0 DS   [-WA]
GS =0030 0000000000000000 ffffffff 00cf9300 DPL=0 DS   [-WA]
LDT=0000 0000000000000000 0000ffff 00008200 DPL=0 LDT
TR =0000 0000000000000000 0000ffff 00008b00 DPL=0 TSS64-busy
GDT=     00000000079de000 00000047
IDT=     00000000074fa018 00000fff
CR0=80010033 CR2=0000000000000000 CR3=0000000007c01000 CR4=00000668
DR0=0000000000000000 DR1=0000000000000000 DR2=0000000000000000 DR3=0000000000000000 
DR6=00000000ffff0ff0 DR7=0000000000000400
CCS=0000000000000004 CCD=0000000000000000 CCO=EFLAGS
EFER=0000000000000d00
   710: v=20 e=0000 i=0 cpl=0 IP=0038:0000000007052c07 pc=0000000007052c07 SP=0030:0000000007efba60 env->regs[R_EAX]=00000000070a906f
RAX=00000000070a906f RBX=0000000000000017 RCX=00000000070a9058 RDX=0000000007efbbf8
RSI=0000000000000018 RDI=0000000000000001 RBP=0000000000000000 RSP=0000000007efba60
R8 =0000000000000018 R9 =0000000000000000 R10=0000000007f19a4d R11=0000000007059f00
R12=00000000070a9058 R13=0000000007efbbf8 R14=0000000000000001 R15=0000000007efbc10
RIP=0000000007052c07 RFL=00000206 [-----P-] CPL=0 II=0 A20=1 SMM=0 HLT=0
ES =0030 0000000000000000 ffffffff 00cf9300 DPL=0 DS   [-WA]
CS =0038 0000000000000000 ffffffff 00af9a00 DPL=0 CS64 [-R-]
SS =0030 0000000000000000 ffffffff 00cf9300 DPL=0 DS   [-WA]
DS =0030 0000000000000000 ffffffff 00cf9300 DPL=0 DS   [-WA]
FS =0030 0000000000000000 ffffffff 00cf9300 DPL=0 DS   [-WA]
GS =0030 0000000000000000 ffffffff 00cf9300 DPL=0 DS   [-WA]
LDT=0000 0000000000000000 0000ffff 00008200 DPL=0 LDT
TR =0000 0000000000000000 0000ffff 00008b00 DPL=0 TSS64-busy
GDT=     00000000079de000 00000047
IDT=     00000000074fa018 00000fff
CR0=80010033 CR2=0000000000000000 CR3=0000000007c01000 CR4=00000668
DR0=0000000000000000 DR1=0000000000000000 DR2=0000000000000000 DR3=0000000000000000 
DR6=00000000ffff0ff0 DR7=0000000000000400
CCS=0000000000000004 CCD=0000000000000000 CCO=EFLAGS
EFER=0000000000000d00
   711: v=20 e=0000 i=0 cpl=0 IP=0038:0000000007052c07 pc=0000000007052c07 SP=0030:0000000007efba60 env->regs[R_EAX]=00000000070a906f
RAX=00000000070a906f RBX=0000000000000017 RCX=00000000070a9058 RDX=0000000007efbbf8
RSI=0000000000000018 RDI=0000000000000001 RBP=0000000000000000 RSP=0000000007efba60
R8 =0000000000000018 R9 =0000000000000000 R10=0000000007f19a4d R11=0000000007059f00
R12=00000000070a9058 R13=0000000007efbbf8 R14=0000000000000001 R15=0000000007efbc10
RIP=0000000007052c07 RFL=00000206 [-----P-] CPL=0 II=0 A20=1 SMM=0 HLT=0
ES =0030 0000000000000000 ffffffff 00cf9300 DPL=0 DS   [-WA]
CS =0038 0000000000000000 ffffffff 00af9a00 DPL=0 CS64 [-R-]
SS =0030 0000000000000000 ffffffff 00cf9300 DPL=0 DS   [-WA]
DS =0030 0000000000000000 ffffffff 00cf9300 DPL=0 DS   [-WA]
FS =0030 0000000000000000 ffffffff 00cf9300 DPL=0 DS   [-WA]
GS =0030 0000000000000000 ffffffff 00cf9300 DPL=0 DS   [-WA]
LDT=0000 0000000000000000 0000ffff 00008200 DPL=0 LDT
TR =0000 0000000000000000 0000ffff 00008b00 DPL=0 TSS64-busy
GDT=     00000000079de000 00000047
IDT=     00000000074fa018 00000fff
CR0=80010033 CR2=0000000000000000 CR3=0000000007c01000 CR4=00000668
DR0=0000000000000000 DR1=0000000000000000 DR2=0000000000000000 DR3=0000000000000000 
DR6=00000000ffff0ff0 DR7=0000000000000400
CCS=0000000000000004 CCD=0000000000000000 CCO=EFLAGS
EFER=0000000000000d00
   712: v=20 e=0000 i=0 cpl=0 IP=0038:0000000007052c07 pc=0000000007052c07 SP=0030:0000000007efba60 env->regs[R_EAX]=00000000070a906f
RAX=00000000070a906f RBX=0000000000000017 RCX=00000000070a9058 RDX=0000000007efbbf8
RSI=0000000000000018 RDI=0000000000000001 RBP=0000000000000000 RSP=0000000007efba60
R8 =0000000000000018 R9 =0000000000000000 R10=0000000007f19a4d R11=0000000007059f00
R12=00000000070a9058 R13=0000000007efbbf8 R14=0000000000000001 R15=0000000007efbc10
RIP=0000000007052c07 RFL=00000206 [-----P-] CPL=0 II=0 A20=1 SMM=0 HLT=0
ES =0030 0000000000000000 ffffffff 00cf9300 DPL=0 DS   [-WA]
CS =0038 0000000000000000 ffffffff 00af9a00 DPL=0 CS64 [-R-]
SS =0030 0000000000000000 ffffffff 00cf9300 DPL=0 DS   [-WA]
DS =0030 0000000000000000 ffffffff 00cf9300 DPL=0 DS   [-WA]
FS =0030 0000000000000000 ffffffff 00cf9300 DPL=0 DS   [-WA]
GS =0030 0000000000000000 ffffffff 00cf9300 DPL=0 DS   [-WA]
LDT=0000 0000000000000000 0000ffff 00008200 DPL=0 LDT
TR =0000 0000000000000000 0000ffff 00008b00 DPL=0 TSS64-busy
GDT=     00000000079de000 00000047
IDT=     00000000074fa018 00000fff
CR0=80010033 CR2=0000000000000000 CR3=0000000007c01000 CR4=00000668
DR0=0000000000000000 DR1=0000000000000000 DR2=0000000000000000 DR3=0000000000000000 
DR6=00000000ffff0ff0 DR7=0000000000000400
CCS=0000000000000004 CCD=0000000000000000 CCO=EFLAGS
EFER=0000000000000d00
   713: v=20 e=0000 i=0 cpl=0 IP=0038:0000000007052c07 pc=0000000007052c07 SP=0030:0000000007efba60 env->regs[R_EAX]=00000000070a906f
RAX=00000000070a906f RBX=0000000000000017 RCX=00000000070a9058 RDX=0000000007efbbf8
RSI=0000000000000018 RDI=0000000000000001 RBP=0000000000000000 RSP=0000000007efba60
R8 =0000000000000018 R9 =0000000000000000 R10=0000000007f19a4d R11=0000000007059f00
R12=00000000070a9058 R13=0000000007efbbf8 R14=0000000000000001 R15=0000000007efbc10
RIP=0000000007052c07 RFL=00000206 [-----P-] CPL=0 II=0 A20=1 SMM=0 HLT=0
ES =0030 0000000000000000 ffffffff 00cf9300 DPL=0 DS   [-WA]
CS =0038 0000000000000000 ffffffff 00af9a00 DPL=0 CS64 [-R-]
SS =0030 0000000000000000 ffffffff 00cf9300 DPL=0 DS   [-WA]
DS =0030 0000000000000000 ffffffff 00cf9300 DPL=0 DS   [-WA]
FS =0030 0000000000000000 ffffffff 00cf9300 DPL=0 DS   [-WA]
GS =0030 0000000000000000 ffffffff 00cf9300 DPL=0 DS   [-WA]
LDT=0000 0000000000000000 0000ffff 00008200 DPL=0 LDT
TR =0000 0000000000000000 0000ffff 00008b00 DPL=0 TSS64-busy
GDT=     00000000079de000 00000047
IDT=     00000000074fa018 00000fff
CR0=80010033 CR2=0000000000000000 CR3=0000000007c01000 CR4=00000668
DR0=0000000000000000 DR1=0000000000000000 DR2=0000000000000000 DR3=0000000000000000 
DR6=00000000ffff0ff0 DR7=0000000000000400
CCS=0000000000000004 CCD=0000000000000000 CCO=EFLAGS
EFER=0000000000000d00
   714: v=20 e=0000 i=0 cpl=0 IP=0038:0000000007052c07 pc=0000000007052c07 SP=0030:0000000007efba60 env->regs[R_EAX]=00000000070a906f
RAX=00000000070a906f RBX=0000000000000017 RCX=00000000070a9058 RDX=0000000007efbbf8
RSI=0000000000000018 RDI=0000000000000001 RBP=0000000000000000 RSP=0000000007efba60
R8 =0000000000000018 R9 =0000000000000000 R10=0000000007f19a4d R11=0000000007059f00
R12=00000000070a9058 R13=0000000007efbbf8 R14=0000000000000001 R15=0000000007efbc10
RIP=0000000007052c07 RFL=00000206 [-----P-] CPL=0 II=0 A20=1 SMM=0 HLT=0
ES =0030 0000000000000000 ffffffff 00cf9300 DPL=0 DS   [-WA]
CS =0038 0000000000000000 ffffffff 00af9a00 DPL=0 CS64 [-R-]
SS =0030 0000000000000000 ffffffff 00cf9300 DPL=0 DS   [-WA]
DS =0030 0000000000000000 ffffffff 00cf9300 DPL=0 DS   [-WA]
FS =0030 0000000000000000 ffffffff 00cf9300 DPL=0 DS   [-WA]
GS =0030 0000000000000000 ffffffff 00cf9300 DPL=0 DS   [-WA]
LDT=0000 0000000000000000 0000ffff 00008200 DPL=0 LDT
TR =0000 0000000000000000 0000ffff 00008b00 DPL=0 TSS64-busy
GDT=     00000000079de000 00000047
IDT=     00000000074fa018 00000fff
CR0=80010033 CR2=0000000000000000 CR3=0000000007c01000 CR4=00000668
DR0=0000000000000000 DR1=0000000000000000 DR2=0000000000000000 DR3=0000000000000000 
DR6=00000000ffff0ff0 DR7=0000000000000400
CCS=0000000000000004 CCD=0000000000000000 CCO=EFLAGS
EFER=0000000000000d00
   715: v=20 e=0000 i=0 cpl=0 IP=0038:0000000007052c07 pc=0000000007052c07 SP=0030:0000000007efba60 env->regs[R_EAX]=00000000070a906f
RAX=00000000070a906f RBX=0000000000000017 RCX=00000000070a9058 RDX=0000000007efbbf8
RSI=0000000000000018 RDI=0000000000000001 RBP=0000000000000000 RSP=0000000007efba60
R8 =0000000000000018 R9 =0000000000000000 R10=0000000007f19a4d R11=0000000007059f00
R12=00000000070a9058 R13=0000000007efbbf8 R14=0000000000000001 R15=0000000007efbc10
RIP=0000000007052c07 RFL=00000206 [-----P-] CPL=0 II=0 A20=1 SMM=0 HLT=0
ES =0030 0000000000000000 ffffffff 00cf9300 DPL=0 DS   [-WA]
CS =0038 0000000000000000 ffffffff 00af9a00 DPL=0 CS64 [-R-]
SS =0030 0000000000000000 ffffffff 00cf9300 DPL=0 DS   [-WA]
DS =0030 0000000000000000 ffffffff 00cf9300 DPL=0 DS   [-WA]
FS =0030 0000000000000000 ffffffff 00cf9300 DPL=0 DS   [-WA]
GS =0030 0000000000000000 ffffffff 00cf9300 DPL=0 DS   [-WA]
LDT=0000 0000000000000000 0000ffff 00008200 DPL=0 LDT
TR =0000 0000000000000000 0000ffff 00008b00 DPL=0 TSS64-busy
GDT=     00000000079de000 00000047
IDT=     00000000074fa018 00000fff
CR0=80010033 CR2=0000000000000000 CR3=0000000007c01000 CR4=00000668
DR0=0000000000000000 DR1=0000000000000000 DR2=0000000000000000 DR3=0000000000000000 
DR6=00000000ffff0ff0 DR7=0000000000000400
CCS=0000000000000004 CCD=0000000000000000 CCO=EFLAGS
EFER=0000000000000d00
   716: v=20 e=0000 i=0 cpl=0 IP=0038:0000000007052c07 pc=0000000007052c07 SP=0030:0000000007efba60 env->regs[R_EAX]=00000000070a906f
RAX=00000000070a906f RBX=0000000000000017 RCX=00000000070a9058 RDX=0000000007efbbf8
RSI=0000000000000018 RDI=0000000000000001 RBP=0000000000000000 RSP=0000000007efba60
R8 =0000000000000018 R9 =0000000000000000 R10=0000000007f19a4d R11=0000000007059f00
R12=00000000070a9058 R13=0000000007efbbf8 R14=0000000000000001 R15=0000000007efbc10
RIP=0000000007052c07 RFL=00000206 [-----P-] CPL=0 II=0 A20=1 SMM=0 HLT=0
ES =0030 0000000000000000 ffffffff 00cf9300 DPL=0 DS   [-WA]
CS =0038 0000000000000000 ffffffff 00af9a00 DPL=0 CS64 [-R-]
SS =0030 0000000000000000 ffffffff 00cf9300 DPL=0 DS   [-WA]
DS =0030 0000000000000000 ffffffff 00cf9300 DPL=0 DS   [-WA]
FS =0030 0000000000000000 ffffffff 00cf9300 DPL=0 DS   [-WA]
GS =0030 0000000000000000 ffffffff 00cf9300 DPL=0 DS   [-WA]
LDT=0000 0000000000000000 0000ffff 00008200 DPL=0 LDT
TR =0000 0000000000000000 0000ffff 00008b00 DPL=0 TSS64-busy
GDT=     00000000079de000 00000047
IDT=     00000000074fa018 00000fff
CR0=80010033 CR2=0000000000000000 CR3=0000000007c01000 CR4=00000668
DR0=0000000000000000 DR1=0000000000000000 DR2=0000000000000000 DR3=0000000000000000 
DR6=00000000ffff0ff0 DR7=0000000000000400
CCS=0000000000000004 CCD=0000000000000000 CCO=EFLAGS
EFER=0000000000000d00
   717: v=20 e=0000 i=0 cpl=0 IP=0038:0000000007052c07 pc=0000000007052c07 SP=0030:0000000007efba60 env->regs[R_EAX]=00000000070a906f
RAX=00000000070a906f RBX=0000000000000017 RCX=00000000070a9058 RDX=0000000007efbbf8
RSI=0000000000000018 RDI=0000000000000001 RBP=0000000000000000 RSP=0000000007efba60
R8 =0000000000000018 R9 =0000000000000000 R10=0000000007f19a4d R11=0000000007059f00
R12=00000000070a9058 R13=0000000007efbbf8 R14=0000000000000001 R15=0000000007efbc10
RIP=0000000007052c07 RFL=00000206 [-----P-] CPL=0 II=0 A20=1 SMM=0 HLT=0
ES =0030 0000000000000000 ffffffff 00cf9300 DPL=0 DS   [-WA]
CS =0038 0000000000000000 ffffffff 00af9a00 DPL=0 CS64 [-R-]
SS =0030 0000000000000000 ffffffff 00cf9300 DPL=0 DS   [-WA]
DS =0030 0000000000000000 ffffffff 00cf9300 DPL=0 DS   [-WA]
FS =0030 0000000000000000 ffffffff 00cf9300 DPL=0 DS   [-WA]
GS =0030 0000000000000000 ffffffff 00cf9300 DPL=0 DS   [-WA]
LDT=0000 0000000000000000 0000ffff 00008200 DPL=0 LDT
TR =0000 0000000000000000 0000ffff 00008b00 DPL=0 TSS64-busy
GDT=     00000000079de000 00000047
IDT=     00000000074fa018 00000fff
CR0=80010033 CR2=0000000000000000 CR3=0000000007c01000 CR4=00000668
DR0=0000000000000000 DR1=0000000000000000 DR2=0000000000000000 DR3=0000000000000000 
DR6=00000000ffff0ff0 DR7=0000000000000400
CCS=0000000000000004 CCD=0000000000000000 CCO=EFLAGS
EFER=0000000000000d00
   718: v=20 e=0000 i=0 cpl=0 IP=0038:0000000007052c07 pc=0000000007052c07 SP=0030:0000000007efba60 env->regs[R_EAX]=00000000070a906f
RAX=00000000070a906f RBX=0000000000000017 RCX=00000000070a9058 RDX=0000000007efbbf8
RSI=0000000000000018 RDI=0000000000000001 RBP=0000000000000000 RSP=0000000007efba60
R8 =0000000000000018 R9 =0000000000000000 R10=0000000007f19a4d R11=0000000007059f00
R12=00000000070a9058 R13=0000000007efbbf8 R14=0000000000000001 R15=0000000007efbc10
RIP=0000000007052c07 RFL=00000206 [-----P-] CPL=0 II=0 A20=1 SMM=0 HLT=0
ES =0030 0000000000000000 ffffffff 00cf9300 DPL=0 DS   [-WA]
CS =0038 0000000000000000 ffffffff 00af9a00 DPL=0 CS64 [-R-]
SS =0030 0000000000000000 ffffffff 00cf9300 DPL=0 DS   [-WA]
DS =0030 0000000000000000 ffffffff 00cf9300 DPL=0 DS   [-WA]
FS =0030 0000000000000000 ffffffff 00cf9300 DPL=0 DS   [-WA]
GS =0030 0000000000000000 ffffffff 00cf9300 DPL=0 DS   [-WA]
LDT=0000 0000000000000000 0000ffff 00008200 DPL=0 LDT
TR =0000 0000000000000000 0000ffff 00008b00 DPL=0 TSS64-busy
GDT=     00000000079de000 00000047
IDT=     00000000074fa018 00000fff
CR0=80010033 CR2=0000000000000000 CR3=0000000007c01000 CR4=00000668
DR0=0000000000000000 DR1=0000000000000000 DR2=0000000000000000 DR3=0000000000000000 
DR6=00000000ffff0ff0 DR7=0000000000000400
CCS=0000000000000004 CCD=0000000000000000 CCO=EFLAGS
EFER=0000000000000d00
   719: v=20 e=0000 i=0 cpl=0 IP=0038:0000000007052c07 pc=0000000007052c07 SP=0030:0000000007efba60 env->regs[R_EAX]=00000000070a906f
RAX=00000000070a906f RBX=0000000000000017 RCX=00000000070a9058 RDX=0000000007efbbf8
RSI=0000000000000018 RDI=0000000000000001 RBP=0000000000000000 RSP=0000000007efba60
R8 =0000000000000018 R9 =0000000000000000 R10=0000000007f19a4d R11=0000000007059f00
R12=00000000070a9058 R13=0000000007efbbf8 R14=0000000000000001 R15=0000000007efbc10
RIP=0000000007052c07 RFL=00000206 [-----P-] CPL=0 II=0 A20=1 SMM=0 HLT=0
ES =0030 0000000000000000 ffffffff 00cf9300 DPL=0 DS   [-WA]
CS =0038 0000000000000000 ffffffff 00af9a00 DPL=0 CS64 [-R-]
SS =0030 0000000000000000 ffffffff 00cf9300 DPL=0 DS   [-WA]
DS =0030 0000000000000000 ffffffff 00cf9300 DPL=0 DS   [-WA]
FS =0030 0000000000000000 ffffffff 00cf9300 DPL=0 DS   [-WA]
GS =0030 0000000000000000 ffffffff 00cf9300 DPL=0 DS   [-WA]
LDT=0000 0000000000000000 0000ffff 00008200 DPL=0 LDT
TR =0000 0000000000000000 0000ffff 00008b00 DPL=0 TSS64-busy
GDT=     00000000079de000 00000047
IDT=     00000000074fa018 00000fff
CR0=80010033 CR2=0000000000000000 CR3=0000000007c01000 CR4=00000668
DR0=0000000000000000 DR1=0000000000000000 DR2=0000000000000000 DR3=0000000000000000 
DR6=00000000ffff0ff0 DR7=0000000000000400
CCS=0000000000000004 CCD=0000000000000000 CCO=EFLAGS
EFER=0000000000000d00
   720: v=20 e=0000 i=0 cpl=0 IP=0038:0000000007052c07 pc=0000000007052c07 SP=0030:0000000007efba60 env->regs[R_EAX]=00000000070a906f
RAX=00000000070a906f RBX=0000000000000017 RCX=00000000070a9058 RDX=0000000007efbbf8
RSI=0000000000000018 RDI=0000000000000001 RBP=0000000000000000 RSP=0000000007efba60
R8 =0000000000000018 R9 =0000000000000000 R10=0000000007f19a4d R11=0000000007059f00
R12=00000000070a9058 R13=0000000007efbbf8 R14=0000000000000001 R15=0000000007efbc10
RIP=0000000007052c07 RFL=00000206 [-----P-] CPL=0 II=0 A20=1 SMM=0 HLT=0
ES =0030 0000000000000000 ffffffff 00cf9300 DPL=0 DS   [-WA]
CS =0038 0000000000000000 ffffffff 00af9a00 DPL=0 CS64 [-R-]
SS =0030 0000000000000000 ffffffff 00cf9300 DPL=0 DS   [-WA]
DS =0030 0000000000000000 ffffffff 00cf9300 DPL=0 DS   [-WA]
FS =0030 0000000000000000 ffffffff 00cf9300 DPL=0 DS   [-WA]
GS =0030 0000000000000000 ffffffff 00cf9300 DPL=0 DS   [-WA]
LDT=0000 0000000000000000 0000ffff 00008200 DPL=0 LDT
TR =0000 0000000000000000 0000ffff 00008b00 DPL=0 TSS64-busy
GDT=     00000000079de000 00000047
IDT=     00000000074fa018 00000fff
CR0=80010033 CR2=0000000000000000 CR3=0000000007c01000 CR4=00000668
DR0=0000000000000000 DR1=0000000000000000 DR2=0000000000000000 DR3=0000000000000000 
DR6=00000000ffff0ff0 DR7=0000000000000400
CCS=0000000000000004 CCD=0000000000000000 CCO=EFLAGS
EFER=0000000000000d00
   721: v=20 e=0000 i=0 cpl=0 IP=0038:0000000007052c07 pc=0000000007052c07 SP=0030:0000000007efba60 env->regs[R_EAX]=00000000070a906f
RAX=00000000070a906f RBX=0000000000000017 RCX=00000000070a9058 RDX=0000000007efbbf8
RSI=0000000000000018 RDI=0000000000000001 RBP=0000000000000000 RSP=0000000007efba60
R8 =0000000000000018 R9 =0000000000000000 R10=0000000007f19a4d R11=0000000007059f00
R12=00000000070a9058 R13=0000000007efbbf8 R14=0000000000000001 R15=0000000007efbc10
RIP=0000000007052c07 RFL=00000206 [-----P-] CPL=0 II=0 A20=1 SMM=0 HLT=0
ES =0030 0000000000000000 ffffffff 00cf9300 DPL=0 DS   [-WA]
CS =0038 0000000000000000 ffffffff 00af9a00 DPL=0 CS64 [-R-]
SS =0030 0000000000000000 ffffffff 00cf9300 DPL=0 DS   [-WA]
DS =0030 0000000000000000 ffffffff 00cf9300 DPL=0 DS   [-WA]
FS =0030 0000000000000000 ffffffff 00cf9300 DPL=0 DS   [-WA]
GS =0030 0000000000000000 ffffffff 00cf9300 DPL=0 DS   [-WA]
LDT=0000 0000000000000000 0000ffff 00008200 DPL=0 LDT
TR =0000 0000000000000000 0000ffff 00008b00 DPL=0 TSS64-busy
GDT=     00000000079de000 00000047
IDT=     00000000074fa018 00000fff
CR0=80010033 CR2=0000000000000000 CR3=0000000007c01000 CR4=00000668
DR0=0000000000000000 DR1=0000000000000000 DR2=0000000000000000 DR3=0000000000000000 
DR6=00000000ffff0ff0 DR7=0000000000000400
CCS=0000000000000004 CCD=0000000000000000 CCO=EFLAGS
EFER=0000000000000d00
   722: v=20 e=0000 i=0 cpl=0 IP=0038:0000000007052c07 pc=0000000007052c07 SP=0030:0000000007efba60 env->regs[R_EAX]=00000000070a906f
RAX=00000000070a906f RBX=0000000000000017 RCX=00000000070a9058 RDX=0000000007efbbf8
RSI=0000000000000018 RDI=0000000000000001 RBP=0000000000000000 RSP=0000000007efba60
R8 =0000000000000018 R9 =0000000000000000 R10=0000000007f19a4d R11=0000000007059f00
R12=00000000070a9058 R13=0000000007efbbf8 R14=0000000000000001 R15=0000000007efbc10
RIP=0000000007052c07 RFL=00000206 [-----P-] CPL=0 II=0 A20=1 SMM=0 HLT=0
ES =0030 0000000000000000 ffffffff 00cf9300 DPL=0 DS   [-WA]
CS =0038 0000000000000000 ffffffff 00af9a00 DPL=0 CS64 [-R-]
SS =0030 0000000000000000 ffffffff 00cf9300 DPL=0 DS   [-WA]
DS =0030 0000000000000000 ffffffff 00cf9300 DPL=0 DS   [-WA]
FS =0030 0000000000000000 ffffffff 00cf9300 DPL=0 DS   [-WA]
GS =0030 0000000000000000 ffffffff 00cf9300 DPL=0 DS   [-WA]
LDT=0000 0000000000000000 0000ffff 00008200 DPL=0 LDT
TR =0000 0000000000000000 0000ffff 00008b00 DPL=0 TSS64-busy
GDT=     00000000079de000 00000047
IDT=     00000000074fa018 00000fff
CR0=80010033 CR2=0000000000000000 CR3=0000000007c01000 CR4=00000668
DR0=0000000000000000 DR1=0000000000000000 DR2=0000000000000000 DR3=0000000000000000 
DR6=00000000ffff0ff0 DR7=0000000000000400
CCS=0000000000000004 CCD=0000000000000000 CCO=EFLAGS
EFER=0000000000000d00
   723: v=20 e=0000 i=0 cpl=0 IP=0038:0000000007052c07 pc=0000000007052c07 SP=0030:0000000007efba60 env->regs[R_EAX]=00000000070a906f
RAX=00000000070a906f RBX=0000000000000017 RCX=00000000070a9058 RDX=0000000007efbbf8
RSI=0000000000000018 RDI=0000000000000001 RBP=0000000000000000 RSP=0000000007efba60
R8 =0000000000000018 R9 =0000000000000000 R10=0000000007f19a4d R11=0000000007059f00
R12=00000000070a9058 R13=0000000007efbbf8 R14=0000000000000001 R15=0000000007efbc10
RIP=0000000007052c07 RFL=00000206 [-----P-] CPL=0 II=0 A20=1 SMM=0 HLT=0
ES =0030 0000000000000000 ffffffff 00cf9300 DPL=0 DS   [-WA]
CS =0038 0000000000000000 ffffffff 00af9a00 DPL=0 CS64 [-R-]
SS =0030 0000000000000000 ffffffff 00cf9300 DPL=0 DS   [-WA]
DS =0030 0000000000000000 ffffffff 00cf9300 DPL=0 DS   [-WA]
FS =0030 0000000000000000 ffffffff 00cf9300 DPL=0 DS   [-WA]
GS =0030 0000000000000000 ffffffff 00cf9300 DPL=0 DS   [-WA]
LDT=0000 0000000000000000 0000ffff 00008200 DPL=0 LDT
TR =0000 0000000000000000 0000ffff 00008b00 DPL=0 TSS64-busy
GDT=     00000000079de000 00000047
IDT=     00000000074fa018 00000fff
CR0=80010033 CR2=0000000000000000 CR3=0000000007c01000 CR4=00000668
DR0=0000000000000000 DR1=0000000000000000 DR2=0000000000000000 DR3=0000000000000000 
DR6=00000000ffff0ff0 DR7=0000000000000400
CCS=0000000000000004 CCD=0000000000000000 CCO=EFLAGS
EFER=0000000000000d00
   724: v=20 e=0000 i=0 cpl=0 IP=0038:0000000007052c07 pc=0000000007052c07 SP=0030:0000000007efba60 env->regs[R_EAX]=00000000070a906f
RAX=00000000070a906f RBX=0000000000000017 RCX=00000000070a9058 RDX=0000000007efbbf8
RSI=0000000000000018 RDI=0000000000000001 RBP=0000000000000000 RSP=0000000007efba60
R8 =0000000000000018 R9 =0000000000000000 R10=0000000007f19a4d R11=0000000007059f00
R12=00000000070a9058 R13=0000000007efbbf8 R14=0000000000000001 R15=0000000007efbc10
RIP=0000000007052c07 RFL=00000206 [-----P-] CPL=0 II=0 A20=1 SMM=0 HLT=0
ES =0030 0000000000000000 ffffffff 00cf9300 DPL=0 DS   [-WA]
CS =0038 0000000000000000 ffffffff 00af9a00 DPL=0 CS64 [-R-]
SS =0030 0000000000000000 ffffffff 00cf9300 DPL=0 DS   [-WA]
DS =0030 0000000000000000 ffffffff 00cf9300 DPL=0 DS   [-WA]
FS =0030 0000000000000000 ffffffff 00cf9300 DPL=0 DS   [-WA]
GS =0030 0000000000000000 ffffffff 00cf9300 DPL=0 DS   [-WA]
LDT=0000 0000000000000000 0000ffff 00008200 DPL=0 LDT
TR =0000 0000000000000000 0000ffff 00008b00 DPL=0 TSS64-busy
GDT=     00000000079de000 00000047
IDT=     00000000074fa018 00000fff
CR0=80010033 CR2=0000000000000000 CR3=0000000007c01000 CR4=00000668
DR0=0000000000000000 DR1=0000000000000000 DR2=0000000000000000 DR3=0000000000000000 
DR6=00000000ffff0ff0 DR7=0000000000000400
CCS=0000000000000004 CCD=0000000000000000 CCO=EFLAGS
EFER=0000000000000d00
   725: v=20 e=0000 i=0 cpl=0 IP=0038:0000000007052c07 pc=0000000007052c07 SP=0030:0000000007efba60 env->regs[R_EAX]=00000000070a906f
RAX=00000000070a906f RBX=0000000000000017 RCX=00000000070a9058 RDX=0000000007efbbf8
RSI=0000000000000018 RDI=0000000000000001 RBP=0000000000000000 RSP=0000000007efba60
R8 =0000000000000018 R9 =0000000000000000 R10=0000000007f19a4d R11=0000000007059f00
R12=00000000070a9058 R13=0000000007efbbf8 R14=0000000000000001 R15=0000000007efbc10
RIP=0000000007052c07 RFL=00000206 [-----P-] CPL=0 II=0 A20=1 SMM=0 HLT=0
ES =0030 0000000000000000 ffffffff 00cf9300 DPL=0 DS   [-WA]
CS =0038 0000000000000000 ffffffff 00af9a00 DPL=0 CS64 [-R-]
SS =0030 0000000000000000 ffffffff 00cf9300 DPL=0 DS   [-WA]
DS =0030 0000000000000000 ffffffff 00cf9300 DPL=0 DS   [-WA]
FS =0030 0000000000000000 ffffffff 00cf9300 DPL=0 DS   [-WA]
GS =0030 0000000000000000 ffffffff 00cf9300 DPL=0 DS   [-WA]
LDT=0000 0000000000000000 0000ffff 00008200 DPL=0 LDT
TR =0000 0000000000000000 0000ffff 00008b00 DPL=0 TSS64-busy
GDT=     00000000079de000 00000047
IDT=     00000000074fa018 00000fff
CR0=80010033 CR2=0000000000000000 CR3=0000000007c01000 CR4=00000668
DR0=0000000000000000 DR1=0000000000000000 DR2=0000000000000000 DR3=0000000000000000 
DR6=00000000ffff0ff0 DR7=0000000000000400
CCS=0000000000000004 CCD=0000000000000000 CCO=EFLAGS
EFER=0000000000000d00
   726: v=20 e=0000 i=0 cpl=0 IP=0038:0000000007052c07 pc=0000000007052c07 SP=0030:0000000007efba60 env->regs[R_EAX]=00000000070a906f
RAX=00000000070a906f RBX=0000000000000017 RCX=00000000070a9058 RDX=0000000007efbbf8
RSI=0000000000000018 RDI=0000000000000001 RBP=0000000000000000 RSP=0000000007efba60
R8 =0000000000000018 R9 =0000000000000000 R10=0000000007f19a4d R11=0000000007059f00
R12=00000000070a9058 R13=0000000007efbbf8 R14=0000000000000001 R15=0000000007efbc10
RIP=0000000007052c07 RFL=00000206 [-----P-] CPL=0 II=0 A20=1 SMM=0 HLT=0
ES =0030 0000000000000000 ffffffff 00cf9300 DPL=0 DS   [-WA]
CS =0038 0000000000000000 ffffffff 00af9a00 DPL=0 CS64 [-R-]
SS =0030 0000000000000000 ffffffff 00cf9300 DPL=0 DS   [-WA]
DS =0030 0000000000000000 ffffffff 00cf9300 DPL=0 DS   [-WA]
FS =0030 0000000000000000 ffffffff 00cf9300 DPL=0 DS   [-WA]
GS =0030 0000000000000000 ffffffff 00cf9300 DPL=0 DS   [-WA]
LDT=0000 0000000000000000 0000ffff 00008200 DPL=0 LDT
TR =0000 0000000000000000 0000ffff 00008b00 DPL=0 TSS64-busy
GDT=     00000000079de000 00000047
IDT=     00000000074fa018 00000fff
CR0=80010033 CR2=0000000000000000 CR3=0000000007c01000 CR4=00000668
DR0=0000000000000000 DR1=0000000000000000 DR2=0000000000000000 DR3=0000000000000000 
DR6=00000000ffff0ff0 DR7=0000000000000400
CCS=0000000000000004 CCD=0000000000000000 CCO=EFLAGS
EFER=0000000000000d00
   727: v=20 e=0000 i=0 cpl=0 IP=0038:0000000007052c07 pc=0000000007052c07 SP=0030:0000000007efba60 env->regs[R_EAX]=00000000070a906f
RAX=00000000070a906f RBX=0000000000000017 RCX=00000000070a9058 RDX=0000000007efbbf8
RSI=0000000000000018 RDI=0000000000000001 RBP=0000000000000000 RSP=0000000007efba60
R8 =0000000000000018 R9 =0000000000000000 R10=0000000007f19a4d R11=0000000007059f00
R12=00000000070a9058 R13=0000000007efbbf8 R14=0000000000000001 R15=0000000007efbc10
RIP=0000000007052c07 RFL=00000206 [-----P-] CPL=0 II=0 A20=1 SMM=0 HLT=0
ES =0030 0000000000000000 ffffffff 00cf9300 DPL=0 DS   [-WA]
CS =0038 0000000000000000 ffffffff 00af9a00 DPL=0 CS64 [-R-]
SS =0030 0000000000000000 ffffffff 00cf9300 DPL=0 DS   [-WA]
DS =0030 0000000000000000 ffffffff 00cf9300 DPL=0 DS   [-WA]
FS =0030 0000000000000000 ffffffff 00cf9300 DPL=0 DS   [-WA]
GS =0030 0000000000000000 ffffffff 00cf9300 DPL=0 DS   [-WA]
LDT=0000 0000000000000000 0000ffff 00008200 DPL=0 LDT
TR =0000 0000000000000000 0000ffff 00008b00 DPL=0 TSS64-busy
GDT=     00000000079de000 00000047
IDT=     00000000074fa018 00000fff
CR0=80010033 CR2=0000000000000000 CR3=0000000007c01000 CR4=00000668
DR0=0000000000000000 DR1=0000000000000000 DR2=0000000000000000 DR3=0000000000000000 
DR6=00000000ffff0ff0 DR7=0000000000000400
CCS=0000000000000004 CCD=0000000000000000 CCO=EFLAGS
EFER=0000000000000d00
   728: v=20 e=0000 i=0 cpl=0 IP=0038:0000000007052c07 pc=0000000007052c07 SP=0030:0000000007efba60 env->regs[R_EAX]=00000000070a906f
RAX=00000000070a906f RBX=0000000000000017 RCX=00000000070a9058 RDX=0000000007efbbf8
RSI=0000000000000018 RDI=0000000000000001 RBP=0000000000000000 RSP=0000000007efba60
R8 =0000000000000018 R9 =0000000000000000 R10=0000000007f19a4d R11=0000000007059f00
R12=00000000070a9058 R13=0000000007efbbf8 R14=0000000000000001 R15=0000000007efbc10
RIP=0000000007052c07 RFL=00000206 [-----P-] CPL=0 II=0 A20=1 SMM=0 HLT=0
ES =0030 0000000000000000 ffffffff 00cf9300 DPL=0 DS   [-WA]
CS =0038 0000000000000000 ffffffff 00af9a00 DPL=0 CS64 [-R-]
SS =0030 0000000000000000 ffffffff 00cf9300 DPL=0 DS   [-WA]
DS =0030 0000000000000000 ffffffff 00cf9300 DPL=0 DS   [-WA]
FS =0030 0000000000000000 ffffffff 00cf9300 DPL=0 DS   [-WA]
GS =0030 0000000000000000 ffffffff 00cf9300 DPL=0 DS   [-WA]
LDT=0000 0000000000000000 0000ffff 00008200 DPL=0 LDT
TR =0000 0000000000000000 0000ffff 00008b00 DPL=0 TSS64-busy
GDT=     00000000079de000 00000047
IDT=     00000000074fa018 00000fff
CR0=80010033 CR2=0000000000000000 CR3=0000000007c01000 CR4=00000668
DR0=0000000000000000 DR1=0000000000000000 DR2=0000000000000000 DR3=0000000000000000 
DR6=00000000ffff0ff0 DR7=0000000000000400
CCS=0000000000000004 CCD=0000000000000000 CCO=EFLAGS
EFER=0000000000000d00
   729: v=20 e=0000 i=0 cpl=0 IP=0038:0000000007052c07 pc=0000000007052c07 SP=0030:0000000007efba60 env->regs[R_EAX]=00000000070a906f
RAX=00000000070a906f RBX=0000000000000017 RCX=00000000070a9058 RDX=0000000007efbbf8
RSI=0000000000000018 RDI=0000000000000001 RBP=0000000000000000 RSP=0000000007efba60
R8 =0000000000000018 R9 =0000000000000000 R10=0000000007f19a4d R11=0000000007059f00
R12=00000000070a9058 R13=0000000007efbbf8 R14=0000000000000001 R15=0000000007efbc10
RIP=0000000007052c07 RFL=00000206 [-----P-] CPL=0 II=0 A20=1 SMM=0 HLT=0
ES =0030 0000000000000000 ffffffff 00cf9300 DPL=0 DS   [-WA]
CS =0038 0000000000000000 ffffffff 00af9a00 DPL=0 CS64 [-R-]
SS =0030 0000000000000000 ffffffff 00cf9300 DPL=0 DS   [-WA]
DS =0030 0000000000000000 ffffffff 00cf9300 DPL=0 DS   [-WA]
FS =0030 0000000000000000 ffffffff 00cf9300 DPL=0 DS   [-WA]
GS =0030 0000000000000000 ffffffff 00cf9300 DPL=0 DS   [-WA]
LDT=0000 0000000000000000 0000ffff 00008200 DPL=0 LDT
TR =0000 0000000000000000 0000ffff 00008b00 DPL=0 TSS64-busy
GDT=     00000000079de000 00000047
IDT=     00000000074fa018 00000fff
CR0=80010033 CR2=0000000000000000 CR3=0000000007c01000 CR4=00000668
DR0=0000000000000000 DR1=0000000000000000 DR2=0000000000000000 DR3=0000000000000000 
DR6=00000000ffff0ff0 DR7=0000000000000400
CCS=0000000000000004 CCD=0000000000000000 CCO=EFLAGS
EFER=0000000000000d00
   730: v=20 e=0000 i=0 cpl=0 IP=0038:0000000007052c07 pc=0000000007052c07 SP=0030:0000000007efba60 env->regs[R_EAX]=00000000070a906f
RAX=00000000070a906f RBX=0000000000000017 RCX=00000000070a9058 RDX=0000000007efbbf8
RSI=0000000000000018 RDI=0000000000000001 RBP=0000000000000000 RSP=0000000007efba60
R8 =0000000000000018 R9 =0000000000000000 R10=0000000007f19a4d R11=0000000007059f00
R12=00000000070a9058 R13=0000000007efbbf8 R14=0000000000000001 R15=0000000007efbc10
RIP=0000000007052c07 RFL=00000206 [-----P-] CPL=0 II=0 A20=1 SMM=0 HLT=0
ES =0030 0000000000000000 ffffffff 00cf9300 DPL=0 DS   [-WA]
CS =0038 0000000000000000 ffffffff 00af9a00 DPL=0 CS64 [-R-]
SS =0030 0000000000000000 ffffffff 00cf9300 DPL=0 DS   [-WA]
DS =0030 0000000000000000 ffffffff 00cf9300 DPL=0 DS   [-WA]
FS =0030 0000000000000000 ffffffff 00cf9300 DPL=0 DS   [-WA]
GS =0030 0000000000000000 ffffffff 00cf9300 DPL=0 DS   [-WA]
LDT=0000 0000000000000000 0000ffff 00008200 DPL=0 LDT
TR =0000 0000000000000000 0000ffff 00008b00 DPL=0 TSS64-busy
GDT=     00000000079de000 00000047
IDT=     00000000074fa018 00000fff
CR0=80010033 CR2=0000000000000000 CR3=0000000007c01000 CR4=00000668
DR0=0000000000000000 DR1=0000000000000000 DR2=0000000000000000 DR3=0000000000000000 
DR6=00000000ffff0ff0 DR7=0000000000000400
CCS=0000000000000004 CCD=0000000000000000 CCO=EFLAGS
EFER=0000000000000d00
   731: v=20 e=0000 i=0 cpl=0 IP=0038:0000000007052c07 pc=0000000007052c07 SP=0030:0000000007efba60 env->regs[R_EAX]=00000000070a906f
RAX=00000000070a906f RBX=0000000000000017 RCX=00000000070a9058 RDX=0000000007efbbf8
RSI=0000000000000018 RDI=0000000000000001 RBP=0000000000000000 RSP=0000000007efba60
R8 =0000000000000018 R9 =0000000000000000 R10=0000000007f19a4d R11=0000000007059f00
R12=00000000070a9058 R13=0000000007efbbf8 R14=0000000000000001 R15=0000000007efbc10
RIP=0000000007052c07 RFL=00000206 [-----P-] CPL=0 II=0 A20=1 SMM=0 HLT=0
ES =0030 0000000000000000 ffffffff 00cf9300 DPL=0 DS   [-WA]
CS =0038 0000000000000000 ffffffff 00af9a00 DPL=0 CS64 [-R-]
SS =0030 0000000000000000 ffffffff 00cf9300 DPL=0 DS   [-WA]
DS =0030 0000000000000000 ffffffff 00cf9300 DPL=0 DS   [-WA]
FS =0030 0000000000000000 ffffffff 00cf9300 DPL=0 DS   [-WA]
GS =0030 0000000000000000 ffffffff 00cf9300 DPL=0 DS   [-WA]
LDT=0000 0000000000000000 0000ffff 00008200 DPL=0 LDT
TR =0000 0000000000000000 0000ffff 00008b00 DPL=0 TSS64-busy
GDT=     00000000079de000 00000047
IDT=     00000000074fa018 00000fff
CR0=80010033 CR2=0000000000000000 CR3=0000000007c01000 CR4=00000668
DR0=0000000000000000 DR1=0000000000000000 DR2=0000000000000000 DR3=0000000000000000 
DR6=00000000ffff0ff0 DR7=0000000000000400
CCS=0000000000000004 CCD=0000000000000000 CCO=EFLAGS
EFER=0000000000000d00
   732: v=20 e=0000 i=0 cpl=0 IP=0038:0000000007052c07 pc=0000000007052c07 SP=0030:0000000007efba60 env->regs[R_EAX]=00000000070a906f
RAX=00000000070a906f RBX=0000000000000017 RCX=00000000070a9058 RDX=0000000007efbbf8
RSI=0000000000000018 RDI=0000000000000001 RBP=0000000000000000 RSP=0000000007efba60
R8 =0000000000000018 R9 =0000000000000000 R10=0000000007f19a4d R11=0000000007059f00
R12=00000000070a9058 R13=0000000007efbbf8 R14=0000000000000001 R15=0000000007efbc10
RIP=0000000007052c07 RFL=00000206 [-----P-] CPL=0 II=0 A20=1 SMM=0 HLT=0
ES =0030 0000000000000000 ffffffff 00cf9300 DPL=0 DS   [-WA]
CS =0038 0000000000000000 ffffffff 00af9a00 DPL=0 CS64 [-R-]
SS =0030 0000000000000000 ffffffff 00cf9300 DPL=0 DS   [-WA]
DS =0030 0000000000000000 ffffffff 00cf9300 DPL=0 DS   [-WA]
FS =0030 0000000000000000 ffffffff 00cf9300 DPL=0 DS   [-WA]
GS =0030 0000000000000000 ffffffff 00cf9300 DPL=0 DS   [-WA]
LDT=0000 0000000000000000 0000ffff 00008200 DPL=0 LDT
TR =0000 0000000000000000 0000ffff 00008b00 DPL=0 TSS64-busy
GDT=     00000000079de000 00000047
IDT=     00000000074fa018 00000fff
CR0=80010033 CR2=0000000000000000 CR3=0000000007c01000 CR4=00000668
DR0=0000000000000000 DR1=0000000000000000 DR2=0000000000000000 DR3=0000000000000000 
DR6=00000000ffff0ff0 DR7=0000000000000400
CCS=0000000000000004 CCD=0000000000000000 CCO=EFLAGS
EFER=0000000000000d00
   733: v=20 e=0000 i=0 cpl=0 IP=0038:0000000007052c07 pc=0000000007052c07 SP=0030:0000000007efba60 env->regs[R_EAX]=00000000070a906f
RAX=00000000070a906f RBX=0000000000000017 RCX=00000000070a9058 RDX=0000000007efbbf8
RSI=0000000000000018 RDI=0000000000000001 RBP=0000000000000000 RSP=0000000007efba60
R8 =0000000000000018 R9 =0000000000000000 R10=0000000007f19a4d R11=0000000007059f00
R12=00000000070a9058 R13=0000000007efbbf8 R14=0000000000000001 R15=0000000007efbc10
RIP=0000000007052c07 RFL=00000206 [-----P-] CPL=0 II=0 A20=1 SMM=0 HLT=0
ES =0030 0000000000000000 ffffffff 00cf9300 DPL=0 DS   [-WA]
CS =0038 0000000000000000 ffffffff 00af9a00 DPL=0 CS64 [-R-]
SS =0030 0000000000000000 ffffffff 00cf9300 DPL=0 DS   [-WA]
DS =0030 0000000000000000 ffffffff 00cf9300 DPL=0 DS   [-WA]
FS =0030 0000000000000000 ffffffff 00cf9300 DPL=0 DS   [-WA]
GS =0030 0000000000000000 ffffffff 00cf9300 DPL=0 DS   [-WA]
LDT=0000 0000000000000000 0000ffff 00008200 DPL=0 LDT
TR =0000 0000000000000000 0000ffff 00008b00 DPL=0 TSS64-busy
GDT=     00000000079de000 00000047
IDT=     00000000074fa018 00000fff
CR0=80010033 CR2=0000000000000000 CR3=0000000007c01000 CR4=00000668
DR0=0000000000000000 DR1=0000000000000000 DR2=0000000000000000 DR3=0000000000000000 
DR6=00000000ffff0ff0 DR7=0000000000000400
CCS=0000000000000004 CCD=0000000000000000 CCO=EFLAGS
EFER=0000000000000d00
   734: v=20 e=0000 i=0 cpl=0 IP=0038:0000000007052c07 pc=0000000007052c07 SP=0030:0000000007efba60 env->regs[R_EAX]=00000000070a906f
RAX=00000000070a906f RBX=0000000000000017 RCX=00000000070a9058 RDX=0000000007efbbf8
RSI=0000000000000018 RDI=0000000000000001 RBP=0000000000000000 RSP=0000000007efba60
R8 =0000000000000018 R9 =0000000000000000 R10=0000000007f19a4d R11=0000000007059f00
R12=00000000070a9058 R13=0000000007efbbf8 R14=0000000000000001 R15=0000000007efbc10
RIP=0000000007052c07 RFL=00000206 [-----P-] CPL=0 II=0 A20=1 SMM=0 HLT=0
ES =0030 0000000000000000 ffffffff 00cf9300 DPL=0 DS   [-WA]
CS =0038 0000000000000000 ffffffff 00af9a00 DPL=0 CS64 [-R-]
SS =0030 0000000000000000 ffffffff 00cf9300 DPL=0 DS   [-WA]
DS =0030 0000000000000000 ffffffff 00cf9300 DPL=0 DS   [-WA]
FS =0030 0000000000000000 ffffffff 00cf9300 DPL=0 DS   [-WA]
GS =0030 0000000000000000 ffffffff 00cf9300 DPL=0 DS   [-WA]
LDT=0000 0000000000000000 0000ffff 00008200 DPL=0 LDT
TR =0000 0000000000000000 0000ffff 00008b00 DPL=0 TSS64-busy
GDT=     00000000079de000 00000047
IDT=     00000000074fa018 00000fff
CR0=80010033 CR2=0000000000000000 CR3=0000000007c01000 CR4=00000668
DR0=0000000000000000 DR1=0000000000000000 DR2=0000000000000000 DR3=0000000000000000 
DR6=00000000ffff0ff0 DR7=0000000000000400
CCS=0000000000000004 CCD=0000000000000000 CCO=EFLAGS
EFER=0000000000000d00
   735: v=20 e=0000 i=0 cpl=0 IP=0038:0000000007052c07 pc=0000000007052c07 SP=0030:0000000007efba60 env->regs[R_EAX]=00000000070a906f
RAX=00000000070a906f RBX=0000000000000017 RCX=00000000070a9058 RDX=0000000007efbbf8
RSI=0000000000000018 RDI=0000000000000001 RBP=0000000000000000 RSP=0000000007efba60
R8 =0000000000000018 R9 =0000000000000000 R10=0000000007f19a4d R11=0000000007059f00
R12=00000000070a9058 R13=0000000007efbbf8 R14=0000000000000001 R15=0000000007efbc10
RIP=0000000007052c07 RFL=00000206 [-----P-] CPL=0 II=0 A20=1 SMM=0 HLT=0
ES =0030 0000000000000000 ffffffff 00cf9300 DPL=0 DS   [-WA]
CS =0038 0000000000000000 ffffffff 00af9a00 DPL=0 CS64 [-R-]
SS =0030 0000000000000000 ffffffff 00cf9300 DPL=0 DS   [-WA]
DS =0030 0000000000000000 ffffffff 00cf9300 DPL=0 DS   [-WA]
FS =0030 0000000000000000 ffffffff 00cf9300 DPL=0 DS   [-WA]
GS =0030 0000000000000000 ffffffff 00cf9300 DPL=0 DS   [-WA]
LDT=0000 0000000000000000 0000ffff 00008200 DPL=0 LDT
TR =0000 0000000000000000 0000ffff 00008b00 DPL=0 TSS64-busy
GDT=     00000000079de000 00000047
IDT=     00000000074fa018 00000fff
CR0=80010033 CR2=0000000000000000 CR3=0000000007c01000 CR4=00000668
DR0=0000000000000000 DR1=0000000000000000 DR2=0000000000000000 DR3=0000000000000000 
DR6=00000000ffff0ff0 DR7=0000000000000400
CCS=0000000000000004 CCD=0000000000000000 CCO=EFLAGS
EFER=0000000000000d00
   736: v=20 e=0000 i=0 cpl=0 IP=0038:0000000007052c07 pc=0000000007052c07 SP=0030:0000000007efba60 env->regs[R_EAX]=00000000070a906f
RAX=00000000070a906f RBX=0000000000000017 RCX=00000000070a9058 RDX=0000000007efbbf8
RSI=0000000000000018 RDI=0000000000000001 RBP=0000000000000000 RSP=0000000007efba60
R8 =0000000000000018 R9 =0000000000000000 R10=0000000007f19a4d R11=0000000007059f00
R12=00000000070a9058 R13=0000000007efbbf8 R14=0000000000000001 R15=0000000007efbc10
RIP=0000000007052c07 RFL=00000206 [-----P-] CPL=0 II=0 A20=1 SMM=0 HLT=0
ES =0030 0000000000000000 ffffffff 00cf9300 DPL=0 DS   [-WA]
CS =0038 0000000000000000 ffffffff 00af9a00 DPL=0 CS64 [-R-]
SS =0030 0000000000000000 ffffffff 00cf9300 DPL=0 DS   [-WA]
DS =0030 0000000000000000 ffffffff 00cf9300 DPL=0 DS   [-WA]
FS =0030 0000000000000000 ffffffff 00cf9300 DPL=0 DS   [-WA]
GS =0030 0000000000000000 ffffffff 00cf9300 DPL=0 DS   [-WA]
LDT=0000 0000000000000000 0000ffff 00008200 DPL=0 LDT
TR =0000 0000000000000000 0000ffff 00008b00 DPL=0 TSS64-busy
GDT=     00000000079de000 00000047
IDT=     00000000074fa018 00000fff
CR0=80010033 CR2=0000000000000000 CR3=0000000007c01000 CR4=00000668
DR0=0000000000000000 DR1=0000000000000000 DR2=0000000000000000 DR3=0000000000000000 
DR6=00000000ffff0ff0 DR7=0000000000000400
CCS=0000000000000004 CCD=0000000000000000 CCO=EFLAGS
EFER=0000000000000d00
   737: v=20 e=0000 i=0 cpl=0 IP=0038:0000000007052c07 pc=0000000007052c07 SP=0030:0000000007efba60 env->regs[R_EAX]=00000000070a906f
RAX=00000000070a906f RBX=0000000000000017 RCX=00000000070a9058 RDX=0000000007efbbf8
RSI=0000000000000018 RDI=0000000000000001 RBP=0000000000000000 RSP=0000000007efba60
R8 =0000000000000018 R9 =0000000000000000 R10=0000000007f19a4d R11=0000000007059f00
R12=00000000070a9058 R13=0000000007efbbf8 R14=0000000000000001 R15=0000000007efbc10
RIP=0000000007052c07 RFL=00000206 [-----P-] CPL=0 II=0 A20=1 SMM=0 HLT=0
ES =0030 0000000000000000 ffffffff 00cf9300 DPL=0 DS   [-WA]
CS =0038 0000000000000000 ffffffff 00af9a00 DPL=0 CS64 [-R-]
SS =0030 0000000000000000 ffffffff 00cf9300 DPL=0 DS   [-WA]
DS =0030 0000000000000000 ffffffff 00cf9300 DPL=0 DS   [-WA]
FS =0030 0000000000000000 ffffffff 00cf9300 DPL=0 DS   [-WA]
GS =0030 0000000000000000 ffffffff 00cf9300 DPL=0 DS   [-WA]
LDT=0000 0000000000000000 0000ffff 00008200 DPL=0 LDT
TR =0000 0000000000000000 0000ffff 00008b00 DPL=0 TSS64-busy
GDT=     00000000079de000 00000047
IDT=     00000000074fa018 00000fff
CR0=80010033 CR2=0000000000000000 CR3=0000000007c01000 CR4=00000668
DR0=0000000000000000 DR1=0000000000000000 DR2=0000000000000000 DR3=0000000000000000 
DR6=00000000ffff0ff0 DR7=0000000000000400
CCS=0000000000000004 CCD=0000000000000000 CCO=EFLAGS
EFER=0000000000000d00
   738: v=20 e=0000 i=0 cpl=0 IP=0038:0000000007052c07 pc=0000000007052c07 SP=0030:0000000007efba60 env->regs[R_EAX]=00000000070a906f
RAX=00000000070a906f RBX=0000000000000017 RCX=00000000070a9058 RDX=0000000007efbbf8
RSI=0000000000000018 RDI=0000000000000001 RBP=0000000000000000 RSP=0000000007efba60
R8 =0000000000000018 R9 =0000000000000000 R10=0000000007f19a4d R11=0000000007059f00
R12=00000000070a9058 R13=0000000007efbbf8 R14=0000000000000001 R15=0000000007efbc10
RIP=0000000007052c07 RFL=00000206 [-----P-] CPL=0 II=0 A20=1 SMM=0 HLT=0
ES =0030 0000000000000000 ffffffff 00cf9300 DPL=0 DS   [-WA]
CS =0038 0000000000000000 ffffffff 00af9a00 DPL=0 CS64 [-R-]
SS =0030 0000000000000000 ffffffff 00cf9300 DPL=0 DS   [-WA]
DS =0030 0000000000000000 ffffffff 00cf9300 DPL=0 DS   [-WA]
FS =0030 0000000000000000 ffffffff 00cf9300 DPL=0 DS   [-WA]
GS =0030 0000000000000000 ffffffff 00cf9300 DPL=0 DS   [-WA]
LDT=0000 0000000000000000 0000ffff 00008200 DPL=0 LDT
TR =0000 0000000000000000 0000ffff 00008b00 DPL=0 TSS64-busy
GDT=     00000000079de000 00000047
IDT=     00000000074fa018 00000fff
CR0=80010033 CR2=0000000000000000 CR3=0000000007c01000 CR4=00000668
DR0=0000000000000000 DR1=0000000000000000 DR2=0000000000000000 DR3=0000000000000000 
DR6=00000000ffff0ff0 DR7=0000000000000400
CCS=0000000000000004 CCD=0000000000000000 CCO=EFLAGS
EFER=0000000000000d00
   739: v=20 e=0000 i=0 cpl=0 IP=0038:0000000007052c07 pc=0000000007052c07 SP=0030:0000000007efba60 env->regs[R_EAX]=00000000070a906f
RAX=00000000070a906f RBX=0000000000000017 RCX=00000000070a9058 RDX=0000000007efbbf8
RSI=0000000000000018 RDI=0000000000000001 RBP=0000000000000000 RSP=0000000007efba60
R8 =0000000000000018 R9 =0000000000000000 R10=0000000007f19a4d R11=0000000007059f00
R12=00000000070a9058 R13=0000000007efbbf8 R14=0000000000000001 R15=0000000007efbc10
RIP=0000000007052c07 RFL=00000206 [-----P-] CPL=0 II=0 A20=1 SMM=0 HLT=0
ES =0030 0000000000000000 ffffffff 00cf9300 DPL=0 DS   [-WA]
CS =0038 0000000000000000 ffffffff 00af9a00 DPL=0 CS64 [-R-]
SS =0030 0000000000000000 ffffffff 00cf9300 DPL=0 DS   [-WA]
DS =0030 0000000000000000 ffffffff 00cf9300 DPL=0 DS   [-WA]
FS =0030 0000000000000000 ffffffff 00cf9300 DPL=0 DS   [-WA]
GS =0030 0000000000000000 ffffffff 00cf9300 DPL=0 DS   [-WA]
LDT=0000 0000000000000000 0000ffff 00008200 DPL=0 LDT
TR =0000 0000000000000000 0000ffff 00008b00 DPL=0 TSS64-busy
GDT=     00000000079de000 00000047
IDT=     00000000074fa018 00000fff
CR0=80010033 CR2=0000000000000000 CR3=0000000007c01000 CR4=00000668
DR0=0000000000000000 DR1=0000000000000000 DR2=0000000000000000 DR3=0000000000000000 
DR6=00000000ffff0ff0 DR7=0000000000000400
CCS=0000000000000004 CCD=0000000000000000 CCO=EFLAGS
EFER=0000000000000d00
   740: v=20 e=0000 i=0 cpl=0 IP=0038:0000000007052c07 pc=0000000007052c07 SP=0030:0000000007efba60 env->regs[R_EAX]=00000000070a906f
RAX=00000000070a906f RBX=0000000000000017 RCX=00000000070a9058 RDX=0000000007efbbf8
RSI=0000000000000018 RDI=0000000000000001 RBP=0000000000000000 RSP=0000000007efba60
R8 =0000000000000018 R9 =0000000000000000 R10=0000000007f19a4d R11=0000000007059f00
R12=00000000070a9058 R13=0000000007efbbf8 R14=0000000000000001 R15=0000000007efbc10
RIP=0000000007052c07 RFL=00000206 [-----P-] CPL=0 II=0 A20=1 SMM=0 HLT=0
ES =0030 0000000000000000 ffffffff 00cf9300 DPL=0 DS   [-WA]
CS =0038 0000000000000000 ffffffff 00af9a00 DPL=0 CS64 [-R-]
SS =0030 0000000000000000 ffffffff 00cf9300 DPL=0 DS   [-WA]
DS =0030 0000000000000000 ffffffff 00cf9300 DPL=0 DS   [-WA]
FS =0030 0000000000000000 ffffffff 00cf9300 DPL=0 DS   [-WA]
GS =0030 0000000000000000 ffffffff 00cf9300 DPL=0 DS   [-WA]
LDT=0000 0000000000000000 0000ffff 00008200 DPL=0 LDT
TR =0000 0000000000000000 0000ffff 00008b00 DPL=0 TSS64-busy
GDT=     00000000079de000 00000047
IDT=     00000000074fa018 00000fff
CR0=80010033 CR2=0000000000000000 CR3=0000000007c01000 CR4=00000668
DR0=0000000000000000 DR1=0000000000000000 DR2=0000000000000000 DR3=0000000000000000 
DR6=00000000ffff0ff0 DR7=0000000000000400
CCS=0000000000000004 CCD=0000000000000000 CCO=EFLAGS
EFER=0000000000000d00
   741: v=20 e=0000 i=0 cpl=0 IP=0038:0000000007052c07 pc=0000000007052c07 SP=0030:0000000007efba60 env->regs[R_EAX]=00000000070a906f
RAX=00000000070a906f RBX=0000000000000017 RCX=00000000070a9058 RDX=0000000007efbbf8
RSI=0000000000000018 RDI=0000000000000001 RBP=0000000000000000 RSP=0000000007efba60
R8 =0000000000000018 R9 =0000000000000000 R10=0000000007f19a4d R11=0000000007059f00
R12=00000000070a9058 R13=0000000007efbbf8 R14=0000000000000001 R15=0000000007efbc10
RIP=0000000007052c07 RFL=00000206 [-----P-] CPL=0 II=0 A20=1 SMM=0 HLT=0
ES =0030 0000000000000000 ffffffff 00cf9300 DPL=0 DS   [-WA]
CS =0038 0000000000000000 ffffffff 00af9a00 DPL=0 CS64 [-R-]
SS =0030 0000000000000000 ffffffff 00cf9300 DPL=0 DS   [-WA]
DS =0030 0000000000000000 ffffffff 00cf9300 DPL=0 DS   [-WA]
FS =0030 0000000000000000 ffffffff 00cf9300 DPL=0 DS   [-WA]
GS =0030 0000000000000000 ffffffff 00cf9300 DPL=0 DS   [-WA]
LDT=0000 0000000000000000 0000ffff 00008200 DPL=0 LDT
TR =0000 0000000000000000 0000ffff 00008b00 DPL=0 TSS64-busy
GDT=     00000000079de000 00000047
IDT=     00000000074fa018 00000fff
CR0=80010033 CR2=0000000000000000 CR3=0000000007c01000 CR4=00000668
DR0=0000000000000000 DR1=0000000000000000 DR2=0000000000000000 DR3=0000000000000000 
DR6=00000000ffff0ff0 DR7=0000000000000400
CCS=0000000000000004 CCD=0000000000000000 CCO=EFLAGS
EFER=0000000000000d00
   742: v=20 e=0000 i=0 cpl=0 IP=0038:0000000007052c07 pc=0000000007052c07 SP=0030:0000000007efba60 env->regs[R_EAX]=00000000070a906f
RAX=00000000070a906f RBX=0000000000000017 RCX=00000000070a9058 RDX=0000000007efbbf8
RSI=0000000000000018 RDI=0000000000000001 RBP=0000000000000000 RSP=0000000007efba60
R8 =0000000000000018 R9 =0000000000000000 R10=0000000007f19a4d R11=0000000007059f00
R12=00000000070a9058 R13=0000000007efbbf8 R14=0000000000000001 R15=0000000007efbc10
RIP=0000000007052c07 RFL=00000206 [-----P-] CPL=0 II=0 A20=1 SMM=0 HLT=0
ES =0030 0000000000000000 ffffffff 00cf9300 DPL=0 DS   [-WA]
CS =0038 0000000000000000 ffffffff 00af9a00 DPL=0 CS64 [-R-]
SS =0030 0000000000000000 ffffffff 00cf9300 DPL=0 DS   [-WA]
DS =0030 0000000000000000 ffffffff 00cf9300 DPL=0 DS   [-WA]
FS =0030 0000000000000000 ffffffff 00cf9300 DPL=0 DS   [-WA]
GS =0030 0000000000000000 ffffffff 00cf9300 DPL=0 DS   [-WA]
LDT=0000 0000000000000000 0000ffff 00008200 DPL=0 LDT
TR =0000 0000000000000000 0000ffff 00008b00 DPL=0 TSS64-busy
GDT=     00000000079de000 00000047
IDT=     00000000074fa018 00000fff
CR0=80010033 CR2=0000000000000000 CR3=0000000007c01000 CR4=00000668
DR0=0000000000000000 DR1=0000000000000000 DR2=0000000000000000 DR3=0000000000000000 
DR6=00000000ffff0ff0 DR7=0000000000000400
CCS=0000000000000004 CCD=0000000000000000 CCO=EFLAGS
EFER=0000000000000d00
   743: v=20 e=0000 i=0 cpl=0 IP=0038:0000000007052c07 pc=0000000007052c07 SP=0030:0000000007efba60 env->regs[R_EAX]=00000000070a906f
RAX=00000000070a906f RBX=0000000000000017 RCX=00000000070a9058 RDX=0000000007efbbf8
RSI=0000000000000018 RDI=0000000000000001 RBP=0000000000000000 RSP=0000000007efba60
R8 =0000000000000018 R9 =0000000000000000 R10=0000000007f19a4d R11=0000000007059f00
R12=00000000070a9058 R13=0000000007efbbf8 R14=0000000000000001 R15=0000000007efbc10
RIP=0000000007052c07 RFL=00000206 [-----P-] CPL=0 II=0 A20=1 SMM=0 HLT=0
ES =0030 0000000000000000 ffffffff 00cf9300 DPL=0 DS   [-WA]
CS =0038 0000000000000000 ffffffff 00af9a00 DPL=0 CS64 [-R-]
SS =0030 0000000000000000 ffffffff 00cf9300 DPL=0 DS   [-WA]
DS =0030 0000000000000000 ffffffff 00cf9300 DPL=0 DS   [-WA]
FS =0030 0000000000000000 ffffffff 00cf9300 DPL=0 DS   [-WA]
GS =0030 0000000000000000 ffffffff 00cf9300 DPL=0 DS   [-WA]
LDT=0000 0000000000000000 0000ffff 00008200 DPL=0 LDT
TR =0000 0000000000000000 0000ffff 00008b00 DPL=0 TSS64-busy
GDT=     00000000079de000 00000047
IDT=     00000000074fa018 00000fff
CR0=80010033 CR2=0000000000000000 CR3=0000000007c01000 CR4=00000668
DR0=0000000000000000 DR1=0000000000000000 DR2=0000000000000000 DR3=0000000000000000 
DR6=00000000ffff0ff0 DR7=0000000000000400
CCS=0000000000000004 CCD=0000000000000000 CCO=EFLAGS
EFER=0000000000000d00
   744: v=20 e=0000 i=0 cpl=0 IP=0038:0000000007052c07 pc=0000000007052c07 SP=0030:0000000007efba60 env->regs[R_EAX]=00000000070a906f
RAX=00000000070a906f RBX=0000000000000017 RCX=00000000070a9058 RDX=0000000007efbbf8
RSI=0000000000000018 RDI=0000000000000001 RBP=0000000000000000 RSP=0000000007efba60
R8 =0000000000000018 R9 =0000000000000000 R10=0000000007f19a4d R11=0000000007059f00
R12=00000000070a9058 R13=0000000007efbbf8 R14=0000000000000001 R15=0000000007efbc10
RIP=0000000007052c07 RFL=00000206 [-----P-] CPL=0 II=0 A20=1 SMM=0 HLT=0
ES =0030 0000000000000000 ffffffff 00cf9300 DPL=0 DS   [-WA]
CS =0038 0000000000000000 ffffffff 00af9a00 DPL=0 CS64 [-R-]
SS =0030 0000000000000000 ffffffff 00cf9300 DPL=0 DS   [-WA]
DS =0030 0000000000000000 ffffffff 00cf9300 DPL=0 DS   [-WA]
FS =0030 0000000000000000 ffffffff 00cf9300 DPL=0 DS   [-WA]
GS =0030 0000000000000000 ffffffff 00cf9300 DPL=0 DS   [-WA]
LDT=0000 0000000000000000 0000ffff 00008200 DPL=0 LDT
TR =0000 0000000000000000 0000ffff 00008b00 DPL=0 TSS64-busy
GDT=     00000000079de000 00000047
IDT=     00000000074fa018 00000fff
CR0=80010033 CR2=0000000000000000 CR3=0000000007c01000 CR4=00000668
DR0=0000000000000000 DR1=0000000000000000 DR2=0000000000000000 DR3=0000000000000000 
DR6=00000000ffff0ff0 DR7=0000000000000400
CCS=0000000000000004 CCD=0000000000000000 CCO=EFLAGS
EFER=0000000000000d00
   745: v=20 e=0000 i=0 cpl=0 IP=0038:0000000007052c07 pc=0000000007052c07 SP=0030:0000000007efba60 env->regs[R_EAX]=00000000070a906f
RAX=00000000070a906f RBX=0000000000000017 RCX=00000000070a9058 RDX=0000000007efbbf8
RSI=0000000000000018 RDI=0000000000000001 RBP=0000000000000000 RSP=0000000007efba60
R8 =0000000000000018 R9 =0000000000000000 R10=0000000007f19a4d R11=0000000007059f00
R12=00000000070a9058 R13=0000000007efbbf8 R14=0000000000000001 R15=0000000007efbc10
RIP=0000000007052c07 RFL=00000206 [-----P-] CPL=0 II=0 A20=1 SMM=0 HLT=0
ES =0030 0000000000000000 ffffffff 00cf9300 DPL=0 DS   [-WA]
CS =0038 0000000000000000 ffffffff 00af9a00 DPL=0 CS64 [-R-]
SS =0030 0000000000000000 ffffffff 00cf9300 DPL=0 DS   [-WA]
DS =0030 0000000000000000 ffffffff 00cf9300 DPL=0 DS   [-WA]
FS =0030 0000000000000000 ffffffff 00cf9300 DPL=0 DS   [-WA]
GS =0030 0000000000000000 ffffffff 00cf9300 DPL=0 DS   [-WA]
LDT=0000 0000000000000000 0000ffff 00008200 DPL=0 LDT
TR =0000 0000000000000000 0000ffff 00008b00 DPL=0 TSS64-busy
GDT=     00000000079de000 00000047
IDT=     00000000074fa018 00000fff
CR0=80010033 CR2=0000000000000000 CR3=0000000007c01000 CR4=00000668
DR0=0000000000000000 DR1=0000000000000000 DR2=0000000000000000 DR3=0000000000000000 
DR6=00000000ffff0ff0 DR7=0000000000000400
CCS=0000000000000004 CCD=0000000000000000 CCO=EFLAGS
EFER=0000000000000d00
   746: v=20 e=0000 i=0 cpl=0 IP=0038:0000000007052c07 pc=0000000007052c07 SP=0030:0000000007efba60 env->regs[R_EAX]=00000000070a906f
RAX=00000000070a906f RBX=0000000000000017 RCX=00000000070a9058 RDX=0000000007efbbf8
RSI=0000000000000018 RDI=0000000000000001 RBP=0000000000000000 RSP=0000000007efba60
R8 =0000000000000018 R9 =0000000000000000 R10=0000000007f19a4d R11=0000000007059f00
R12=00000000070a9058 R13=0000000007efbbf8 R14=0000000000000001 R15=0000000007efbc10
RIP=0000000007052c07 RFL=00000206 [-----P-] CPL=0 II=0 A20=1 SMM=0 HLT=0
ES =0030 0000000000000000 ffffffff 00cf9300 DPL=0 DS   [-WA]
CS =0038 0000000000000000 ffffffff 00af9a00 DPL=0 CS64 [-R-]
SS =0030 0000000000000000 ffffffff 00cf9300 DPL=0 DS   [-WA]
DS =0030 0000000000000000 ffffffff 00cf9300 DPL=0 DS   [-WA]
FS =0030 0000000000000000 ffffffff 00cf9300 DPL=0 DS   [-WA]
GS =0030 0000000000000000 ffffffff 00cf9300 DPL=0 DS   [-WA]
LDT=0000 0000000000000000 0000ffff 00008200 DPL=0 LDT
TR =0000 0000000000000000 0000ffff 00008b00 DPL=0 TSS64-busy
GDT=     00000000079de000 00000047
IDT=     00000000074fa018 00000fff
CR0=80010033 CR2=0000000000000000 CR3=0000000007c01000 CR4=00000668
DR0=0000000000000000 DR1=0000000000000000 DR2=0000000000000000 DR3=0000000000000000 
DR6=00000000ffff0ff0 DR7=0000000000000400
CCS=0000000000000004 CCD=0000000000000000 CCO=EFLAGS
EFER=0000000000000d00
   747: v=20 e=0000 i=0 cpl=0 IP=0038:0000000007052c07 pc=0000000007052c07 SP=0030:0000000007efba60 env->regs[R_EAX]=00000000070a906f
RAX=00000000070a906f RBX=0000000000000017 RCX=00000000070a9058 RDX=0000000007efbbf8
RSI=0000000000000018 RDI=0000000000000001 RBP=0000000000000000 RSP=0000000007efba60
R8 =0000000000000018 R9 =0000000000000000 R10=0000000007f19a4d R11=0000000007059f00
R12=00000000070a9058 R13=0000000007efbbf8 R14=0000000000000001 R15=0000000007efbc10
RIP=0000000007052c07 RFL=00000206 [-----P-] CPL=0 II=0 A20=1 SMM=0 HLT=0
ES =0030 0000000000000000 ffffffff 00cf9300 DPL=0 DS   [-WA]
CS =0038 0000000000000000 ffffffff 00af9a00 DPL=0 CS64 [-R-]
SS =0030 0000000000000000 ffffffff 00cf9300 DPL=0 DS   [-WA]
DS =0030 0000000000000000 ffffffff 00cf9300 DPL=0 DS   [-WA]
FS =0030 0000000000000000 ffffffff 00cf9300 DPL=0 DS   [-WA]
GS =0030 0000000000000000 ffffffff 00cf9300 DPL=0 DS   [-WA]
LDT=0000 0000000000000000 0000ffff 00008200 DPL=0 LDT
TR =0000 0000000000000000 0000ffff 00008b00 DPL=0 TSS64-busy
GDT=     00000000079de000 00000047
IDT=     00000000074fa018 00000fff
CR0=80010033 CR2=0000000000000000 CR3=0000000007c01000 CR4=00000668
DR0=0000000000000000 DR1=0000000000000000 DR2=0000000000000000 DR3=0000000000000000 
DR6=00000000ffff0ff0 DR7=0000000000000400
CCS=0000000000000004 CCD=0000000000000000 CCO=EFLAGS
EFER=0000000000000d00
   748: v=20 e=0000 i=0 cpl=0 IP=0038:0000000007052c07 pc=0000000007052c07 SP=0030:0000000007efba60 env->regs[R_EAX]=00000000070a906f
RAX=00000000070a906f RBX=0000000000000017 RCX=00000000070a9058 RDX=0000000007efbbf8
RSI=0000000000000018 RDI=0000000000000001 RBP=0000000000000000 RSP=0000000007efba60
R8 =0000000000000018 R9 =0000000000000000 R10=0000000007f19a4d R11=0000000007059f00
R12=00000000070a9058 R13=0000000007efbbf8 R14=0000000000000001 R15=0000000007efbc10
RIP=0000000007052c07 RFL=00000206 [-----P-] CPL=0 II=0 A20=1 SMM=0 HLT=0
ES =0030 0000000000000000 ffffffff 00cf9300 DPL=0 DS   [-WA]
CS =0038 0000000000000000 ffffffff 00af9a00 DPL=0 CS64 [-R-]
SS =0030 0000000000000000 ffffffff 00cf9300 DPL=0 DS   [-WA]
DS =0030 0000000000000000 ffffffff 00cf9300 DPL=0 DS   [-WA]
FS =0030 0000000000000000 ffffffff 00cf9300 DPL=0 DS   [-WA]
GS =0030 0000000000000000 ffffffff 00cf9300 DPL=0 DS   [-WA]
LDT=0000 0000000000000000 0000ffff 00008200 DPL=0 LDT
TR =0000 0000000000000000 0000ffff 00008b00 DPL=0 TSS64-busy
GDT=     00000000079de000 00000047
IDT=     00000000074fa018 00000fff
CR0=80010033 CR2=0000000000000000 CR3=0000000007c01000 CR4=00000668
DR0=0000000000000000 DR1=0000000000000000 DR2=0000000000000000 DR3=0000000000000000 
DR6=00000000ffff0ff0 DR7=0000000000000400
CCS=0000000000000004 CCD=0000000000000000 CCO=EFLAGS
EFER=0000000000000d00
   749: v=20 e=0000 i=0 cpl=0 IP=0038:0000000007052c07 pc=0000000007052c07 SP=0030:0000000007efba60 env->regs[R_EAX]=00000000070a906f
RAX=00000000070a906f RBX=0000000000000017 RCX=00000000070a9058 RDX=0000000007efbbf8
RSI=0000000000000018 RDI=0000000000000001 RBP=0000000000000000 RSP=0000000007efba60
R8 =0000000000000018 R9 =0000000000000000 R10=0000000007f19a4d R11=0000000007059f00
R12=00000000070a9058 R13=0000000007efbbf8 R14=0000000000000001 R15=0000000007efbc10
RIP=0000000007052c07 RFL=00000206 [-----P-] CPL=0 II=0 A20=1 SMM=0 HLT=0
ES =0030 0000000000000000 ffffffff 00cf9300 DPL=0 DS   [-WA]
CS =0038 0000000000000000 ffffffff 00af9a00 DPL=0 CS64 [-R-]
SS =0030 0000000000000000 ffffffff 00cf9300 DPL=0 DS   [-WA]
DS =0030 0000000000000000 ffffffff 00cf9300 DPL=0 DS   [-WA]
FS =0030 0000000000000000 ffffffff 00cf9300 DPL=0 DS   [-WA]
GS =0030 0000000000000000 ffffffff 00cf9300 DPL=0 DS   [-WA]
LDT=0000 0000000000000000 0000ffff 00008200 DPL=0 LDT
TR =0000 0000000000000000 0000ffff 00008b00 DPL=0 TSS64-busy
GDT=     00000000079de000 00000047
IDT=     00000000074fa018 00000fff
CR0=80010033 CR2=0000000000000000 CR3=0000000007c01000 CR4=00000668
DR0=0000000000000000 DR1=0000000000000000 DR2=0000000000000000 DR3=0000000000000000 
DR6=00000000ffff0ff0 DR7=0000000000000400
CCS=0000000000000004 CCD=0000000000000000 CCO=EFLAGS
EFER=0000000000000d00
   750: v=20 e=0000 i=0 cpl=0 IP=0038:0000000007052c07 pc=0000000007052c07 SP=0030:0000000007efba60 env->regs[R_EAX]=00000000070a906f
RAX=00000000070a906f RBX=0000000000000017 RCX=00000000070a9058 RDX=0000000007efbbf8
RSI=0000000000000018 RDI=0000000000000001 RBP=0000000000000000 RSP=0000000007efba60
R8 =0000000000000018 R9 =0000000000000000 R10=0000000007f19a4d R11=0000000007059f00
R12=00000000070a9058 R13=0000000007efbbf8 R14=0000000000000001 R15=0000000007efbc10
RIP=0000000007052c07 RFL=00000206 [-----P-] CPL=0 II=0 A20=1 SMM=0 HLT=0
ES =0030 0000000000000000 ffffffff 00cf9300 DPL=0 DS   [-WA]
CS =0038 0000000000000000 ffffffff 00af9a00 DPL=0 CS64 [-R-]
SS =0030 0000000000000000 ffffffff 00cf9300 DPL=0 DS   [-WA]
DS =0030 0000000000000000 ffffffff 00cf9300 DPL=0 DS   [-WA]
FS =0030 0000000000000000 ffffffff 00cf9300 DPL=0 DS   [-WA]
GS =0030 0000000000000000 ffffffff 00cf9300 DPL=0 DS   [-WA]
LDT=0000 0000000000000000 0000ffff 00008200 DPL=0 LDT
TR =0000 0000000000000000 0000ffff 00008b00 DPL=0 TSS64-busy
GDT=     00000000079de000 00000047
IDT=     00000000074fa018 00000fff
CR0=80010033 CR2=0000000000000000 CR3=0000000007c01000 CR4=00000668
DR0=0000000000000000 DR1=0000000000000000 DR2=0000000000000000 DR3=0000000000000000 
DR6=00000000ffff0ff0 DR7=0000000000000400
CCS=0000000000000004 CCD=0000000000000000 CCO=EFLAGS
EFER=0000000000000d00
   751: v=20 e=0000 i=0 cpl=0 IP=0038:0000000007052c07 pc=0000000007052c07 SP=0030:0000000007efba60 env->regs[R_EAX]=00000000070a906f
RAX=00000000070a906f RBX=0000000000000017 RCX=00000000070a9058 RDX=0000000007efbbf8
RSI=0000000000000018 RDI=0000000000000001 RBP=0000000000000000 RSP=0000000007efba60
R8 =0000000000000018 R9 =0000000000000000 R10=0000000007f19a4d R11=0000000007059f00
R12=00000000070a9058 R13=0000000007efbbf8 R14=0000000000000001 R15=0000000007efbc10
RIP=0000000007052c07 RFL=00000206 [-----P-] CPL=0 II=0 A20=1 SMM=0 HLT=0
ES =0030 0000000000000000 ffffffff 00cf9300 DPL=0 DS   [-WA]
CS =0038 0000000000000000 ffffffff 00af9a00 DPL=0 CS64 [-R-]
SS =0030 0000000000000000 ffffffff 00cf9300 DPL=0 DS   [-WA]
DS =0030 0000000000000000 ffffffff 00cf9300 DPL=0 DS   [-WA]
FS =0030 0000000000000000 ffffffff 00cf9300 DPL=0 DS   [-WA]
GS =0030 0000000000000000 ffffffff 00cf9300 DPL=0 DS   [-WA]
LDT=0000 0000000000000000 0000ffff 00008200 DPL=0 LDT
TR =0000 0000000000000000 0000ffff 00008b00 DPL=0 TSS64-busy
GDT=     00000000079de000 00000047
IDT=     00000000074fa018 00000fff
CR0=80010033 CR2=0000000000000000 CR3=0000000007c01000 CR4=00000668
DR0=0000000000000000 DR1=0000000000000000 DR2=0000000000000000 DR3=0000000000000000 
DR6=00000000ffff0ff0 DR7=0000000000000400
CCS=0000000000000004 CCD=0000000000000000 CCO=EFLAGS
EFER=0000000000000d00
   752: v=20 e=0000 i=0 cpl=0 IP=0038:0000000007052c07 pc=0000000007052c07 SP=0030:0000000007efba60 env->regs[R_EAX]=00000000070a906f
RAX=00000000070a906f RBX=0000000000000017 RCX=00000000070a9058 RDX=0000000007efbbf8
RSI=0000000000000018 RDI=0000000000000001 RBP=0000000000000000 RSP=0000000007efba60
R8 =0000000000000018 R9 =0000000000000000 R10=0000000007f19a4d R11=0000000007059f00
R12=00000000070a9058 R13=0000000007efbbf8 R14=0000000000000001 R15=0000000007efbc10
RIP=0000000007052c07 RFL=00000206 [-----P-] CPL=0 II=0 A20=1 SMM=0 HLT=0
ES =0030 0000000000000000 ffffffff 00cf9300 DPL=0 DS   [-WA]
CS =0038 0000000000000000 ffffffff 00af9a00 DPL=0 CS64 [-R-]
SS =0030 0000000000000000 ffffffff 00cf9300 DPL=0 DS   [-WA]
DS =0030 0000000000000000 ffffffff 00cf9300 DPL=0 DS   [-WA]
FS =0030 0000000000000000 ffffffff 00cf9300 DPL=0 DS   [-WA]
GS =0030 0000000000000000 ffffffff 00cf9300 DPL=0 DS   [-WA]
LDT=0000 0000000000000000 0000ffff 00008200 DPL=0 LDT
TR =0000 0000000000000000 0000ffff 00008b00 DPL=0 TSS64-busy
GDT=     00000000079de000 00000047
IDT=     00000000074fa018 00000fff
CR0=80010033 CR2=0000000000000000 CR3=0000000007c01000 CR4=00000668
DR0=0000000000000000 DR1=0000000000000000 DR2=0000000000000000 DR3=0000000000000000 
DR6=00000000ffff0ff0 DR7=0000000000000400
CCS=0000000000000004 CCD=0000000000000000 CCO=EFLAGS
EFER=0000000000000d00
   753: v=20 e=0000 i=0 cpl=0 IP=0038:0000000007052c07 pc=0000000007052c07 SP=0030:0000000007efba60 env->regs[R_EAX]=00000000070a906f
RAX=00000000070a906f RBX=0000000000000017 RCX=00000000070a9058 RDX=0000000007efbbf8
RSI=0000000000000018 RDI=0000000000000001 RBP=0000000000000000 RSP=0000000007efba60
R8 =0000000000000018 R9 =0000000000000000 R10=0000000007f19a4d R11=0000000007059f00
R12=00000000070a9058 R13=0000000007efbbf8 R14=0000000000000001 R15=0000000007efbc10
RIP=0000000007052c07 RFL=00000206 [-----P-] CPL=0 II=0 A20=1 SMM=0 HLT=0
ES =0030 0000000000000000 ffffffff 00cf9300 DPL=0 DS   [-WA]
CS =0038 0000000000000000 ffffffff 00af9a00 DPL=0 CS64 [-R-]
SS =0030 0000000000000000 ffffffff 00cf9300 DPL=0 DS   [-WA]
DS =0030 0000000000000000 ffffffff 00cf9300 DPL=0 DS   [-WA]
FS =0030 0000000000000000 ffffffff 00cf9300 DPL=0 DS   [-WA]
GS =0030 0000000000000000 ffffffff 00cf9300 DPL=0 DS   [-WA]
LDT=0000 0000000000000000 0000ffff 00008200 DPL=0 LDT
TR =0000 0000000000000000 0000ffff 00008b00 DPL=0 TSS64-busy
GDT=     00000000079de000 00000047
IDT=     00000000074fa018 00000fff
CR0=80010033 CR2=0000000000000000 CR3=0000000007c01000 CR4=00000668
DR0=0000000000000000 DR1=0000000000000000 DR2=0000000000000000 DR3=0000000000000000 
DR6=00000000ffff0ff0 DR7=0000000000000400
CCS=0000000000000004 CCD=0000000000000000 CCO=EFLAGS
EFER=0000000000000d00
   754: v=20 e=0000 i=0 cpl=0 IP=0038:0000000007052c07 pc=0000000007052c07 SP=0030:0000000007efba60 env->regs[R_EAX]=00000000070a906f
RAX=00000000070a906f RBX=0000000000000017 RCX=00000000070a9058 RDX=0000000007efbbf8
RSI=0000000000000018 RDI=0000000000000001 RBP=0000000000000000 RSP=0000000007efba60
R8 =0000000000000018 R9 =0000000000000000 R10=0000000007f19a4d R11=0000000007059f00
R12=00000000070a9058 R13=0000000007efbbf8 R14=0000000000000001 R15=0000000007efbc10
RIP=0000000007052c07 RFL=00000206 [-----P-] CPL=0 II=0 A20=1 SMM=0 HLT=0
ES =0030 0000000000000000 ffffffff 00cf9300 DPL=0 DS   [-WA]
CS =0038 0000000000000000 ffffffff 00af9a00 DPL=0 CS64 [-R-]
SS =0030 0000000000000000 ffffffff 00cf9300 DPL=0 DS   [-WA]
DS =0030 0000000000000000 ffffffff 00cf9300 DPL=0 DS   [-WA]
FS =0030 0000000000000000 ffffffff 00cf9300 DPL=0 DS   [-WA]
GS =0030 0000000000000000 ffffffff 00cf9300 DPL=0 DS   [-WA]
LDT=0000 0000000000000000 0000ffff 00008200 DPL=0 LDT
TR =0000 0000000000000000 0000ffff 00008b00 DPL=0 TSS64-busy
GDT=     00000000079de000 00000047
IDT=     00000000074fa018 00000fff
CR0=80010033 CR2=0000000000000000 CR3=0000000007c01000 CR4=00000668
DR0=0000000000000000 DR1=0000000000000000 DR2=0000000000000000 DR3=0000000000000000 
DR6=00000000ffff0ff0 DR7=0000000000000400
CCS=0000000000000004 CCD=0000000000000000 CCO=EFLAGS
EFER=0000000000000d00
   755: v=20 e=0000 i=0 cpl=0 IP=0038:0000000007052c07 pc=0000000007052c07 SP=0030:0000000007efba60 env->regs[R_EAX]=00000000070a906f
RAX=00000000070a906f RBX=0000000000000017 RCX=00000000070a9058 RDX=0000000007efbbf8
RSI=0000000000000018 RDI=0000000000000001 RBP=0000000000000000 RSP=0000000007efba60
R8 =0000000000000018 R9 =0000000000000000 R10=0000000007f19a4d R11=0000000007059f00
R12=00000000070a9058 R13=0000000007efbbf8 R14=0000000000000001 R15=0000000007efbc10
RIP=0000000007052c07 RFL=00000206 [-----P-] CPL=0 II=0 A20=1 SMM=0 HLT=0
ES =0030 0000000000000000 ffffffff 00cf9300 DPL=0 DS   [-WA]
CS =0038 0000000000000000 ffffffff 00af9a00 DPL=0 CS64 [-R-]
SS =0030 0000000000000000 ffffffff 00cf9300 DPL=0 DS   [-WA]
DS =0030 0000000000000000 ffffffff 00cf9300 DPL=0 DS   [-WA]
FS =0030 0000000000000000 ffffffff 00cf9300 DPL=0 DS   [-WA]
GS =0030 0000000000000000 ffffffff 00cf9300 DPL=0 DS   [-WA]
LDT=0000 0000000000000000 0000ffff 00008200 DPL=0 LDT
TR =0000 0000000000000000 0000ffff 00008b00 DPL=0 TSS64-busy
GDT=     00000000079de000 00000047
IDT=     00000000074fa018 00000fff
CR0=80010033 CR2=0000000000000000 CR3=0000000007c01000 CR4=00000668
DR0=0000000000000000 DR1=0000000000000000 DR2=0000000000000000 DR3=0000000000000000 
DR6=00000000ffff0ff0 DR7=0000000000000400
CCS=0000000000000004 CCD=0000000000000000 CCO=EFLAGS
EFER=0000000000000d00
   756: v=20 e=0000 i=0 cpl=0 IP=0038:0000000007052c07 pc=0000000007052c07 SP=0030:0000000007efba60 env->regs[R_EAX]=00000000070a906f
RAX=00000000070a906f RBX=0000000000000017 RCX=00000000070a9058 RDX=0000000007efbbf8
RSI=0000000000000018 RDI=0000000000000001 RBP=0000000000000000 RSP=0000000007efba60
R8 =0000000000000018 R9 =0000000000000000 R10=0000000007f19a4d R11=0000000007059f00
R12=00000000070a9058 R13=0000000007efbbf8 R14=0000000000000001 R15=0000000007efbc10
RIP=0000000007052c07 RFL=00000206 [-----P-] CPL=0 II=0 A20=1 SMM=0 HLT=0
ES =0030 0000000000000000 ffffffff 00cf9300 DPL=0 DS   [-WA]
CS =0038 0000000000000000 ffffffff 00af9a00 DPL=0 CS64 [-R-]
SS =0030 0000000000000000 ffffffff 00cf9300 DPL=0 DS   [-WA]
DS =0030 0000000000000000 ffffffff 00cf9300 DPL=0 DS   [-WA]
FS =0030 0000000000000000 ffffffff 00cf9300 DPL=0 DS   [-WA]
GS =0030 0000000000000000 ffffffff 00cf9300 DPL=0 DS   [-WA]
LDT=0000 0000000000000000 0000ffff 00008200 DPL=0 LDT
TR =0000 0000000000000000 0000ffff 00008b00 DPL=0 TSS64-busy
GDT=     00000000079de000 00000047
IDT=     00000000074fa018 00000fff
CR0=80010033 CR2=0000000000000000 CR3=0000000007c01000 CR4=00000668
DR0=0000000000000000 DR1=0000000000000000 DR2=0000000000000000 DR3=0000000000000000 
DR6=00000000ffff0ff0 DR7=0000000000000400
CCS=0000000000000004 CCD=0000000000000000 CCO=EFLAGS
EFER=0000000000000d00
   757: v=20 e=0000 i=0 cpl=0 IP=0038:0000000007052c07 pc=0000000007052c07 SP=0030:0000000007efba60 env->regs[R_EAX]=00000000070a906f
RAX=00000000070a906f RBX=0000000000000017 RCX=00000000070a9058 RDX=0000000007efbbf8
RSI=0000000000000018 RDI=0000000000000001 RBP=0000000000000000 RSP=0000000007efba60
R8 =0000000000000018 R9 =0000000000000000 R10=0000000007f19a4d R11=0000000007059f00
R12=00000000070a9058 R13=0000000007efbbf8 R14=0000000000000001 R15=0000000007efbc10
RIP=0000000007052c07 RFL=00000206 [-----P-] CPL=0 II=0 A20=1 SMM=0 HLT=0
ES =0030 0000000000000000 ffffffff 00cf9300 DPL=0 DS   [-WA]
CS =0038 0000000000000000 ffffffff 00af9a00 DPL=0 CS64 [-R-]
SS =0030 0000000000000000 ffffffff 00cf9300 DPL=0 DS   [-WA]
DS =0030 0000000000000000 ffffffff 00cf9300 DPL=0 DS   [-WA]
FS =0030 0000000000000000 ffffffff 00cf9300 DPL=0 DS   [-WA]
GS =0030 0000000000000000 ffffffff 00cf9300 DPL=0 DS   [-WA]
LDT=0000 0000000000000000 0000ffff 00008200 DPL=0 LDT
TR =0000 0000000000000000 0000ffff 00008b00 DPL=0 TSS64-busy
GDT=     00000000079de000 00000047
IDT=     00000000074fa018 00000fff
CR0=80010033 CR2=0000000000000000 CR3=0000000007c01000 CR4=00000668
DR0=0000000000000000 DR1=0000000000000000 DR2=0000000000000000 DR3=0000000000000000 
DR6=00000000ffff0ff0 DR7=0000000000000400
CCS=0000000000000004 CCD=0000000000000000 CCO=EFLAGS
EFER=0000000000000d00
   758: v=20 e=0000 i=0 cpl=0 IP=0038:0000000007052c07 pc=0000000007052c07 SP=0030:0000000007efba60 env->regs[R_EAX]=00000000070a906f
RAX=00000000070a906f RBX=0000000000000017 RCX=00000000070a9058 RDX=0000000007efbbf8
RSI=0000000000000018 RDI=0000000000000001 RBP=0000000000000000 RSP=0000000007efba60
R8 =0000000000000018 R9 =0000000000000000 R10=0000000007f19a4d R11=0000000007059f00
R12=00000000070a9058 R13=0000000007efbbf8 R14=0000000000000001 R15=0000000007efbc10
RIP=0000000007052c07 RFL=00000206 [-----P-] CPL=0 II=0 A20=1 SMM=0 HLT=0
ES =0030 0000000000000000 ffffffff 00cf9300 DPL=0 DS   [-WA]
CS =0038 0000000000000000 ffffffff 00af9a00 DPL=0 CS64 [-R-]
SS =0030 0000000000000000 ffffffff 00cf9300 DPL=0 DS   [-WA]
DS =0030 0000000000000000 ffffffff 00cf9300 DPL=0 DS   [-WA]
FS =0030 0000000000000000 ffffffff 00cf9300 DPL=0 DS   [-WA]
GS =0030 0000000000000000 ffffffff 00cf9300 DPL=0 DS   [-WA]
LDT=0000 0000000000000000 0000ffff 00008200 DPL=0 LDT
TR =0000 0000000000000000 0000ffff 00008b00 DPL=0 TSS64-busy
GDT=     00000000079de000 00000047
IDT=     00000000074fa018 00000fff
CR0=80010033 CR2=0000000000000000 CR3=0000000007c01000 CR4=00000668
DR0=0000000000000000 DR1=0000000000000000 DR2=0000000000000000 DR3=0000000000000000 
DR6=00000000ffff0ff0 DR7=0000000000000400
CCS=0000000000000004 CCD=0000000000000000 CCO=EFLAGS
EFER=0000000000000d00
   759: v=20 e=0000 i=0 cpl=0 IP=0038:0000000007052c07 pc=0000000007052c07 SP=0030:0000000007efba60 env->regs[R_EAX]=00000000070a906f
RAX=00000000070a906f RBX=0000000000000017 RCX=00000000070a9058 RDX=0000000007efbbf8
RSI=0000000000000018 RDI=0000000000000001 RBP=0000000000000000 RSP=0000000007efba60
R8 =0000000000000018 R9 =0000000000000000 R10=0000000007f19a4d R11=0000000007059f00
R12=00000000070a9058 R13=0000000007efbbf8 R14=0000000000000001 R15=0000000007efbc10
RIP=0000000007052c07 RFL=00000206 [-----P-] CPL=0 II=0 A20=1 SMM=0 HLT=0
ES =0030 0000000000000000 ffffffff 00cf9300 DPL=0 DS   [-WA]
CS =0038 0000000000000000 ffffffff 00af9a00 DPL=0 CS64 [-R-]
SS =0030 0000000000000000 ffffffff 00cf9300 DPL=0 DS   [-WA]
DS =0030 0000000000000000 ffffffff 00cf9300 DPL=0 DS   [-WA]
FS =0030 0000000000000000 ffffffff 00cf9300 DPL=0 DS   [-WA]
GS =0030 0000000000000000 ffffffff 00cf9300 DPL=0 DS   [-WA]
LDT=0000 0000000000000000 0000ffff 00008200 DPL=0 LDT
TR =0000 0000000000000000 0000ffff 00008b00 DPL=0 TSS64-busy
GDT=     00000000079de000 00000047
IDT=     00000000074fa018 00000fff
CR0=80010033 CR2=0000000000000000 CR3=0000000007c01000 CR4=00000668
DR0=0000000000000000 DR1=0000000000000000 DR2=0000000000000000 DR3=0000000000000000 
DR6=00000000ffff0ff0 DR7=0000000000000400
CCS=0000000000000004 CCD=0000000000000000 CCO=EFLAGS
EFER=0000000000000d00
   760: v=20 e=0000 i=0 cpl=0 IP=0038:0000000007052c07 pc=0000000007052c07 SP=0030:0000000007efba60 env->regs[R_EAX]=00000000070a906f
RAX=00000000070a906f RBX=0000000000000017 RCX=00000000070a9058 RDX=0000000007efbbf8
RSI=0000000000000018 RDI=0000000000000001 RBP=0000000000000000 RSP=0000000007efba60
R8 =0000000000000018 R9 =0000000000000000 R10=0000000007f19a4d R11=0000000007059f00
R12=00000000070a9058 R13=0000000007efbbf8 R14=0000000000000001 R15=0000000007efbc10
RIP=0000000007052c07 RFL=00000206 [-----P-] CPL=0 II=0 A20=1 SMM=0 HLT=0
ES =0030 0000000000000000 ffffffff 00cf9300 DPL=0 DS   [-WA]
CS =0038 0000000000000000 ffffffff 00af9a00 DPL=0 CS64 [-R-]
SS =0030 0000000000000000 ffffffff 00cf9300 DPL=0 DS   [-WA]
DS =0030 0000000000000000 ffffffff 00cf9300 DPL=0 DS   [-WA]
FS =0030 0000000000000000 ffffffff 00cf9300 DPL=0 DS   [-WA]
GS =0030 0000000000000000 ffffffff 00cf9300 DPL=0 DS   [-WA]
LDT=0000 0000000000000000 0000ffff 00008200 DPL=0 LDT
TR =0000 0000000000000000 0000ffff 00008b00 DPL=0 TSS64-busy
GDT=     00000000079de000 00000047
IDT=     00000000074fa018 00000fff
CR0=80010033 CR2=0000000000000000 CR3=0000000007c01000 CR4=00000668
DR0=0000000000000000 DR1=0000000000000000 DR2=0000000000000000 DR3=0000000000000000 
DR6=00000000ffff0ff0 DR7=0000000000000400
CCS=0000000000000004 CCD=0000000000000000 CCO=EFLAGS
EFER=0000000000000d00
   761: v=20 e=0000 i=0 cpl=0 IP=0038:0000000007052c07 pc=0000000007052c07 SP=0030:0000000007efba60 env->regs[R_EAX]=00000000070a906f
RAX=00000000070a906f RBX=0000000000000017 RCX=00000000070a9058 RDX=0000000007efbbf8
RSI=0000000000000018 RDI=0000000000000001 RBP=0000000000000000 RSP=0000000007efba60
R8 =0000000000000018 R9 =0000000000000000 R10=0000000007f19a4d R11=0000000007059f00
R12=00000000070a9058 R13=0000000007efbbf8 R14=0000000000000001 R15=0000000007efbc10
RIP=0000000007052c07 RFL=00000206 [-----P-] CPL=0 II=0 A20=1 SMM=0 HLT=0
ES =0030 0000000000000000 ffffffff 00cf9300 DPL=0 DS   [-WA]
CS =0038 0000000000000000 ffffffff 00af9a00 DPL=0 CS64 [-R-]
SS =0030 0000000000000000 ffffffff 00cf9300 DPL=0 DS   [-WA]
DS =0030 0000000000000000 ffffffff 00cf9300 DPL=0 DS   [-WA]
FS =0030 0000000000000000 ffffffff 00cf9300 DPL=0 DS   [-WA]
GS =0030 0000000000000000 ffffffff 00cf9300 DPL=0 DS   [-WA]
LDT=0000 0000000000000000 0000ffff 00008200 DPL=0 LDT
TR =0000 0000000000000000 0000ffff 00008b00 DPL=0 TSS64-busy
GDT=     00000000079de000 00000047
IDT=     00000000074fa018 00000fff
CR0=80010033 CR2=0000000000000000 CR3=0000000007c01000 CR4=00000668
DR0=0000000000000000 DR1=0000000000000000 DR2=0000000000000000 DR3=0000000000000000 
DR6=00000000ffff0ff0 DR7=0000000000000400
CCS=0000000000000004 CCD=0000000000000000 CCO=EFLAGS
EFER=0000000000000d00
   762: v=20 e=0000 i=0 cpl=0 IP=0038:0000000007052c07 pc=0000000007052c07 SP=0030:0000000007efba60 env->regs[R_EAX]=00000000070a906f
RAX=00000000070a906f RBX=0000000000000017 RCX=00000000070a9058 RDX=0000000007efbbf8
RSI=0000000000000018 RDI=0000000000000001 RBP=0000000000000000 RSP=0000000007efba60
R8 =0000000000000018 R9 =0000000000000000 R10=0000000007f19a4d R11=0000000007059f00
R12=00000000070a9058 R13=0000000007efbbf8 R14=0000000000000001 R15=0000000007efbc10
RIP=0000000007052c07 RFL=00000206 [-----P-] CPL=0 II=0 A20=1 SMM=0 HLT=0
ES =0030 0000000000000000 ffffffff 00cf9300 DPL=0 DS   [-WA]
CS =0038 0000000000000000 ffffffff 00af9a00 DPL=0 CS64 [-R-]
SS =0030 0000000000000000 ffffffff 00cf9300 DPL=0 DS   [-WA]
DS =0030 0000000000000000 ffffffff 00cf9300 DPL=0 DS   [-WA]
FS =0030 0000000000000000 ffffffff 00cf9300 DPL=0 DS   [-WA]
GS =0030 0000000000000000 ffffffff 00cf9300 DPL=0 DS   [-WA]
LDT=0000 0000000000000000 0000ffff 00008200 DPL=0 LDT
TR =0000 0000000000000000 0000ffff 00008b00 DPL=0 TSS64-busy
GDT=     00000000079de000 00000047
IDT=     00000000074fa018 00000fff
CR0=80010033 CR2=0000000000000000 CR3=0000000007c01000 CR4=00000668
DR0=0000000000000000 DR1=0000000000000000 DR2=0000000000000000 DR3=0000000000000000 
DR6=00000000ffff0ff0 DR7=0000000000000400
CCS=0000000000000004 CCD=0000000000000000 CCO=EFLAGS
EFER=0000000000000d00
   763: v=20 e=0000 i=0 cpl=0 IP=0038:0000000007052c07 pc=0000000007052c07 SP=0030:0000000007efba60 env->regs[R_EAX]=00000000070a906f
RAX=00000000070a906f RBX=0000000000000017 RCX=00000000070a9058 RDX=0000000007efbbf8
RSI=0000000000000018 RDI=0000000000000001 RBP=0000000000000000 RSP=0000000007efba60
R8 =0000000000000018 R9 =0000000000000000 R10=0000000007f19a4d R11=0000000007059f00
R12=00000000070a9058 R13=0000000007efbbf8 R14=0000000000000001 R15=0000000007efbc10
RIP=0000000007052c07 RFL=00000206 [-----P-] CPL=0 II=0 A20=1 SMM=0 HLT=0
ES =0030 0000000000000000 ffffffff 00cf9300 DPL=0 DS   [-WA]
CS =0038 0000000000000000 ffffffff 00af9a00 DPL=0 CS64 [-R-]
SS =0030 0000000000000000 ffffffff 00cf9300 DPL=0 DS   [-WA]
DS =0030 0000000000000000 ffffffff 00cf9300 DPL=0 DS   [-WA]
FS =0030 0000000000000000 ffffffff 00cf9300 DPL=0 DS   [-WA]
GS =0030 0000000000000000 ffffffff 00cf9300 DPL=0 DS   [-WA]
LDT=0000 0000000000000000 0000ffff 00008200 DPL=0 LDT
TR =0000 0000000000000000 0000ffff 00008b00 DPL=0 TSS64-busy
GDT=     00000000079de000 00000047
IDT=     00000000074fa018 00000fff
CR0=80010033 CR2=0000000000000000 CR3=0000000007c01000 CR4=00000668
DR0=0000000000000000 DR1=0000000000000000 DR2=0000000000000000 DR3=0000000000000000 
DR6=00000000ffff0ff0 DR7=0000000000000400
CCS=0000000000000004 CCD=0000000000000000 CCO=EFLAGS
EFER=0000000000000d00
   764: v=20 e=0000 i=0 cpl=0 IP=0038:0000000007052c07 pc=0000000007052c07 SP=0030:0000000007efba60 env->regs[R_EAX]=00000000070a906f
RAX=00000000070a906f RBX=0000000000000017 RCX=00000000070a9058 RDX=0000000007efbbf8
RSI=0000000000000018 RDI=0000000000000001 RBP=0000000000000000 RSP=0000000007efba60
R8 =0000000000000018 R9 =0000000000000000 R10=0000000007f19a4d R11=0000000007059f00
R12=00000000070a9058 R13=0000000007efbbf8 R14=0000000000000001 R15=0000000007efbc10
RIP=0000000007052c07 RFL=00000206 [-----P-] CPL=0 II=0 A20=1 SMM=0 HLT=0
ES =0030 0000000000000000 ffffffff 00cf9300 DPL=0 DS   [-WA]
CS =0038 0000000000000000 ffffffff 00af9a00 DPL=0 CS64 [-R-]
SS =0030 0000000000000000 ffffffff 00cf9300 DPL=0 DS   [-WA]
DS =0030 0000000000000000 ffffffff 00cf9300 DPL=0 DS   [-WA]
FS =0030 0000000000000000 ffffffff 00cf9300 DPL=0 DS   [-WA]
GS =0030 0000000000000000 ffffffff 00cf9300 DPL=0 DS   [-WA]
LDT=0000 0000000000000000 0000ffff 00008200 DPL=0 LDT
TR =0000 0000000000000000 0000ffff 00008b00 DPL=0 TSS64-busy
GDT=     00000000079de000 00000047
IDT=     00000000074fa018 00000fff
CR0=80010033 CR2=0000000000000000 CR3=0000000007c01000 CR4=00000668
DR0=0000000000000000 DR1=0000000000000000 DR2=0000000000000000 DR3=0000000000000000 
DR6=00000000ffff0ff0 DR7=0000000000000400
CCS=0000000000000004 CCD=0000000000000000 CCO=EFLAGS
EFER=0000000000000d00
   765: v=20 e=0000 i=0 cpl=0 IP=0038:0000000007052c07 pc=0000000007052c07 SP=0030:0000000007efba60 env->regs[R_EAX]=00000000070a906f
RAX=00000000070a906f RBX=0000000000000017 RCX=00000000070a9058 RDX=0000000007efbbf8
RSI=0000000000000018 RDI=0000000000000001 RBP=0000000000000000 RSP=0000000007efba60
R8 =0000000000000018 R9 =0000000000000000 R10=0000000007f19a4d R11=0000000007059f00
R12=00000000070a9058 R13=0000000007efbbf8 R14=0000000000000001 R15=0000000007efbc10
RIP=0000000007052c07 RFL=00000206 [-----P-] CPL=0 II=0 A20=1 SMM=0 HLT=0
ES =0030 0000000000000000 ffffffff 00cf9300 DPL=0 DS   [-WA]
CS =0038 0000000000000000 ffffffff 00af9a00 DPL=0 CS64 [-R-]
SS =0030 0000000000000000 ffffffff 00cf9300 DPL=0 DS   [-WA]
DS =0030 0000000000000000 ffffffff 00cf9300 DPL=0 DS   [-WA]
FS =0030 0000000000000000 ffffffff 00cf9300 DPL=0 DS   [-WA]
GS =0030 0000000000000000 ffffffff 00cf9300 DPL=0 DS   [-WA]
LDT=0000 0000000000000000 0000ffff 00008200 DPL=0 LDT
TR =0000 0000000000000000 0000ffff 00008b00 DPL=0 TSS64-busy
GDT=     00000000079de000 00000047
IDT=     00000000074fa018 00000fff
CR0=80010033 CR2=0000000000000000 CR3=0000000007c01000 CR4=00000668
DR0=0000000000000000 DR1=0000000000000000 DR2=0000000000000000 DR3=0000000000000000 
DR6=00000000ffff0ff0 DR7=0000000000000400
CCS=0000000000000004 CCD=0000000000000000 CCO=EFLAGS
EFER=0000000000000d00
   766: v=20 e=0000 i=0 cpl=0 IP=0038:0000000007052c07 pc=0000000007052c07 SP=0030:0000000007efba60 env->regs[R_EAX]=00000000070a906f
RAX=00000000070a906f RBX=0000000000000017 RCX=00000000070a9058 RDX=0000000007efbbf8
RSI=0000000000000018 RDI=0000000000000001 RBP=0000000000000000 RSP=0000000007efba60
R8 =0000000000000018 R9 =0000000000000000 R10=0000000007f19a4d R11=0000000007059f00
R12=00000000070a9058 R13=0000000007efbbf8 R14=0000000000000001 R15=0000000007efbc10
RIP=0000000007052c07 RFL=00000206 [-----P-] CPL=0 II=0 A20=1 SMM=0 HLT=0
ES =0030 0000000000000000 ffffffff 00cf9300 DPL=0 DS   [-WA]
CS =0038 0000000000000000 ffffffff 00af9a00 DPL=0 CS64 [-R-]
SS =0030 0000000000000000 ffffffff 00cf9300 DPL=0 DS   [-WA]
DS =0030 0000000000000000 ffffffff 00cf9300 DPL=0 DS   [-WA]
FS =0030 0000000000000000 ffffffff 00cf9300 DPL=0 DS   [-WA]
GS =0030 0000000000000000 ffffffff 00cf9300 DPL=0 DS   [-WA]
LDT=0000 0000000000000000 0000ffff 00008200 DPL=0 LDT
TR =0000 0000000000000000 0000ffff 00008b00 DPL=0 TSS64-busy
GDT=     00000000079de000 00000047
IDT=     00000000074fa018 00000fff
CR0=80010033 CR2=0000000000000000 CR3=0000000007c01000 CR4=00000668
DR0=0000000000000000 DR1=0000000000000000 DR2=0000000000000000 DR3=0000000000000000 
DR6=00000000ffff0ff0 DR7=0000000000000400
CCS=0000000000000004 CCD=0000000000000000 CCO=EFLAGS
EFER=0000000000000d00
   767: v=20 e=0000 i=0 cpl=0 IP=0038:0000000007052c07 pc=0000000007052c07 SP=0030:0000000007efba60 env->regs[R_EAX]=00000000070a906f
RAX=00000000070a906f RBX=0000000000000017 RCX=00000000070a9058 RDX=0000000007efbbf8
RSI=0000000000000018 RDI=0000000000000001 RBP=0000000000000000 RSP=0000000007efba60
R8 =0000000000000018 R9 =0000000000000000 R10=0000000007f19a4d R11=0000000007059f00
R12=00000000070a9058 R13=0000000007efbbf8 R14=0000000000000001 R15=0000000007efbc10
RIP=0000000007052c07 RFL=00000206 [-----P-] CPL=0 II=0 A20=1 SMM=0 HLT=0
ES =0030 0000000000000000 ffffffff 00cf9300 DPL=0 DS   [-WA]
CS =0038 0000000000000000 ffffffff 00af9a00 DPL=0 CS64 [-R-]
SS =0030 0000000000000000 ffffffff 00cf9300 DPL=0 DS   [-WA]
DS =0030 0000000000000000 ffffffff 00cf9300 DPL=0 DS   [-WA]
FS =0030 0000000000000000 ffffffff 00cf9300 DPL=0 DS   [-WA]
GS =0030 0000000000000000 ffffffff 00cf9300 DPL=0 DS   [-WA]
LDT=0000 0000000000000000 0000ffff 00008200 DPL=0 LDT
TR =0000 0000000000000000 0000ffff 00008b00 DPL=0 TSS64-busy
GDT=     00000000079de000 00000047
IDT=     00000000074fa018 00000fff
CR0=80010033 CR2=0000000000000000 CR3=0000000007c01000 CR4=00000668
DR0=0000000000000000 DR1=0000000000000000 DR2=0000000000000000 DR3=0000000000000000 
DR6=00000000ffff0ff0 DR7=0000000000000400
CCS=0000000000000004 CCD=0000000000000000 CCO=EFLAGS
EFER=0000000000000d00
   768: v=20 e=0000 i=0 cpl=0 IP=0038:0000000007052c07 pc=0000000007052c07 SP=0030:0000000007efba60 env->regs[R_EAX]=00000000070a906f
RAX=00000000070a906f RBX=0000000000000017 RCX=00000000070a9058 RDX=0000000007efbbf8
RSI=0000000000000018 RDI=0000000000000001 RBP=0000000000000000 RSP=0000000007efba60
R8 =0000000000000018 R9 =0000000000000000 R10=0000000007f19a4d R11=0000000007059f00
R12=00000000070a9058 R13=0000000007efbbf8 R14=0000000000000001 R15=0000000007efbc10
RIP=0000000007052c07 RFL=00000206 [-----P-] CPL=0 II=0 A20=1 SMM=0 HLT=0
ES =0030 0000000000000000 ffffffff 00cf9300 DPL=0 DS   [-WA]
CS =0038 0000000000000000 ffffffff 00af9a00 DPL=0 CS64 [-R-]
SS =0030 0000000000000000 ffffffff 00cf9300 DPL=0 DS   [-WA]
DS =0030 0000000000000000 ffffffff 00cf9300 DPL=0 DS   [-WA]
FS =0030 0000000000000000 ffffffff 00cf9300 DPL=0 DS   [-WA]
GS =0030 0000000000000000 ffffffff 00cf9300 DPL=0 DS   [-WA]
LDT=0000 0000000000000000 0000ffff 00008200 DPL=0 LDT
TR =0000 0000000000000000 0000ffff 00008b00 DPL=0 TSS64-busy
GDT=     00000000079de000 00000047
IDT=     00000000074fa018 00000fff
CR0=80010033 CR2=0000000000000000 CR3=0000000007c01000 CR4=00000668
DR0=0000000000000000 DR1=0000000000000000 DR2=0000000000000000 DR3=0000000000000000 
DR6=00000000ffff0ff0 DR7=0000000000000400
CCS=0000000000000004 CCD=0000000000000000 CCO=EFLAGS
EFER=0000000000000d00
   769: v=20 e=0000 i=0 cpl=0 IP=0038:0000000007052c07 pc=0000000007052c07 SP=0030:0000000007efba60 env->regs[R_EAX]=00000000070a906f
RAX=00000000070a906f RBX=0000000000000017 RCX=00000000070a9058 RDX=0000000007efbbf8
RSI=0000000000000018 RDI=0000000000000001 RBP=0000000000000000 RSP=0000000007efba60
R8 =0000000000000018 R9 =0000000000000000 R10=0000000007f19a4d R11=0000000007059f00
R12=00000000070a9058 R13=0000000007efbbf8 R14=0000000000000001 R15=0000000007efbc10
RIP=0000000007052c07 RFL=00000206 [-----P-] CPL=0 II=0 A20=1 SMM=0 HLT=0
ES =0030 0000000000000000 ffffffff 00cf9300 DPL=0 DS   [-WA]
CS =0038 0000000000000000 ffffffff 00af9a00 DPL=0 CS64 [-R-]
SS =0030 0000000000000000 ffffffff 00cf9300 DPL=0 DS   [-WA]
DS =0030 0000000000000000 ffffffff 00cf9300 DPL=0 DS   [-WA]
FS =0030 0000000000000000 ffffffff 00cf9300 DPL=0 DS   [-WA]
GS =0030 0000000000000000 ffffffff 00cf9300 DPL=0 DS   [-WA]
LDT=0000 0000000000000000 0000ffff 00008200 DPL=0 LDT
TR =0000 0000000000000000 0000ffff 00008b00 DPL=0 TSS64-busy
GDT=     00000000079de000 00000047
IDT=     00000000074fa018 00000fff
CR0=80010033 CR2=0000000000000000 CR3=0000000007c01000 CR4=00000668
DR0=0000000000000000 DR1=0000000000000000 DR2=0000000000000000 DR3=0000000000000000 
DR6=00000000ffff0ff0 DR7=0000000000000400
CCS=0000000000000004 CCD=0000000000000000 CCO=EFLAGS
EFER=0000000000000d00
   770: v=20 e=0000 i=0 cpl=0 IP=0038:0000000007052c07 pc=0000000007052c07 SP=0030:0000000007efba60 env->regs[R_EAX]=00000000070a906f
RAX=00000000070a906f RBX=0000000000000017 RCX=00000000070a9058 RDX=0000000007efbbf8
RSI=0000000000000018 RDI=0000000000000001 RBP=0000000000000000 RSP=0000000007efba60
R8 =0000000000000018 R9 =0000000000000000 R10=0000000007f19a4d R11=0000000007059f00
R12=00000000070a9058 R13=0000000007efbbf8 R14=0000000000000001 R15=0000000007efbc10
RIP=0000000007052c07 RFL=00000206 [-----P-] CPL=0 II=0 A20=1 SMM=0 HLT=0
ES =0030 0000000000000000 ffffffff 00cf9300 DPL=0 DS   [-WA]
CS =0038 0000000000000000 ffffffff 00af9a00 DPL=0 CS64 [-R-]
SS =0030 0000000000000000 ffffffff 00cf9300 DPL=0 DS   [-WA]
DS =0030 0000000000000000 ffffffff 00cf9300 DPL=0 DS   [-WA]
FS =0030 0000000000000000 ffffffff 00cf9300 DPL=0 DS   [-WA]
GS =0030 0000000000000000 ffffffff 00cf9300 DPL=0 DS   [-WA]
LDT=0000 0000000000000000 0000ffff 00008200 DPL=0 LDT
TR =0000 0000000000000000 0000ffff 00008b00 DPL=0 TSS64-busy
GDT=     00000000079de000 00000047
IDT=     00000000074fa018 00000fff
CR0=80010033 CR2=0000000000000000 CR3=0000000007c01000 CR4=00000668
DR0=0000000000000000 DR1=0000000000000000 DR2=0000000000000000 DR3=0000000000000000 
DR6=00000000ffff0ff0 DR7=0000000000000400
CCS=0000000000000004 CCD=0000000000000000 CCO=EFLAGS
EFER=0000000000000d00
   771: v=20 e=0000 i=0 cpl=0 IP=0038:0000000007052c07 pc=0000000007052c07 SP=0030:0000000007efba60 env->regs[R_EAX]=00000000070a906f
RAX=00000000070a906f RBX=0000000000000017 RCX=00000000070a9058 RDX=0000000007efbbf8
RSI=0000000000000018 RDI=0000000000000001 RBP=0000000000000000 RSP=0000000007efba60
R8 =0000000000000018 R9 =0000000000000000 R10=0000000007f19a4d R11=0000000007059f00
R12=00000000070a9058 R13=0000000007efbbf8 R14=0000000000000001 R15=0000000007efbc10
RIP=0000000007052c07 RFL=00000206 [-----P-] CPL=0 II=0 A20=1 SMM=0 HLT=0
ES =0030 0000000000000000 ffffffff 00cf9300 DPL=0 DS   [-WA]
CS =0038 0000000000000000 ffffffff 00af9a00 DPL=0 CS64 [-R-]
SS =0030 0000000000000000 ffffffff 00cf9300 DPL=0 DS   [-WA]
DS =0030 0000000000000000 ffffffff 00cf9300 DPL=0 DS   [-WA]
FS =0030 0000000000000000 ffffffff 00cf9300 DPL=0 DS   [-WA]
GS =0030 0000000000000000 ffffffff 00cf9300 DPL=0 DS   [-WA]
LDT=0000 0000000000000000 0000ffff 00008200 DPL=0 LDT
TR =0000 0000000000000000 0000ffff 00008b00 DPL=0 TSS64-busy
GDT=     00000000079de000 00000047
IDT=     00000000074fa018 00000fff
CR0=80010033 CR2=0000000000000000 CR3=0000000007c01000 CR4=00000668
DR0=0000000000000000 DR1=0000000000000000 DR2=0000000000000000 DR3=0000000000000000 
DR6=00000000ffff0ff0 DR7=0000000000000400
CCS=0000000000000004 CCD=0000000000000000 CCO=EFLAGS
EFER=0000000000000d00
   772: v=20 e=0000 i=0 cpl=0 IP=0038:0000000007052c07 pc=0000000007052c07 SP=0030:0000000007efba60 env->regs[R_EAX]=00000000070a906f
RAX=00000000070a906f RBX=0000000000000017 RCX=00000000070a9058 RDX=0000000007efbbf8
RSI=0000000000000018 RDI=0000000000000001 RBP=0000000000000000 RSP=0000000007efba60
R8 =0000000000000018 R9 =0000000000000000 R10=0000000007f19a4d R11=0000000007059f00
R12=00000000070a9058 R13=0000000007efbbf8 R14=0000000000000001 R15=0000000007efbc10
RIP=0000000007052c07 RFL=00000206 [-----P-] CPL=0 II=0 A20=1 SMM=0 HLT=0
ES =0030 0000000000000000 ffffffff 00cf9300 DPL=0 DS   [-WA]
CS =0038 0000000000000000 ffffffff 00af9a00 DPL=0 CS64 [-R-]
SS =0030 0000000000000000 ffffffff 00cf9300 DPL=0 DS   [-WA]
DS =0030 0000000000000000 ffffffff 00cf9300 DPL=0 DS   [-WA]
FS =0030 0000000000000000 ffffffff 00cf9300 DPL=0 DS   [-WA]
GS =0030 0000000000000000 ffffffff 00cf9300 DPL=0 DS   [-WA]
LDT=0000 0000000000000000 0000ffff 00008200 DPL=0 LDT
TR =0000 0000000000000000 0000ffff 00008b00 DPL=0 TSS64-busy
GDT=     00000000079de000 00000047
IDT=     00000000074fa018 00000fff
CR0=80010033 CR2=0000000000000000 CR3=0000000007c01000 CR4=00000668
DR0=0000000000000000 DR1=0000000000000000 DR2=0000000000000000 DR3=0000000000000000 
DR6=00000000ffff0ff0 DR7=0000000000000400
CCS=0000000000000004 CCD=0000000000000000 CCO=EFLAGS
EFER=0000000000000d00
   773: v=20 e=0000 i=0 cpl=0 IP=0038:0000000007052c07 pc=0000000007052c07 SP=0030:0000000007efba60 env->regs[R_EAX]=00000000070a906f
RAX=00000000070a906f RBX=0000000000000017 RCX=00000000070a9058 RDX=0000000007efbbf8
RSI=0000000000000018 RDI=0000000000000001 RBP=0000000000000000 RSP=0000000007efba60
R8 =0000000000000018 R9 =0000000000000000 R10=0000000007f19a4d R11=0000000007059f00
R12=00000000070a9058 R13=0000000007efbbf8 R14=0000000000000001 R15=0000000007efbc10
RIP=0000000007052c07 RFL=00000206 [-----P-] CPL=0 II=0 A20=1 SMM=0 HLT=0
ES =0030 0000000000000000 ffffffff 00cf9300 DPL=0 DS   [-WA]
CS =0038 0000000000000000 ffffffff 00af9a00 DPL=0 CS64 [-R-]
SS =0030 0000000000000000 ffffffff 00cf9300 DPL=0 DS   [-WA]
DS =0030 0000000000000000 ffffffff 00cf9300 DPL=0 DS   [-WA]
FS =0030 0000000000000000 ffffffff 00cf9300 DPL=0 DS   [-WA]
GS =0030 0000000000000000 ffffffff 00cf9300 DPL=0 DS   [-WA]
LDT=0000 0000000000000000 0000ffff 00008200 DPL=0 LDT
TR =0000 0000000000000000 0000ffff 00008b00 DPL=0 TSS64-busy
GDT=     00000000079de000 00000047
IDT=     00000000074fa018 00000fff
CR0=80010033 CR2=0000000000000000 CR3=0000000007c01000 CR4=00000668
DR0=0000000000000000 DR1=0000000000000000 DR2=0000000000000000 DR3=0000000000000000 
DR6=00000000ffff0ff0 DR7=0000000000000400
CCS=0000000000000004 CCD=0000000000000000 CCO=EFLAGS
EFER=0000000000000d00
   774: v=20 e=0000 i=0 cpl=0 IP=0038:0000000007052c07 pc=0000000007052c07 SP=0030:0000000007efba60 env->regs[R_EAX]=00000000070a906f
RAX=00000000070a906f RBX=0000000000000017 RCX=00000000070a9058 RDX=0000000007efbbf8
RSI=0000000000000018 RDI=0000000000000001 RBP=0000000000000000 RSP=0000000007efba60
R8 =0000000000000018 R9 =0000000000000000 R10=0000000007f19a4d R11=0000000007059f00
R12=00000000070a9058 R13=0000000007efbbf8 R14=0000000000000001 R15=0000000007efbc10
RIP=0000000007052c07 RFL=00000206 [-----P-] CPL=0 II=0 A20=1 SMM=0 HLT=0
ES =0030 0000000000000000 ffffffff 00cf9300 DPL=0 DS   [-WA]
CS =0038 0000000000000000 ffffffff 00af9a00 DPL=0 CS64 [-R-]
SS =0030 0000000000000000 ffffffff 00cf9300 DPL=0 DS   [-WA]
DS =0030 0000000000000000 ffffffff 00cf9300 DPL=0 DS   [-WA]
FS =0030 0000000000000000 ffffffff 00cf9300 DPL=0 DS   [-WA]
GS =0030 0000000000000000 ffffffff 00cf9300 DPL=0 DS   [-WA]
LDT=0000 0000000000000000 0000ffff 00008200 DPL=0 LDT
TR =0000 0000000000000000 0000ffff 00008b00 DPL=0 TSS64-busy
GDT=     00000000079de000 00000047
IDT=     00000000074fa018 00000fff
CR0=80010033 CR2=0000000000000000 CR3=0000000007c01000 CR4=00000668
DR0=0000000000000000 DR1=0000000000000000 DR2=0000000000000000 DR3=0000000000000000 
DR6=00000000ffff0ff0 DR7=0000000000000400
CCS=0000000000000004 CCD=0000000000000000 CCO=EFLAGS
EFER=0000000000000d00
   775: v=20 e=0000 i=0 cpl=0 IP=0038:0000000007052c07 pc=0000000007052c07 SP=0030:0000000007efba60 env->regs[R_EAX]=00000000070a906f
RAX=00000000070a906f RBX=0000000000000017 RCX=00000000070a9058 RDX=0000000007efbbf8
RSI=0000000000000018 RDI=0000000000000001 RBP=0000000000000000 RSP=0000000007efba60
R8 =0000000000000018 R9 =0000000000000000 R10=0000000007f19a4d R11=0000000007059f00
R12=00000000070a9058 R13=0000000007efbbf8 R14=0000000000000001 R15=0000000007efbc10
RIP=0000000007052c07 RFL=00000206 [-----P-] CPL=0 II=0 A20=1 SMM=0 HLT=0
ES =0030 0000000000000000 ffffffff 00cf9300 DPL=0 DS   [-WA]
CS =0038 0000000000000000 ffffffff 00af9a00 DPL=0 CS64 [-R-]
SS =0030 0000000000000000 ffffffff 00cf9300 DPL=0 DS   [-WA]
DS =0030 0000000000000000 ffffffff 00cf9300 DPL=0 DS   [-WA]
FS =0030 0000000000000000 ffffffff 00cf9300 DPL=0 DS   [-WA]
GS =0030 0000000000000000 ffffffff 00cf9300 DPL=0 DS   [-WA]
LDT=0000 0000000000000000 0000ffff 00008200 DPL=0 LDT
TR =0000 0000000000000000 0000ffff 00008b00 DPL=0 TSS64-busy
GDT=     00000000079de000 00000047
IDT=     00000000074fa018 00000fff
CR0=80010033 CR2=0000000000000000 CR3=0000000007c01000 CR4=00000668
DR0=0000000000000000 DR1=0000000000000000 DR2=0000000000000000 DR3=0000000000000000 
DR6=00000000ffff0ff0 DR7=0000000000000400
CCS=0000000000000004 CCD=0000000000000000 CCO=EFLAGS
EFER=0000000000000d00
   776: v=20 e=0000 i=0 cpl=0 IP=0038:0000000007052c07 pc=0000000007052c07 SP=0030:0000000007efba60 env->regs[R_EAX]=00000000070a906f
RAX=00000000070a906f RBX=0000000000000017 RCX=00000000070a9058 RDX=0000000007efbbf8
RSI=0000000000000018 RDI=0000000000000001 RBP=0000000000000000 RSP=0000000007efba60
R8 =0000000000000018 R9 =0000000000000000 R10=0000000007f19a4d R11=0000000007059f00
R12=00000000070a9058 R13=0000000007efbbf8 R14=0000000000000001 R15=0000000007efbc10
RIP=0000000007052c07 RFL=00000206 [-----P-] CPL=0 II=0 A20=1 SMM=0 HLT=0
ES =0030 0000000000000000 ffffffff 00cf9300 DPL=0 DS   [-WA]
CS =0038 0000000000000000 ffffffff 00af9a00 DPL=0 CS64 [-R-]
SS =0030 0000000000000000 ffffffff 00cf9300 DPL=0 DS   [-WA]
DS =0030 0000000000000000 ffffffff 00cf9300 DPL=0 DS   [-WA]
FS =0030 0000000000000000 ffffffff 00cf9300 DPL=0 DS   [-WA]
GS =0030 0000000000000000 ffffffff 00cf9300 DPL=0 DS   [-WA]
LDT=0000 0000000000000000 0000ffff 00008200 DPL=0 LDT
TR =0000 0000000000000000 0000ffff 00008b00 DPL=0 TSS64-busy
GDT=     00000000079de000 00000047
IDT=     00000000074fa018 00000fff
CR0=80010033 CR2=0000000000000000 CR3=0000000007c01000 CR4=00000668
DR0=0000000000000000 DR1=0000000000000000 DR2=0000000000000000 DR3=0000000000000000 
DR6=00000000ffff0ff0 DR7=0000000000000400
CCS=0000000000000004 CCD=0000000000000000 CCO=EFLAGS
EFER=0000000000000d00
   777: v=20 e=0000 i=0 cpl=0 IP=0038:0000000007052c07 pc=0000000007052c07 SP=0030:0000000007efba60 env->regs[R_EAX]=00000000070a906f
RAX=00000000070a906f RBX=0000000000000017 RCX=00000000070a9058 RDX=0000000007efbbf8
RSI=0000000000000018 RDI=0000000000000001 RBP=0000000000000000 RSP=0000000007efba60
R8 =0000000000000018 R9 =0000000000000000 R10=0000000007f19a4d R11=0000000007059f00
R12=00000000070a9058 R13=0000000007efbbf8 R14=0000000000000001 R15=0000000007efbc10
RIP=0000000007052c07 RFL=00000206 [-----P-] CPL=0 II=0 A20=1 SMM=0 HLT=0
ES =0030 0000000000000000 ffffffff 00cf9300 DPL=0 DS   [-WA]
CS =0038 0000000000000000 ffffffff 00af9a00 DPL=0 CS64 [-R-]
SS =0030 0000000000000000 ffffffff 00cf9300 DPL=0 DS   [-WA]
DS =0030 0000000000000000 ffffffff 00cf9300 DPL=0 DS   [-WA]
FS =0030 0000000000000000 ffffffff 00cf9300 DPL=0 DS   [-WA]
GS =0030 0000000000000000 ffffffff 00cf9300 DPL=0 DS   [-WA]
LDT=0000 0000000000000000 0000ffff 00008200 DPL=0 LDT
TR =0000 0000000000000000 0000ffff 00008b00 DPL=0 TSS64-busy
GDT=     00000000079de000 00000047
IDT=     00000000074fa018 00000fff
CR0=80010033 CR2=0000000000000000 CR3=0000000007c01000 CR4=00000668
DR0=0000000000000000 DR1=0000000000000000 DR2=0000000000000000 DR3=0000000000000000 
DR6=00000000ffff0ff0 DR7=0000000000000400
CCS=0000000000000004 CCD=0000000000000000 CCO=EFLAGS
EFER=0000000000000d00
   778: v=20 e=0000 i=0 cpl=0 IP=0038:0000000007052c07 pc=0000000007052c07 SP=0030:0000000007efba60 env->regs[R_EAX]=00000000070a906f
RAX=00000000070a906f RBX=0000000000000017 RCX=00000000070a9058 RDX=0000000007efbbf8
RSI=0000000000000018 RDI=0000000000000001 RBP=0000000000000000 RSP=0000000007efba60
R8 =0000000000000018 R9 =0000000000000000 R10=0000000007f19a4d R11=0000000007059f00
R12=00000000070a9058 R13=0000000007efbbf8 R14=0000000000000001 R15=0000000007efbc10
RIP=0000000007052c07 RFL=00000206 [-----P-] CPL=0 II=0 A20=1 SMM=0 HLT=0
ES =0030 0000000000000000 ffffffff 00cf9300 DPL=0 DS   [-WA]
CS =0038 0000000000000000 ffffffff 00af9a00 DPL=0 CS64 [-R-]
SS =0030 0000000000000000 ffffffff 00cf9300 DPL=0 DS   [-WA]
DS =0030 0000000000000000 ffffffff 00cf9300 DPL=0 DS   [-WA]
FS =0030 0000000000000000 ffffffff 00cf9300 DPL=0 DS   [-WA]
GS =0030 0000000000000000 ffffffff 00cf9300 DPL=0 DS   [-WA]
LDT=0000 0000000000000000 0000ffff 00008200 DPL=0 LDT
TR =0000 0000000000000000 0000ffff 00008b00 DPL=0 TSS64-busy
GDT=     00000000079de000 00000047
IDT=     00000000074fa018 00000fff
CR0=80010033 CR2=0000000000000000 CR3=0000000007c01000 CR4=00000668
DR0=0000000000000000 DR1=0000000000000000 DR2=0000000000000000 DR3=0000000000000000 
DR6=00000000ffff0ff0 DR7=0000000000000400
CCS=0000000000000004 CCD=0000000000000000 CCO=EFLAGS
EFER=0000000000000d00
   779: v=20 e=0000 i=0 cpl=0 IP=0038:0000000007052c07 pc=0000000007052c07 SP=0030:0000000007efba60 env->regs[R_EAX]=00000000070a906f
RAX=00000000070a906f RBX=0000000000000017 RCX=00000000070a9058 RDX=0000000007efbbf8
RSI=0000000000000018 RDI=0000000000000001 RBP=0000000000000000 RSP=0000000007efba60
R8 =0000000000000018 R9 =0000000000000000 R10=0000000007f19a4d R11=0000000007059f00
R12=00000000070a9058 R13=0000000007efbbf8 R14=0000000000000001 R15=0000000007efbc10
RIP=0000000007052c07 RFL=00000206 [-----P-] CPL=0 II=0 A20=1 SMM=0 HLT=0
ES =0030 0000000000000000 ffffffff 00cf9300 DPL=0 DS   [-WA]
CS =0038 0000000000000000 ffffffff 00af9a00 DPL=0 CS64 [-R-]
SS =0030 0000000000000000 ffffffff 00cf9300 DPL=0 DS   [-WA]
DS =0030 0000000000000000 ffffffff 00cf9300 DPL=0 DS   [-WA]
FS =0030 0000000000000000 ffffffff 00cf9300 DPL=0 DS   [-WA]
GS =0030 0000000000000000 ffffffff 00cf9300 DPL=0 DS   [-WA]
LDT=0000 0000000000000000 0000ffff 00008200 DPL=0 LDT
TR =0000 0000000000000000 0000ffff 00008b00 DPL=0 TSS64-busy
GDT=     00000000079de000 00000047
IDT=     00000000074fa018 00000fff
CR0=80010033 CR2=0000000000000000 CR3=0000000007c01000 CR4=00000668
DR0=0000000000000000 DR1=0000000000000000 DR2=0000000000000000 DR3=0000000000000000 
DR6=00000000ffff0ff0 DR7=0000000000000400
CCS=0000000000000004 CCD=0000000000000000 CCO=EFLAGS
EFER=0000000000000d00
   780: v=20 e=0000 i=0 cpl=0 IP=0038:0000000007052c07 pc=0000000007052c07 SP=0030:0000000007efba60 env->regs[R_EAX]=00000000070a906f
RAX=00000000070a906f RBX=0000000000000017 RCX=00000000070a9058 RDX=0000000007efbbf8
RSI=0000000000000018 RDI=0000000000000001 RBP=0000000000000000 RSP=0000000007efba60
R8 =0000000000000018 R9 =0000000000000000 R10=0000000007f19a4d R11=0000000007059f00
R12=00000000070a9058 R13=0000000007efbbf8 R14=0000000000000001 R15=0000000007efbc10
RIP=0000000007052c07 RFL=00000206 [-----P-] CPL=0 II=0 A20=1 SMM=0 HLT=0
ES =0030 0000000000000000 ffffffff 00cf9300 DPL=0 DS   [-WA]
CS =0038 0000000000000000 ffffffff 00af9a00 DPL=0 CS64 [-R-]
SS =0030 0000000000000000 ffffffff 00cf9300 DPL=0 DS   [-WA]
DS =0030 0000000000000000 ffffffff 00cf9300 DPL=0 DS   [-WA]
FS =0030 0000000000000000 ffffffff 00cf9300 DPL=0 DS   [-WA]
GS =0030 0000000000000000 ffffffff 00cf9300 DPL=0 DS   [-WA]
LDT=0000 0000000000000000 0000ffff 00008200 DPL=0 LDT
TR =0000 0000000000000000 0000ffff 00008b00 DPL=0 TSS64-busy
GDT=     00000000079de000 00000047
IDT=     00000000074fa018 00000fff
CR0=80010033 CR2=0000000000000000 CR3=0000000007c01000 CR4=00000668
DR0=0000000000000000 DR1=0000000000000000 DR2=0000000000000000 DR3=0000000000000000 
DR6=00000000ffff0ff0 DR7=0000000000000400
CCS=0000000000000004 CCD=0000000000000000 CCO=EFLAGS
EFER=0000000000000d00
   781: v=20 e=0000 i=0 cpl=0 IP=0038:0000000007052c07 pc=0000000007052c07 SP=0030:0000000007efba60 env->regs[R_EAX]=00000000070a906f
RAX=00000000070a906f RBX=0000000000000017 RCX=00000000070a9058 RDX=0000000007efbbf8
RSI=0000000000000018 RDI=0000000000000001 RBP=0000000000000000 RSP=0000000007efba60
R8 =0000000000000018 R9 =0000000000000000 R10=0000000007f19a4d R11=0000000007059f00
R12=00000000070a9058 R13=0000000007efbbf8 R14=0000000000000001 R15=0000000007efbc10
RIP=0000000007052c07 RFL=00000206 [-----P-] CPL=0 II=0 A20=1 SMM=0 HLT=0
ES =0030 0000000000000000 ffffffff 00cf9300 DPL=0 DS   [-WA]
CS =0038 0000000000000000 ffffffff 00af9a00 DPL=0 CS64 [-R-]
SS =0030 0000000000000000 ffffffff 00cf9300 DPL=0 DS   [-WA]
DS =0030 0000000000000000 ffffffff 00cf9300 DPL=0 DS   [-WA]
FS =0030 0000000000000000 ffffffff 00cf9300 DPL=0 DS   [-WA]
GS =0030 0000000000000000 ffffffff 00cf9300 DPL=0 DS   [-WA]
LDT=0000 0000000000000000 0000ffff 00008200 DPL=0 LDT
TR =0000 0000000000000000 0000ffff 00008b00 DPL=0 TSS64-busy
GDT=     00000000079de000 00000047
IDT=     00000000074fa018 00000fff
CR0=80010033 CR2=0000000000000000 CR3=0000000007c01000 CR4=00000668
DR0=0000000000000000 DR1=0000000000000000 DR2=0000000000000000 DR3=0000000000000000 
DR6=00000000ffff0ff0 DR7=0000000000000400
CCS=0000000000000004 CCD=0000000000000000 CCO=EFLAGS
EFER=0000000000000d00
   782: v=20 e=0000 i=0 cpl=0 IP=0038:0000000007052c07 pc=0000000007052c07 SP=0030:0000000007efba60 env->regs[R_EAX]=00000000070a906f
RAX=00000000070a906f RBX=0000000000000017 RCX=00000000070a9058 RDX=0000000007efbbf8
RSI=0000000000000018 RDI=0000000000000001 RBP=0000000000000000 RSP=0000000007efba60
R8 =0000000000000018 R9 =0000000000000000 R10=0000000007f19a4d R11=0000000007059f00
R12=00000000070a9058 R13=0000000007efbbf8 R14=0000000000000001 R15=0000000007efbc10
RIP=0000000007052c07 RFL=00000206 [-----P-] CPL=0 II=0 A20=1 SMM=0 HLT=0
ES =0030 0000000000000000 ffffffff 00cf9300 DPL=0 DS   [-WA]
CS =0038 0000000000000000 ffffffff 00af9a00 DPL=0 CS64 [-R-]
SS =0030 0000000000000000 ffffffff 00cf9300 DPL=0 DS   [-WA]
DS =0030 0000000000000000 ffffffff 00cf9300 DPL=0 DS   [-WA]
FS =0030 0000000000000000 ffffffff 00cf9300 DPL=0 DS   [-WA]
GS =0030 0000000000000000 ffffffff 00cf9300 DPL=0 DS   [-WA]
LDT=0000 0000000000000000 0000ffff 00008200 DPL=0 LDT
TR =0000 0000000000000000 0000ffff 00008b00 DPL=0 TSS64-busy
GDT=     00000000079de000 00000047
IDT=     00000000074fa018 00000fff
CR0=80010033 CR2=0000000000000000 CR3=0000000007c01000 CR4=00000668
DR0=0000000000000000 DR1=0000000000000000 DR2=0000000000000000 DR3=0000000000000000 
DR6=00000000ffff0ff0 DR7=0000000000000400
CCS=0000000000000004 CCD=0000000000000000 CCO=EFLAGS
EFER=0000000000000d00
   783: v=20 e=0000 i=0 cpl=0 IP=0038:0000000007052c07 pc=0000000007052c07 SP=0030:0000000007efba60 env->regs[R_EAX]=00000000070a906f
RAX=00000000070a906f RBX=0000000000000017 RCX=00000000070a9058 RDX=0000000007efbbf8
RSI=0000000000000018 RDI=0000000000000001 RBP=0000000000000000 RSP=0000000007efba60
R8 =0000000000000018 R9 =0000000000000000 R10=0000000007f19a4d R11=0000000007059f00
R12=00000000070a9058 R13=0000000007efbbf8 R14=0000000000000001 R15=0000000007efbc10
RIP=0000000007052c07 RFL=00000206 [-----P-] CPL=0 II=0 A20=1 SMM=0 HLT=0
ES =0030 0000000000000000 ffffffff 00cf9300 DPL=0 DS   [-WA]
CS =0038 0000000000000000 ffffffff 00af9a00 DPL=0 CS64 [-R-]
SS =0030 0000000000000000 ffffffff 00cf9300 DPL=0 DS   [-WA]
DS =0030 0000000000000000 ffffffff 00cf9300 DPL=0 DS   [-WA]
FS =0030 0000000000000000 ffffffff 00cf9300 DPL=0 DS   [-WA]
GS =0030 0000000000000000 ffffffff 00cf9300 DPL=0 DS   [-WA]
LDT=0000 0000000000000000 0000ffff 00008200 DPL=0 LDT
TR =0000 0000000000000000 0000ffff 00008b00 DPL=0 TSS64-busy
GDT=     00000000079de000 00000047
IDT=     00000000074fa018 00000fff
CR0=80010033 CR2=0000000000000000 CR3=0000000007c01000 CR4=00000668
DR0=0000000000000000 DR1=0000000000000000 DR2=0000000000000000 DR3=0000000000000000 
DR6=00000000ffff0ff0 DR7=0000000000000400
CCS=0000000000000004 CCD=0000000000000000 CCO=EFLAGS
EFER=0000000000000d00
   784: v=20 e=0000 i=0 cpl=0 IP=0038:0000000007052c07 pc=0000000007052c07 SP=0030:0000000007efba60 env->regs[R_EAX]=00000000070a906f
RAX=00000000070a906f RBX=0000000000000017 RCX=00000000070a9058 RDX=0000000007efbbf8
RSI=0000000000000018 RDI=0000000000000001 RBP=0000000000000000 RSP=0000000007efba60
R8 =0000000000000018 R9 =0000000000000000 R10=0000000007f19a4d R11=0000000007059f00
R12=00000000070a9058 R13=0000000007efbbf8 R14=0000000000000001 R15=0000000007efbc10
RIP=0000000007052c07 RFL=00000206 [-----P-] CPL=0 II=0 A20=1 SMM=0 HLT=0
ES =0030 0000000000000000 ffffffff 00cf9300 DPL=0 DS   [-WA]
CS =0038 0000000000000000 ffffffff 00af9a00 DPL=0 CS64 [-R-]
SS =0030 0000000000000000 ffffffff 00cf9300 DPL=0 DS   [-WA]
DS =0030 0000000000000000 ffffffff 00cf9300 DPL=0 DS   [-WA]
FS =0030 0000000000000000 ffffffff 00cf9300 DPL=0 DS   [-WA]
GS =0030 0000000000000000 ffffffff 00cf9300 DPL=0 DS   [-WA]
LDT=0000 0000000000000000 0000ffff 00008200 DPL=0 LDT
TR =0000 0000000000000000 0000ffff 00008b00 DPL=0 TSS64-busy
GDT=     00000000079de000 00000047
IDT=     00000000074fa018 00000fff
CR0=80010033 CR2=0000000000000000 CR3=0000000007c01000 CR4=00000668
DR0=0000000000000000 DR1=0000000000000000 DR2=0000000000000000 DR3=0000000000000000 
DR6=00000000ffff0ff0 DR7=0000000000000400
CCS=0000000000000004 CCD=0000000000000000 CCO=EFLAGS
EFER=0000000000000d00
   785: v=20 e=0000 i=0 cpl=0 IP=0038:0000000007052c07 pc=0000000007052c07 SP=0030:0000000007efba60 env->regs[R_EAX]=00000000070a906f
RAX=00000000070a906f RBX=0000000000000017 RCX=00000000070a9058 RDX=0000000007efbbf8
RSI=0000000000000018 RDI=0000000000000001 RBP=0000000000000000 RSP=0000000007efba60
R8 =0000000000000018 R9 =0000000000000000 R10=0000000007f19a4d R11=0000000007059f00
R12=00000000070a9058 R13=0000000007efbbf8 R14=0000000000000001 R15=0000000007efbc10
RIP=0000000007052c07 RFL=00000206 [-----P-] CPL=0 II=0 A20=1 SMM=0 HLT=0
ES =0030 0000000000000000 ffffffff 00cf9300 DPL=0 DS   [-WA]
CS =0038 0000000000000000 ffffffff 00af9a00 DPL=0 CS64 [-R-]
SS =0030 0000000000000000 ffffffff 00cf9300 DPL=0 DS   [-WA]
DS =0030 0000000000000000 ffffffff 00cf9300 DPL=0 DS   [-WA]
FS =0030 0000000000000000 ffffffff 00cf9300 DPL=0 DS   [-WA]
GS =0030 0000000000000000 ffffffff 00cf9300 DPL=0 DS   [-WA]
LDT=0000 0000000000000000 0000ffff 00008200 DPL=0 LDT
TR =0000 0000000000000000 0000ffff 00008b00 DPL=0 TSS64-busy
GDT=     00000000079de000 00000047
IDT=     00000000074fa018 00000fff
CR0=80010033 CR2=0000000000000000 CR3=0000000007c01000 CR4=00000668
DR0=0000000000000000 DR1=0000000000000000 DR2=0000000000000000 DR3=0000000000000000 
DR6=00000000ffff0ff0 DR7=0000000000000400
CCS=0000000000000004 CCD=0000000000000000 CCO=EFLAGS
EFER=0000000000000d00
   786: v=20 e=0000 i=0 cpl=0 IP=0038:0000000007052c07 pc=0000000007052c07 SP=0030:0000000007efba60 env->regs[R_EAX]=00000000070a906f
RAX=00000000070a906f RBX=0000000000000017 RCX=00000000070a9058 RDX=0000000007efbbf8
RSI=0000000000000018 RDI=0000000000000001 RBP=0000000000000000 RSP=0000000007efba60
R8 =0000000000000018 R9 =0000000000000000 R10=0000000007f19a4d R11=0000000007059f00
R12=00000000070a9058 R13=0000000007efbbf8 R14=0000000000000001 R15=0000000007efbc10
RIP=0000000007052c07 RFL=00000206 [-----P-] CPL=0 II=0 A20=1 SMM=0 HLT=0
ES =0030 0000000000000000 ffffffff 00cf9300 DPL=0 DS   [-WA]
CS =0038 0000000000000000 ffffffff 00af9a00 DPL=0 CS64 [-R-]
SS =0030 0000000000000000 ffffffff 00cf9300 DPL=0 DS   [-WA]
DS =0030 0000000000000000 ffffffff 00cf9300 DPL=0 DS   [-WA]
FS =0030 0000000000000000 ffffffff 00cf9300 DPL=0 DS   [-WA]
GS =0030 0000000000000000 ffffffff 00cf9300 DPL=0 DS   [-WA]
LDT=0000 0000000000000000 0000ffff 00008200 DPL=0 LDT
TR =0000 0000000000000000 0000ffff 00008b00 DPL=0 TSS64-busy
GDT=     00000000079de000 00000047
IDT=     00000000074fa018 00000fff
CR0=80010033 CR2=0000000000000000 CR3=0000000007c01000 CR4=00000668
DR0=0000000000000000 DR1=0000000000000000 DR2=0000000000000000 DR3=0000000000000000 
DR6=00000000ffff0ff0 DR7=0000000000000400
CCS=0000000000000004 CCD=0000000000000000 CCO=EFLAGS
EFER=0000000000000d00
   787: v=20 e=0000 i=0 cpl=0 IP=0038:0000000007052c07 pc=0000000007052c07 SP=0030:0000000007efba60 env->regs[R_EAX]=00000000070a906f
RAX=00000000070a906f RBX=0000000000000017 RCX=00000000070a9058 RDX=0000000007efbbf8
RSI=0000000000000018 RDI=0000000000000001 RBP=0000000000000000 RSP=0000000007efba60
R8 =0000000000000018 R9 =0000000000000000 R10=0000000007f19a4d R11=0000000007059f00
R12=00000000070a9058 R13=0000000007efbbf8 R14=0000000000000001 R15=0000000007efbc10
RIP=0000000007052c07 RFL=00000206 [-----P-] CPL=0 II=0 A20=1 SMM=0 HLT=0
ES =0030 0000000000000000 ffffffff 00cf9300 DPL=0 DS   [-WA]
CS =0038 0000000000000000 ffffffff 00af9a00 DPL=0 CS64 [-R-]
SS =0030 0000000000000000 ffffffff 00cf9300 DPL=0 DS   [-WA]
DS =0030 0000000000000000 ffffffff 00cf9300 DPL=0 DS   [-WA]
FS =0030 0000000000000000 ffffffff 00cf9300 DPL=0 DS   [-WA]
GS =0030 0000000000000000 ffffffff 00cf9300 DPL=0 DS   [-WA]
LDT=0000 0000000000000000 0000ffff 00008200 DPL=0 LDT
TR =0000 0000000000000000 0000ffff 00008b00 DPL=0 TSS64-busy
GDT=     00000000079de000 00000047
IDT=     00000000074fa018 00000fff
CR0=80010033 CR2=0000000000000000 CR3=0000000007c01000 CR4=00000668
DR0=0000000000000000 DR1=0000000000000000 DR2=0000000000000000 DR3=0000000000000000 
DR6=00000000ffff0ff0 DR7=0000000000000400
CCS=0000000000000004 CCD=0000000000000000 CCO=EFLAGS
EFER=0000000000000d00
   788: v=20 e=0000 i=0 cpl=0 IP=0038:0000000007052c07 pc=0000000007052c07 SP=0030:0000000007efba60 env->regs[R_EAX]=00000000070a906f
RAX=00000000070a906f RBX=0000000000000017 RCX=00000000070a9058 RDX=0000000007efbbf8
RSI=0000000000000018 RDI=0000000000000001 RBP=0000000000000000 RSP=0000000007efba60
R8 =0000000000000018 R9 =0000000000000000 R10=0000000007f19a4d R11=0000000007059f00
R12=00000000070a9058 R13=0000000007efbbf8 R14=0000000000000001 R15=0000000007efbc10
RIP=0000000007052c07 RFL=00000206 [-----P-] CPL=0 II=0 A20=1 SMM=0 HLT=0
ES =0030 0000000000000000 ffffffff 00cf9300 DPL=0 DS   [-WA]
CS =0038 0000000000000000 ffffffff 00af9a00 DPL=0 CS64 [-R-]
SS =0030 0000000000000000 ffffffff 00cf9300 DPL=0 DS   [-WA]
DS =0030 0000000000000000 ffffffff 00cf9300 DPL=0 DS   [-WA]
FS =0030 0000000000000000 ffffffff 00cf9300 DPL=0 DS   [-WA]
GS =0030 0000000000000000 ffffffff 00cf9300 DPL=0 DS   [-WA]
LDT=0000 0000000000000000 0000ffff 00008200 DPL=0 LDT
TR =0000 0000000000000000 0000ffff 00008b00 DPL=0 TSS64-busy
GDT=     00000000079de000 00000047
IDT=     00000000074fa018 00000fff
CR0=80010033 CR2=0000000000000000 CR3=0000000007c01000 CR4=00000668
DR0=0000000000000000 DR1=0000000000000000 DR2=0000000000000000 DR3=0000000000000000 
DR6=00000000ffff0ff0 DR7=0000000000000400
CCS=0000000000000004 CCD=0000000000000000 CCO=EFLAGS
EFER=0000000000000d00
   789: v=20 e=0000 i=0 cpl=0 IP=0038:0000000007052c07 pc=0000000007052c07 SP=0030:0000000007efba60 env->regs[R_EAX]=00000000070a906f
RAX=00000000070a906f RBX=0000000000000017 RCX=00000000070a9058 RDX=0000000007efbbf8
RSI=0000000000000018 RDI=0000000000000001 RBP=0000000000000000 RSP=0000000007efba60
R8 =0000000000000018 R9 =0000000000000000 R10=0000000007f19a4d R11=0000000007059f00
R12=00000000070a9058 R13=0000000007efbbf8 R14=0000000000000001 R15=0000000007efbc10
RIP=0000000007052c07 RFL=00000206 [-----P-] CPL=0 II=0 A20=1 SMM=0 HLT=0
ES =0030 0000000000000000 ffffffff 00cf9300 DPL=0 DS   [-WA]
CS =0038 0000000000000000 ffffffff 00af9a00 DPL=0 CS64 [-R-]
SS =0030 0000000000000000 ffffffff 00cf9300 DPL=0 DS   [-WA]
DS =0030 0000000000000000 ffffffff 00cf9300 DPL=0 DS   [-WA]
FS =0030 0000000000000000 ffffffff 00cf9300 DPL=0 DS   [-WA]
GS =0030 0000000000000000 ffffffff 00cf9300 DPL=0 DS   [-WA]
LDT=0000 0000000000000000 0000ffff 00008200 DPL=0 LDT
TR =0000 0000000000000000 0000ffff 00008b00 DPL=0 TSS64-busy
GDT=     00000000079de000 00000047
IDT=     00000000074fa018 00000fff
CR0=80010033 CR2=0000000000000000 CR3=0000000007c01000 CR4=00000668
DR0=0000000000000000 DR1=0000000000000000 DR2=0000000000000000 DR3=0000000000000000 
DR6=00000000ffff0ff0 DR7=0000000000000400
CCS=0000000000000004 CCD=0000000000000000 CCO=EFLAGS
EFER=0000000000000d00
   790: v=20 e=0000 i=0 cpl=0 IP=0038:0000000007052c07 pc=0000000007052c07 SP=0030:0000000007efba60 env->regs[R_EAX]=00000000070a906f
RAX=00000000070a906f RBX=0000000000000017 RCX=00000000070a9058 RDX=0000000007efbbf8
RSI=0000000000000018 RDI=0000000000000001 RBP=0000000000000000 RSP=0000000007efba60
R8 =0000000000000018 R9 =0000000000000000 R10=0000000007f19a4d R11=0000000007059f00
R12=00000000070a9058 R13=0000000007efbbf8 R14=0000000000000001 R15=0000000007efbc10
RIP=0000000007052c07 RFL=00000206 [-----P-] CPL=0 II=0 A20=1 SMM=0 HLT=0
ES =0030 0000000000000000 ffffffff 00cf9300 DPL=0 DS   [-WA]
CS =0038 0000000000000000 ffffffff 00af9a00 DPL=0 CS64 [-R-]
SS =0030 0000000000000000 ffffffff 00cf9300 DPL=0 DS   [-WA]
DS =0030 0000000000000000 ffffffff 00cf9300 DPL=0 DS   [-WA]
FS =0030 0000000000000000 ffffffff 00cf9300 DPL=0 DS   [-WA]
GS =0030 0000000000000000 ffffffff 00cf9300 DPL=0 DS   [-WA]
LDT=0000 0000000000000000 0000ffff 00008200 DPL=0 LDT
TR =0000 0000000000000000 0000ffff 00008b00 DPL=0 TSS64-busy
GDT=     00000000079de000 00000047
IDT=     00000000074fa018 00000fff
CR0=80010033 CR2=0000000000000000 CR3=0000000007c01000 CR4=00000668
DR0=0000000000000000 DR1=0000000000000000 DR2=0000000000000000 DR3=0000000000000000 
DR6=00000000ffff0ff0 DR7=0000000000000400
CCS=0000000000000004 CCD=0000000000000000 CCO=EFLAGS
EFER=0000000000000d00
   791: v=20 e=0000 i=0 cpl=0 IP=0038:0000000007052c07 pc=0000000007052c07 SP=0030:0000000007efba60 env->regs[R_EAX]=00000000070a906f
RAX=00000000070a906f RBX=0000000000000017 RCX=00000000070a9058 RDX=0000000007efbbf8
RSI=0000000000000018 RDI=0000000000000001 RBP=0000000000000000 RSP=0000000007efba60
R8 =0000000000000018 R9 =0000000000000000 R10=0000000007f19a4d R11=0000000007059f00
R12=00000000070a9058 R13=0000000007efbbf8 R14=0000000000000001 R15=0000000007efbc10
RIP=0000000007052c07 RFL=00000206 [-----P-] CPL=0 II=0 A20=1 SMM=0 HLT=0
ES =0030 0000000000000000 ffffffff 00cf9300 DPL=0 DS   [-WA]
CS =0038 0000000000000000 ffffffff 00af9a00 DPL=0 CS64 [-R-]
SS =0030 0000000000000000 ffffffff 00cf9300 DPL=0 DS   [-WA]
DS =0030 0000000000000000 ffffffff 00cf9300 DPL=0 DS   [-WA]
FS =0030 0000000000000000 ffffffff 00cf9300 DPL=0 DS   [-WA]
GS =0030 0000000000000000 ffffffff 00cf9300 DPL=0 DS   [-WA]
LDT=0000 0000000000000000 0000ffff 00008200 DPL=0 LDT
TR =0000 0000000000000000 0000ffff 00008b00 DPL=0 TSS64-busy
GDT=     00000000079de000 00000047
IDT=     00000000074fa018 00000fff
CR0=80010033 CR2=0000000000000000 CR3=0000000007c01000 CR4=00000668
DR0=0000000000000000 DR1=0000000000000000 DR2=0000000000000000 DR3=0000000000000000 
DR6=00000000ffff0ff0 DR7=0000000000000400
CCS=0000000000000004 CCD=0000000000000000 CCO=EFLAGS
EFER=0000000000000d00
   792: v=20 e=0000 i=0 cpl=0 IP=0038:0000000007052c07 pc=0000000007052c07 SP=0030:0000000007efba60 env->regs[R_EAX]=00000000070a906f
RAX=00000000070a906f RBX=0000000000000017 RCX=00000000070a9058 RDX=0000000007efbbf8
RSI=0000000000000018 RDI=0000000000000001 RBP=0000000000000000 RSP=0000000007efba60
R8 =0000000000000018 R9 =0000000000000000 R10=0000000007f19a4d R11=0000000007059f00
R12=00000000070a9058 R13=0000000007efbbf8 R14=0000000000000001 R15=0000000007efbc10
RIP=0000000007052c07 RFL=00000206 [-----P-] CPL=0 II=0 A20=1 SMM=0 HLT=0
ES =0030 0000000000000000 ffffffff 00cf9300 DPL=0 DS   [-WA]
CS =0038 0000000000000000 ffffffff 00af9a00 DPL=0 CS64 [-R-]
SS =0030 0000000000000000 ffffffff 00cf9300 DPL=0 DS   [-WA]
DS =0030 0000000000000000 ffffffff 00cf9300 DPL=0 DS   [-WA]
FS =0030 0000000000000000 ffffffff 00cf9300 DPL=0 DS   [-WA]
GS =0030 0000000000000000 ffffffff 00cf9300 DPL=0 DS   [-WA]
LDT=0000 0000000000000000 0000ffff 00008200 DPL=0 LDT
TR =0000 0000000000000000 0000ffff 00008b00 DPL=0 TSS64-busy
GDT=     00000000079de000 00000047
IDT=     00000000074fa018 00000fff
CR0=80010033 CR2=0000000000000000 CR3=0000000007c01000 CR4=00000668
DR0=0000000000000000 DR1=0000000000000000 DR2=0000000000000000 DR3=0000000000000000 
DR6=00000000ffff0ff0 DR7=0000000000000400
CCS=0000000000000004 CCD=0000000000000000 CCO=EFLAGS
EFER=0000000000000d00
   793: v=20 e=0000 i=0 cpl=0 IP=0038:0000000007052c07 pc=0000000007052c07 SP=0030:0000000007efba60 env->regs[R_EAX]=00000000070a906f
RAX=00000000070a906f RBX=0000000000000017 RCX=00000000070a9058 RDX=0000000007efbbf8
RSI=0000000000000018 RDI=0000000000000001 RBP=0000000000000000 RSP=0000000007efba60
R8 =0000000000000018 R9 =0000000000000000 R10=0000000007f19a4d R11=0000000007059f00
R12=00000000070a9058 R13=0000000007efbbf8 R14=0000000000000001 R15=0000000007efbc10
RIP=0000000007052c07 RFL=00000206 [-----P-] CPL=0 II=0 A20=1 SMM=0 HLT=0
ES =0030 0000000000000000 ffffffff 00cf9300 DPL=0 DS   [-WA]
CS =0038 0000000000000000 ffffffff 00af9a00 DPL=0 CS64 [-R-]
SS =0030 0000000000000000 ffffffff 00cf9300 DPL=0 DS   [-WA]
DS =0030 0000000000000000 ffffffff 00cf9300 DPL=0 DS   [-WA]
FS =0030 0000000000000000 ffffffff 00cf9300 DPL=0 DS   [-WA]
GS =0030 0000000000000000 ffffffff 00cf9300 DPL=0 DS   [-WA]
LDT=0000 0000000000000000 0000ffff 00008200 DPL=0 LDT
TR =0000 0000000000000000 0000ffff 00008b00 DPL=0 TSS64-busy
GDT=     00000000079de000 00000047
IDT=     00000000074fa018 00000fff
CR0=80010033 CR2=0000000000000000 CR3=0000000007c01000 CR4=00000668
DR0=0000000000000000 DR1=0000000000000000 DR2=0000000000000000 DR3=0000000000000000 
DR6=00000000ffff0ff0 DR7=0000000000000400
CCS=0000000000000004 CCD=0000000000000000 CCO=EFLAGS
EFER=0000000000000d00
   794: v=20 e=0000 i=0 cpl=0 IP=0038:0000000007052c07 pc=0000000007052c07 SP=0030:0000000007efba60 env->regs[R_EAX]=00000000070a906f
RAX=00000000070a906f RBX=0000000000000017 RCX=00000000070a9058 RDX=0000000007efbbf8
RSI=0000000000000018 RDI=0000000000000001 RBP=0000000000000000 RSP=0000000007efba60
R8 =0000000000000018 R9 =0000000000000000 R10=0000000007f19a4d R11=0000000007059f00
R12=00000000070a9058 R13=0000000007efbbf8 R14=0000000000000001 R15=0000000007efbc10
RIP=0000000007052c07 RFL=00000206 [-----P-] CPL=0 II=0 A20=1 SMM=0 HLT=0
ES =0030 0000000000000000 ffffffff 00cf9300 DPL=0 DS   [-WA]
CS =0038 0000000000000000 ffffffff 00af9a00 DPL=0 CS64 [-R-]
SS =0030 0000000000000000 ffffffff 00cf9300 DPL=0 DS   [-WA]
DS =0030 0000000000000000 ffffffff 00cf9300 DPL=0 DS   [-WA]
FS =0030 0000000000000000 ffffffff 00cf9300 DPL=0 DS   [-WA]
GS =0030 0000000000000000 ffffffff 00cf9300 DPL=0 DS   [-WA]
LDT=0000 0000000000000000 0000ffff 00008200 DPL=0 LDT
TR =0000 0000000000000000 0000ffff 00008b00 DPL=0 TSS64-busy
GDT=     00000000079de000 00000047
IDT=     00000000074fa018 00000fff
CR0=80010033 CR2=0000000000000000 CR3=0000000007c01000 CR4=00000668
DR0=0000000000000000 DR1=0000000000000000 DR2=0000000000000000 DR3=0000000000000000 
DR6=00000000ffff0ff0 DR7=0000000000000400
CCS=0000000000000004 CCD=0000000000000000 CCO=EFLAGS
EFER=0000000000000d00
   795: v=20 e=0000 i=0 cpl=0 IP=0038:0000000007052c07 pc=0000000007052c07 SP=0030:0000000007efba60 env->regs[R_EAX]=00000000070a906f
RAX=00000000070a906f RBX=0000000000000017 RCX=00000000070a9058 RDX=0000000007efbbf8
RSI=0000000000000018 RDI=0000000000000001 RBP=0000000000000000 RSP=0000000007efba60
R8 =0000000000000018 R9 =0000000000000000 R10=0000000007f19a4d R11=0000000007059f00
R12=00000000070a9058 R13=0000000007efbbf8 R14=0000000000000001 R15=0000000007efbc10
RIP=0000000007052c07 RFL=00000206 [-----P-] CPL=0 II=0 A20=1 SMM=0 HLT=0
ES =0030 0000000000000000 ffffffff 00cf9300 DPL=0 DS   [-WA]
CS =0038 0000000000000000 ffffffff 00af9a00 DPL=0 CS64 [-R-]
SS =0030 0000000000000000 ffffffff 00cf9300 DPL=0 DS   [-WA]
DS =0030 0000000000000000 ffffffff 00cf9300 DPL=0 DS   [-WA]
FS =0030 0000000000000000 ffffffff 00cf9300 DPL=0 DS   [-WA]
GS =0030 0000000000000000 ffffffff 00cf9300 DPL=0 DS   [-WA]
LDT=0000 0000000000000000 0000ffff 00008200 DPL=0 LDT
TR =0000 0000000000000000 0000ffff 00008b00 DPL=0 TSS64-busy
GDT=     00000000079de000 00000047
IDT=     00000000074fa018 00000fff
CR0=80010033 CR2=0000000000000000 CR3=0000000007c01000 CR4=00000668
DR0=0000000000000000 DR1=0000000000000000 DR2=0000000000000000 DR3=0000000000000000 
DR6=00000000ffff0ff0 DR7=0000000000000400
CCS=0000000000000004 CCD=0000000000000000 CCO=EFLAGS
EFER=0000000000000d00
   796: v=20 e=0000 i=0 cpl=0 IP=0038:0000000007052c07 pc=0000000007052c07 SP=0030:0000000007efba60 env->regs[R_EAX]=00000000070a906f
RAX=00000000070a906f RBX=0000000000000017 RCX=00000000070a9058 RDX=0000000007efbbf8
RSI=0000000000000018 RDI=0000000000000001 RBP=0000000000000000 RSP=0000000007efba60
R8 =0000000000000018 R9 =0000000000000000 R10=0000000007f19a4d R11=0000000007059f00
R12=00000000070a9058 R13=0000000007efbbf8 R14=0000000000000001 R15=0000000007efbc10
RIP=0000000007052c07 RFL=00000206 [-----P-] CPL=0 II=0 A20=1 SMM=0 HLT=0
ES =0030 0000000000000000 ffffffff 00cf9300 DPL=0 DS   [-WA]
CS =0038 0000000000000000 ffffffff 00af9a00 DPL=0 CS64 [-R-]
SS =0030 0000000000000000 ffffffff 00cf9300 DPL=0 DS   [-WA]
DS =0030 0000000000000000 ffffffff 00cf9300 DPL=0 DS   [-WA]
FS =0030 0000000000000000 ffffffff 00cf9300 DPL=0 DS   [-WA]
GS =0030 0000000000000000 ffffffff 00cf9300 DPL=0 DS   [-WA]
LDT=0000 0000000000000000 0000ffff 00008200 DPL=0 LDT
TR =0000 0000000000000000 0000ffff 00008b00 DPL=0 TSS64-busy
GDT=     00000000079de000 00000047
IDT=     00000000074fa018 00000fff
CR0=80010033 CR2=0000000000000000 CR3=0000000007c01000 CR4=00000668
DR0=0000000000000000 DR1=0000000000000000 DR2=0000000000000000 DR3=0000000000000000 
DR6=00000000ffff0ff0 DR7=0000000000000400
CCS=0000000000000004 CCD=0000000000000000 CCO=EFLAGS
EFER=0000000000000d00
   797: v=20 e=0000 i=0 cpl=0 IP=0038:0000000007052c07 pc=0000000007052c07 SP=0030:0000000007efba60 env->regs[R_EAX]=00000000070a906f
RAX=00000000070a906f RBX=0000000000000017 RCX=00000000070a9058 RDX=0000000007efbbf8
RSI=0000000000000018 RDI=0000000000000001 RBP=0000000000000000 RSP=0000000007efba60
R8 =0000000000000018 R9 =0000000000000000 R10=0000000007f19a4d R11=0000000007059f00
R12=00000000070a9058 R13=0000000007efbbf8 R14=0000000000000001 R15=0000000007efbc10
RIP=0000000007052c07 RFL=00000206 [-----P-] CPL=0 II=0 A20=1 SMM=0 HLT=0
ES =0030 0000000000000000 ffffffff 00cf9300 DPL=0 DS   [-WA]
CS =0038 0000000000000000 ffffffff 00af9a00 DPL=0 CS64 [-R-]
SS =0030 0000000000000000 ffffffff 00cf9300 DPL=0 DS   [-WA]
DS =0030 0000000000000000 ffffffff 00cf9300 DPL=0 DS   [-WA]
FS =0030 0000000000000000 ffffffff 00cf9300 DPL=0 DS   [-WA]
GS =0030 0000000000000000 ffffffff 00cf9300 DPL=0 DS   [-WA]
LDT=0000 0000000000000000 0000ffff 00008200 DPL=0 LDT
TR =0000 0000000000000000 0000ffff 00008b00 DPL=0 TSS64-busy
GDT=     00000000079de000 00000047
IDT=     00000000074fa018 00000fff
CR0=80010033 CR2=0000000000000000 CR3=0000000007c01000 CR4=00000668
DR0=0000000000000000 DR1=0000000000000000 DR2=0000000000000000 DR3=0000000000000000 
DR6=00000000ffff0ff0 DR7=0000000000000400
CCS=0000000000000004 CCD=0000000000000000 CCO=EFLAGS
EFER=0000000000000d00
   798: v=20 e=0000 i=0 cpl=0 IP=0038:0000000007052c07 pc=0000000007052c07 SP=0030:0000000007efba60 env->regs[R_EAX]=00000000070a906f
RAX=00000000070a906f RBX=0000000000000017 RCX=00000000070a9058 RDX=0000000007efbbf8
RSI=0000000000000018 RDI=0000000000000001 RBP=0000000000000000 RSP=0000000007efba60
R8 =0000000000000018 R9 =0000000000000000 R10=0000000007f19a4d R11=0000000007059f00
R12=00000000070a9058 R13=0000000007efbbf8 R14=0000000000000001 R15=0000000007efbc10
RIP=0000000007052c07 RFL=00000206 [-----P-] CPL=0 II=0 A20=1 SMM=0 HLT=0
ES =0030 0000000000000000 ffffffff 00cf9300 DPL=0 DS   [-WA]
CS =0038 0000000000000000 ffffffff 00af9a00 DPL=0 CS64 [-R-]
SS =0030 0000000000000000 ffffffff 00cf9300 DPL=0 DS   [-WA]
DS =0030 0000000000000000 ffffffff 00cf9300 DPL=0 DS   [-WA]
FS =0030 0000000000000000 ffffffff 00cf9300 DPL=0 DS   [-WA]
GS =0030 0000000000000000 ffffffff 00cf9300 DPL=0 DS   [-WA]
LDT=0000 0000000000000000 0000ffff 00008200 DPL=0 LDT
TR =0000 0000000000000000 0000ffff 00008b00 DPL=0 TSS64-busy
GDT=     00000000079de000 00000047
IDT=     00000000074fa018 00000fff
CR0=80010033 CR2=0000000000000000 CR3=0000000007c01000 CR4=00000668
DR0=0000000000000000 DR1=0000000000000000 DR2=0000000000000000 DR3=0000000000000000 
DR6=00000000ffff0ff0 DR7=0000000000000400
CCS=0000000000000004 CCD=0000000000000000 CCO=EFLAGS
EFER=0000000000000d00
   799: v=20 e=0000 i=0 cpl=0 IP=0038:0000000007052c07 pc=0000000007052c07 SP=0030:0000000007efba60 env->regs[R_EAX]=00000000070a906f
RAX=00000000070a906f RBX=0000000000000017 RCX=00000000070a9058 RDX=0000000007efbbf8
RSI=0000000000000018 RDI=0000000000000001 RBP=0000000000000000 RSP=0000000007efba60
R8 =0000000000000018 R9 =0000000000000000 R10=0000000007f19a4d R11=0000000007059f00
R12=00000000070a9058 R13=0000000007efbbf8 R14=0000000000000001 R15=0000000007efbc10
RIP=0000000007052c07 RFL=00000206 [-----P-] CPL=0 II=0 A20=1 SMM=0 HLT=0
ES =0030 0000000000000000 ffffffff 00cf9300 DPL=0 DS   [-WA]
CS =0038 0000000000000000 ffffffff 00af9a00 DPL=0 CS64 [-R-]
SS =0030 0000000000000000 ffffffff 00cf9300 DPL=0 DS   [-WA]
DS =0030 0000000000000000 ffffffff 00cf9300 DPL=0 DS   [-WA]
FS =0030 0000000000000000 ffffffff 00cf9300 DPL=0 DS   [-WA]
GS =0030 0000000000000000 ffffffff 00cf9300 DPL=0 DS   [-WA]
LDT=0000 0000000000000000 0000ffff 00008200 DPL=0 LDT
TR =0000 0000000000000000 0000ffff 00008b00 DPL=0 TSS64-busy
GDT=     00000000079de000 00000047
IDT=     00000000074fa018 00000fff
CR0=80010033 CR2=0000000000000000 CR3=0000000007c01000 CR4=00000668
DR0=0000000000000000 DR1=0000000000000000 DR2=0000000000000000 DR3=0000000000000000 
DR6=00000000ffff0ff0 DR7=0000000000000400
CCS=0000000000000004 CCD=0000000000000000 CCO=EFLAGS
EFER=0000000000000d00
   800: v=20 e=0000 i=0 cpl=0 IP=0038:0000000007052c07 pc=0000000007052c07 SP=0030:0000000007efba60 env->regs[R_EAX]=00000000070a906f
RAX=00000000070a906f RBX=0000000000000017 RCX=00000000070a9058 RDX=0000000007efbbf8
RSI=0000000000000018 RDI=0000000000000001 RBP=0000000000000000 RSP=0000000007efba60
R8 =0000000000000018 R9 =0000000000000000 R10=0000000007f19a4d R11=0000000007059f00
R12=00000000070a9058 R13=0000000007efbbf8 R14=0000000000000001 R15=0000000007efbc10
RIP=0000000007052c07 RFL=00000206 [-----P-] CPL=0 II=0 A20=1 SMM=0 HLT=0
ES =0030 0000000000000000 ffffffff 00cf9300 DPL=0 DS   [-WA]
CS =0038 0000000000000000 ffffffff 00af9a00 DPL=0 CS64 [-R-]
SS =0030 0000000000000000 ffffffff 00cf9300 DPL=0 DS   [-WA]
DS =0030 0000000000000000 ffffffff 00cf9300 DPL=0 DS   [-WA]
FS =0030 0000000000000000 ffffffff 00cf9300 DPL=0 DS   [-WA]
GS =0030 0000000000000000 ffffffff 00cf9300 DPL=0 DS   [-WA]
LDT=0000 0000000000000000 0000ffff 00008200 DPL=0 LDT
TR =0000 0000000000000000 0000ffff 00008b00 DPL=0 TSS64-busy
GDT=     00000000079de000 00000047
IDT=     00000000074fa018 00000fff
CR0=80010033 CR2=0000000000000000 CR3=0000000007c01000 CR4=00000668
DR0=0000000000000000 DR1=0000000000000000 DR2=0000000000000000 DR3=0000000000000000 
DR6=00000000ffff0ff0 DR7=0000000000000400
CCS=0000000000000004 CCD=0000000000000000 CCO=EFLAGS
EFER=0000000000000d00
   801: v=20 e=0000 i=0 cpl=0 IP=0038:0000000007052c07 pc=0000000007052c07 SP=0030:0000000007efba60 env->regs[R_EAX]=00000000070a906f
RAX=00000000070a906f RBX=0000000000000017 RCX=00000000070a9058 RDX=0000000007efbbf8
RSI=0000000000000018 RDI=0000000000000001 RBP=0000000000000000 RSP=0000000007efba60
R8 =0000000000000018 R9 =0000000000000000 R10=0000000007f19a4d R11=0000000007059f00
R12=00000000070a9058 R13=0000000007efbbf8 R14=0000000000000001 R15=0000000007efbc10
RIP=0000000007052c07 RFL=00000206 [-----P-] CPL=0 II=0 A20=1 SMM=0 HLT=0
ES =0030 0000000000000000 ffffffff 00cf9300 DPL=0 DS   [-WA]
CS =0038 0000000000000000 ffffffff 00af9a00 DPL=0 CS64 [-R-]
SS =0030 0000000000000000 ffffffff 00cf9300 DPL=0 DS   [-WA]
DS =0030 0000000000000000 ffffffff 00cf9300 DPL=0 DS   [-WA]
FS =0030 0000000000000000 ffffffff 00cf9300 DPL=0 DS   [-WA]
GS =0030 0000000000000000 ffffffff 00cf9300 DPL=0 DS   [-WA]
LDT=0000 0000000000000000 0000ffff 00008200 DPL=0 LDT
TR =0000 0000000000000000 0000ffff 00008b00 DPL=0 TSS64-busy
GDT=     00000000079de000 00000047
IDT=     00000000074fa018 00000fff
CR0=80010033 CR2=0000000000000000 CR3=0000000007c01000 CR4=00000668
DR0=0000000000000000 DR1=0000000000000000 DR2=0000000000000000 DR3=0000000000000000 
DR6=00000000ffff0ff0 DR7=0000000000000400
CCS=0000000000000004 CCD=0000000000000000 CCO=EFLAGS
EFER=0000000000000d00
   802: v=20 e=0000 i=0 cpl=0 IP=0038:0000000007052c07 pc=0000000007052c07 SP=0030:0000000007efba60 env->regs[R_EAX]=00000000070a906f
RAX=00000000070a906f RBX=0000000000000017 RCX=00000000070a9058 RDX=0000000007efbbf8
RSI=0000000000000018 RDI=0000000000000001 RBP=0000000000000000 RSP=0000000007efba60
R8 =0000000000000018 R9 =0000000000000000 R10=0000000007f19a4d R11=0000000007059f00
R12=00000000070a9058 R13=0000000007efbbf8 R14=0000000000000001 R15=0000000007efbc10
RIP=0000000007052c07 RFL=00000206 [-----P-] CPL=0 II=0 A20=1 SMM=0 HLT=0
ES =0030 0000000000000000 ffffffff 00cf9300 DPL=0 DS   [-WA]
CS =0038 0000000000000000 ffffffff 00af9a00 DPL=0 CS64 [-R-]
SS =0030 0000000000000000 ffffffff 00cf9300 DPL=0 DS   [-WA]
DS =0030 0000000000000000 ffffffff 00cf9300 DPL=0 DS   [-WA]
FS =0030 0000000000000000 ffffffff 00cf9300 DPL=0 DS   [-WA]
GS =0030 0000000000000000 ffffffff 00cf9300 DPL=0 DS   [-WA]
LDT=0000 0000000000000000 0000ffff 00008200 DPL=0 LDT
TR =0000 0000000000000000 0000ffff 00008b00 DPL=0 TSS64-busy
GDT=     00000000079de000 00000047
IDT=     00000000074fa018 00000fff
CR0=80010033 CR2=0000000000000000 CR3=0000000007c01000 CR4=00000668
DR0=0000000000000000 DR1=0000000000000000 DR2=0000000000000000 DR3=0000000000000000 
DR6=00000000ffff0ff0 DR7=0000000000000400
CCS=0000000000000004 CCD=0000000000000000 CCO=EFLAGS
EFER=0000000000000d00
   803: v=20 e=0000 i=0 cpl=0 IP=0038:0000000007052c07 pc=0000000007052c07 SP=0030:0000000007efba60 env->regs[R_EAX]=00000000070a906f
RAX=00000000070a906f RBX=0000000000000017 RCX=00000000070a9058 RDX=0000000007efbbf8
RSI=0000000000000018 RDI=0000000000000001 RBP=0000000000000000 RSP=0000000007efba60
R8 =0000000000000018 R9 =0000000000000000 R10=0000000007f19a4d R11=0000000007059f00
R12=00000000070a9058 R13=0000000007efbbf8 R14=0000000000000001 R15=0000000007efbc10
RIP=0000000007052c07 RFL=00000206 [-----P-] CPL=0 II=0 A20=1 SMM=0 HLT=0
ES =0030 0000000000000000 ffffffff 00cf9300 DPL=0 DS   [-WA]
CS =0038 0000000000000000 ffffffff 00af9a00 DPL=0 CS64 [-R-]
SS =0030 0000000000000000 ffffffff 00cf9300 DPL=0 DS   [-WA]
DS =0030 0000000000000000 ffffffff 00cf9300 DPL=0 DS   [-WA]
FS =0030 0000000000000000 ffffffff 00cf9300 DPL=0 DS   [-WA]
GS =0030 0000000000000000 ffffffff 00cf9300 DPL=0 DS   [-WA]
LDT=0000 0000000000000000 0000ffff 00008200 DPL=0 LDT
TR =0000 0000000000000000 0000ffff 00008b00 DPL=0 TSS64-busy
GDT=     00000000079de000 00000047
IDT=     00000000074fa018 00000fff
CR0=80010033 CR2=0000000000000000 CR3=0000000007c01000 CR4=00000668
DR0=0000000000000000 DR1=0000000000000000 DR2=0000000000000000 DR3=0000000000000000 
DR6=00000000ffff0ff0 DR7=0000000000000400
CCS=0000000000000004 CCD=0000000000000000 CCO=EFLAGS
EFER=0000000000000d00
   804: v=20 e=0000 i=0 cpl=0 IP=0038:0000000007052c07 pc=0000000007052c07 SP=0030:0000000007efba60 env->regs[R_EAX]=00000000070a906f
RAX=00000000070a906f RBX=0000000000000017 RCX=00000000070a9058 RDX=0000000007efbbf8
RSI=0000000000000018 RDI=0000000000000001 RBP=0000000000000000 RSP=0000000007efba60
R8 =0000000000000018 R9 =0000000000000000 R10=0000000007f19a4d R11=0000000007059f00
R12=00000000070a9058 R13=0000000007efbbf8 R14=0000000000000001 R15=0000000007efbc10
RIP=0000000007052c07 RFL=00000206 [-----P-] CPL=0 II=0 A20=1 SMM=0 HLT=0
ES =0030 0000000000000000 ffffffff 00cf9300 DPL=0 DS   [-WA]
CS =0038 0000000000000000 ffffffff 00af9a00 DPL=0 CS64 [-R-]
SS =0030 0000000000000000 ffffffff 00cf9300 DPL=0 DS   [-WA]
DS =0030 0000000000000000 ffffffff 00cf9300 DPL=0 DS   [-WA]
FS =0030 0000000000000000 ffffffff 00cf9300 DPL=0 DS   [-WA]
GS =0030 0000000000000000 ffffffff 00cf9300 DPL=0 DS   [-WA]
LDT=0000 0000000000000000 0000ffff 00008200 DPL=0 LDT
TR =0000 0000000000000000 0000ffff 00008b00 DPL=0 TSS64-busy
GDT=     00000000079de000 00000047
IDT=     00000000074fa018 00000fff
CR0=80010033 CR2=0000000000000000 CR3=0000000007c01000 CR4=00000668
DR0=0000000000000000 DR1=0000000000000000 DR2=0000000000000000 DR3=0000000000000000 
DR6=00000000ffff0ff0 DR7=0000000000000400
CCS=0000000000000004 CCD=0000000000000000 CCO=EFLAGS
EFER=0000000000000d00
   805: v=20 e=0000 i=0 cpl=0 IP=0038:0000000007052c07 pc=0000000007052c07 SP=0030:0000000007efba60 env->regs[R_EAX]=00000000070a906f
RAX=00000000070a906f RBX=0000000000000017 RCX=00000000070a9058 RDX=0000000007efbbf8
RSI=0000000000000018 RDI=0000000000000001 RBP=0000000000000000 RSP=0000000007efba60
R8 =0000000000000018 R9 =0000000000000000 R10=0000000007f19a4d R11=0000000007059f00
R12=00000000070a9058 R13=0000000007efbbf8 R14=0000000000000001 R15=0000000007efbc10
RIP=0000000007052c07 RFL=00000206 [-----P-] CPL=0 II=0 A20=1 SMM=0 HLT=0
ES =0030 0000000000000000 ffffffff 00cf9300 DPL=0 DS   [-WA]
CS =0038 0000000000000000 ffffffff 00af9a00 DPL=0 CS64 [-R-]
SS =0030 0000000000000000 ffffffff 00cf9300 DPL=0 DS   [-WA]
DS =0030 0000000000000000 ffffffff 00cf9300 DPL=0 DS   [-WA]
FS =0030 0000000000000000 ffffffff 00cf9300 DPL=0 DS   [-WA]
GS =0030 0000000000000000 ffffffff 00cf9300 DPL=0 DS   [-WA]
LDT=0000 0000000000000000 0000ffff 00008200 DPL=0 LDT
TR =0000 0000000000000000 0000ffff 00008b00 DPL=0 TSS64-busy
GDT=     00000000079de000 00000047
IDT=     00000000074fa018 00000fff
CR0=80010033 CR2=0000000000000000 CR3=0000000007c01000 CR4=00000668
DR0=0000000000000000 DR1=0000000000000000 DR2=0000000000000000 DR3=0000000000000000 
DR6=00000000ffff0ff0 DR7=0000000000000400
CCS=0000000000000004 CCD=0000000000000000 CCO=EFLAGS
EFER=0000000000000d00
   806: v=20 e=0000 i=0 cpl=0 IP=0038:0000000007052c07 pc=0000000007052c07 SP=0030:0000000007efba60 env->regs[R_EAX]=00000000070a906f
RAX=00000000070a906f RBX=0000000000000017 RCX=00000000070a9058 RDX=0000000007efbbf8
RSI=0000000000000018 RDI=0000000000000001 RBP=0000000000000000 RSP=0000000007efba60
R8 =0000000000000018 R9 =0000000000000000 R10=0000000007f19a4d R11=0000000007059f00
R12=00000000070a9058 R13=0000000007efbbf8 R14=0000000000000001 R15=0000000007efbc10
RIP=0000000007052c07 RFL=00000206 [-----P-] CPL=0 II=0 A20=1 SMM=0 HLT=0
ES =0030 0000000000000000 ffffffff 00cf9300 DPL=0 DS   [-WA]
CS =0038 0000000000000000 ffffffff 00af9a00 DPL=0 CS64 [-R-]
SS =0030 0000000000000000 ffffffff 00cf9300 DPL=0 DS   [-WA]
DS =0030 0000000000000000 ffffffff 00cf9300 DPL=0 DS   [-WA]
FS =0030 0000000000000000 ffffffff 00cf9300 DPL=0 DS   [-WA]
GS =0030 0000000000000000 ffffffff 00cf9300 DPL=0 DS   [-WA]
LDT=0000 0000000000000000 0000ffff 00008200 DPL=0 LDT
TR =0000 0000000000000000 0000ffff 00008b00 DPL=0 TSS64-busy
GDT=     00000000079de000 00000047
IDT=     00000000074fa018 00000fff
CR0=80010033 CR2=0000000000000000 CR3=0000000007c01000 CR4=00000668
DR0=0000000000000000 DR1=0000000000000000 DR2=0000000000000000 DR3=0000000000000000 
DR6=00000000ffff0ff0 DR7=0000000000000400
CCS=0000000000000004 CCD=0000000000000000 CCO=EFLAGS
EFER=0000000000000d00
   807: v=20 e=0000 i=0 cpl=0 IP=0038:0000000007052c07 pc=0000000007052c07 SP=0030:0000000007efba60 env->regs[R_EAX]=00000000070a906f
RAX=00000000070a906f RBX=0000000000000017 RCX=00000000070a9058 RDX=0000000007efbbf8
RSI=0000000000000018 RDI=0000000000000001 RBP=0000000000000000 RSP=0000000007efba60
R8 =0000000000000018 R9 =0000000000000000 R10=0000000007f19a4d R11=0000000007059f00
R12=00000000070a9058 R13=0000000007efbbf8 R14=0000000000000001 R15=0000000007efbc10
RIP=0000000007052c07 RFL=00000206 [-----P-] CPL=0 II=0 A20=1 SMM=0 HLT=0
ES =0030 0000000000000000 ffffffff 00cf9300 DPL=0 DS   [-WA]
CS =0038 0000000000000000 ffffffff 00af9a00 DPL=0 CS64 [-R-]
SS =0030 0000000000000000 ffffffff 00cf9300 DPL=0 DS   [-WA]
DS =0030 0000000000000000 ffffffff 00cf9300 DPL=0 DS   [-WA]
FS =0030 0000000000000000 ffffffff 00cf9300 DPL=0 DS   [-WA]
GS =0030 0000000000000000 ffffffff 00cf9300 DPL=0 DS   [-WA]
LDT=0000 0000000000000000 0000ffff 00008200 DPL=0 LDT
TR =0000 0000000000000000 0000ffff 00008b00 DPL=0 TSS64-busy
GDT=     00000000079de000 00000047
IDT=     00000000074fa018 00000fff
CR0=80010033 CR2=0000000000000000 CR3=0000000007c01000 CR4=00000668
DR0=0000000000000000 DR1=0000000000000000 DR2=0000000000000000 DR3=0000000000000000 
DR6=00000000ffff0ff0 DR7=0000000000000400
CCS=0000000000000004 CCD=0000000000000000 CCO=EFLAGS
EFER=0000000000000d00
   808: v=20 e=0000 i=0 cpl=0 IP=0038:0000000007052c07 pc=0000000007052c07 SP=0030:0000000007efba60 env->regs[R_EAX]=00000000070a906f
RAX=00000000070a906f RBX=0000000000000017 RCX=00000000070a9058 RDX=0000000007efbbf8
RSI=0000000000000018 RDI=0000000000000001 RBP=0000000000000000 RSP=0000000007efba60
R8 =0000000000000018 R9 =0000000000000000 R10=0000000007f19a4d R11=0000000007059f00
R12=00000000070a9058 R13=0000000007efbbf8 R14=0000000000000001 R15=0000000007efbc10
RIP=0000000007052c07 RFL=00000206 [-----P-] CPL=0 II=0 A20=1 SMM=0 HLT=0
ES =0030 0000000000000000 ffffffff 00cf9300 DPL=0 DS   [-WA]
CS =0038 0000000000000000 ffffffff 00af9a00 DPL=0 CS64 [-R-]
SS =0030 0000000000000000 ffffffff 00cf9300 DPL=0 DS   [-WA]
DS =0030 0000000000000000 ffffffff 00cf9300 DPL=0 DS   [-WA]
FS =0030 0000000000000000 ffffffff 00cf9300 DPL=0 DS   [-WA]
GS =0030 0000000000000000 ffffffff 00cf9300 DPL=0 DS   [-WA]
LDT=0000 0000000000000000 0000ffff 00008200 DPL=0 LDT
TR =0000 0000000000000000 0000ffff 00008b00 DPL=0 TSS64-busy
GDT=     00000000079de000 00000047
IDT=     00000000074fa018 00000fff
CR0=80010033 CR2=0000000000000000 CR3=0000000007c01000 CR4=00000668
DR0=0000000000000000 DR1=0000000000000000 DR2=0000000000000000 DR3=0000000000000000 
DR6=00000000ffff0ff0 DR7=0000000000000400
CCS=0000000000000004 CCD=0000000000000000 CCO=EFLAGS
EFER=0000000000000d00
   809: v=20 e=0000 i=0 cpl=0 IP=0038:0000000007052c07 pc=0000000007052c07 SP=0030:0000000007efba60 env->regs[R_EAX]=00000000070a906f
RAX=00000000070a906f RBX=0000000000000017 RCX=00000000070a9058 RDX=0000000007efbbf8
RSI=0000000000000018 RDI=0000000000000001 RBP=0000000000000000 RSP=0000000007efba60
R8 =0000000000000018 R9 =0000000000000000 R10=0000000007f19a4d R11=0000000007059f00
R12=00000000070a9058 R13=0000000007efbbf8 R14=0000000000000001 R15=0000000007efbc10
RIP=0000000007052c07 RFL=00000206 [-----P-] CPL=0 II=0 A20=1 SMM=0 HLT=0
ES =0030 0000000000000000 ffffffff 00cf9300 DPL=0 DS   [-WA]
CS =0038 0000000000000000 ffffffff 00af9a00 DPL=0 CS64 [-R-]
SS =0030 0000000000000000 ffffffff 00cf9300 DPL=0 DS   [-WA]
DS =0030 0000000000000000 ffffffff 00cf9300 DPL=0 DS   [-WA]
FS =0030 0000000000000000 ffffffff 00cf9300 DPL=0 DS   [-WA]
GS =0030 0000000000000000 ffffffff 00cf9300 DPL=0 DS   [-WA]
LDT=0000 0000000000000000 0000ffff 00008200 DPL=0 LDT
TR =0000 0000000000000000 0000ffff 00008b00 DPL=0 TSS64-busy
GDT=     00000000079de000 00000047
IDT=     00000000074fa018 00000fff
CR0=80010033 CR2=0000000000000000 CR3=0000000007c01000 CR4=00000668
DR0=0000000000000000 DR1=0000000000000000 DR2=0000000000000000 DR3=0000000000000000 
DR6=00000000ffff0ff0 DR7=0000000000000400
CCS=0000000000000004 CCD=0000000000000000 CCO=EFLAGS
EFER=0000000000000d00
   810: v=20 e=0000 i=0 cpl=0 IP=0038:0000000007052c07 pc=0000000007052c07 SP=0030:0000000007efba60 env->regs[R_EAX]=00000000070a906f
RAX=00000000070a906f RBX=0000000000000017 RCX=00000000070a9058 RDX=0000000007efbbf8
RSI=0000000000000018 RDI=0000000000000001 RBP=0000000000000000 RSP=0000000007efba60
R8 =0000000000000018 R9 =0000000000000000 R10=0000000007f19a4d R11=0000000007059f00
R12=00000000070a9058 R13=0000000007efbbf8 R14=0000000000000001 R15=0000000007efbc10
RIP=0000000007052c07 RFL=00000206 [-----P-] CPL=0 II=0 A20=1 SMM=0 HLT=0
ES =0030 0000000000000000 ffffffff 00cf9300 DPL=0 DS   [-WA]
CS =0038 0000000000000000 ffffffff 00af9a00 DPL=0 CS64 [-R-]
SS =0030 0000000000000000 ffffffff 00cf9300 DPL=0 DS   [-WA]
DS =0030 0000000000000000 ffffffff 00cf9300 DPL=0 DS   [-WA]
FS =0030 0000000000000000 ffffffff 00cf9300 DPL=0 DS   [-WA]
GS =0030 0000000000000000 ffffffff 00cf9300 DPL=0 DS   [-WA]
LDT=0000 0000000000000000 0000ffff 00008200 DPL=0 LDT
TR =0000 0000000000000000 0000ffff 00008b00 DPL=0 TSS64-busy
GDT=     00000000079de000 00000047
IDT=     00000000074fa018 00000fff
CR0=80010033 CR2=0000000000000000 CR3=0000000007c01000 CR4=00000668
DR0=0000000000000000 DR1=0000000000000000 DR2=0000000000000000 DR3=0000000000000000 
DR6=00000000ffff0ff0 DR7=0000000000000400
CCS=0000000000000004 CCD=0000000000000000 CCO=EFLAGS
EFER=0000000000000d00
   811: v=20 e=0000 i=0 cpl=0 IP=0038:0000000007052c07 pc=0000000007052c07 SP=0030:0000000007efba60 env->regs[R_EAX]=00000000070a906f
RAX=00000000070a906f RBX=0000000000000017 RCX=00000000070a9058 RDX=0000000007efbbf8
RSI=0000000000000018 RDI=0000000000000001 RBP=0000000000000000 RSP=0000000007efba60
R8 =0000000000000018 R9 =0000000000000000 R10=0000000007f19a4d R11=0000000007059f00
R12=00000000070a9058 R13=0000000007efbbf8 R14=0000000000000001 R15=0000000007efbc10
RIP=0000000007052c07 RFL=00000206 [-----P-] CPL=0 II=0 A20=1 SMM=0 HLT=0
ES =0030 0000000000000000 ffffffff 00cf9300 DPL=0 DS   [-WA]
CS =0038 0000000000000000 ffffffff 00af9a00 DPL=0 CS64 [-R-]
SS =0030 0000000000000000 ffffffff 00cf9300 DPL=0 DS   [-WA]
DS =0030 0000000000000000 ffffffff 00cf9300 DPL=0 DS   [-WA]
FS =0030 0000000000000000 ffffffff 00cf9300 DPL=0 DS   [-WA]
GS =0030 0000000000000000 ffffffff 00cf9300 DPL=0 DS   [-WA]
LDT=0000 0000000000000000 0000ffff 00008200 DPL=0 LDT
TR =0000 0000000000000000 0000ffff 00008b00 DPL=0 TSS64-busy
GDT=     00000000079de000 00000047
IDT=     00000000074fa018 00000fff
CR0=80010033 CR2=0000000000000000 CR3=0000000007c01000 CR4=00000668
DR0=0000000000000000 DR1=0000000000000000 DR2=0000000000000000 DR3=0000000000000000 
DR6=00000000ffff0ff0 DR7=0000000000000400
CCS=0000000000000004 CCD=0000000000000000 CCO=EFLAGS
EFER=0000000000000d00
   812: v=20 e=0000 i=0 cpl=0 IP=0038:0000000007052c07 pc=0000000007052c07 SP=0030:0000000007efba60 env->regs[R_EAX]=00000000070a906f
RAX=00000000070a906f RBX=0000000000000017 RCX=00000000070a9058 RDX=0000000007efbbf8
RSI=0000000000000018 RDI=0000000000000001 RBP=0000000000000000 RSP=0000000007efba60
R8 =0000000000000018 R9 =0000000000000000 R10=0000000007f19a4d R11=0000000007059f00
R12=00000000070a9058 R13=0000000007efbbf8 R14=0000000000000001 R15=0000000007efbc10
RIP=0000000007052c07 RFL=00000206 [-----P-] CPL=0 II=0 A20=1 SMM=0 HLT=0
ES =0030 0000000000000000 ffffffff 00cf9300 DPL=0 DS   [-WA]
CS =0038 0000000000000000 ffffffff 00af9a00 DPL=0 CS64 [-R-]
SS =0030 0000000000000000 ffffffff 00cf9300 DPL=0 DS   [-WA]
DS =0030 0000000000000000 ffffffff 00cf9300 DPL=0 DS   [-WA]
FS =0030 0000000000000000 ffffffff 00cf9300 DPL=0 DS   [-WA]
GS =0030 0000000000000000 ffffffff 00cf9300 DPL=0 DS   [-WA]
LDT=0000 0000000000000000 0000ffff 00008200 DPL=0 LDT
TR =0000 0000000000000000 0000ffff 00008b00 DPL=0 TSS64-busy
GDT=     00000000079de000 00000047
IDT=     00000000074fa018 00000fff
CR0=80010033 CR2=0000000000000000 CR3=0000000007c01000 CR4=00000668
DR0=0000000000000000 DR1=0000000000000000 DR2=0000000000000000 DR3=0000000000000000 
DR6=00000000ffff0ff0 DR7=0000000000000400
CCS=0000000000000004 CCD=0000000000000000 CCO=EFLAGS
EFER=0000000000000d00
   813: v=20 e=0000 i=0 cpl=0 IP=0038:0000000007052c07 pc=0000000007052c07 SP=0030:0000000007efba60 env->regs[R_EAX]=00000000070a906f
RAX=00000000070a906f RBX=0000000000000017 RCX=00000000070a9058 RDX=0000000007efbbf8
RSI=0000000000000018 RDI=0000000000000001 RBP=0000000000000000 RSP=0000000007efba60
R8 =0000000000000018 R9 =0000000000000000 R10=0000000007f19a4d R11=0000000007059f00
R12=00000000070a9058 R13=0000000007efbbf8 R14=0000000000000001 R15=0000000007efbc10
RIP=0000000007052c07 RFL=00000206 [-----P-] CPL=0 II=0 A20=1 SMM=0 HLT=0
ES =0030 0000000000000000 ffffffff 00cf9300 DPL=0 DS   [-WA]
CS =0038 0000000000000000 ffffffff 00af9a00 DPL=0 CS64 [-R-]
SS =0030 0000000000000000 ffffffff 00cf9300 DPL=0 DS   [-WA]
DS =0030 0000000000000000 ffffffff 00cf9300 DPL=0 DS   [-WA]
FS =0030 0000000000000000 ffffffff 00cf9300 DPL=0 DS   [-WA]
GS =0030 0000000000000000 ffffffff 00cf9300 DPL=0 DS   [-WA]
LDT=0000 0000000000000000 0000ffff 00008200 DPL=0 LDT
TR =0000 0000000000000000 0000ffff 00008b00 DPL=0 TSS64-busy
GDT=     00000000079de000 00000047
IDT=     00000000074fa018 00000fff
CR0=80010033 CR2=0000000000000000 CR3=0000000007c01000 CR4=00000668
DR0=0000000000000000 DR1=0000000000000000 DR2=0000000000000000 DR3=0000000000000000 
DR6=00000000ffff0ff0 DR7=0000000000000400
CCS=0000000000000004 CCD=0000000000000000 CCO=EFLAGS
EFER=0000000000000d00
   814: v=20 e=0000 i=0 cpl=0 IP=0038:0000000007052c07 pc=0000000007052c07 SP=0030:0000000007efba60 env->regs[R_EAX]=00000000070a906f
RAX=00000000070a906f RBX=0000000000000017 RCX=00000000070a9058 RDX=0000000007efbbf8
RSI=0000000000000018 RDI=0000000000000001 RBP=0000000000000000 RSP=0000000007efba60
R8 =0000000000000018 R9 =0000000000000000 R10=0000000007f19a4d R11=0000000007059f00
R12=00000000070a9058 R13=0000000007efbbf8 R14=0000000000000001 R15=0000000007efbc10
RIP=0000000007052c07 RFL=00000206 [-----P-] CPL=0 II=0 A20=1 SMM=0 HLT=0
ES =0030 0000000000000000 ffffffff 00cf9300 DPL=0 DS   [-WA]
CS =0038 0000000000000000 ffffffff 00af9a00 DPL=0 CS64 [-R-]
SS =0030 0000000000000000 ffffffff 00cf9300 DPL=0 DS   [-WA]
DS =0030 0000000000000000 ffffffff 00cf9300 DPL=0 DS   [-WA]
FS =0030 0000000000000000 ffffffff 00cf9300 DPL=0 DS   [-WA]
GS =0030 0000000000000000 ffffffff 00cf9300 DPL=0 DS   [-WA]
LDT=0000 0000000000000000 0000ffff 00008200 DPL=0 LDT
TR =0000 0000000000000000 0000ffff 00008b00 DPL=0 TSS64-busy
GDT=     00000000079de000 00000047
IDT=     00000000074fa018 00000fff
CR0=80010033 CR2=0000000000000000 CR3=0000000007c01000 CR4=00000668
DR0=0000000000000000 DR1=0000000000000000 DR2=0000000000000000 DR3=0000000000000000 
DR6=00000000ffff0ff0 DR7=0000000000000400
CCS=0000000000000004 CCD=0000000000000000 CCO=EFLAGS
EFER=0000000000000d00
   815: v=20 e=0000 i=0 cpl=0 IP=0038:0000000007052c07 pc=0000000007052c07 SP=0030:0000000007efba60 env->regs[R_EAX]=00000000070a906f
RAX=00000000070a906f RBX=0000000000000017 RCX=00000000070a9058 RDX=0000000007efbbf8
RSI=0000000000000018 RDI=0000000000000001 RBP=0000000000000000 RSP=0000000007efba60
R8 =0000000000000018 R9 =0000000000000000 R10=0000000007f19a4d R11=0000000007059f00
R12=00000000070a9058 R13=0000000007efbbf8 R14=0000000000000001 R15=0000000007efbc10
RIP=0000000007052c07 RFL=00000206 [-----P-] CPL=0 II=0 A20=1 SMM=0 HLT=0
ES =0030 0000000000000000 ffffffff 00cf9300 DPL=0 DS   [-WA]
CS =0038 0000000000000000 ffffffff 00af9a00 DPL=0 CS64 [-R-]
SS =0030 0000000000000000 ffffffff 00cf9300 DPL=0 DS   [-WA]
DS =0030 0000000000000000 ffffffff 00cf9300 DPL=0 DS   [-WA]
FS =0030 0000000000000000 ffffffff 00cf9300 DPL=0 DS   [-WA]
GS =0030 0000000000000000 ffffffff 00cf9300 DPL=0 DS   [-WA]
LDT=0000 0000000000000000 0000ffff 00008200 DPL=0 LDT
TR =0000 0000000000000000 0000ffff 00008b00 DPL=0 TSS64-busy
GDT=     00000000079de000 00000047
IDT=     00000000074fa018 00000fff
CR0=80010033 CR2=0000000000000000 CR3=0000000007c01000 CR4=00000668
DR0=0000000000000000 DR1=0000000000000000 DR2=0000000000000000 DR3=0000000000000000 
DR6=00000000ffff0ff0 DR7=0000000000000400
CCS=0000000000000004 CCD=0000000000000000 CCO=EFLAGS
EFER=0000000000000d00
   816: v=20 e=0000 i=0 cpl=0 IP=0038:0000000007052c07 pc=0000000007052c07 SP=0030:0000000007efba60 env->regs[R_EAX]=00000000070a906f
RAX=00000000070a906f RBX=0000000000000017 RCX=00000000070a9058 RDX=0000000007efbbf8
RSI=0000000000000018 RDI=0000000000000001 RBP=0000000000000000 RSP=0000000007efba60
R8 =0000000000000018 R9 =0000000000000000 R10=0000000007f19a4d R11=0000000007059f00
R12=00000000070a9058 R13=0000000007efbbf8 R14=0000000000000001 R15=0000000007efbc10
RIP=0000000007052c07 RFL=00000206 [-----P-] CPL=0 II=0 A20=1 SMM=0 HLT=0
ES =0030 0000000000000000 ffffffff 00cf9300 DPL=0 DS   [-WA]
CS =0038 0000000000000000 ffffffff 00af9a00 DPL=0 CS64 [-R-]
SS =0030 0000000000000000 ffffffff 00cf9300 DPL=0 DS   [-WA]
DS =0030 0000000000000000 ffffffff 00cf9300 DPL=0 DS   [-WA]
FS =0030 0000000000000000 ffffffff 00cf9300 DPL=0 DS   [-WA]
GS =0030 0000000000000000 ffffffff 00cf9300 DPL=0 DS   [-WA]
LDT=0000 0000000000000000 0000ffff 00008200 DPL=0 LDT
TR =0000 0000000000000000 0000ffff 00008b00 DPL=0 TSS64-busy
GDT=     00000000079de000 00000047
IDT=     00000000074fa018 00000fff
CR0=80010033 CR2=0000000000000000 CR3=0000000007c01000 CR4=00000668
DR0=0000000000000000 DR1=0000000000000000 DR2=0000000000000000 DR3=0000000000000000 
DR6=00000000ffff0ff0 DR7=0000000000000400
CCS=0000000000000004 CCD=0000000000000000 CCO=EFLAGS
EFER=0000000000000d00
   817: v=20 e=0000 i=0 cpl=0 IP=0038:0000000007052c07 pc=0000000007052c07 SP=0030:0000000007efba60 env->regs[R_EAX]=00000000070a906f
RAX=00000000070a906f RBX=0000000000000017 RCX=00000000070a9058 RDX=0000000007efbbf8
RSI=0000000000000018 RDI=0000000000000001 RBP=0000000000000000 RSP=0000000007efba60
R8 =0000000000000018 R9 =0000000000000000 R10=0000000007f19a4d R11=0000000007059f00
R12=00000000070a9058 R13=0000000007efbbf8 R14=0000000000000001 R15=0000000007efbc10
RIP=0000000007052c07 RFL=00000206 [-----P-] CPL=0 II=0 A20=1 SMM=0 HLT=0
ES =0030 0000000000000000 ffffffff 00cf9300 DPL=0 DS   [-WA]
CS =0038 0000000000000000 ffffffff 00af9a00 DPL=0 CS64 [-R-]
SS =0030 0000000000000000 ffffffff 00cf9300 DPL=0 DS   [-WA]
DS =0030 0000000000000000 ffffffff 00cf9300 DPL=0 DS   [-WA]
FS =0030 0000000000000000 ffffffff 00cf9300 DPL=0 DS   [-WA]
GS =0030 0000000000000000 ffffffff 00cf9300 DPL=0 DS   [-WA]
LDT=0000 0000000000000000 0000ffff 00008200 DPL=0 LDT
TR =0000 0000000000000000 0000ffff 00008b00 DPL=0 TSS64-busy
GDT=     00000000079de000 00000047
IDT=     00000000074fa018 00000fff
CR0=80010033 CR2=0000000000000000 CR3=0000000007c01000 CR4=00000668
DR0=0000000000000000 DR1=0000000000000000 DR2=0000000000000000 DR3=0000000000000000 
DR6=00000000ffff0ff0 DR7=0000000000000400
CCS=0000000000000004 CCD=0000000000000000 CCO=EFLAGS
EFER=0000000000000d00
   818: v=20 e=0000 i=0 cpl=0 IP=0038:0000000007052c07 pc=0000000007052c07 SP=0030:0000000007efba60 env->regs[R_EAX]=00000000070a906f
RAX=00000000070a906f RBX=0000000000000017 RCX=00000000070a9058 RDX=0000000007efbbf8
RSI=0000000000000018 RDI=0000000000000001 RBP=0000000000000000 RSP=0000000007efba60
R8 =0000000000000018 R9 =0000000000000000 R10=0000000007f19a4d R11=0000000007059f00
R12=00000000070a9058 R13=0000000007efbbf8 R14=0000000000000001 R15=0000000007efbc10
RIP=0000000007052c07 RFL=00000206 [-----P-] CPL=0 II=0 A20=1 SMM=0 HLT=0
ES =0030 0000000000000000 ffffffff 00cf9300 DPL=0 DS   [-WA]
CS =0038 0000000000000000 ffffffff 00af9a00 DPL=0 CS64 [-R-]
SS =0030 0000000000000000 ffffffff 00cf9300 DPL=0 DS   [-WA]
DS =0030 0000000000000000 ffffffff 00cf9300 DPL=0 DS   [-WA]
FS =0030 0000000000000000 ffffffff 00cf9300 DPL=0 DS   [-WA]
GS =0030 0000000000000000 ffffffff 00cf9300 DPL=0 DS   [-WA]
LDT=0000 0000000000000000 0000ffff 00008200 DPL=0 LDT
TR =0000 0000000000000000 0000ffff 00008b00 DPL=0 TSS64-busy
GDT=     00000000079de000 00000047
IDT=     00000000074fa018 00000fff
CR0=80010033 CR2=0000000000000000 CR3=0000000007c01000 CR4=00000668
DR0=0000000000000000 DR1=0000000000000000 DR2=0000000000000000 DR3=0000000000000000 
DR6=00000000ffff0ff0 DR7=0000000000000400
CCS=0000000000000004 CCD=0000000000000000 CCO=EFLAGS
EFER=0000000000000d00
   819: v=20 e=0000 i=0 cpl=0 IP=0038:0000000007052c07 pc=0000000007052c07 SP=0030:0000000007efba60 env->regs[R_EAX]=00000000070a906f
RAX=00000000070a906f RBX=0000000000000017 RCX=00000000070a9058 RDX=0000000007efbbf8
RSI=0000000000000018 RDI=0000000000000001 RBP=0000000000000000 RSP=0000000007efba60
R8 =0000000000000018 R9 =0000000000000000 R10=0000000007f19a4d R11=0000000007059f00
R12=00000000070a9058 R13=0000000007efbbf8 R14=0000000000000001 R15=0000000007efbc10
RIP=0000000007052c07 RFL=00000206 [-----P-] CPL=0 II=0 A20=1 SMM=0 HLT=0
ES =0030 0000000000000000 ffffffff 00cf9300 DPL=0 DS   [-WA]
CS =0038 0000000000000000 ffffffff 00af9a00 DPL=0 CS64 [-R-]
SS =0030 0000000000000000 ffffffff 00cf9300 DPL=0 DS   [-WA]
DS =0030 0000000000000000 ffffffff 00cf9300 DPL=0 DS   [-WA]
FS =0030 0000000000000000 ffffffff 00cf9300 DPL=0 DS   [-WA]
GS =0030 0000000000000000 ffffffff 00cf9300 DPL=0 DS   [-WA]
LDT=0000 0000000000000000 0000ffff 00008200 DPL=0 LDT
TR =0000 0000000000000000 0000ffff 00008b00 DPL=0 TSS64-busy
GDT=     00000000079de000 00000047
IDT=     00000000074fa018 00000fff
CR0=80010033 CR2=0000000000000000 CR3=0000000007c01000 CR4=00000668
DR0=0000000000000000 DR1=0000000000000000 DR2=0000000000000000 DR3=0000000000000000 
DR6=00000000ffff0ff0 DR7=0000000000000400
CCS=0000000000000004 CCD=0000000000000000 CCO=EFLAGS
EFER=0000000000000d00
   820: v=20 e=0000 i=0 cpl=0 IP=0038:0000000007052c07 pc=0000000007052c07 SP=0030:0000000007efba60 env->regs[R_EAX]=00000000070a906f
RAX=00000000070a906f RBX=0000000000000017 RCX=00000000070a9058 RDX=0000000007efbbf8
RSI=0000000000000018 RDI=0000000000000001 RBP=0000000000000000 RSP=0000000007efba60
R8 =0000000000000018 R9 =0000000000000000 R10=0000000007f19a4d R11=0000000007059f00
R12=00000000070a9058 R13=0000000007efbbf8 R14=0000000000000001 R15=0000000007efbc10
RIP=0000000007052c07 RFL=00000206 [-----P-] CPL=0 II=0 A20=1 SMM=0 HLT=0
ES =0030 0000000000000000 ffffffff 00cf9300 DPL=0 DS   [-WA]
CS =0038 0000000000000000 ffffffff 00af9a00 DPL=0 CS64 [-R-]
SS =0030 0000000000000000 ffffffff 00cf9300 DPL=0 DS   [-WA]
DS =0030 0000000000000000 ffffffff 00cf9300 DPL=0 DS   [-WA]
FS =0030 0000000000000000 ffffffff 00cf9300 DPL=0 DS   [-WA]
GS =0030 0000000000000000 ffffffff 00cf9300 DPL=0 DS   [-WA]
LDT=0000 0000000000000000 0000ffff 00008200 DPL=0 LDT
TR =0000 0000000000000000 0000ffff 00008b00 DPL=0 TSS64-busy
GDT=     00000000079de000 00000047
IDT=     00000000074fa018 00000fff
CR0=80010033 CR2=0000000000000000 CR3=0000000007c01000 CR4=00000668
DR0=0000000000000000 DR1=0000000000000000 DR2=0000000000000000 DR3=0000000000000000 
DR6=00000000ffff0ff0 DR7=0000000000000400
CCS=0000000000000004 CCD=0000000000000000 CCO=EFLAGS
EFER=0000000000000d00
   821: v=20 e=0000 i=0 cpl=0 IP=0038:0000000007052c07 pc=0000000007052c07 SP=0030:0000000007efba60 env->regs[R_EAX]=00000000070a906f
RAX=00000000070a906f RBX=0000000000000017 RCX=00000000070a9058 RDX=0000000007efbbf8
RSI=0000000000000018 RDI=0000000000000001 RBP=0000000000000000 RSP=0000000007efba60
R8 =0000000000000018 R9 =0000000000000000 R10=0000000007f19a4d R11=0000000007059f00
R12=00000000070a9058 R13=0000000007efbbf8 R14=0000000000000001 R15=0000000007efbc10
RIP=0000000007052c07 RFL=00000206 [-----P-] CPL=0 II=0 A20=1 SMM=0 HLT=0
ES =0030 0000000000000000 ffffffff 00cf9300 DPL=0 DS   [-WA]
CS =0038 0000000000000000 ffffffff 00af9a00 DPL=0 CS64 [-R-]
SS =0030 0000000000000000 ffffffff 00cf9300 DPL=0 DS   [-WA]
DS =0030 0000000000000000 ffffffff 00cf9300 DPL=0 DS   [-WA]
FS =0030 0000000000000000 ffffffff 00cf9300 DPL=0 DS   [-WA]
GS =0030 0000000000000000 ffffffff 00cf9300 DPL=0 DS   [-WA]
LDT=0000 0000000000000000 0000ffff 00008200 DPL=0 LDT
TR =0000 0000000000000000 0000ffff 00008b00 DPL=0 TSS64-busy
GDT=     00000000079de000 00000047
IDT=     00000000074fa018 00000fff
CR0=80010033 CR2=0000000000000000 CR3=0000000007c01000 CR4=00000668
DR0=0000000000000000 DR1=0000000000000000 DR2=0000000000000000 DR3=0000000000000000 
DR6=00000000ffff0ff0 DR7=0000000000000400
CCS=0000000000000004 CCD=0000000000000000 CCO=EFLAGS
EFER=0000000000000d00
   822: v=20 e=0000 i=0 cpl=0 IP=0038:0000000007052c07 pc=0000000007052c07 SP=0030:0000000007efba60 env->regs[R_EAX]=00000000070a906f
RAX=00000000070a906f RBX=0000000000000017 RCX=00000000070a9058 RDX=0000000007efbbf8
RSI=0000000000000018 RDI=0000000000000001 RBP=0000000000000000 RSP=0000000007efba60
R8 =0000000000000018 R9 =0000000000000000 R10=0000000007f19a4d R11=0000000007059f00
R12=00000000070a9058 R13=0000000007efbbf8 R14=0000000000000001 R15=0000000007efbc10
RIP=0000000007052c07 RFL=00000206 [-----P-] CPL=0 II=0 A20=1 SMM=0 HLT=0
ES =0030 0000000000000000 ffffffff 00cf9300 DPL=0 DS   [-WA]
CS =0038 0000000000000000 ffffffff 00af9a00 DPL=0 CS64 [-R-]
SS =0030 0000000000000000 ffffffff 00cf9300 DPL=0 DS   [-WA]
DS =0030 0000000000000000 ffffffff 00cf9300 DPL=0 DS   [-WA]
FS =0030 0000000000000000 ffffffff 00cf9300 DPL=0 DS   [-WA]
GS =0030 0000000000000000 ffffffff 00cf9300 DPL=0 DS   [-WA]
LDT=0000 0000000000000000 0000ffff 00008200 DPL=0 LDT
TR =0000 0000000000000000 0000ffff 00008b00 DPL=0 TSS64-busy
GDT=     00000000079de000 00000047
IDT=     00000000074fa018 00000fff
CR0=80010033 CR2=0000000000000000 CR3=0000000007c01000 CR4=00000668
DR0=0000000000000000 DR1=0000000000000000 DR2=0000000000000000 DR3=0000000000000000 
DR6=00000000ffff0ff0 DR7=0000000000000400
CCS=0000000000000004 CCD=0000000000000000 CCO=EFLAGS
EFER=0000000000000d00
   823: v=20 e=0000 i=0 cpl=0 IP=0038:0000000007052c07 pc=0000000007052c07 SP=0030:0000000007efba60 env->regs[R_EAX]=00000000070a906f
RAX=00000000070a906f RBX=0000000000000017 RCX=00000000070a9058 RDX=0000000007efbbf8
RSI=0000000000000018 RDI=0000000000000001 RBP=0000000000000000 RSP=0000000007efba60
R8 =0000000000000018 R9 =0000000000000000 R10=0000000007f19a4d R11=0000000007059f00
R12=00000000070a9058 R13=0000000007efbbf8 R14=0000000000000001 R15=0000000007efbc10
RIP=0000000007052c07 RFL=00000206 [-----P-] CPL=0 II=0 A20=1 SMM=0 HLT=0
ES =0030 0000000000000000 ffffffff 00cf9300 DPL=0 DS   [-WA]
CS =0038 0000000000000000 ffffffff 00af9a00 DPL=0 CS64 [-R-]
SS =0030 0000000000000000 ffffffff 00cf9300 DPL=0 DS   [-WA]
DS =0030 0000000000000000 ffffffff 00cf9300 DPL=0 DS   [-WA]
FS =0030 0000000000000000 ffffffff 00cf9300 DPL=0 DS   [-WA]
GS =0030 0000000000000000 ffffffff 00cf9300 DPL=0 DS   [-WA]
LDT=0000 0000000000000000 0000ffff 00008200 DPL=0 LDT
TR =0000 0000000000000000 0000ffff 00008b00 DPL=0 TSS64-busy
GDT=     00000000079de000 00000047
IDT=     00000000074fa018 00000fff
CR0=80010033 CR2=0000000000000000 CR3=0000000007c01000 CR4=00000668
DR0=0000000000000000 DR1=0000000000000000 DR2=0000000000000000 DR3=0000000000000000 
DR6=00000000ffff0ff0 DR7=0000000000000400
CCS=0000000000000004 CCD=0000000000000000 CCO=EFLAGS
EFER=0000000000000d00
   824: v=20 e=0000 i=0 cpl=0 IP=0038:0000000007052c07 pc=0000000007052c07 SP=0030:0000000007efba60 env->regs[R_EAX]=00000000070a906f
RAX=00000000070a906f RBX=0000000000000017 RCX=00000000070a9058 RDX=0000000007efbbf8
RSI=0000000000000018 RDI=0000000000000001 RBP=0000000000000000 RSP=0000000007efba60
R8 =0000000000000018 R9 =0000000000000000 R10=0000000007f19a4d R11=0000000007059f00
R12=00000000070a9058 R13=0000000007efbbf8 R14=0000000000000001 R15=0000000007efbc10
RIP=0000000007052c07 RFL=00000206 [-----P-] CPL=0 II=0 A20=1 SMM=0 HLT=0
ES =0030 0000000000000000 ffffffff 00cf9300 DPL=0 DS   [-WA]
CS =0038 0000000000000000 ffffffff 00af9a00 DPL=0 CS64 [-R-]
SS =0030 0000000000000000 ffffffff 00cf9300 DPL=0 DS   [-WA]
DS =0030 0000000000000000 ffffffff 00cf9300 DPL=0 DS   [-WA]
FS =0030 0000000000000000 ffffffff 00cf9300 DPL=0 DS   [-WA]
GS =0030 0000000000000000 ffffffff 00cf9300 DPL=0 DS   [-WA]
LDT=0000 0000000000000000 0000ffff 00008200 DPL=0 LDT
TR =0000 0000000000000000 0000ffff 00008b00 DPL=0 TSS64-busy
GDT=     00000000079de000 00000047
IDT=     00000000074fa018 00000fff
CR0=80010033 CR2=0000000000000000 CR3=0000000007c01000 CR4=00000668
DR0=0000000000000000 DR1=0000000000000000 DR2=0000000000000000 DR3=0000000000000000 
DR6=00000000ffff0ff0 DR7=0000000000000400
CCS=0000000000000004 CCD=0000000000000000 CCO=EFLAGS
EFER=0000000000000d00
   825: v=20 e=0000 i=0 cpl=0 IP=0038:0000000007052c07 pc=0000000007052c07 SP=0030:0000000007efba60 env->regs[R_EAX]=00000000070a906f
RAX=00000000070a906f RBX=0000000000000017 RCX=00000000070a9058 RDX=0000000007efbbf8
RSI=0000000000000018 RDI=0000000000000001 RBP=0000000000000000 RSP=0000000007efba60
R8 =0000000000000018 R9 =0000000000000000 R10=0000000007f19a4d R11=0000000007059f00
R12=00000000070a9058 R13=0000000007efbbf8 R14=0000000000000001 R15=0000000007efbc10
RIP=0000000007052c07 RFL=00000206 [-----P-] CPL=0 II=0 A20=1 SMM=0 HLT=0
ES =0030 0000000000000000 ffffffff 00cf9300 DPL=0 DS   [-WA]
CS =0038 0000000000000000 ffffffff 00af9a00 DPL=0 CS64 [-R-]
SS =0030 0000000000000000 ffffffff 00cf9300 DPL=0 DS   [-WA]
DS =0030 0000000000000000 ffffffff 00cf9300 DPL=0 DS   [-WA]
FS =0030 0000000000000000 ffffffff 00cf9300 DPL=0 DS   [-WA]
GS =0030 0000000000000000 ffffffff 00cf9300 DPL=0 DS   [-WA]
LDT=0000 0000000000000000 0000ffff 00008200 DPL=0 LDT
TR =0000 0000000000000000 0000ffff 00008b00 DPL=0 TSS64-busy
GDT=     00000000079de000 00000047
IDT=     00000000074fa018 00000fff
CR0=80010033 CR2=0000000000000000 CR3=0000000007c01000 CR4=00000668
DR0=0000000000000000 DR1=0000000000000000 DR2=0000000000000000 DR3=0000000000000000 
DR6=00000000ffff0ff0 DR7=0000000000000400
CCS=0000000000000004 CCD=0000000000000000 CCO=EFLAGS
EFER=0000000000000d00
   826: v=20 e=0000 i=0 cpl=0 IP=0038:0000000007052c07 pc=0000000007052c07 SP=0030:0000000007efba60 env->regs[R_EAX]=00000000070a906f
RAX=00000000070a906f RBX=0000000000000017 RCX=00000000070a9058 RDX=0000000007efbbf8
RSI=0000000000000018 RDI=0000000000000001 RBP=0000000000000000 RSP=0000000007efba60
R8 =0000000000000018 R9 =0000000000000000 R10=0000000007f19a4d R11=0000000007059f00
R12=00000000070a9058 R13=0000000007efbbf8 R14=0000000000000001 R15=0000000007efbc10
RIP=0000000007052c07 RFL=00000206 [-----P-] CPL=0 II=0 A20=1 SMM=0 HLT=0
ES =0030 0000000000000000 ffffffff 00cf9300 DPL=0 DS   [-WA]
CS =0038 0000000000000000 ffffffff 00af9a00 DPL=0 CS64 [-R-]
SS =0030 0000000000000000 ffffffff 00cf9300 DPL=0 DS   [-WA]
DS =0030 0000000000000000 ffffffff 00cf9300 DPL=0 DS   [-WA]
FS =0030 0000000000000000 ffffffff 00cf9300 DPL=0 DS   [-WA]
GS =0030 0000000000000000 ffffffff 00cf9300 DPL=0 DS   [-WA]
LDT=0000 0000000000000000 0000ffff 00008200 DPL=0 LDT
TR =0000 0000000000000000 0000ffff 00008b00 DPL=0 TSS64-busy
GDT=     00000000079de000 00000047
IDT=     00000000074fa018 00000fff
CR0=80010033 CR2=0000000000000000 CR3=0000000007c01000 CR4=00000668
DR0=0000000000000000 DR1=0000000000000000 DR2=0000000000000000 DR3=0000000000000000 
DR6=00000000ffff0ff0 DR7=0000000000000400
CCS=0000000000000004 CCD=0000000000000000 CCO=EFLAGS
EFER=0000000000000d00
   827: v=20 e=0000 i=0 cpl=0 IP=0038:0000000007052c07 pc=0000000007052c07 SP=0030:0000000007efba60 env->regs[R_EAX]=00000000070a906f
RAX=00000000070a906f RBX=0000000000000017 RCX=00000000070a9058 RDX=0000000007efbbf8
RSI=0000000000000018 RDI=0000000000000001 RBP=0000000000000000 RSP=0000000007efba60
R8 =0000000000000018 R9 =0000000000000000 R10=0000000007f19a4d R11=0000000007059f00
R12=00000000070a9058 R13=0000000007efbbf8 R14=0000000000000001 R15=0000000007efbc10
RIP=0000000007052c07 RFL=00000206 [-----P-] CPL=0 II=0 A20=1 SMM=0 HLT=0
ES =0030 0000000000000000 ffffffff 00cf9300 DPL=0 DS   [-WA]
CS =0038 0000000000000000 ffffffff 00af9a00 DPL=0 CS64 [-R-]
SS =0030 0000000000000000 ffffffff 00cf9300 DPL=0 DS   [-WA]
DS =0030 0000000000000000 ffffffff 00cf9300 DPL=0 DS   [-WA]
FS =0030 0000000000000000 ffffffff 00cf9300 DPL=0 DS   [-WA]
GS =0030 0000000000000000 ffffffff 00cf9300 DPL=0 DS   [-WA]
LDT=0000 0000000000000000 0000ffff 00008200 DPL=0 LDT
TR =0000 0000000000000000 0000ffff 00008b00 DPL=0 TSS64-busy
GDT=     00000000079de000 00000047
IDT=     00000000074fa018 00000fff
CR0=80010033 CR2=0000000000000000 CR3=0000000007c01000 CR4=00000668
DR0=0000000000000000 DR1=0000000000000000 DR2=0000000000000000 DR3=0000000000000000 
DR6=00000000ffff0ff0 DR7=0000000000000400
CCS=0000000000000004 CCD=0000000000000000 CCO=EFLAGS
EFER=0000000000000d00
   828: v=20 e=0000 i=0 cpl=0 IP=0038:0000000007052c07 pc=0000000007052c07 SP=0030:0000000007efba60 env->regs[R_EAX]=00000000070a906f
RAX=00000000070a906f RBX=0000000000000017 RCX=00000000070a9058 RDX=0000000007efbbf8
RSI=0000000000000018 RDI=0000000000000001 RBP=0000000000000000 RSP=0000000007efba60
R8 =0000000000000018 R9 =0000000000000000 R10=0000000007f19a4d R11=0000000007059f00
R12=00000000070a9058 R13=0000000007efbbf8 R14=0000000000000001 R15=0000000007efbc10
RIP=0000000007052c07 RFL=00000206 [-----P-] CPL=0 II=0 A20=1 SMM=0 HLT=0
ES =0030 0000000000000000 ffffffff 00cf9300 DPL=0 DS   [-WA]
CS =0038 0000000000000000 ffffffff 00af9a00 DPL=0 CS64 [-R-]
SS =0030 0000000000000000 ffffffff 00cf9300 DPL=0 DS   [-WA]
DS =0030 0000000000000000 ffffffff 00cf9300 DPL=0 DS   [-WA]
FS =0030 0000000000000000 ffffffff 00cf9300 DPL=0 DS   [-WA]
GS =0030 0000000000000000 ffffffff 00cf9300 DPL=0 DS   [-WA]
LDT=0000 0000000000000000 0000ffff 00008200 DPL=0 LDT
TR =0000 0000000000000000 0000ffff 00008b00 DPL=0 TSS64-busy
GDT=     00000000079de000 00000047
IDT=     00000000074fa018 00000fff
CR0=80010033 CR2=0000000000000000 CR3=0000000007c01000 CR4=00000668
DR0=0000000000000000 DR1=0000000000000000 DR2=0000000000000000 DR3=0000000000000000 
DR6=00000000ffff0ff0 DR7=0000000000000400
CCS=0000000000000004 CCD=0000000000000000 CCO=EFLAGS
EFER=0000000000000d00
   829: v=20 e=0000 i=0 cpl=0 IP=0038:0000000007052c07 pc=0000000007052c07 SP=0030:0000000007efba60 env->regs[R_EAX]=00000000070a906f
RAX=00000000070a906f RBX=0000000000000017 RCX=00000000070a9058 RDX=0000000007efbbf8
RSI=0000000000000018 RDI=0000000000000001 RBP=0000000000000000 RSP=0000000007efba60
R8 =0000000000000018 R9 =0000000000000000 R10=0000000007f19a4d R11=0000000007059f00
R12=00000000070a9058 R13=0000000007efbbf8 R14=0000000000000001 R15=0000000007efbc10
RIP=0000000007052c07 RFL=00000206 [-----P-] CPL=0 II=0 A20=1 SMM=0 HLT=0
ES =0030 0000000000000000 ffffffff 00cf9300 DPL=0 DS   [-WA]
CS =0038 0000000000000000 ffffffff 00af9a00 DPL=0 CS64 [-R-]
SS =0030 0000000000000000 ffffffff 00cf9300 DPL=0 DS   [-WA]
DS =0030 0000000000000000 ffffffff 00cf9300 DPL=0 DS   [-WA]
FS =0030 0000000000000000 ffffffff 00cf9300 DPL=0 DS   [-WA]
GS =0030 0000000000000000 ffffffff 00cf9300 DPL=0 DS   [-WA]
LDT=0000 0000000000000000 0000ffff 00008200 DPL=0 LDT
TR =0000 0000000000000000 0000ffff 00008b00 DPL=0 TSS64-busy
GDT=     00000000079de000 00000047
IDT=     00000000074fa018 00000fff
CR0=80010033 CR2=0000000000000000 CR3=0000000007c01000 CR4=00000668
DR0=0000000000000000 DR1=0000000000000000 DR2=0000000000000000 DR3=0000000000000000 
DR6=00000000ffff0ff0 DR7=0000000000000400
CCS=0000000000000004 CCD=0000000000000000 CCO=EFLAGS
EFER=0000000000000d00
   830: v=20 e=0000 i=0 cpl=0 IP=0038:0000000007052c07 pc=0000000007052c07 SP=0030:0000000007efba60 env->regs[R_EAX]=00000000070a906f
RAX=00000000070a906f RBX=0000000000000017 RCX=00000000070a9058 RDX=0000000007efbbf8
RSI=0000000000000018 RDI=0000000000000001 RBP=0000000000000000 RSP=0000000007efba60
R8 =0000000000000018 R9 =0000000000000000 R10=0000000007f19a4d R11=0000000007059f00
R12=00000000070a9058 R13=0000000007efbbf8 R14=0000000000000001 R15=0000000007efbc10
RIP=0000000007052c07 RFL=00000206 [-----P-] CPL=0 II=0 A20=1 SMM=0 HLT=0
ES =0030 0000000000000000 ffffffff 00cf9300 DPL=0 DS   [-WA]
CS =0038 0000000000000000 ffffffff 00af9a00 DPL=0 CS64 [-R-]
SS =0030 0000000000000000 ffffffff 00cf9300 DPL=0 DS   [-WA]
DS =0030 0000000000000000 ffffffff 00cf9300 DPL=0 DS   [-WA]
FS =0030 0000000000000000 ffffffff 00cf9300 DPL=0 DS   [-WA]
GS =0030 0000000000000000 ffffffff 00cf9300 DPL=0 DS   [-WA]
LDT=0000 0000000000000000 0000ffff 00008200 DPL=0 LDT
TR =0000 0000000000000000 0000ffff 00008b00 DPL=0 TSS64-busy
GDT=     00000000079de000 00000047
IDT=     00000000074fa018 00000fff
CR0=80010033 CR2=0000000000000000 CR3=0000000007c01000 CR4=00000668
DR0=0000000000000000 DR1=0000000000000000 DR2=0000000000000000 DR3=0000000000000000 
DR6=00000000ffff0ff0 DR7=0000000000000400
CCS=0000000000000004 CCD=0000000000000000 CCO=EFLAGS
EFER=0000000000000d00
   831: v=20 e=0000 i=0 cpl=0 IP=0038:0000000007052c07 pc=0000000007052c07 SP=0030:0000000007efba60 env->regs[R_EAX]=00000000070a906f
RAX=00000000070a906f RBX=0000000000000017 RCX=00000000070a9058 RDX=0000000007efbbf8
RSI=0000000000000018 RDI=0000000000000001 RBP=0000000000000000 RSP=0000000007efba60
R8 =0000000000000018 R9 =0000000000000000 R10=0000000007f19a4d R11=0000000007059f00
R12=00000000070a9058 R13=0000000007efbbf8 R14=0000000000000001 R15=0000000007efbc10
RIP=0000000007052c07 RFL=00000206 [-----P-] CPL=0 II=0 A20=1 SMM=0 HLT=0
ES =0030 0000000000000000 ffffffff 00cf9300 DPL=0 DS   [-WA]
CS =0038 0000000000000000 ffffffff 00af9a00 DPL=0 CS64 [-R-]
SS =0030 0000000000000000 ffffffff 00cf9300 DPL=0 DS   [-WA]
DS =0030 0000000000000000 ffffffff 00cf9300 DPL=0 DS   [-WA]
FS =0030 0000000000000000 ffffffff 00cf9300 DPL=0 DS   [-WA]
GS =0030 0000000000000000 ffffffff 00cf9300 DPL=0 DS   [-WA]
LDT=0000 0000000000000000 0000ffff 00008200 DPL=0 LDT
TR =0000 0000000000000000 0000ffff 00008b00 DPL=0 TSS64-busy
GDT=     00000000079de000 00000047
IDT=     00000000074fa018 00000fff
CR0=80010033 CR2=0000000000000000 CR3=0000000007c01000 CR4=00000668
DR0=0000000000000000 DR1=0000000000000000 DR2=0000000000000000 DR3=0000000000000000 
DR6=00000000ffff0ff0 DR7=0000000000000400
CCS=0000000000000004 CCD=0000000000000000 CCO=EFLAGS
EFER=0000000000000d00
   832: v=20 e=0000 i=0 cpl=0 IP=0038:0000000007052c07 pc=0000000007052c07 SP=0030:0000000007efba60 env->regs[R_EAX]=00000000070a906f
RAX=00000000070a906f RBX=0000000000000017 RCX=00000000070a9058 RDX=0000000007efbbf8
RSI=0000000000000018 RDI=0000000000000001 RBP=0000000000000000 RSP=0000000007efba60
R8 =0000000000000018 R9 =0000000000000000 R10=0000000007f19a4d R11=0000000007059f00
R12=00000000070a9058 R13=0000000007efbbf8 R14=0000000000000001 R15=0000000007efbc10
RIP=0000000007052c07 RFL=00000206 [-----P-] CPL=0 II=0 A20=1 SMM=0 HLT=0
ES =0030 0000000000000000 ffffffff 00cf9300 DPL=0 DS   [-WA]
CS =0038 0000000000000000 ffffffff 00af9a00 DPL=0 CS64 [-R-]
SS =0030 0000000000000000 ffffffff 00cf9300 DPL=0 DS   [-WA]
DS =0030 0000000000000000 ffffffff 00cf9300 DPL=0 DS   [-WA]
FS =0030 0000000000000000 ffffffff 00cf9300 DPL=0 DS   [-WA]
GS =0030 0000000000000000 ffffffff 00cf9300 DPL=0 DS   [-WA]
LDT=0000 0000000000000000 0000ffff 00008200 DPL=0 LDT
TR =0000 0000000000000000 0000ffff 00008b00 DPL=0 TSS64-busy
GDT=     00000000079de000 00000047
IDT=     00000000074fa018 00000fff
CR0=80010033 CR2=0000000000000000 CR3=0000000007c01000 CR4=00000668
DR0=0000000000000000 DR1=0000000000000000 DR2=0000000000000000 DR3=0000000000000000 
DR6=00000000ffff0ff0 DR7=0000000000000400
CCS=0000000000000004 CCD=0000000000000000 CCO=EFLAGS
EFER=0000000000000d00
   833: v=20 e=0000 i=0 cpl=0 IP=0038:0000000007052c07 pc=0000000007052c07 SP=0030:0000000007efba60 env->regs[R_EAX]=00000000070a906f
RAX=00000000070a906f RBX=0000000000000017 RCX=00000000070a9058 RDX=0000000007efbbf8
RSI=0000000000000018 RDI=0000000000000001 RBP=0000000000000000 RSP=0000000007efba60
R8 =0000000000000018 R9 =0000000000000000 R10=0000000007f19a4d R11=0000000007059f00
R12=00000000070a9058 R13=0000000007efbbf8 R14=0000000000000001 R15=0000000007efbc10
RIP=0000000007052c07 RFL=00000206 [-----P-] CPL=0 II=0 A20=1 SMM=0 HLT=0
ES =0030 0000000000000000 ffffffff 00cf9300 DPL=0 DS   [-WA]
CS =0038 0000000000000000 ffffffff 00af9a00 DPL=0 CS64 [-R-]
SS =0030 0000000000000000 ffffffff 00cf9300 DPL=0 DS   [-WA]
DS =0030 0000000000000000 ffffffff 00cf9300 DPL=0 DS   [-WA]
FS =0030 0000000000000000 ffffffff 00cf9300 DPL=0 DS   [-WA]
GS =0030 0000000000000000 ffffffff 00cf9300 DPL=0 DS   [-WA]
LDT=0000 0000000000000000 0000ffff 00008200 DPL=0 LDT
TR =0000 0000000000000000 0000ffff 00008b00 DPL=0 TSS64-busy
GDT=     00000000079de000 00000047
IDT=     00000000074fa018 00000fff
CR0=80010033 CR2=0000000000000000 CR3=0000000007c01000 CR4=00000668
DR0=0000000000000000 DR1=0000000000000000 DR2=0000000000000000 DR3=0000000000000000 
DR6=00000000ffff0ff0 DR7=0000000000000400
CCS=0000000000000004 CCD=0000000000000000 CCO=EFLAGS
EFER=0000000000000d00
   834: v=20 e=0000 i=0 cpl=0 IP=0038:0000000007052c07 pc=0000000007052c07 SP=0030:0000000007efba60 env->regs[R_EAX]=00000000070a906f
RAX=00000000070a906f RBX=0000000000000017 RCX=00000000070a9058 RDX=0000000007efbbf8
RSI=0000000000000018 RDI=0000000000000001 RBP=0000000000000000 RSP=0000000007efba60
R8 =0000000000000018 R9 =0000000000000000 R10=0000000007f19a4d R11=0000000007059f00
R12=00000000070a9058 R13=0000000007efbbf8 R14=0000000000000001 R15=0000000007efbc10
RIP=0000000007052c07 RFL=00000206 [-----P-] CPL=0 II=0 A20=1 SMM=0 HLT=0
ES =0030 0000000000000000 ffffffff 00cf9300 DPL=0 DS   [-WA]
CS =0038 0000000000000000 ffffffff 00af9a00 DPL=0 CS64 [-R-]
SS =0030 0000000000000000 ffffffff 00cf9300 DPL=0 DS   [-WA]
DS =0030 0000000000000000 ffffffff 00cf9300 DPL=0 DS   [-WA]
FS =0030 0000000000000000 ffffffff 00cf9300 DPL=0 DS   [-WA]
GS =0030 0000000000000000 ffffffff 00cf9300 DPL=0 DS   [-WA]
LDT=0000 0000000000000000 0000ffff 00008200 DPL=0 LDT
TR =0000 0000000000000000 0000ffff 00008b00 DPL=0 TSS64-busy
GDT=     00000000079de000 00000047
IDT=     00000000074fa018 00000fff
CR0=80010033 CR2=0000000000000000 CR3=0000000007c01000 CR4=00000668
DR0=0000000000000000 DR1=0000000000000000 DR2=0000000000000000 DR3=0000000000000000 
DR6=00000000ffff0ff0 DR7=0000000000000400
CCS=0000000000000004 CCD=0000000000000000 CCO=EFLAGS
EFER=0000000000000d00
   835: v=20 e=0000 i=0 cpl=0 IP=0038:0000000007052c07 pc=0000000007052c07 SP=0030:0000000007efba60 env->regs[R_EAX]=00000000070a906f
RAX=00000000070a906f RBX=0000000000000017 RCX=00000000070a9058 RDX=0000000007efbbf8
RSI=0000000000000018 RDI=0000000000000001 RBP=0000000000000000 RSP=0000000007efba60
R8 =0000000000000018 R9 =0000000000000000 R10=0000000007f19a4d R11=0000000007059f00
R12=00000000070a9058 R13=0000000007efbbf8 R14=0000000000000001 R15=0000000007efbc10
RIP=0000000007052c07 RFL=00000206 [-----P-] CPL=0 II=0 A20=1 SMM=0 HLT=0
ES =0030 0000000000000000 ffffffff 00cf9300 DPL=0 DS   [-WA]
CS =0038 0000000000000000 ffffffff 00af9a00 DPL=0 CS64 [-R-]
SS =0030 0000000000000000 ffffffff 00cf9300 DPL=0 DS   [-WA]
DS =0030 0000000000000000 ffffffff 00cf9300 DPL=0 DS   [-WA]
FS =0030 0000000000000000 ffffffff 00cf9300 DPL=0 DS   [-WA]
GS =0030 0000000000000000 ffffffff 00cf9300 DPL=0 DS   [-WA]
LDT=0000 0000000000000000 0000ffff 00008200 DPL=0 LDT
TR =0000 0000000000000000 0000ffff 00008b00 DPL=0 TSS64-busy
GDT=     00000000079de000 00000047
IDT=     00000000074fa018 00000fff
CR0=80010033 CR2=0000000000000000 CR3=0000000007c01000 CR4=00000668
DR0=0000000000000000 DR1=0000000000000000 DR2=0000000000000000 DR3=0000000000000000 
DR6=00000000ffff0ff0 DR7=0000000000000400
CCS=0000000000000004 CCD=0000000000000000 CCO=EFLAGS
EFER=0000000000000d00
   836: v=20 e=0000 i=0 cpl=0 IP=0038:0000000007052c07 pc=0000000007052c07 SP=0030:0000000007efba60 env->regs[R_EAX]=00000000070a906f
RAX=00000000070a906f RBX=0000000000000017 RCX=00000000070a9058 RDX=0000000007efbbf8
RSI=0000000000000018 RDI=0000000000000001 RBP=0000000000000000 RSP=0000000007efba60
R8 =0000000000000018 R9 =0000000000000000 R10=0000000007f19a4d R11=0000000007059f00
R12=00000000070a9058 R13=0000000007efbbf8 R14=0000000000000001 R15=0000000007efbc10
RIP=0000000007052c07 RFL=00000206 [-----P-] CPL=0 II=0 A20=1 SMM=0 HLT=0
ES =0030 0000000000000000 ffffffff 00cf9300 DPL=0 DS   [-WA]
CS =0038 0000000000000000 ffffffff 00af9a00 DPL=0 CS64 [-R-]
SS =0030 0000000000000000 ffffffff 00cf9300 DPL=0 DS   [-WA]
DS =0030 0000000000000000 ffffffff 00cf9300 DPL=0 DS   [-WA]
FS =0030 0000000000000000 ffffffff 00cf9300 DPL=0 DS   [-WA]
GS =0030 0000000000000000 ffffffff 00cf9300 DPL=0 DS   [-WA]
LDT=0000 0000000000000000 0000ffff 00008200 DPL=0 LDT
TR =0000 0000000000000000 0000ffff 00008b00 DPL=0 TSS64-busy
GDT=     00000000079de000 00000047
IDT=     00000000074fa018 00000fff
CR0=80010033 CR2=0000000000000000 CR3=0000000007c01000 CR4=00000668
DR0=0000000000000000 DR1=0000000000000000 DR2=0000000000000000 DR3=0000000000000000 
DR6=00000000ffff0ff0 DR7=0000000000000400
CCS=0000000000000004 CCD=0000000000000000 CCO=EFLAGS
EFER=0000000000000d00
   837: v=20 e=0000 i=0 cpl=0 IP=0038:0000000007052c07 pc=0000000007052c07 SP=0030:0000000007efba60 env->regs[R_EAX]=00000000070a906f
RAX=00000000070a906f RBX=0000000000000017 RCX=00000000070a9058 RDX=0000000007efbbf8
RSI=0000000000000018 RDI=0000000000000001 RBP=0000000000000000 RSP=0000000007efba60
R8 =0000000000000018 R9 =0000000000000000 R10=0000000007f19a4d R11=0000000007059f00
R12=00000000070a9058 R13=0000000007efbbf8 R14=0000000000000001 R15=0000000007efbc10
RIP=0000000007052c07 RFL=00000206 [-----P-] CPL=0 II=0 A20=1 SMM=0 HLT=0
ES =0030 0000000000000000 ffffffff 00cf9300 DPL=0 DS   [-WA]
CS =0038 0000000000000000 ffffffff 00af9a00 DPL=0 CS64 [-R-]
SS =0030 0000000000000000 ffffffff 00cf9300 DPL=0 DS   [-WA]
DS =0030 0000000000000000 ffffffff 00cf9300 DPL=0 DS   [-WA]
FS =0030 0000000000000000 ffffffff 00cf9300 DPL=0 DS   [-WA]
GS =0030 0000000000000000 ffffffff 00cf9300 DPL=0 DS   [-WA]
LDT=0000 0000000000000000 0000ffff 00008200 DPL=0 LDT
TR =0000 0000000000000000 0000ffff 00008b00 DPL=0 TSS64-busy
GDT=     00000000079de000 00000047
IDT=     00000000074fa018 00000fff
CR0=80010033 CR2=0000000000000000 CR3=0000000007c01000 CR4=00000668
DR0=0000000000000000 DR1=0000000000000000 DR2=0000000000000000 DR3=0000000000000000 
DR6=00000000ffff0ff0 DR7=0000000000000400
CCS=0000000000000004 CCD=0000000000000000 CCO=EFLAGS
EFER=0000000000000d00
   838: v=20 e=0000 i=0 cpl=0 IP=0038:0000000007052c07 pc=0000000007052c07 SP=0030:0000000007efba60 env->regs[R_EAX]=00000000070a906f
RAX=00000000070a906f RBX=0000000000000017 RCX=00000000070a9058 RDX=0000000007efbbf8
RSI=0000000000000018 RDI=0000000000000001 RBP=0000000000000000 RSP=0000000007efba60
R8 =0000000000000018 R9 =0000000000000000 R10=0000000007f19a4d R11=0000000007059f00
R12=00000000070a9058 R13=0000000007efbbf8 R14=0000000000000001 R15=0000000007efbc10
RIP=0000000007052c07 RFL=00000206 [-----P-] CPL=0 II=0 A20=1 SMM=0 HLT=0
ES =0030 0000000000000000 ffffffff 00cf9300 DPL=0 DS   [-WA]
CS =0038 0000000000000000 ffffffff 00af9a00 DPL=0 CS64 [-R-]
SS =0030 0000000000000000 ffffffff 00cf9300 DPL=0 DS   [-WA]
DS =0030 0000000000000000 ffffffff 00cf9300 DPL=0 DS   [-WA]
FS =0030 0000000000000000 ffffffff 00cf9300 DPL=0 DS   [-WA]
GS =0030 0000000000000000 ffffffff 00cf9300 DPL=0 DS   [-WA]
LDT=0000 0000000000000000 0000ffff 00008200 DPL=0 LDT
TR =0000 0000000000000000 0000ffff 00008b00 DPL=0 TSS64-busy
GDT=     00000000079de000 00000047
IDT=     00000000074fa018 00000fff
CR0=80010033 CR2=0000000000000000 CR3=0000000007c01000 CR4=00000668
DR0=0000000000000000 DR1=0000000000000000 DR2=0000000000000000 DR3=0000000000000000 
DR6=00000000ffff0ff0 DR7=0000000000000400
CCS=0000000000000004 CCD=0000000000000000 CCO=EFLAGS
EFER=0000000000000d00
   839: v=20 e=0000 i=0 cpl=0 IP=0038:0000000007052c07 pc=0000000007052c07 SP=0030:0000000007efba60 env->regs[R_EAX]=00000000070a906f
RAX=00000000070a906f RBX=0000000000000017 RCX=00000000070a9058 RDX=0000000007efbbf8
RSI=0000000000000018 RDI=0000000000000001 RBP=0000000000000000 RSP=0000000007efba60
R8 =0000000000000018 R9 =0000000000000000 R10=0000000007f19a4d R11=0000000007059f00
R12=00000000070a9058 R13=0000000007efbbf8 R14=0000000000000001 R15=0000000007efbc10
RIP=0000000007052c07 RFL=00000206 [-----P-] CPL=0 II=0 A20=1 SMM=0 HLT=0
ES =0030 0000000000000000 ffffffff 00cf9300 DPL=0 DS   [-WA]
CS =0038 0000000000000000 ffffffff 00af9a00 DPL=0 CS64 [-R-]
SS =0030 0000000000000000 ffffffff 00cf9300 DPL=0 DS   [-WA]
DS =0030 0000000000000000 ffffffff 00cf9300 DPL=0 DS   [-WA]
FS =0030 0000000000000000 ffffffff 00cf9300 DPL=0 DS   [-WA]
GS =0030 0000000000000000 ffffffff 00cf9300 DPL=0 DS   [-WA]
LDT=0000 0000000000000000 0000ffff 00008200 DPL=0 LDT
TR =0000 0000000000000000 0000ffff 00008b00 DPL=0 TSS64-busy
GDT=     00000000079de000 00000047
IDT=     00000000074fa018 00000fff
CR0=80010033 CR2=0000000000000000 CR3=0000000007c01000 CR4=00000668
DR0=0000000000000000 DR1=0000000000000000 DR2=0000000000000000 DR3=0000000000000000 
DR6=00000000ffff0ff0 DR7=0000000000000400
CCS=0000000000000004 CCD=0000000000000000 CCO=EFLAGS
EFER=0000000000000d00
   840: v=20 e=0000 i=0 cpl=0 IP=0038:0000000007052c07 pc=0000000007052c07 SP=0030:0000000007efba60 env->regs[R_EAX]=00000000070a906f
RAX=00000000070a906f RBX=0000000000000017 RCX=00000000070a9058 RDX=0000000007efbbf8
RSI=0000000000000018 RDI=0000000000000001 RBP=0000000000000000 RSP=0000000007efba60
R8 =0000000000000018 R9 =0000000000000000 R10=0000000007f19a4d R11=0000000007059f00
R12=00000000070a9058 R13=0000000007efbbf8 R14=0000000000000001 R15=0000000007efbc10
RIP=0000000007052c07 RFL=00000206 [-----P-] CPL=0 II=0 A20=1 SMM=0 HLT=0
ES =0030 0000000000000000 ffffffff 00cf9300 DPL=0 DS   [-WA]
CS =0038 0000000000000000 ffffffff 00af9a00 DPL=0 CS64 [-R-]
SS =0030 0000000000000000 ffffffff 00cf9300 DPL=0 DS   [-WA]
DS =0030 0000000000000000 ffffffff 00cf9300 DPL=0 DS   [-WA]
FS =0030 0000000000000000 ffffffff 00cf9300 DPL=0 DS   [-WA]
GS =0030 0000000000000000 ffffffff 00cf9300 DPL=0 DS   [-WA]
LDT=0000 0000000000000000 0000ffff 00008200 DPL=0 LDT
TR =0000 0000000000000000 0000ffff 00008b00 DPL=0 TSS64-busy
GDT=     00000000079de000 00000047
IDT=     00000000074fa018 00000fff
CR0=80010033 CR2=0000000000000000 CR3=0000000007c01000 CR4=00000668
DR0=0000000000000000 DR1=0000000000000000 DR2=0000000000000000 DR3=0000000000000000 
DR6=00000000ffff0ff0 DR7=0000000000000400
CCS=0000000000000004 CCD=0000000000000000 CCO=EFLAGS
EFER=0000000000000d00
   841: v=20 e=0000 i=0 cpl=0 IP=0038:0000000007052c07 pc=0000000007052c07 SP=0030:0000000007efba60 env->regs[R_EAX]=00000000070a906f
RAX=00000000070a906f RBX=0000000000000017 RCX=00000000070a9058 RDX=0000000007efbbf8
RSI=0000000000000018 RDI=0000000000000001 RBP=0000000000000000 RSP=0000000007efba60
R8 =0000000000000018 R9 =0000000000000000 R10=0000000007f19a4d R11=0000000007059f00
R12=00000000070a9058 R13=0000000007efbbf8 R14=0000000000000001 R15=0000000007efbc10
RIP=0000000007052c07 RFL=00000206 [-----P-] CPL=0 II=0 A20=1 SMM=0 HLT=0
ES =0030 0000000000000000 ffffffff 00cf9300 DPL=0 DS   [-WA]
CS =0038 0000000000000000 ffffffff 00af9a00 DPL=0 CS64 [-R-]
SS =0030 0000000000000000 ffffffff 00cf9300 DPL=0 DS   [-WA]
DS =0030 0000000000000000 ffffffff 00cf9300 DPL=0 DS   [-WA]
FS =0030 0000000000000000 ffffffff 00cf9300 DPL=0 DS   [-WA]
GS =0030 0000000000000000 ffffffff 00cf9300 DPL=0 DS   [-WA]
LDT=0000 0000000000000000 0000ffff 00008200 DPL=0 LDT
TR =0000 0000000000000000 0000ffff 00008b00 DPL=0 TSS64-busy
GDT=     00000000079de000 00000047
IDT=     00000000074fa018 00000fff
CR0=80010033 CR2=0000000000000000 CR3=0000000007c01000 CR4=00000668
DR0=0000000000000000 DR1=0000000000000000 DR2=0000000000000000 DR3=0000000000000000 
DR6=00000000ffff0ff0 DR7=0000000000000400
CCS=0000000000000004 CCD=0000000000000000 CCO=EFLAGS
EFER=0000000000000d00
   842: v=20 e=0000 i=0 cpl=0 IP=0038:0000000007052c07 pc=0000000007052c07 SP=0030:0000000007efba60 env->regs[R_EAX]=00000000070a906f
RAX=00000000070a906f RBX=0000000000000017 RCX=00000000070a9058 RDX=0000000007efbbf8
RSI=0000000000000018 RDI=0000000000000001 RBP=0000000000000000 RSP=0000000007efba60
R8 =0000000000000018 R9 =0000000000000000 R10=0000000007f19a4d R11=0000000007059f00
R12=00000000070a9058 R13=0000000007efbbf8 R14=0000000000000001 R15=0000000007efbc10
RIP=0000000007052c07 RFL=00000206 [-----P-] CPL=0 II=0 A20=1 SMM=0 HLT=0
ES =0030 0000000000000000 ffffffff 00cf9300 DPL=0 DS   [-WA]
CS =0038 0000000000000000 ffffffff 00af9a00 DPL=0 CS64 [-R-]
SS =0030 0000000000000000 ffffffff 00cf9300 DPL=0 DS   [-WA]
DS =0030 0000000000000000 ffffffff 00cf9300 DPL=0 DS   [-WA]
FS =0030 0000000000000000 ffffffff 00cf9300 DPL=0 DS   [-WA]
GS =0030 0000000000000000 ffffffff 00cf9300 DPL=0 DS   [-WA]
LDT=0000 0000000000000000 0000ffff 00008200 DPL=0 LDT
TR =0000 0000000000000000 0000ffff 00008b00 DPL=0 TSS64-busy
GDT=     00000000079de000 00000047
IDT=     00000000074fa018 00000fff
CR0=80010033 CR2=0000000000000000 CR3=0000000007c01000 CR4=00000668
DR0=0000000000000000 DR1=0000000000000000 DR2=0000000000000000 DR3=0000000000000000 
DR6=00000000ffff0ff0 DR7=0000000000000400
CCS=0000000000000004 CCD=0000000000000000 CCO=EFLAGS
EFER=0000000000000d00
   843: v=20 e=0000 i=0 cpl=0 IP=0038:0000000007052c07 pc=0000000007052c07 SP=0030:0000000007efba60 env->regs[R_EAX]=00000000070a906f
RAX=00000000070a906f RBX=0000000000000017 RCX=00000000070a9058 RDX=0000000007efbbf8
RSI=0000000000000018 RDI=0000000000000001 RBP=0000000000000000 RSP=0000000007efba60
R8 =0000000000000018 R9 =0000000000000000 R10=0000000007f19a4d R11=0000000007059f00
R12=00000000070a9058 R13=0000000007efbbf8 R14=0000000000000001 R15=0000000007efbc10
RIP=0000000007052c07 RFL=00000206 [-----P-] CPL=0 II=0 A20=1 SMM=0 HLT=0
ES =0030 0000000000000000 ffffffff 00cf9300 DPL=0 DS   [-WA]
CS =0038 0000000000000000 ffffffff 00af9a00 DPL=0 CS64 [-R-]
SS =0030 0000000000000000 ffffffff 00cf9300 DPL=0 DS   [-WA]
DS =0030 0000000000000000 ffffffff 00cf9300 DPL=0 DS   [-WA]
FS =0030 0000000000000000 ffffffff 00cf9300 DPL=0 DS   [-WA]
GS =0030 0000000000000000 ffffffff 00cf9300 DPL=0 DS   [-WA]
LDT=0000 0000000000000000 0000ffff 00008200 DPL=0 LDT
TR =0000 0000000000000000 0000ffff 00008b00 DPL=0 TSS64-busy
GDT=     00000000079de000 00000047
IDT=     00000000074fa018 00000fff
CR0=80010033 CR2=0000000000000000 CR3=0000000007c01000 CR4=00000668
DR0=0000000000000000 DR1=0000000000000000 DR2=0000000000000000 DR3=0000000000000000 
DR6=00000000ffff0ff0 DR7=0000000000000400
CCS=0000000000000004 CCD=0000000000000000 CCO=EFLAGS
EFER=0000000000000d00
   844: v=20 e=0000 i=0 cpl=0 IP=0038:0000000007052c07 pc=0000000007052c07 SP=0030:0000000007efba60 env->regs[R_EAX]=00000000070a906f
RAX=00000000070a906f RBX=0000000000000017 RCX=00000000070a9058 RDX=0000000007efbbf8
RSI=0000000000000018 RDI=0000000000000001 RBP=0000000000000000 RSP=0000000007efba60
R8 =0000000000000018 R9 =0000000000000000 R10=0000000007f19a4d R11=0000000007059f00
R12=00000000070a9058 R13=0000000007efbbf8 R14=0000000000000001 R15=0000000007efbc10
RIP=0000000007052c07 RFL=00000206 [-----P-] CPL=0 II=0 A20=1 SMM=0 HLT=0
ES =0030 0000000000000000 ffffffff 00cf9300 DPL=0 DS   [-WA]
CS =0038 0000000000000000 ffffffff 00af9a00 DPL=0 CS64 [-R-]
SS =0030 0000000000000000 ffffffff 00cf9300 DPL=0 DS   [-WA]
DS =0030 0000000000000000 ffffffff 00cf9300 DPL=0 DS   [-WA]
FS =0030 0000000000000000 ffffffff 00cf9300 DPL=0 DS   [-WA]
GS =0030 0000000000000000 ffffffff 00cf9300 DPL=0 DS   [-WA]
LDT=0000 0000000000000000 0000ffff 00008200 DPL=0 LDT
TR =0000 0000000000000000 0000ffff 00008b00 DPL=0 TSS64-busy
GDT=     00000000079de000 00000047
IDT=     00000000074fa018 00000fff
CR0=80010033 CR2=0000000000000000 CR3=0000000007c01000 CR4=00000668
DR0=0000000000000000 DR1=0000000000000000 DR2=0000000000000000 DR3=0000000000000000 
DR6=00000000ffff0ff0 DR7=0000000000000400
CCS=0000000000000004 CCD=0000000000000000 CCO=EFLAGS
EFER=0000000000000d00
   845: v=20 e=0000 i=0 cpl=0 IP=0038:0000000007052c07 pc=0000000007052c07 SP=0030:0000000007efba60 env->regs[R_EAX]=00000000070a906f
RAX=00000000070a906f RBX=0000000000000017 RCX=00000000070a9058 RDX=0000000007efbbf8
RSI=0000000000000018 RDI=0000000000000001 RBP=0000000000000000 RSP=0000000007efba60
R8 =0000000000000018 R9 =0000000000000000 R10=0000000007f19a4d R11=0000000007059f00
R12=00000000070a9058 R13=0000000007efbbf8 R14=0000000000000001 R15=0000000007efbc10
RIP=0000000007052c07 RFL=00000206 [-----P-] CPL=0 II=0 A20=1 SMM=0 HLT=0
ES =0030 0000000000000000 ffffffff 00cf9300 DPL=0 DS   [-WA]
CS =0038 0000000000000000 ffffffff 00af9a00 DPL=0 CS64 [-R-]
SS =0030 0000000000000000 ffffffff 00cf9300 DPL=0 DS   [-WA]
DS =0030 0000000000000000 ffffffff 00cf9300 DPL=0 DS   [-WA]
FS =0030 0000000000000000 ffffffff 00cf9300 DPL=0 DS   [-WA]
GS =0030 0000000000000000 ffffffff 00cf9300 DPL=0 DS   [-WA]
LDT=0000 0000000000000000 0000ffff 00008200 DPL=0 LDT
TR =0000 0000000000000000 0000ffff 00008b00 DPL=0 TSS64-busy
GDT=     00000000079de000 00000047
IDT=     00000000074fa018 00000fff
CR0=80010033 CR2=0000000000000000 CR3=0000000007c01000 CR4=00000668
DR0=0000000000000000 DR1=0000000000000000 DR2=0000000000000000 DR3=0000000000000000 
DR6=00000000ffff0ff0 DR7=0000000000000400
CCS=0000000000000004 CCD=0000000000000000 CCO=EFLAGS
EFER=0000000000000d00
   846: v=20 e=0000 i=0 cpl=0 IP=0038:0000000007052c07 pc=0000000007052c07 SP=0030:0000000007efba60 env->regs[R_EAX]=00000000070a906f
RAX=00000000070a906f RBX=0000000000000017 RCX=00000000070a9058 RDX=0000000007efbbf8
RSI=0000000000000018 RDI=0000000000000001 RBP=0000000000000000 RSP=0000000007efba60
R8 =0000000000000018 R9 =0000000000000000 R10=0000000007f19a4d R11=0000000007059f00
R12=00000000070a9058 R13=0000000007efbbf8 R14=0000000000000001 R15=0000000007efbc10
RIP=0000000007052c07 RFL=00000206 [-----P-] CPL=0 II=0 A20=1 SMM=0 HLT=0
ES =0030 0000000000000000 ffffffff 00cf9300 DPL=0 DS   [-WA]
CS =0038 0000000000000000 ffffffff 00af9a00 DPL=0 CS64 [-R-]
SS =0030 0000000000000000 ffffffff 00cf9300 DPL=0 DS   [-WA]
DS =0030 0000000000000000 ffffffff 00cf9300 DPL=0 DS   [-WA]
FS =0030 0000000000000000 ffffffff 00cf9300 DPL=0 DS   [-WA]
GS =0030 0000000000000000 ffffffff 00cf9300 DPL=0 DS   [-WA]
LDT=0000 0000000000000000 0000ffff 00008200 DPL=0 LDT
TR =0000 0000000000000000 0000ffff 00008b00 DPL=0 TSS64-busy
GDT=     00000000079de000 00000047
IDT=     00000000074fa018 00000fff
CR0=80010033 CR2=0000000000000000 CR3=0000000007c01000 CR4=00000668
DR0=0000000000000000 DR1=0000000000000000 DR2=0000000000000000 DR3=0000000000000000 
DR6=00000000ffff0ff0 DR7=0000000000000400
CCS=0000000000000004 CCD=0000000000000000 CCO=EFLAGS
EFER=0000000000000d00
   847: v=20 e=0000 i=0 cpl=0 IP=0038:0000000007052c07 pc=0000000007052c07 SP=0030:0000000007efba60 env->regs[R_EAX]=00000000070a906f
RAX=00000000070a906f RBX=0000000000000017 RCX=00000000070a9058 RDX=0000000007efbbf8
RSI=0000000000000018 RDI=0000000000000001 RBP=0000000000000000 RSP=0000000007efba60
R8 =0000000000000018 R9 =0000000000000000 R10=0000000007f19a4d R11=0000000007059f00
R12=00000000070a9058 R13=0000000007efbbf8 R14=0000000000000001 R15=0000000007efbc10
RIP=0000000007052c07 RFL=00000206 [-----P-] CPL=0 II=0 A20=1 SMM=0 HLT=0
ES =0030 0000000000000000 ffffffff 00cf9300 DPL=0 DS   [-WA]
CS =0038 0000000000000000 ffffffff 00af9a00 DPL=0 CS64 [-R-]
SS =0030 0000000000000000 ffffffff 00cf9300 DPL=0 DS   [-WA]
DS =0030 0000000000000000 ffffffff 00cf9300 DPL=0 DS   [-WA]
FS =0030 0000000000000000 ffffffff 00cf9300 DPL=0 DS   [-WA]
GS =0030 0000000000000000 ffffffff 00cf9300 DPL=0 DS   [-WA]
LDT=0000 0000000000000000 0000ffff 00008200 DPL=0 LDT
TR =0000 0000000000000000 0000ffff 00008b00 DPL=0 TSS64-busy
GDT=     00000000079de000 00000047
IDT=     00000000074fa018 00000fff
CR0=80010033 CR2=0000000000000000 CR3=0000000007c01000 CR4=00000668
DR0=0000000000000000 DR1=0000000000000000 DR2=0000000000000000 DR3=0000000000000000 
DR6=00000000ffff0ff0 DR7=0000000000000400
CCS=0000000000000004 CCD=0000000000000000 CCO=EFLAGS
EFER=0000000000000d00
   848: v=20 e=0000 i=0 cpl=0 IP=0038:0000000007052c07 pc=0000000007052c07 SP=0030:0000000007efba60 env->regs[R_EAX]=00000000070a906f
RAX=00000000070a906f RBX=0000000000000017 RCX=00000000070a9058 RDX=0000000007efbbf8
RSI=0000000000000018 RDI=0000000000000001 RBP=0000000000000000 RSP=0000000007efba60
R8 =0000000000000018 R9 =0000000000000000 R10=0000000007f19a4d R11=0000000007059f00
R12=00000000070a9058 R13=0000000007efbbf8 R14=0000000000000001 R15=0000000007efbc10
RIP=0000000007052c07 RFL=00000206 [-----P-] CPL=0 II=0 A20=1 SMM=0 HLT=0
ES =0030 0000000000000000 ffffffff 00cf9300 DPL=0 DS   [-WA]
CS =0038 0000000000000000 ffffffff 00af9a00 DPL=0 CS64 [-R-]
SS =0030 0000000000000000 ffffffff 00cf9300 DPL=0 DS   [-WA]
DS =0030 0000000000000000 ffffffff 00cf9300 DPL=0 DS   [-WA]
FS =0030 0000000000000000 ffffffff 00cf9300 DPL=0 DS   [-WA]
GS =0030 0000000000000000 ffffffff 00cf9300 DPL=0 DS   [-WA]
LDT=0000 0000000000000000 0000ffff 00008200 DPL=0 LDT
TR =0000 0000000000000000 0000ffff 00008b00 DPL=0 TSS64-busy
GDT=     00000000079de000 00000047
IDT=     00000000074fa018 00000fff
CR0=80010033 CR2=0000000000000000 CR3=0000000007c01000 CR4=00000668
DR0=0000000000000000 DR1=0000000000000000 DR2=0000000000000000 DR3=0000000000000000 
DR6=00000000ffff0ff0 DR7=0000000000000400
CCS=0000000000000004 CCD=0000000000000000 CCO=EFLAGS
EFER=0000000000000d00
   849: v=20 e=0000 i=0 cpl=0 IP=0038:0000000007052c07 pc=0000000007052c07 SP=0030:0000000007efba60 env->regs[R_EAX]=00000000070a906f
RAX=00000000070a906f RBX=0000000000000017 RCX=00000000070a9058 RDX=0000000007efbbf8
RSI=0000000000000018 RDI=0000000000000001 RBP=0000000000000000 RSP=0000000007efba60
R8 =0000000000000018 R9 =0000000000000000 R10=0000000007f19a4d R11=0000000007059f00
R12=00000000070a9058 R13=0000000007efbbf8 R14=0000000000000001 R15=0000000007efbc10
RIP=0000000007052c07 RFL=00000206 [-----P-] CPL=0 II=0 A20=1 SMM=0 HLT=0
ES =0030 0000000000000000 ffffffff 00cf9300 DPL=0 DS   [-WA]
CS =0038 0000000000000000 ffffffff 00af9a00 DPL=0 CS64 [-R-]
SS =0030 0000000000000000 ffffffff 00cf9300 DPL=0 DS   [-WA]
DS =0030 0000000000000000 ffffffff 00cf9300 DPL=0 DS   [-WA]
FS =0030 0000000000000000 ffffffff 00cf9300 DPL=0 DS   [-WA]
GS =0030 0000000000000000 ffffffff 00cf9300 DPL=0 DS   [-WA]
LDT=0000 0000000000000000 0000ffff 00008200 DPL=0 LDT
TR =0000 0000000000000000 0000ffff 00008b00 DPL=0 TSS64-busy
GDT=     00000000079de000 00000047
IDT=     00000000074fa018 00000fff
CR0=80010033 CR2=0000000000000000 CR3=0000000007c01000 CR4=00000668
DR0=0000000000000000 DR1=0000000000000000 DR2=0000000000000000 DR3=0000000000000000 
DR6=00000000ffff0ff0 DR7=0000000000000400
CCS=0000000000000004 CCD=0000000000000000 CCO=EFLAGS
EFER=0000000000000d00
   850: v=20 e=0000 i=0 cpl=0 IP=0038:0000000007052c07 pc=0000000007052c07 SP=0030:0000000007efba60 env->regs[R_EAX]=00000000070a906f
RAX=00000000070a906f RBX=0000000000000017 RCX=00000000070a9058 RDX=0000000007efbbf8
RSI=0000000000000018 RDI=0000000000000001 RBP=0000000000000000 RSP=0000000007efba60
R8 =0000000000000018 R9 =0000000000000000 R10=0000000007f19a4d R11=0000000007059f00
R12=00000000070a9058 R13=0000000007efbbf8 R14=0000000000000001 R15=0000000007efbc10
RIP=0000000007052c07 RFL=00000206 [-----P-] CPL=0 II=0 A20=1 SMM=0 HLT=0
ES =0030 0000000000000000 ffffffff 00cf9300 DPL=0 DS   [-WA]
CS =0038 0000000000000000 ffffffff 00af9a00 DPL=0 CS64 [-R-]
SS =0030 0000000000000000 ffffffff 00cf9300 DPL=0 DS   [-WA]
DS =0030 0000000000000000 ffffffff 00cf9300 DPL=0 DS   [-WA]
FS =0030 0000000000000000 ffffffff 00cf9300 DPL=0 DS   [-WA]
GS =0030 0000000000000000 ffffffff 00cf9300 DPL=0 DS   [-WA]
LDT=0000 0000000000000000 0000ffff 00008200 DPL=0 LDT
TR =0000 0000000000000000 0000ffff 00008b00 DPL=0 TSS64-busy
GDT=     00000000079de000 00000047
IDT=     00000000074fa018 00000fff
CR0=80010033 CR2=0000000000000000 CR3=0000000007c01000 CR4=00000668
DR0=0000000000000000 DR1=0000000000000000 DR2=0000000000000000 DR3=0000000000000000 
DR6=00000000ffff0ff0 DR7=0000000000000400
CCS=0000000000000004 CCD=0000000000000000 CCO=EFLAGS
EFER=0000000000000d00
   851: v=20 e=0000 i=0 cpl=0 IP=0038:0000000007052c07 pc=0000000007052c07 SP=0030:0000000007efba60 env->regs[R_EAX]=00000000070a906f
RAX=00000000070a906f RBX=0000000000000017 RCX=00000000070a9058 RDX=0000000007efbbf8
RSI=0000000000000018 RDI=0000000000000001 RBP=0000000000000000 RSP=0000000007efba60
R8 =0000000000000018 R9 =0000000000000000 R10=0000000007f19a4d R11=0000000007059f00
R12=00000000070a9058 R13=0000000007efbbf8 R14=0000000000000001 R15=0000000007efbc10
RIP=0000000007052c07 RFL=00000206 [-----P-] CPL=0 II=0 A20=1 SMM=0 HLT=0
ES =0030 0000000000000000 ffffffff 00cf9300 DPL=0 DS   [-WA]
CS =0038 0000000000000000 ffffffff 00af9a00 DPL=0 CS64 [-R-]
SS =0030 0000000000000000 ffffffff 00cf9300 DPL=0 DS   [-WA]
DS =0030 0000000000000000 ffffffff 00cf9300 DPL=0 DS   [-WA]
FS =0030 0000000000000000 ffffffff 00cf9300 DPL=0 DS   [-WA]
GS =0030 0000000000000000 ffffffff 00cf9300 DPL=0 DS   [-WA]
LDT=0000 0000000000000000 0000ffff 00008200 DPL=0 LDT
TR =0000 0000000000000000 0000ffff 00008b00 DPL=0 TSS64-busy
GDT=     00000000079de000 00000047
IDT=     00000000074fa018 00000fff
CR0=80010033 CR2=0000000000000000 CR3=0000000007c01000 CR4=00000668
DR0=0000000000000000 DR1=0000000000000000 DR2=0000000000000000 DR3=0000000000000000 
DR6=00000000ffff0ff0 DR7=0000000000000400
CCS=0000000000000004 CCD=0000000000000000 CCO=EFLAGS
EFER=0000000000000d00
   852: v=20 e=0000 i=0 cpl=0 IP=0038:0000000007052c07 pc=0000000007052c07 SP=0030:0000000007efba60 env->regs[R_EAX]=00000000070a906f
RAX=00000000070a906f RBX=0000000000000017 RCX=00000000070a9058 RDX=0000000007efbbf8
RSI=0000000000000018 RDI=0000000000000001 RBP=0000000000000000 RSP=0000000007efba60
R8 =0000000000000018 R9 =0000000000000000 R10=0000000007f19a4d R11=0000000007059f00
R12=00000000070a9058 R13=0000000007efbbf8 R14=0000000000000001 R15=0000000007efbc10
RIP=0000000007052c07 RFL=00000206 [-----P-] CPL=0 II=0 A20=1 SMM=0 HLT=0
ES =0030 0000000000000000 ffffffff 00cf9300 DPL=0 DS   [-WA]
CS =0038 0000000000000000 ffffffff 00af9a00 DPL=0 CS64 [-R-]
SS =0030 0000000000000000 ffffffff 00cf9300 DPL=0 DS   [-WA]
DS =0030 0000000000000000 ffffffff 00cf9300 DPL=0 DS   [-WA]
FS =0030 0000000000000000 ffffffff 00cf9300 DPL=0 DS   [-WA]
GS =0030 0000000000000000 ffffffff 00cf9300 DPL=0 DS   [-WA]
LDT=0000 0000000000000000 0000ffff 00008200 DPL=0 LDT
TR =0000 0000000000000000 0000ffff 00008b00 DPL=0 TSS64-busy
GDT=     00000000079de000 00000047
IDT=     00000000074fa018 00000fff
CR0=80010033 CR2=0000000000000000 CR3=0000000007c01000 CR4=00000668
DR0=0000000000000000 DR1=0000000000000000 DR2=0000000000000000 DR3=0000000000000000 
DR6=00000000ffff0ff0 DR7=0000000000000400
CCS=0000000000000004 CCD=0000000000000000 CCO=EFLAGS
EFER=0000000000000d00
   853: v=20 e=0000 i=0 cpl=0 IP=0038:0000000007052c07 pc=0000000007052c07 SP=0030:0000000007efba60 env->regs[R_EAX]=00000000070a906f
RAX=00000000070a906f RBX=0000000000000017 RCX=00000000070a9058 RDX=0000000007efbbf8
RSI=0000000000000018 RDI=0000000000000001 RBP=0000000000000000 RSP=0000000007efba60
R8 =0000000000000018 R9 =0000000000000000 R10=0000000007f19a4d R11=0000000007059f00
R12=00000000070a9058 R13=0000000007efbbf8 R14=0000000000000001 R15=0000000007efbc10
RIP=0000000007052c07 RFL=00000206 [-----P-] CPL=0 II=0 A20=1 SMM=0 HLT=0
ES =0030 0000000000000000 ffffffff 00cf9300 DPL=0 DS   [-WA]
CS =0038 0000000000000000 ffffffff 00af9a00 DPL=0 CS64 [-R-]
SS =0030 0000000000000000 ffffffff 00cf9300 DPL=0 DS   [-WA]
DS =0030 0000000000000000 ffffffff 00cf9300 DPL=0 DS   [-WA]
FS =0030 0000000000000000 ffffffff 00cf9300 DPL=0 DS   [-WA]
GS =0030 0000000000000000 ffffffff 00cf9300 DPL=0 DS   [-WA]
LDT=0000 0000000000000000 0000ffff 00008200 DPL=0 LDT
TR =0000 0000000000000000 0000ffff 00008b00 DPL=0 TSS64-busy
GDT=     00000000079de000 00000047
IDT=     00000000074fa018 00000fff
CR0=80010033 CR2=0000000000000000 CR3=0000000007c01000 CR4=00000668
DR0=0000000000000000 DR1=0000000000000000 DR2=0000000000000000 DR3=0000000000000000 
DR6=00000000ffff0ff0 DR7=0000000000000400
CCS=0000000000000004 CCD=0000000000000000 CCO=EFLAGS
EFER=0000000000000d00
   854: v=20 e=0000 i=0 cpl=0 IP=0038:0000000007052c07 pc=0000000007052c07 SP=0030:0000000007efba60 env->regs[R_EAX]=00000000070a906f
RAX=00000000070a906f RBX=0000000000000017 RCX=00000000070a9058 RDX=0000000007efbbf8
RSI=0000000000000018 RDI=0000000000000001 RBP=0000000000000000 RSP=0000000007efba60
R8 =0000000000000018 R9 =0000000000000000 R10=0000000007f19a4d R11=0000000007059f00
R12=00000000070a9058 R13=0000000007efbbf8 R14=0000000000000001 R15=0000000007efbc10
RIP=0000000007052c07 RFL=00000206 [-----P-] CPL=0 II=0 A20=1 SMM=0 HLT=0
ES =0030 0000000000000000 ffffffff 00cf9300 DPL=0 DS   [-WA]
CS =0038 0000000000000000 ffffffff 00af9a00 DPL=0 CS64 [-R-]
SS =0030 0000000000000000 ffffffff 00cf9300 DPL=0 DS   [-WA]
DS =0030 0000000000000000 ffffffff 00cf9300 DPL=0 DS   [-WA]
FS =0030 0000000000000000 ffffffff 00cf9300 DPL=0 DS   [-WA]
GS =0030 0000000000000000 ffffffff 00cf9300 DPL=0 DS   [-WA]
LDT=0000 0000000000000000 0000ffff 00008200 DPL=0 LDT
TR =0000 0000000000000000 0000ffff 00008b00 DPL=0 TSS64-busy
GDT=     00000000079de000 00000047
IDT=     00000000074fa018 00000fff
CR0=80010033 CR2=0000000000000000 CR3=0000000007c01000 CR4=00000668
DR0=0000000000000000 DR1=0000000000000000 DR2=0000000000000000 DR3=0000000000000000 
DR6=00000000ffff0ff0 DR7=0000000000000400
CCS=0000000000000004 CCD=0000000000000000 CCO=EFLAGS
EFER=0000000000000d00
   855: v=20 e=0000 i=0 cpl=0 IP=0038:0000000007052c07 pc=0000000007052c07 SP=0030:0000000007efba60 env->regs[R_EAX]=00000000070a906f
RAX=00000000070a906f RBX=0000000000000017 RCX=00000000070a9058 RDX=0000000007efbbf8
RSI=0000000000000018 RDI=0000000000000001 RBP=0000000000000000 RSP=0000000007efba60
R8 =0000000000000018 R9 =0000000000000000 R10=0000000007f19a4d R11=0000000007059f00
R12=00000000070a9058 R13=0000000007efbbf8 R14=0000000000000001 R15=0000000007efbc10
RIP=0000000007052c07 RFL=00000206 [-----P-] CPL=0 II=0 A20=1 SMM=0 HLT=0
ES =0030 0000000000000000 ffffffff 00cf9300 DPL=0 DS   [-WA]
CS =0038 0000000000000000 ffffffff 00af9a00 DPL=0 CS64 [-R-]
SS =0030 0000000000000000 ffffffff 00cf9300 DPL=0 DS   [-WA]
DS =0030 0000000000000000 ffffffff 00cf9300 DPL=0 DS   [-WA]
FS =0030 0000000000000000 ffffffff 00cf9300 DPL=0 DS   [-WA]
GS =0030 0000000000000000 ffffffff 00cf9300 DPL=0 DS   [-WA]
LDT=0000 0000000000000000 0000ffff 00008200 DPL=0 LDT
TR =0000 0000000000000000 0000ffff 00008b00 DPL=0 TSS64-busy
GDT=     00000000079de000 00000047
IDT=     00000000074fa018 00000fff
CR0=80010033 CR2=0000000000000000 CR3=0000000007c01000 CR4=00000668
DR0=0000000000000000 DR1=0000000000000000 DR2=0000000000000000 DR3=0000000000000000 
DR6=00000000ffff0ff0 DR7=0000000000000400
CCS=0000000000000004 CCD=0000000000000000 CCO=EFLAGS
EFER=0000000000000d00
   856: v=20 e=0000 i=0 cpl=0 IP=0038:0000000007052c07 pc=0000000007052c07 SP=0030:0000000007efba60 env->regs[R_EAX]=00000000070a906f
RAX=00000000070a906f RBX=0000000000000017 RCX=00000000070a9058 RDX=0000000007efbbf8
RSI=0000000000000018 RDI=0000000000000001 RBP=0000000000000000 RSP=0000000007efba60
R8 =0000000000000018 R9 =0000000000000000 R10=0000000007f19a4d R11=0000000007059f00
R12=00000000070a9058 R13=0000000007efbbf8 R14=0000000000000001 R15=0000000007efbc10
RIP=0000000007052c07 RFL=00000206 [-----P-] CPL=0 II=0 A20=1 SMM=0 HLT=0
ES =0030 0000000000000000 ffffffff 00cf9300 DPL=0 DS   [-WA]
CS =0038 0000000000000000 ffffffff 00af9a00 DPL=0 CS64 [-R-]
SS =0030 0000000000000000 ffffffff 00cf9300 DPL=0 DS   [-WA]
DS =0030 0000000000000000 ffffffff 00cf9300 DPL=0 DS   [-WA]
FS =0030 0000000000000000 ffffffff 00cf9300 DPL=0 DS   [-WA]
GS =0030 0000000000000000 ffffffff 00cf9300 DPL=0 DS   [-WA]
LDT=0000 0000000000000000 0000ffff 00008200 DPL=0 LDT
TR =0000 0000000000000000 0000ffff 00008b00 DPL=0 TSS64-busy
GDT=     00000000079de000 00000047
IDT=     00000000074fa018 00000fff
CR0=80010033 CR2=0000000000000000 CR3=0000000007c01000 CR4=00000668
DR0=0000000000000000 DR1=0000000000000000 DR2=0000000000000000 DR3=0000000000000000 
DR6=00000000ffff0ff0 DR7=0000000000000400
CCS=0000000000000004 CCD=0000000000000000 CCO=EFLAGS
EFER=0000000000000d00
   857: v=20 e=0000 i=0 cpl=0 IP=0038:0000000007052c07 pc=0000000007052c07 SP=0030:0000000007efba60 env->regs[R_EAX]=00000000070a906f
RAX=00000000070a906f RBX=0000000000000017 RCX=00000000070a9058 RDX=0000000007efbbf8
RSI=0000000000000018 RDI=0000000000000001 RBP=0000000000000000 RSP=0000000007efba60
R8 =0000000000000018 R9 =0000000000000000 R10=0000000007f19a4d R11=0000000007059f00
R12=00000000070a9058 R13=0000000007efbbf8 R14=0000000000000001 R15=0000000007efbc10
RIP=0000000007052c07 RFL=00000206 [-----P-] CPL=0 II=0 A20=1 SMM=0 HLT=0
ES =0030 0000000000000000 ffffffff 00cf9300 DPL=0 DS   [-WA]
CS =0038 0000000000000000 ffffffff 00af9a00 DPL=0 CS64 [-R-]
SS =0030 0000000000000000 ffffffff 00cf9300 DPL=0 DS   [-WA]
DS =0030 0000000000000000 ffffffff 00cf9300 DPL=0 DS   [-WA]
FS =0030 0000000000000000 ffffffff 00cf9300 DPL=0 DS   [-WA]
GS =0030 0000000000000000 ffffffff 00cf9300 DPL=0 DS   [-WA]
LDT=0000 0000000000000000 0000ffff 00008200 DPL=0 LDT
TR =0000 0000000000000000 0000ffff 00008b00 DPL=0 TSS64-busy
GDT=     00000000079de000 00000047
IDT=     00000000074fa018 00000fff
CR0=80010033 CR2=0000000000000000 CR3=0000000007c01000 CR4=00000668
DR0=0000000000000000 DR1=0000000000000000 DR2=0000000000000000 DR3=0000000000000000 
DR6=00000000ffff0ff0 DR7=0000000000000400
CCS=0000000000000004 CCD=0000000000000000 CCO=EFLAGS
EFER=0000000000000d00
   858: v=20 e=0000 i=0 cpl=0 IP=0038:0000000007052c07 pc=0000000007052c07 SP=0030:0000000007efba60 env->regs[R_EAX]=00000000070a906f
RAX=00000000070a906f RBX=0000000000000017 RCX=00000000070a9058 RDX=0000000007efbbf8
RSI=0000000000000018 RDI=0000000000000001 RBP=0000000000000000 RSP=0000000007efba60
R8 =0000000000000018 R9 =0000000000000000 R10=0000000007f19a4d R11=0000000007059f00
R12=00000000070a9058 R13=0000000007efbbf8 R14=0000000000000001 R15=0000000007efbc10
RIP=0000000007052c07 RFL=00000206 [-----P-] CPL=0 II=0 A20=1 SMM=0 HLT=0
ES =0030 0000000000000000 ffffffff 00cf9300 DPL=0 DS   [-WA]
CS =0038 0000000000000000 ffffffff 00af9a00 DPL=0 CS64 [-R-]
SS =0030 0000000000000000 ffffffff 00cf9300 DPL=0 DS   [-WA]
DS =0030 0000000000000000 ffffffff 00cf9300 DPL=0 DS   [-WA]
FS =0030 0000000000000000 ffffffff 00cf9300 DPL=0 DS   [-WA]
GS =0030 0000000000000000 ffffffff 00cf9300 DPL=0 DS   [-WA]
LDT=0000 0000000000000000 0000ffff 00008200 DPL=0 LDT
TR =0000 0000000000000000 0000ffff 00008b00 DPL=0 TSS64-busy
GDT=     00000000079de000 00000047
IDT=     00000000074fa018 00000fff
CR0=80010033 CR2=0000000000000000 CR3=0000000007c01000 CR4=00000668
DR0=0000000000000000 DR1=0000000000000000 DR2=0000000000000000 DR3=0000000000000000 
DR6=00000000ffff0ff0 DR7=0000000000000400
CCS=0000000000000004 CCD=0000000000000000 CCO=EFLAGS
EFER=0000000000000d00
   859: v=20 e=0000 i=0 cpl=0 IP=0038:0000000007052c07 pc=0000000007052c07 SP=0030:0000000007efba60 env->regs[R_EAX]=00000000070a906f
RAX=00000000070a906f RBX=0000000000000017 RCX=00000000070a9058 RDX=0000000007efbbf8
RSI=0000000000000018 RDI=0000000000000001 RBP=0000000000000000 RSP=0000000007efba60
R8 =0000000000000018 R9 =0000000000000000 R10=0000000007f19a4d R11=0000000007059f00
R12=00000000070a9058 R13=0000000007efbbf8 R14=0000000000000001 R15=0000000007efbc10
RIP=0000000007052c07 RFL=00000206 [-----P-] CPL=0 II=0 A20=1 SMM=0 HLT=0
ES =0030 0000000000000000 ffffffff 00cf9300 DPL=0 DS   [-WA]
CS =0038 0000000000000000 ffffffff 00af9a00 DPL=0 CS64 [-R-]
SS =0030 0000000000000000 ffffffff 00cf9300 DPL=0 DS   [-WA]
DS =0030 0000000000000000 ffffffff 00cf9300 DPL=0 DS   [-WA]
FS =0030 0000000000000000 ffffffff 00cf9300 DPL=0 DS   [-WA]
GS =0030 0000000000000000 ffffffff 00cf9300 DPL=0 DS   [-WA]
LDT=0000 0000000000000000 0000ffff 00008200 DPL=0 LDT
TR =0000 0000000000000000 0000ffff 00008b00 DPL=0 TSS64-busy
GDT=     00000000079de000 00000047
IDT=     00000000074fa018 00000fff
CR0=80010033 CR2=0000000000000000 CR3=0000000007c01000 CR4=00000668
DR0=0000000000000000 DR1=0000000000000000 DR2=0000000000000000 DR3=0000000000000000 
DR6=00000000ffff0ff0 DR7=0000000000000400
CCS=0000000000000004 CCD=0000000000000000 CCO=EFLAGS
EFER=0000000000000d00
   860: v=20 e=0000 i=0 cpl=0 IP=0038:0000000007052c07 pc=0000000007052c07 SP=0030:0000000007efba60 env->regs[R_EAX]=00000000070a906f
RAX=00000000070a906f RBX=0000000000000017 RCX=00000000070a9058 RDX=0000000007efbbf8
RSI=0000000000000018 RDI=0000000000000001 RBP=0000000000000000 RSP=0000000007efba60
R8 =0000000000000018 R9 =0000000000000000 R10=0000000007f19a4d R11=0000000007059f00
R12=00000000070a9058 R13=0000000007efbbf8 R14=0000000000000001 R15=0000000007efbc10
RIP=0000000007052c07 RFL=00000206 [-----P-] CPL=0 II=0 A20=1 SMM=0 HLT=0
ES =0030 0000000000000000 ffffffff 00cf9300 DPL=0 DS   [-WA]
CS =0038 0000000000000000 ffffffff 00af9a00 DPL=0 CS64 [-R-]
SS =0030 0000000000000000 ffffffff 00cf9300 DPL=0 DS   [-WA]
DS =0030 0000000000000000 ffffffff 00cf9300 DPL=0 DS   [-WA]
FS =0030 0000000000000000 ffffffff 00cf9300 DPL=0 DS   [-WA]
GS =0030 0000000000000000 ffffffff 00cf9300 DPL=0 DS   [-WA]
LDT=0000 0000000000000000 0000ffff 00008200 DPL=0 LDT
TR =0000 0000000000000000 0000ffff 00008b00 DPL=0 TSS64-busy
GDT=     00000000079de000 00000047
IDT=     00000000074fa018 00000fff
CR0=80010033 CR2=0000000000000000 CR3=0000000007c01000 CR4=00000668
DR0=0000000000000000 DR1=0000000000000000 DR2=0000000000000000 DR3=0000000000000000 
DR6=00000000ffff0ff0 DR7=0000000000000400
CCS=0000000000000004 CCD=0000000000000000 CCO=EFLAGS
EFER=0000000000000d00
   861: v=20 e=0000 i=0 cpl=0 IP=0038:0000000007052c07 pc=0000000007052c07 SP=0030:0000000007efba60 env->regs[R_EAX]=00000000070a906f
RAX=00000000070a906f RBX=0000000000000017 RCX=00000000070a9058 RDX=0000000007efbbf8
RSI=0000000000000018 RDI=0000000000000001 RBP=0000000000000000 RSP=0000000007efba60
R8 =0000000000000018 R9 =0000000000000000 R10=0000000007f19a4d R11=0000000007059f00
R12=00000000070a9058 R13=0000000007efbbf8 R14=0000000000000001 R15=0000000007efbc10
RIP=0000000007052c07 RFL=00000206 [-----P-] CPL=0 II=0 A20=1 SMM=0 HLT=0
ES =0030 0000000000000000 ffffffff 00cf9300 DPL=0 DS   [-WA]
CS =0038 0000000000000000 ffffffff 00af9a00 DPL=0 CS64 [-R-]
SS =0030 0000000000000000 ffffffff 00cf9300 DPL=0 DS   [-WA]
DS =0030 0000000000000000 ffffffff 00cf9300 DPL=0 DS   [-WA]
FS =0030 0000000000000000 ffffffff 00cf9300 DPL=0 DS   [-WA]
GS =0030 0000000000000000 ffffffff 00cf9300 DPL=0 DS   [-WA]
LDT=0000 0000000000000000 0000ffff 00008200 DPL=0 LDT
TR =0000 0000000000000000 0000ffff 00008b00 DPL=0 TSS64-busy
GDT=     00000000079de000 00000047
IDT=     00000000074fa018 00000fff
CR0=80010033 CR2=0000000000000000 CR3=0000000007c01000 CR4=00000668
DR0=0000000000000000 DR1=0000000000000000 DR2=0000000000000000 DR3=0000000000000000 
DR6=00000000ffff0ff0 DR7=0000000000000400
CCS=0000000000000004 CCD=0000000000000000 CCO=EFLAGS
EFER=0000000000000d00
   862: v=20 e=0000 i=0 cpl=0 IP=0038:0000000007052c07 pc=0000000007052c07 SP=0030:0000000007efba60 env->regs[R_EAX]=00000000070a906f
RAX=00000000070a906f RBX=0000000000000017 RCX=00000000070a9058 RDX=0000000007efbbf8
RSI=0000000000000018 RDI=0000000000000001 RBP=0000000000000000 RSP=0000000007efba60
R8 =0000000000000018 R9 =0000000000000000 R10=0000000007f19a4d R11=0000000007059f00
R12=00000000070a9058 R13=0000000007efbbf8 R14=0000000000000001 R15=0000000007efbc10
RIP=0000000007052c07 RFL=00000206 [-----P-] CPL=0 II=0 A20=1 SMM=0 HLT=0
ES =0030 0000000000000000 ffffffff 00cf9300 DPL=0 DS   [-WA]
CS =0038 0000000000000000 ffffffff 00af9a00 DPL=0 CS64 [-R-]
SS =0030 0000000000000000 ffffffff 00cf9300 DPL=0 DS   [-WA]
DS =0030 0000000000000000 ffffffff 00cf9300 DPL=0 DS   [-WA]
FS =0030 0000000000000000 ffffffff 00cf9300 DPL=0 DS   [-WA]
GS =0030 0000000000000000 ffffffff 00cf9300 DPL=0 DS   [-WA]
LDT=0000 0000000000000000 0000ffff 00008200 DPL=0 LDT
TR =0000 0000000000000000 0000ffff 00008b00 DPL=0 TSS64-busy
GDT=     00000000079de000 00000047
IDT=     00000000074fa018 00000fff
CR0=80010033 CR2=0000000000000000 CR3=0000000007c01000 CR4=00000668
DR0=0000000000000000 DR1=0000000000000000 DR2=0000000000000000 DR3=0000000000000000 
DR6=00000000ffff0ff0 DR7=0000000000000400
CCS=0000000000000004 CCD=0000000000000000 CCO=EFLAGS
EFER=0000000000000d00
   863: v=20 e=0000 i=0 cpl=0 IP=0038:0000000007052c07 pc=0000000007052c07 SP=0030:0000000007efba60 env->regs[R_EAX]=00000000070a906f
RAX=00000000070a906f RBX=0000000000000017 RCX=00000000070a9058 RDX=0000000007efbbf8
RSI=0000000000000018 RDI=0000000000000001 RBP=0000000000000000 RSP=0000000007efba60
R8 =0000000000000018 R9 =0000000000000000 R10=0000000007f19a4d R11=0000000007059f00
R12=00000000070a9058 R13=0000000007efbbf8 R14=0000000000000001 R15=0000000007efbc10
RIP=0000000007052c07 RFL=00000206 [-----P-] CPL=0 II=0 A20=1 SMM=0 HLT=0
ES =0030 0000000000000000 ffffffff 00cf9300 DPL=0 DS   [-WA]
CS =0038 0000000000000000 ffffffff 00af9a00 DPL=0 CS64 [-R-]
SS =0030 0000000000000000 ffffffff 00cf9300 DPL=0 DS   [-WA]
DS =0030 0000000000000000 ffffffff 00cf9300 DPL=0 DS   [-WA]
FS =0030 0000000000000000 ffffffff 00cf9300 DPL=0 DS   [-WA]
GS =0030 0000000000000000 ffffffff 00cf9300 DPL=0 DS   [-WA]
LDT=0000 0000000000000000 0000ffff 00008200 DPL=0 LDT
TR =0000 0000000000000000 0000ffff 00008b00 DPL=0 TSS64-busy
GDT=     00000000079de000 00000047
IDT=     00000000074fa018 00000fff
CR0=80010033 CR2=0000000000000000 CR3=0000000007c01000 CR4=00000668
DR0=0000000000000000 DR1=0000000000000000 DR2=0000000000000000 DR3=0000000000000000 
DR6=00000000ffff0ff0 DR7=0000000000000400
CCS=0000000000000004 CCD=0000000000000000 CCO=EFLAGS
EFER=0000000000000d00
   864: v=20 e=0000 i=0 cpl=0 IP=0038:0000000007052c07 pc=0000000007052c07 SP=0030:0000000007efba60 env->regs[R_EAX]=00000000070a906f
RAX=00000000070a906f RBX=0000000000000017 RCX=00000000070a9058 RDX=0000000007efbbf8
RSI=0000000000000018 RDI=0000000000000001 RBP=0000000000000000 RSP=0000000007efba60
R8 =0000000000000018 R9 =0000000000000000 R10=0000000007f19a4d R11=0000000007059f00
R12=00000000070a9058 R13=0000000007efbbf8 R14=0000000000000001 R15=0000000007efbc10
RIP=0000000007052c07 RFL=00000206 [-----P-] CPL=0 II=0 A20=1 SMM=0 HLT=0
ES =0030 0000000000000000 ffffffff 00cf9300 DPL=0 DS   [-WA]
CS =0038 0000000000000000 ffffffff 00af9a00 DPL=0 CS64 [-R-]
SS =0030 0000000000000000 ffffffff 00cf9300 DPL=0 DS   [-WA]
DS =0030 0000000000000000 ffffffff 00cf9300 DPL=0 DS   [-WA]
FS =0030 0000000000000000 ffffffff 00cf9300 DPL=0 DS   [-WA]
GS =0030 0000000000000000 ffffffff 00cf9300 DPL=0 DS   [-WA]
LDT=0000 0000000000000000 0000ffff 00008200 DPL=0 LDT
TR =0000 0000000000000000 0000ffff 00008b00 DPL=0 TSS64-busy
GDT=     00000000079de000 00000047
IDT=     00000000074fa018 00000fff
CR0=80010033 CR2=0000000000000000 CR3=0000000007c01000 CR4=00000668
DR0=0000000000000000 DR1=0000000000000000 DR2=0000000000000000 DR3=0000000000000000 
DR6=00000000ffff0ff0 DR7=0000000000000400
CCS=0000000000000004 CCD=0000000000000000 CCO=EFLAGS
EFER=0000000000000d00
   865: v=20 e=0000 i=0 cpl=0 IP=0038:0000000007052c07 pc=0000000007052c07 SP=0030:0000000007efba60 env->regs[R_EAX]=00000000070a906f
RAX=00000000070a906f RBX=0000000000000017 RCX=00000000070a9058 RDX=0000000007efbbf8
RSI=0000000000000018 RDI=0000000000000001 RBP=0000000000000000 RSP=0000000007efba60
R8 =0000000000000018 R9 =0000000000000000 R10=0000000007f19a4d R11=0000000007059f00
R12=00000000070a9058 R13=0000000007efbbf8 R14=0000000000000001 R15=0000000007efbc10
RIP=0000000007052c07 RFL=00000206 [-----P-] CPL=0 II=0 A20=1 SMM=0 HLT=0
ES =0030 0000000000000000 ffffffff 00cf9300 DPL=0 DS   [-WA]
CS =0038 0000000000000000 ffffffff 00af9a00 DPL=0 CS64 [-R-]
SS =0030 0000000000000000 ffffffff 00cf9300 DPL=0 DS   [-WA]
DS =0030 0000000000000000 ffffffff 00cf9300 DPL=0 DS   [-WA]
FS =0030 0000000000000000 ffffffff 00cf9300 DPL=0 DS   [-WA]
GS =0030 0000000000000000 ffffffff 00cf9300 DPL=0 DS   [-WA]
LDT=0000 0000000000000000 0000ffff 00008200 DPL=0 LDT
TR =0000 0000000000000000 0000ffff 00008b00 DPL=0 TSS64-busy
GDT=     00000000079de000 00000047
IDT=     00000000074fa018 00000fff
CR0=80010033 CR2=0000000000000000 CR3=0000000007c01000 CR4=00000668
DR0=0000000000000000 DR1=0000000000000000 DR2=0000000000000000 DR3=0000000000000000 
DR6=00000000ffff0ff0 DR7=0000000000000400
CCS=0000000000000004 CCD=0000000000000000 CCO=EFLAGS
EFER=0000000000000d00
   866: v=20 e=0000 i=0 cpl=0 IP=0038:0000000007052c07 pc=0000000007052c07 SP=0030:0000000007efba60 env->regs[R_EAX]=00000000070a906f
RAX=00000000070a906f RBX=0000000000000017 RCX=00000000070a9058 RDX=0000000007efbbf8
RSI=0000000000000018 RDI=0000000000000001 RBP=0000000000000000 RSP=0000000007efba60
R8 =0000000000000018 R9 =0000000000000000 R10=0000000007f19a4d R11=0000000007059f00
R12=00000000070a9058 R13=0000000007efbbf8 R14=0000000000000001 R15=0000000007efbc10
RIP=0000000007052c07 RFL=00000206 [-----P-] CPL=0 II=0 A20=1 SMM=0 HLT=0
ES =0030 0000000000000000 ffffffff 00cf9300 DPL=0 DS   [-WA]
CS =0038 0000000000000000 ffffffff 00af9a00 DPL=0 CS64 [-R-]
SS =0030 0000000000000000 ffffffff 00cf9300 DPL=0 DS   [-WA]
DS =0030 0000000000000000 ffffffff 00cf9300 DPL=0 DS   [-WA]
FS =0030 0000000000000000 ffffffff 00cf9300 DPL=0 DS   [-WA]
GS =0030 0000000000000000 ffffffff 00cf9300 DPL=0 DS   [-WA]
LDT=0000 0000000000000000 0000ffff 00008200 DPL=0 LDT
TR =0000 0000000000000000 0000ffff 00008b00 DPL=0 TSS64-busy
GDT=     00000000079de000 00000047
IDT=     00000000074fa018 00000fff
CR0=80010033 CR2=0000000000000000 CR3=0000000007c01000 CR4=00000668
DR0=0000000000000000 DR1=0000000000000000 DR2=0000000000000000 DR3=0000000000000000 
DR6=00000000ffff0ff0 DR7=0000000000000400
CCS=0000000000000004 CCD=0000000000000000 CCO=EFLAGS
EFER=0000000000000d00
   867: v=20 e=0000 i=0 cpl=0 IP=0038:0000000007052c07 pc=0000000007052c07 SP=0030:0000000007efba60 env->regs[R_EAX]=00000000070a906f
RAX=00000000070a906f RBX=0000000000000017 RCX=00000000070a9058 RDX=0000000007efbbf8
RSI=0000000000000018 RDI=0000000000000001 RBP=0000000000000000 RSP=0000000007efba60
R8 =0000000000000018 R9 =0000000000000000 R10=0000000007f19a4d R11=0000000007059f00
R12=00000000070a9058 R13=0000000007efbbf8 R14=0000000000000001 R15=0000000007efbc10
RIP=0000000007052c07 RFL=00000206 [-----P-] CPL=0 II=0 A20=1 SMM=0 HLT=0
ES =0030 0000000000000000 ffffffff 00cf9300 DPL=0 DS   [-WA]
CS =0038 0000000000000000 ffffffff 00af9a00 DPL=0 CS64 [-R-]
SS =0030 0000000000000000 ffffffff 00cf9300 DPL=0 DS   [-WA]
DS =0030 0000000000000000 ffffffff 00cf9300 DPL=0 DS   [-WA]
FS =0030 0000000000000000 ffffffff 00cf9300 DPL=0 DS   [-WA]
GS =0030 0000000000000000 ffffffff 00cf9300 DPL=0 DS   [-WA]
LDT=0000 0000000000000000 0000ffff 00008200 DPL=0 LDT
TR =0000 0000000000000000 0000ffff 00008b00 DPL=0 TSS64-busy
GDT=     00000000079de000 00000047
IDT=     00000000074fa018 00000fff
CR0=80010033 CR2=0000000000000000 CR3=0000000007c01000 CR4=00000668
DR0=0000000000000000 DR1=0000000000000000 DR2=0000000000000000 DR3=0000000000000000 
DR6=00000000ffff0ff0 DR7=0000000000000400
CCS=0000000000000004 CCD=0000000000000000 CCO=EFLAGS
EFER=0000000000000d00
   868: v=20 e=0000 i=0 cpl=0 IP=0038:0000000007052c07 pc=0000000007052c07 SP=0030:0000000007efba60 env->regs[R_EAX]=00000000070a906f
RAX=00000000070a906f RBX=0000000000000017 RCX=00000000070a9058 RDX=0000000007efbbf8
RSI=0000000000000018 RDI=0000000000000001 RBP=0000000000000000 RSP=0000000007efba60
R8 =0000000000000018 R9 =0000000000000000 R10=0000000007f19a4d R11=0000000007059f00
R12=00000000070a9058 R13=0000000007efbbf8 R14=0000000000000001 R15=0000000007efbc10
RIP=0000000007052c07 RFL=00000206 [-----P-] CPL=0 II=0 A20=1 SMM=0 HLT=0
ES =0030 0000000000000000 ffffffff 00cf9300 DPL=0 DS   [-WA]
CS =0038 0000000000000000 ffffffff 00af9a00 DPL=0 CS64 [-R-]
SS =0030 0000000000000000 ffffffff 00cf9300 DPL=0 DS   [-WA]
DS =0030 0000000000000000 ffffffff 00cf9300 DPL=0 DS   [-WA]
FS =0030 0000000000000000 ffffffff 00cf9300 DPL=0 DS   [-WA]
GS =0030 0000000000000000 ffffffff 00cf9300 DPL=0 DS   [-WA]
LDT=0000 0000000000000000 0000ffff 00008200 DPL=0 LDT
TR =0000 0000000000000000 0000ffff 00008b00 DPL=0 TSS64-busy
GDT=     00000000079de000 00000047
IDT=     00000000074fa018 00000fff
CR0=80010033 CR2=0000000000000000 CR3=0000000007c01000 CR4=00000668
DR0=0000000000000000 DR1=0000000000000000 DR2=0000000000000000 DR3=0000000000000000 
DR6=00000000ffff0ff0 DR7=0000000000000400
CCS=0000000000000004 CCD=0000000000000000 CCO=EFLAGS
EFER=0000000000000d00
   869: v=20 e=0000 i=0 cpl=0 IP=0038:0000000007052c07 pc=0000000007052c07 SP=0030:0000000007efba60 env->regs[R_EAX]=00000000070a906f
RAX=00000000070a906f RBX=0000000000000017 RCX=00000000070a9058 RDX=0000000007efbbf8
RSI=0000000000000018 RDI=0000000000000001 RBP=0000000000000000 RSP=0000000007efba60
R8 =0000000000000018 R9 =0000000000000000 R10=0000000007f19a4d R11=0000000007059f00
R12=00000000070a9058 R13=0000000007efbbf8 R14=0000000000000001 R15=0000000007efbc10
RIP=0000000007052c07 RFL=00000206 [-----P-] CPL=0 II=0 A20=1 SMM=0 HLT=0
ES =0030 0000000000000000 ffffffff 00cf9300 DPL=0 DS   [-WA]
CS =0038 0000000000000000 ffffffff 00af9a00 DPL=0 CS64 [-R-]
SS =0030 0000000000000000 ffffffff 00cf9300 DPL=0 DS   [-WA]
DS =0030 0000000000000000 ffffffff 00cf9300 DPL=0 DS   [-WA]
FS =0030 0000000000000000 ffffffff 00cf9300 DPL=0 DS   [-WA]
GS =0030 0000000000000000 ffffffff 00cf9300 DPL=0 DS   [-WA]
LDT=0000 0000000000000000 0000ffff 00008200 DPL=0 LDT
TR =0000 0000000000000000 0000ffff 00008b00 DPL=0 TSS64-busy
GDT=     00000000079de000 00000047
IDT=     00000000074fa018 00000fff
CR0=80010033 CR2=0000000000000000 CR3=0000000007c01000 CR4=00000668
DR0=0000000000000000 DR1=0000000000000000 DR2=0000000000000000 DR3=0000000000000000 
DR6=00000000ffff0ff0 DR7=0000000000000400
CCS=0000000000000004 CCD=0000000000000000 CCO=EFLAGS
EFER=0000000000000d00
   870: v=20 e=0000 i=0 cpl=0 IP=0038:0000000007052c07 pc=0000000007052c07 SP=0030:0000000007efba60 env->regs[R_EAX]=00000000070a906f
RAX=00000000070a906f RBX=0000000000000017 RCX=00000000070a9058 RDX=0000000007efbbf8
RSI=0000000000000018 RDI=0000000000000001 RBP=0000000000000000 RSP=0000000007efba60
R8 =0000000000000018 R9 =0000000000000000 R10=0000000007f19a4d R11=0000000007059f00
R12=00000000070a9058 R13=0000000007efbbf8 R14=0000000000000001 R15=0000000007efbc10
RIP=0000000007052c07 RFL=00000206 [-----P-] CPL=0 II=0 A20=1 SMM=0 HLT=0
ES =0030 0000000000000000 ffffffff 00cf9300 DPL=0 DS   [-WA]
CS =0038 0000000000000000 ffffffff 00af9a00 DPL=0 CS64 [-R-]
SS =0030 0000000000000000 ffffffff 00cf9300 DPL=0 DS   [-WA]
DS =0030 0000000000000000 ffffffff 00cf9300 DPL=0 DS   [-WA]
FS =0030 0000000000000000 ffffffff 00cf9300 DPL=0 DS   [-WA]
GS =0030 0000000000000000 ffffffff 00cf9300 DPL=0 DS   [-WA]
LDT=0000 0000000000000000 0000ffff 00008200 DPL=0 LDT
TR =0000 0000000000000000 0000ffff 00008b00 DPL=0 TSS64-busy
GDT=     00000000079de000 00000047
IDT=     00000000074fa018 00000fff
CR0=80010033 CR2=0000000000000000 CR3=0000000007c01000 CR4=00000668
DR0=0000000000000000 DR1=0000000000000000 DR2=0000000000000000 DR3=0000000000000000 
DR6=00000000ffff0ff0 DR7=0000000000000400
CCS=0000000000000004 CCD=0000000000000000 CCO=EFLAGS
EFER=0000000000000d00
   871: v=20 e=0000 i=0 cpl=0 IP=0038:0000000007052c07 pc=0000000007052c07 SP=0030:0000000007efba60 env->regs[R_EAX]=00000000070a906f
RAX=00000000070a906f RBX=0000000000000017 RCX=00000000070a9058 RDX=0000000007efbbf8
RSI=0000000000000018 RDI=0000000000000001 RBP=0000000000000000 RSP=0000000007efba60
R8 =0000000000000018 R9 =0000000000000000 R10=0000000007f19a4d R11=0000000007059f00
R12=00000000070a9058 R13=0000000007efbbf8 R14=0000000000000001 R15=0000000007efbc10
RIP=0000000007052c07 RFL=00000206 [-----P-] CPL=0 II=0 A20=1 SMM=0 HLT=0
ES =0030 0000000000000000 ffffffff 00cf9300 DPL=0 DS   [-WA]
CS =0038 0000000000000000 ffffffff 00af9a00 DPL=0 CS64 [-R-]
SS =0030 0000000000000000 ffffffff 00cf9300 DPL=0 DS   [-WA]
DS =0030 0000000000000000 ffffffff 00cf9300 DPL=0 DS   [-WA]
FS =0030 0000000000000000 ffffffff 00cf9300 DPL=0 DS   [-WA]
GS =0030 0000000000000000 ffffffff 00cf9300 DPL=0 DS   [-WA]
LDT=0000 0000000000000000 0000ffff 00008200 DPL=0 LDT
TR =0000 0000000000000000 0000ffff 00008b00 DPL=0 TSS64-busy
GDT=     00000000079de000 00000047
IDT=     00000000074fa018 00000fff
CR0=80010033 CR2=0000000000000000 CR3=0000000007c01000 CR4=00000668
DR0=0000000000000000 DR1=0000000000000000 DR2=0000000000000000 DR3=0000000000000000 
DR6=00000000ffff0ff0 DR7=0000000000000400
CCS=0000000000000004 CCD=0000000000000000 CCO=EFLAGS
EFER=0000000000000d00
   872: v=20 e=0000 i=0 cpl=0 IP=0038:0000000007052c07 pc=0000000007052c07 SP=0030:0000000007efba60 env->regs[R_EAX]=00000000070a906f
RAX=00000000070a906f RBX=0000000000000017 RCX=00000000070a9058 RDX=0000000007efbbf8
RSI=0000000000000018 RDI=0000000000000001 RBP=0000000000000000 RSP=0000000007efba60
R8 =0000000000000018 R9 =0000000000000000 R10=0000000007f19a4d R11=0000000007059f00
R12=00000000070a9058 R13=0000000007efbbf8 R14=0000000000000001 R15=0000000007efbc10
RIP=0000000007052c07 RFL=00000206 [-----P-] CPL=0 II=0 A20=1 SMM=0 HLT=0
ES =0030 0000000000000000 ffffffff 00cf9300 DPL=0 DS   [-WA]
CS =0038 0000000000000000 ffffffff 00af9a00 DPL=0 CS64 [-R-]
SS =0030 0000000000000000 ffffffff 00cf9300 DPL=0 DS   [-WA]
DS =0030 0000000000000000 ffffffff 00cf9300 DPL=0 DS   [-WA]
FS =0030 0000000000000000 ffffffff 00cf9300 DPL=0 DS   [-WA]
GS =0030 0000000000000000 ffffffff 00cf9300 DPL=0 DS   [-WA]
LDT=0000 0000000000000000 0000ffff 00008200 DPL=0 LDT
TR =0000 0000000000000000 0000ffff 00008b00 DPL=0 TSS64-busy
GDT=     00000000079de000 00000047
IDT=     00000000074fa018 00000fff
CR0=80010033 CR2=0000000000000000 CR3=0000000007c01000 CR4=00000668
DR0=0000000000000000 DR1=0000000000000000 DR2=0000000000000000 DR3=0000000000000000 
DR6=00000000ffff0ff0 DR7=0000000000000400
CCS=0000000000000004 CCD=0000000000000000 CCO=EFLAGS
EFER=0000000000000d00
   873: v=20 e=0000 i=0 cpl=0 IP=0038:0000000007052c07 pc=0000000007052c07 SP=0030:0000000007efba60 env->regs[R_EAX]=00000000070a906f
RAX=00000000070a906f RBX=0000000000000017 RCX=00000000070a9058 RDX=0000000007efbbf8
RSI=0000000000000018 RDI=0000000000000001 RBP=0000000000000000 RSP=0000000007efba60
R8 =0000000000000018 R9 =0000000000000000 R10=0000000007f19a4d R11=0000000007059f00
R12=00000000070a9058 R13=0000000007efbbf8 R14=0000000000000001 R15=0000000007efbc10
RIP=0000000007052c07 RFL=00000206 [-----P-] CPL=0 II=0 A20=1 SMM=0 HLT=0
ES =0030 0000000000000000 ffffffff 00cf9300 DPL=0 DS   [-WA]
CS =0038 0000000000000000 ffffffff 00af9a00 DPL=0 CS64 [-R-]
SS =0030 0000000000000000 ffffffff 00cf9300 DPL=0 DS   [-WA]
DS =0030 0000000000000000 ffffffff 00cf9300 DPL=0 DS   [-WA]
FS =0030 0000000000000000 ffffffff 00cf9300 DPL=0 DS   [-WA]
GS =0030 0000000000000000 ffffffff 00cf9300 DPL=0 DS   [-WA]
LDT=0000 0000000000000000 0000ffff 00008200 DPL=0 LDT
TR =0000 0000000000000000 0000ffff 00008b00 DPL=0 TSS64-busy
GDT=     00000000079de000 00000047
IDT=     00000000074fa018 00000fff
CR0=80010033 CR2=0000000000000000 CR3=0000000007c01000 CR4=00000668
DR0=0000000000000000 DR1=0000000000000000 DR2=0000000000000000 DR3=0000000000000000 
DR6=00000000ffff0ff0 DR7=0000000000000400
CCS=0000000000000004 CCD=0000000000000000 CCO=EFLAGS
EFER=0000000000000d00
   874: v=20 e=0000 i=0 cpl=0 IP=0038:0000000007052c07 pc=0000000007052c07 SP=0030:0000000007efba60 env->regs[R_EAX]=00000000070a906f
RAX=00000000070a906f RBX=0000000000000017 RCX=00000000070a9058 RDX=0000000007efbbf8
RSI=0000000000000018 RDI=0000000000000001 RBP=0000000000000000 RSP=0000000007efba60
R8 =0000000000000018 R9 =0000000000000000 R10=0000000007f19a4d R11=0000000007059f00
R12=00000000070a9058 R13=0000000007efbbf8 R14=0000000000000001 R15=0000000007efbc10
RIP=0000000007052c07 RFL=00000206 [-----P-] CPL=0 II=0 A20=1 SMM=0 HLT=0
ES =0030 0000000000000000 ffffffff 00cf9300 DPL=0 DS   [-WA]
CS =0038 0000000000000000 ffffffff 00af9a00 DPL=0 CS64 [-R-]
SS =0030 0000000000000000 ffffffff 00cf9300 DPL=0 DS   [-WA]
DS =0030 0000000000000000 ffffffff 00cf9300 DPL=0 DS   [-WA]
FS =0030 0000000000000000 ffffffff 00cf9300 DPL=0 DS   [-WA]
GS =0030 0000000000000000 ffffffff 00cf9300 DPL=0 DS   [-WA]
LDT=0000 0000000000000000 0000ffff 00008200 DPL=0 LDT
TR =0000 0000000000000000 0000ffff 00008b00 DPL=0 TSS64-busy
GDT=     00000000079de000 00000047
IDT=     00000000074fa018 00000fff
CR0=80010033 CR2=0000000000000000 CR3=0000000007c01000 CR4=00000668
DR0=0000000000000000 DR1=0000000000000000 DR2=0000000000000000 DR3=0000000000000000 
DR6=00000000ffff0ff0 DR7=0000000000000400
CCS=0000000000000004 CCD=0000000000000000 CCO=EFLAGS
EFER=0000000000000d00
   875: v=20 e=0000 i=0 cpl=0 IP=0038:0000000007052c07 pc=0000000007052c07 SP=0030:0000000007efba60 env->regs[R_EAX]=00000000070a906f
RAX=00000000070a906f RBX=0000000000000017 RCX=00000000070a9058 RDX=0000000007efbbf8
RSI=0000000000000018 RDI=0000000000000001 RBP=0000000000000000 RSP=0000000007efba60
R8 =0000000000000018 R9 =0000000000000000 R10=0000000007f19a4d R11=0000000007059f00
R12=00000000070a9058 R13=0000000007efbbf8 R14=0000000000000001 R15=0000000007efbc10
RIP=0000000007052c07 RFL=00000206 [-----P-] CPL=0 II=0 A20=1 SMM=0 HLT=0
ES =0030 0000000000000000 ffffffff 00cf9300 DPL=0 DS   [-WA]
CS =0038 0000000000000000 ffffffff 00af9a00 DPL=0 CS64 [-R-]
SS =0030 0000000000000000 ffffffff 00cf9300 DPL=0 DS   [-WA]
DS =0030 0000000000000000 ffffffff 00cf9300 DPL=0 DS   [-WA]
FS =0030 0000000000000000 ffffffff 00cf9300 DPL=0 DS   [-WA]
GS =0030 0000000000000000 ffffffff 00cf9300 DPL=0 DS   [-WA]
LDT=0000 0000000000000000 0000ffff 00008200 DPL=0 LDT
TR =0000 0000000000000000 0000ffff 00008b00 DPL=0 TSS64-busy
GDT=     00000000079de000 00000047
IDT=     00000000074fa018 00000fff
CR0=80010033 CR2=0000000000000000 CR3=0000000007c01000 CR4=00000668
DR0=0000000000000000 DR1=0000000000000000 DR2=0000000000000000 DR3=0000000000000000 
DR6=00000000ffff0ff0 DR7=0000000000000400
CCS=0000000000000004 CCD=0000000000000000 CCO=EFLAGS
EFER=0000000000000d00
   876: v=20 e=0000 i=0 cpl=0 IP=0038:0000000007052c07 pc=0000000007052c07 SP=0030:0000000007efba60 env->regs[R_EAX]=00000000070a906f
RAX=00000000070a906f RBX=0000000000000017 RCX=00000000070a9058 RDX=0000000007efbbf8
RSI=0000000000000018 RDI=0000000000000001 RBP=0000000000000000 RSP=0000000007efba60
R8 =0000000000000018 R9 =0000000000000000 R10=0000000007f19a4d R11=0000000007059f00
R12=00000000070a9058 R13=0000000007efbbf8 R14=0000000000000001 R15=0000000007efbc10
RIP=0000000007052c07 RFL=00000206 [-----P-] CPL=0 II=0 A20=1 SMM=0 HLT=0
ES =0030 0000000000000000 ffffffff 00cf9300 DPL=0 DS   [-WA]
CS =0038 0000000000000000 ffffffff 00af9a00 DPL=0 CS64 [-R-]
SS =0030 0000000000000000 ffffffff 00cf9300 DPL=0 DS   [-WA]
DS =0030 0000000000000000 ffffffff 00cf9300 DPL=0 DS   [-WA]
FS =0030 0000000000000000 ffffffff 00cf9300 DPL=0 DS   [-WA]
GS =0030 0000000000000000 ffffffff 00cf9300 DPL=0 DS   [-WA]
LDT=0000 0000000000000000 0000ffff 00008200 DPL=0 LDT
TR =0000 0000000000000000 0000ffff 00008b00 DPL=0 TSS64-busy
GDT=     00000000079de000 00000047
IDT=     00000000074fa018 00000fff
CR0=80010033 CR2=0000000000000000 CR3=0000000007c01000 CR4=00000668
DR0=0000000000000000 DR1=0000000000000000 DR2=0000000000000000 DR3=0000000000000000 
DR6=00000000ffff0ff0 DR7=0000000000000400
CCS=0000000000000004 CCD=0000000000000000 CCO=EFLAGS
EFER=0000000000000d00
   877: v=20 e=0000 i=0 cpl=0 IP=0038:0000000007052c07 pc=0000000007052c07 SP=0030:0000000007efba60 env->regs[R_EAX]=00000000070a906f
RAX=00000000070a906f RBX=0000000000000017 RCX=00000000070a9058 RDX=0000000007efbbf8
RSI=0000000000000018 RDI=0000000000000001 RBP=0000000000000000 RSP=0000000007efba60
R8 =0000000000000018 R9 =0000000000000000 R10=0000000007f19a4d R11=0000000007059f00
R12=00000000070a9058 R13=0000000007efbbf8 R14=0000000000000001 R15=0000000007efbc10
RIP=0000000007052c07 RFL=00000206 [-----P-] CPL=0 II=0 A20=1 SMM=0 HLT=0
ES =0030 0000000000000000 ffffffff 00cf9300 DPL=0 DS   [-WA]
CS =0038 0000000000000000 ffffffff 00af9a00 DPL=0 CS64 [-R-]
SS =0030 0000000000000000 ffffffff 00cf9300 DPL=0 DS   [-WA]
DS =0030 0000000000000000 ffffffff 00cf9300 DPL=0 DS   [-WA]
FS =0030 0000000000000000 ffffffff 00cf9300 DPL=0 DS   [-WA]
GS =0030 0000000000000000 ffffffff 00cf9300 DPL=0 DS   [-WA]
LDT=0000 0000000000000000 0000ffff 00008200 DPL=0 LDT
TR =0000 0000000000000000 0000ffff 00008b00 DPL=0 TSS64-busy
GDT=     00000000079de000 00000047
IDT=     00000000074fa018 00000fff
CR0=80010033 CR2=0000000000000000 CR3=0000000007c01000 CR4=00000668
DR0=0000000000000000 DR1=0000000000000000 DR2=0000000000000000 DR3=0000000000000000 
DR6=00000000ffff0ff0 DR7=0000000000000400
CCS=0000000000000004 CCD=0000000000000000 CCO=EFLAGS
EFER=0000000000000d00
   878: v=20 e=0000 i=0 cpl=0 IP=0038:0000000007052c07 pc=0000000007052c07 SP=0030:0000000007efba60 env->regs[R_EAX]=00000000070a906f
RAX=00000000070a906f RBX=0000000000000017 RCX=00000000070a9058 RDX=0000000007efbbf8
RSI=0000000000000018 RDI=0000000000000001 RBP=0000000000000000 RSP=0000000007efba60
R8 =0000000000000018 R9 =0000000000000000 R10=0000000007f19a4d R11=0000000007059f00
R12=00000000070a9058 R13=0000000007efbbf8 R14=0000000000000001 R15=0000000007efbc10
RIP=0000000007052c07 RFL=00000206 [-----P-] CPL=0 II=0 A20=1 SMM=0 HLT=0
ES =0030 0000000000000000 ffffffff 00cf9300 DPL=0 DS   [-WA]
CS =0038 0000000000000000 ffffffff 00af9a00 DPL=0 CS64 [-R-]
SS =0030 0000000000000000 ffffffff 00cf9300 DPL=0 DS   [-WA]
DS =0030 0000000000000000 ffffffff 00cf9300 DPL=0 DS   [-WA]
FS =0030 0000000000000000 ffffffff 00cf9300 DPL=0 DS   [-WA]
GS =0030 0000000000000000 ffffffff 00cf9300 DPL=0 DS   [-WA]
LDT=0000 0000000000000000 0000ffff 00008200 DPL=0 LDT
TR =0000 0000000000000000 0000ffff 00008b00 DPL=0 TSS64-busy
GDT=     00000000079de000 00000047
IDT=     00000000074fa018 00000fff
CR0=80010033 CR2=0000000000000000 CR3=0000000007c01000 CR4=00000668
DR0=0000000000000000 DR1=0000000000000000 DR2=0000000000000000 DR3=0000000000000000 
DR6=00000000ffff0ff0 DR7=0000000000000400
CCS=0000000000000004 CCD=0000000000000000 CCO=EFLAGS
EFER=0000000000000d00
   879: v=20 e=0000 i=0 cpl=0 IP=0038:0000000007052c07 pc=0000000007052c07 SP=0030:0000000007efba60 env->regs[R_EAX]=00000000070a906f
RAX=00000000070a906f RBX=0000000000000017 RCX=00000000070a9058 RDX=0000000007efbbf8
RSI=0000000000000018 RDI=0000000000000001 RBP=0000000000000000 RSP=0000000007efba60
R8 =0000000000000018 R9 =0000000000000000 R10=0000000007f19a4d R11=0000000007059f00
R12=00000000070a9058 R13=0000000007efbbf8 R14=0000000000000001 R15=0000000007efbc10
RIP=0000000007052c07 RFL=00000206 [-----P-] CPL=0 II=0 A20=1 SMM=0 HLT=0
ES =0030 0000000000000000 ffffffff 00cf9300 DPL=0 DS   [-WA]
CS =0038 0000000000000000 ffffffff 00af9a00 DPL=0 CS64 [-R-]
SS =0030 0000000000000000 ffffffff 00cf9300 DPL=0 DS   [-WA]
DS =0030 0000000000000000 ffffffff 00cf9300 DPL=0 DS   [-WA]
FS =0030 0000000000000000 ffffffff 00cf9300 DPL=0 DS   [-WA]
GS =0030 0000000000000000 ffffffff 00cf9300 DPL=0 DS   [-WA]
LDT=0000 0000000000000000 0000ffff 00008200 DPL=0 LDT
TR =0000 0000000000000000 0000ffff 00008b00 DPL=0 TSS64-busy
GDT=     00000000079de000 00000047
IDT=     00000000074fa018 00000fff
CR0=80010033 CR2=0000000000000000 CR3=0000000007c01000 CR4=00000668
DR0=0000000000000000 DR1=0000000000000000 DR2=0000000000000000 DR3=0000000000000000 
DR6=00000000ffff0ff0 DR7=0000000000000400
CCS=0000000000000004 CCD=0000000000000000 CCO=EFLAGS
EFER=0000000000000d00
   880: v=20 e=0000 i=0 cpl=0 IP=0038:0000000007052c07 pc=0000000007052c07 SP=0030:0000000007efba60 env->regs[R_EAX]=00000000070a906f
RAX=00000000070a906f RBX=0000000000000017 RCX=00000000070a9058 RDX=0000000007efbbf8
RSI=0000000000000018 RDI=0000000000000001 RBP=0000000000000000 RSP=0000000007efba60
R8 =0000000000000018 R9 =0000000000000000 R10=0000000007f19a4d R11=0000000007059f00
R12=00000000070a9058 R13=0000000007efbbf8 R14=0000000000000001 R15=0000000007efbc10
RIP=0000000007052c07 RFL=00000206 [-----P-] CPL=0 II=0 A20=1 SMM=0 HLT=0
ES =0030 0000000000000000 ffffffff 00cf9300 DPL=0 DS   [-WA]
CS =0038 0000000000000000 ffffffff 00af9a00 DPL=0 CS64 [-R-]
SS =0030 0000000000000000 ffffffff 00cf9300 DPL=0 DS   [-WA]
DS =0030 0000000000000000 ffffffff 00cf9300 DPL=0 DS   [-WA]
FS =0030 0000000000000000 ffffffff 00cf9300 DPL=0 DS   [-WA]
GS =0030 0000000000000000 ffffffff 00cf9300 DPL=0 DS   [-WA]
LDT=0000 0000000000000000 0000ffff 00008200 DPL=0 LDT
TR =0000 0000000000000000 0000ffff 00008b00 DPL=0 TSS64-busy
GDT=     00000000079de000 00000047
IDT=     00000000074fa018 00000fff
CR0=80010033 CR2=0000000000000000 CR3=0000000007c01000 CR4=00000668
DR0=0000000000000000 DR1=0000000000000000 DR2=0000000000000000 DR3=0000000000000000 
DR6=00000000ffff0ff0 DR7=0000000000000400
CCS=0000000000000004 CCD=0000000000000000 CCO=EFLAGS
EFER=0000000000000d00
   881: v=20 e=0000 i=0 cpl=0 IP=0038:0000000007052c07 pc=0000000007052c07 SP=0030:0000000007efba60 env->regs[R_EAX]=00000000070a906f
RAX=00000000070a906f RBX=0000000000000017 RCX=00000000070a9058 RDX=0000000007efbbf8
RSI=0000000000000018 RDI=0000000000000001 RBP=0000000000000000 RSP=0000000007efba60
R8 =0000000000000018 R9 =0000000000000000 R10=0000000007f19a4d R11=0000000007059f00
R12=00000000070a9058 R13=0000000007efbbf8 R14=0000000000000001 R15=0000000007efbc10
RIP=0000000007052c07 RFL=00000206 [-----P-] CPL=0 II=0 A20=1 SMM=0 HLT=0
ES =0030 0000000000000000 ffffffff 00cf9300 DPL=0 DS   [-WA]
CS =0038 0000000000000000 ffffffff 00af9a00 DPL=0 CS64 [-R-]
SS =0030 0000000000000000 ffffffff 00cf9300 DPL=0 DS   [-WA]
DS =0030 0000000000000000 ffffffff 00cf9300 DPL=0 DS   [-WA]
FS =0030 0000000000000000 ffffffff 00cf9300 DPL=0 DS   [-WA]
GS =0030 0000000000000000 ffffffff 00cf9300 DPL=0 DS   [-WA]
LDT=0000 0000000000000000 0000ffff 00008200 DPL=0 LDT
TR =0000 0000000000000000 0000ffff 00008b00 DPL=0 TSS64-busy
GDT=     00000000079de000 00000047
IDT=     00000000074fa018 00000fff
CR0=80010033 CR2=0000000000000000 CR3=0000000007c01000 CR4=00000668
DR0=0000000000000000 DR1=0000000000000000 DR2=0000000000000000 DR3=0000000000000000 
DR6=00000000ffff0ff0 DR7=0000000000000400
CCS=0000000000000004 CCD=0000000000000000 CCO=EFLAGS
EFER=0000000000000d00
   882: v=20 e=0000 i=0 cpl=0 IP=0038:0000000007052c07 pc=0000000007052c07 SP=0030:0000000007efba60 env->regs[R_EAX]=00000000070a906f
RAX=00000000070a906f RBX=0000000000000017 RCX=00000000070a9058 RDX=0000000007efbbf8
RSI=0000000000000018 RDI=0000000000000001 RBP=0000000000000000 RSP=0000000007efba60
R8 =0000000000000018 R9 =0000000000000000 R10=0000000007f19a4d R11=0000000007059f00
R12=00000000070a9058 R13=0000000007efbbf8 R14=0000000000000001 R15=0000000007efbc10
RIP=0000000007052c07 RFL=00000206 [-----P-] CPL=0 II=0 A20=1 SMM=0 HLT=0
ES =0030 0000000000000000 ffffffff 00cf9300 DPL=0 DS   [-WA]
CS =0038 0000000000000000 ffffffff 00af9a00 DPL=0 CS64 [-R-]
SS =0030 0000000000000000 ffffffff 00cf9300 DPL=0 DS   [-WA]
DS =0030 0000000000000000 ffffffff 00cf9300 DPL=0 DS   [-WA]
FS =0030 0000000000000000 ffffffff 00cf9300 DPL=0 DS   [-WA]
GS =0030 0000000000000000 ffffffff 00cf9300 DPL=0 DS   [-WA]
LDT=0000 0000000000000000 0000ffff 00008200 DPL=0 LDT
TR =0000 0000000000000000 0000ffff 00008b00 DPL=0 TSS64-busy
GDT=     00000000079de000 00000047
IDT=     00000000074fa018 00000fff
CR0=80010033 CR2=0000000000000000 CR3=0000000007c01000 CR4=00000668
DR0=0000000000000000 DR1=0000000000000000 DR2=0000000000000000 DR3=0000000000000000 
DR6=00000000ffff0ff0 DR7=0000000000000400
CCS=0000000000000004 CCD=0000000000000000 CCO=EFLAGS
EFER=0000000000000d00
   883: v=20 e=0000 i=0 cpl=0 IP=0038:0000000007052c07 pc=0000000007052c07 SP=0030:0000000007efba60 env->regs[R_EAX]=00000000070a906f
RAX=00000000070a906f RBX=0000000000000017 RCX=00000000070a9058 RDX=0000000007efbbf8
RSI=0000000000000018 RDI=0000000000000001 RBP=0000000000000000 RSP=0000000007efba60
R8 =0000000000000018 R9 =0000000000000000 R10=0000000007f19a4d R11=0000000007059f00
R12=00000000070a9058 R13=0000000007efbbf8 R14=0000000000000001 R15=0000000007efbc10
RIP=0000000007052c07 RFL=00000206 [-----P-] CPL=0 II=0 A20=1 SMM=0 HLT=0
ES =0030 0000000000000000 ffffffff 00cf9300 DPL=0 DS   [-WA]
CS =0038 0000000000000000 ffffffff 00af9a00 DPL=0 CS64 [-R-]
SS =0030 0000000000000000 ffffffff 00cf9300 DPL=0 DS   [-WA]
DS =0030 0000000000000000 ffffffff 00cf9300 DPL=0 DS   [-WA]
FS =0030 0000000000000000 ffffffff 00cf9300 DPL=0 DS   [-WA]
GS =0030 0000000000000000 ffffffff 00cf9300 DPL=0 DS   [-WA]
LDT=0000 0000000000000000 0000ffff 00008200 DPL=0 LDT
TR =0000 0000000000000000 0000ffff 00008b00 DPL=0 TSS64-busy
GDT=     00000000079de000 00000047
IDT=     00000000074fa018 00000fff
CR0=80010033 CR2=0000000000000000 CR3=0000000007c01000 CR4=00000668
DR0=0000000000000000 DR1=0000000000000000 DR2=0000000000000000 DR3=0000000000000000 
DR6=00000000ffff0ff0 DR7=0000000000000400
CCS=0000000000000004 CCD=0000000000000000 CCO=EFLAGS
EFER=0000000000000d00
   884: v=20 e=0000 i=0 cpl=0 IP=0038:0000000007052c07 pc=0000000007052c07 SP=0030:0000000007efba60 env->regs[R_EAX]=00000000070a906f
RAX=00000000070a906f RBX=0000000000000017 RCX=00000000070a9058 RDX=0000000007efbbf8
RSI=0000000000000018 RDI=0000000000000001 RBP=0000000000000000 RSP=0000000007efba60
R8 =0000000000000018 R9 =0000000000000000 R10=0000000007f19a4d R11=0000000007059f00
R12=00000000070a9058 R13=0000000007efbbf8 R14=0000000000000001 R15=0000000007efbc10
RIP=0000000007052c07 RFL=00000206 [-----P-] CPL=0 II=0 A20=1 SMM=0 HLT=0
ES =0030 0000000000000000 ffffffff 00cf9300 DPL=0 DS   [-WA]
CS =0038 0000000000000000 ffffffff 00af9a00 DPL=0 CS64 [-R-]
SS =0030 0000000000000000 ffffffff 00cf9300 DPL=0 DS   [-WA]
DS =0030 0000000000000000 ffffffff 00cf9300 DPL=0 DS   [-WA]
FS =0030 0000000000000000 ffffffff 00cf9300 DPL=0 DS   [-WA]
GS =0030 0000000000000000 ffffffff 00cf9300 DPL=0 DS   [-WA]
LDT=0000 0000000000000000 0000ffff 00008200 DPL=0 LDT
TR =0000 0000000000000000 0000ffff 00008b00 DPL=0 TSS64-busy
GDT=     00000000079de000 00000047
IDT=     00000000074fa018 00000fff
CR0=80010033 CR2=0000000000000000 CR3=0000000007c01000 CR4=00000668
DR0=0000000000000000 DR1=0000000000000000 DR2=0000000000000000 DR3=0000000000000000 
DR6=00000000ffff0ff0 DR7=0000000000000400
CCS=0000000000000004 CCD=0000000000000000 CCO=EFLAGS
EFER=0000000000000d00
   885: v=20 e=0000 i=0 cpl=0 IP=0038:0000000007052c07 pc=0000000007052c07 SP=0030:0000000007efba60 env->regs[R_EAX]=00000000070a906f
RAX=00000000070a906f RBX=0000000000000017 RCX=00000000070a9058 RDX=0000000007efbbf8
RSI=0000000000000018 RDI=0000000000000001 RBP=0000000000000000 RSP=0000000007efba60
R8 =0000000000000018 R9 =0000000000000000 R10=0000000007f19a4d R11=0000000007059f00
R12=00000000070a9058 R13=0000000007efbbf8 R14=0000000000000001 R15=0000000007efbc10
RIP=0000000007052c07 RFL=00000206 [-----P-] CPL=0 II=0 A20=1 SMM=0 HLT=0
ES =0030 0000000000000000 ffffffff 00cf9300 DPL=0 DS   [-WA]
CS =0038 0000000000000000 ffffffff 00af9a00 DPL=0 CS64 [-R-]
SS =0030 0000000000000000 ffffffff 00cf9300 DPL=0 DS   [-WA]
DS =0030 0000000000000000 ffffffff 00cf9300 DPL=0 DS   [-WA]
FS =0030 0000000000000000 ffffffff 00cf9300 DPL=0 DS   [-WA]
GS =0030 0000000000000000 ffffffff 00cf9300 DPL=0 DS   [-WA]
LDT=0000 0000000000000000 0000ffff 00008200 DPL=0 LDT
TR =0000 0000000000000000 0000ffff 00008b00 DPL=0 TSS64-busy
GDT=     00000000079de000 00000047
IDT=     00000000074fa018 00000fff
CR0=80010033 CR2=0000000000000000 CR3=0000000007c01000 CR4=00000668
DR0=0000000000000000 DR1=0000000000000000 DR2=0000000000000000 DR3=0000000000000000 
DR6=00000000ffff0ff0 DR7=0000000000000400
CCS=0000000000000004 CCD=0000000000000000 CCO=EFLAGS
EFER=0000000000000d00
   886: v=20 e=0000 i=0 cpl=0 IP=0038:0000000007052c07 pc=0000000007052c07 SP=0030:0000000007efba60 env->regs[R_EAX]=00000000070a906f
RAX=00000000070a906f RBX=0000000000000017 RCX=00000000070a9058 RDX=0000000007efbbf8
RSI=0000000000000018 RDI=0000000000000001 RBP=0000000000000000 RSP=0000000007efba60
R8 =0000000000000018 R9 =0000000000000000 R10=0000000007f19a4d R11=0000000007059f00
R12=00000000070a9058 R13=0000000007efbbf8 R14=0000000000000001 R15=0000000007efbc10
RIP=0000000007052c07 RFL=00000206 [-----P-] CPL=0 II=0 A20=1 SMM=0 HLT=0
ES =0030 0000000000000000 ffffffff 00cf9300 DPL=0 DS   [-WA]
CS =0038 0000000000000000 ffffffff 00af9a00 DPL=0 CS64 [-R-]
SS =0030 0000000000000000 ffffffff 00cf9300 DPL=0 DS   [-WA]
DS =0030 0000000000000000 ffffffff 00cf9300 DPL=0 DS   [-WA]
FS =0030 0000000000000000 ffffffff 00cf9300 DPL=0 DS   [-WA]
GS =0030 0000000000000000 ffffffff 00cf9300 DPL=0 DS   [-WA]
LDT=0000 0000000000000000 0000ffff 00008200 DPL=0 LDT
TR =0000 0000000000000000 0000ffff 00008b00 DPL=0 TSS64-busy
GDT=     00000000079de000 00000047
IDT=     00000000074fa018 00000fff
CR0=80010033 CR2=0000000000000000 CR3=0000000007c01000 CR4=00000668
DR0=0000000000000000 DR1=0000000000000000 DR2=0000000000000000 DR3=0000000000000000 
DR6=00000000ffff0ff0 DR7=0000000000000400
CCS=0000000000000004 CCD=0000000000000000 CCO=EFLAGS
EFER=0000000000000d00
   887: v=20 e=0000 i=0 cpl=0 IP=0038:0000000007052c07 pc=0000000007052c07 SP=0030:0000000007efba60 env->regs[R_EAX]=00000000070a906f
RAX=00000000070a906f RBX=0000000000000017 RCX=00000000070a9058 RDX=0000000007efbbf8
RSI=0000000000000018 RDI=0000000000000001 RBP=0000000000000000 RSP=0000000007efba60
R8 =0000000000000018 R9 =0000000000000000 R10=0000000007f19a4d R11=0000000007059f00
R12=00000000070a9058 R13=0000000007efbbf8 R14=0000000000000001 R15=0000000007efbc10
RIP=0000000007052c07 RFL=00000206 [-----P-] CPL=0 II=0 A20=1 SMM=0 HLT=0
ES =0030 0000000000000000 ffffffff 00cf9300 DPL=0 DS   [-WA]
CS =0038 0000000000000000 ffffffff 00af9a00 DPL=0 CS64 [-R-]
SS =0030 0000000000000000 ffffffff 00cf9300 DPL=0 DS   [-WA]
DS =0030 0000000000000000 ffffffff 00cf9300 DPL=0 DS   [-WA]
FS =0030 0000000000000000 ffffffff 00cf9300 DPL=0 DS   [-WA]
GS =0030 0000000000000000 ffffffff 00cf9300 DPL=0 DS   [-WA]
LDT=0000 0000000000000000 0000ffff 00008200 DPL=0 LDT
TR =0000 0000000000000000 0000ffff 00008b00 DPL=0 TSS64-busy
GDT=     00000000079de000 00000047
IDT=     00000000074fa018 00000fff
CR0=80010033 CR2=0000000000000000 CR3=0000000007c01000 CR4=00000668
DR0=0000000000000000 DR1=0000000000000000 DR2=0000000000000000 DR3=0000000000000000 
DR6=00000000ffff0ff0 DR7=0000000000000400
CCS=0000000000000004 CCD=0000000000000000 CCO=EFLAGS
EFER=0000000000000d00
   888: v=20 e=0000 i=0 cpl=0 IP=0038:0000000007052c07 pc=0000000007052c07 SP=0030:0000000007efba60 env->regs[R_EAX]=00000000070a906f
RAX=00000000070a906f RBX=0000000000000017 RCX=00000000070a9058 RDX=0000000007efbbf8
RSI=0000000000000018 RDI=0000000000000001 RBP=0000000000000000 RSP=0000000007efba60
R8 =0000000000000018 R9 =0000000000000000 R10=0000000007f19a4d R11=0000000007059f00
R12=00000000070a9058 R13=0000000007efbbf8 R14=0000000000000001 R15=0000000007efbc10
RIP=0000000007052c07 RFL=00000206 [-----P-] CPL=0 II=0 A20=1 SMM=0 HLT=0
ES =0030 0000000000000000 ffffffff 00cf9300 DPL=0 DS   [-WA]
CS =0038 0000000000000000 ffffffff 00af9a00 DPL=0 CS64 [-R-]
SS =0030 0000000000000000 ffffffff 00cf9300 DPL=0 DS   [-WA]
DS =0030 0000000000000000 ffffffff 00cf9300 DPL=0 DS   [-WA]
FS =0030 0000000000000000 ffffffff 00cf9300 DPL=0 DS   [-WA]
GS =0030 0000000000000000 ffffffff 00cf9300 DPL=0 DS   [-WA]
LDT=0000 0000000000000000 0000ffff 00008200 DPL=0 LDT
TR =0000 0000000000000000 0000ffff 00008b00 DPL=0 TSS64-busy
GDT=     00000000079de000 00000047
IDT=     00000000074fa018 00000fff
CR0=80010033 CR2=0000000000000000 CR3=0000000007c01000 CR4=00000668
DR0=0000000000000000 DR1=0000000000000000 DR2=0000000000000000 DR3=0000000000000000 
DR6=00000000ffff0ff0 DR7=0000000000000400
CCS=0000000000000004 CCD=0000000000000000 CCO=EFLAGS
EFER=0000000000000d00
   889: v=20 e=0000 i=0 cpl=0 IP=0038:0000000007052c07 pc=0000000007052c07 SP=0030:0000000007efba60 env->regs[R_EAX]=00000000070a906f
RAX=00000000070a906f RBX=0000000000000017 RCX=00000000070a9058 RDX=0000000007efbbf8
RSI=0000000000000018 RDI=0000000000000001 RBP=0000000000000000 RSP=0000000007efba60
R8 =0000000000000018 R9 =0000000000000000 R10=0000000007f19a4d R11=0000000007059f00
R12=00000000070a9058 R13=0000000007efbbf8 R14=0000000000000001 R15=0000000007efbc10
RIP=0000000007052c07 RFL=00000206 [-----P-] CPL=0 II=0 A20=1 SMM=0 HLT=0
ES =0030 0000000000000000 ffffffff 00cf9300 DPL=0 DS   [-WA]
CS =0038 0000000000000000 ffffffff 00af9a00 DPL=0 CS64 [-R-]
SS =0030 0000000000000000 ffffffff 00cf9300 DPL=0 DS   [-WA]
DS =0030 0000000000000000 ffffffff 00cf9300 DPL=0 DS   [-WA]
FS =0030 0000000000000000 ffffffff 00cf9300 DPL=0 DS   [-WA]
GS =0030 0000000000000000 ffffffff 00cf9300 DPL=0 DS   [-WA]
LDT=0000 0000000000000000 0000ffff 00008200 DPL=0 LDT
TR =0000 0000000000000000 0000ffff 00008b00 DPL=0 TSS64-busy
GDT=     00000000079de000 00000047
IDT=     00000000074fa018 00000fff
CR0=80010033 CR2=0000000000000000 CR3=0000000007c01000 CR4=00000668
DR0=0000000000000000 DR1=0000000000000000 DR2=0000000000000000 DR3=0000000000000000 
DR6=00000000ffff0ff0 DR7=0000000000000400
CCS=0000000000000004 CCD=0000000000000000 CCO=EFLAGS
EFER=0000000000000d00
   890: v=20 e=0000 i=0 cpl=0 IP=0038:0000000007052c07 pc=0000000007052c07 SP=0030:0000000007efba60 env->regs[R_EAX]=00000000070a906f
RAX=00000000070a906f RBX=0000000000000017 RCX=00000000070a9058 RDX=0000000007efbbf8
RSI=0000000000000018 RDI=0000000000000001 RBP=0000000000000000 RSP=0000000007efba60
R8 =0000000000000018 R9 =0000000000000000 R10=0000000007f19a4d R11=0000000007059f00
R12=00000000070a9058 R13=0000000007efbbf8 R14=0000000000000001 R15=0000000007efbc10
RIP=0000000007052c07 RFL=00000206 [-----P-] CPL=0 II=0 A20=1 SMM=0 HLT=0
ES =0030 0000000000000000 ffffffff 00cf9300 DPL=0 DS   [-WA]
CS =0038 0000000000000000 ffffffff 00af9a00 DPL=0 CS64 [-R-]
SS =0030 0000000000000000 ffffffff 00cf9300 DPL=0 DS   [-WA]
DS =0030 0000000000000000 ffffffff 00cf9300 DPL=0 DS   [-WA]
FS =0030 0000000000000000 ffffffff 00cf9300 DPL=0 DS   [-WA]
GS =0030 0000000000000000 ffffffff 00cf9300 DPL=0 DS   [-WA]
LDT=0000 0000000000000000 0000ffff 00008200 DPL=0 LDT
TR =0000 0000000000000000 0000ffff 00008b00 DPL=0 TSS64-busy
GDT=     00000000079de000 00000047
IDT=     00000000074fa018 00000fff
CR0=80010033 CR2=0000000000000000 CR3=0000000007c01000 CR4=00000668
DR0=0000000000000000 DR1=0000000000000000 DR2=0000000000000000 DR3=0000000000000000 
DR6=00000000ffff0ff0 DR7=0000000000000400
CCS=0000000000000004 CCD=0000000000000000 CCO=EFLAGS
EFER=0000000000000d00
   891: v=20 e=0000 i=0 cpl=0 IP=0038:0000000007052c07 pc=0000000007052c07 SP=0030:0000000007efba60 env->regs[R_EAX]=00000000070a906f
RAX=00000000070a906f RBX=0000000000000017 RCX=00000000070a9058 RDX=0000000007efbbf8
RSI=0000000000000018 RDI=0000000000000001 RBP=0000000000000000 RSP=0000000007efba60
R8 =0000000000000018 R9 =0000000000000000 R10=0000000007f19a4d R11=0000000007059f00
R12=00000000070a9058 R13=0000000007efbbf8 R14=0000000000000001 R15=0000000007efbc10
RIP=0000000007052c07 RFL=00000206 [-----P-] CPL=0 II=0 A20=1 SMM=0 HLT=0
ES =0030 0000000000000000 ffffffff 00cf9300 DPL=0 DS   [-WA]
CS =0038 0000000000000000 ffffffff 00af9a00 DPL=0 CS64 [-R-]
SS =0030 0000000000000000 ffffffff 00cf9300 DPL=0 DS   [-WA]
DS =0030 0000000000000000 ffffffff 00cf9300 DPL=0 DS   [-WA]
FS =0030 0000000000000000 ffffffff 00cf9300 DPL=0 DS   [-WA]
GS =0030 0000000000000000 ffffffff 00cf9300 DPL=0 DS   [-WA]
LDT=0000 0000000000000000 0000ffff 00008200 DPL=0 LDT
TR =0000 0000000000000000 0000ffff 00008b00 DPL=0 TSS64-busy
GDT=     00000000079de000 00000047
IDT=     00000000074fa018 00000fff
CR0=80010033 CR2=0000000000000000 CR3=0000000007c01000 CR4=00000668
DR0=0000000000000000 DR1=0000000000000000 DR2=0000000000000000 DR3=0000000000000000 
DR6=00000000ffff0ff0 DR7=0000000000000400
CCS=0000000000000004 CCD=0000000000000000 CCO=EFLAGS
EFER=0000000000000d00
   892: v=20 e=0000 i=0 cpl=0 IP=0038:0000000007052c07 pc=0000000007052c07 SP=0030:0000000007efba60 env->regs[R_EAX]=00000000070a906f
RAX=00000000070a906f RBX=0000000000000017 RCX=00000000070a9058 RDX=0000000007efbbf8
RSI=0000000000000018 RDI=0000000000000001 RBP=0000000000000000 RSP=0000000007efba60
R8 =0000000000000018 R9 =0000000000000000 R10=0000000007f19a4d R11=0000000007059f00
R12=00000000070a9058 R13=0000000007efbbf8 R14=0000000000000001 R15=0000000007efbc10
RIP=0000000007052c07 RFL=00000206 [-----P-] CPL=0 II=0 A20=1 SMM=0 HLT=0
ES =0030 0000000000000000 ffffffff 00cf9300 DPL=0 DS   [-WA]
CS =0038 0000000000000000 ffffffff 00af9a00 DPL=0 CS64 [-R-]
SS =0030 0000000000000000 ffffffff 00cf9300 DPL=0 DS   [-WA]
DS =0030 0000000000000000 ffffffff 00cf9300 DPL=0 DS   [-WA]
FS =0030 0000000000000000 ffffffff 00cf9300 DPL=0 DS   [-WA]
GS =0030 0000000000000000 ffffffff 00cf9300 DPL=0 DS   [-WA]
LDT=0000 0000000000000000 0000ffff 00008200 DPL=0 LDT
TR =0000 0000000000000000 0000ffff 00008b00 DPL=0 TSS64-busy
GDT=     00000000079de000 00000047
IDT=     00000000074fa018 00000fff
CR0=80010033 CR2=0000000000000000 CR3=0000000007c01000 CR4=00000668
DR0=0000000000000000 DR1=0000000000000000 DR2=0000000000000000 DR3=0000000000000000 
DR6=00000000ffff0ff0 DR7=0000000000000400
CCS=0000000000000004 CCD=0000000000000000 CCO=EFLAGS
EFER=0000000000000d00
   893: v=20 e=0000 i=0 cpl=0 IP=0038:0000000007052c07 pc=0000000007052c07 SP=0030:0000000007efba60 env->regs[R_EAX]=00000000070a906f
RAX=00000000070a906f RBX=0000000000000017 RCX=00000000070a9058 RDX=0000000007efbbf8
RSI=0000000000000018 RDI=0000000000000001 RBP=0000000000000000 RSP=0000000007efba60
R8 =0000000000000018 R9 =0000000000000000 R10=0000000007f19a4d R11=0000000007059f00
R12=00000000070a9058 R13=0000000007efbbf8 R14=0000000000000001 R15=0000000007efbc10
RIP=0000000007052c07 RFL=00000206 [-----P-] CPL=0 II=0 A20=1 SMM=0 HLT=0
ES =0030 0000000000000000 ffffffff 00cf9300 DPL=0 DS   [-WA]
CS =0038 0000000000000000 ffffffff 00af9a00 DPL=0 CS64 [-R-]
SS =0030 0000000000000000 ffffffff 00cf9300 DPL=0 DS   [-WA]
DS =0030 0000000000000000 ffffffff 00cf9300 DPL=0 DS   [-WA]
FS =0030 0000000000000000 ffffffff 00cf9300 DPL=0 DS   [-WA]
GS =0030 0000000000000000 ffffffff 00cf9300 DPL=0 DS   [-WA]
LDT=0000 0000000000000000 0000ffff 00008200 DPL=0 LDT
TR =0000 0000000000000000 0000ffff 00008b00 DPL=0 TSS64-busy
GDT=     00000000079de000 00000047
IDT=     00000000074fa018 00000fff
CR0=80010033 CR2=0000000000000000 CR3=0000000007c01000 CR4=00000668
DR0=0000000000000000 DR1=0000000000000000 DR2=0000000000000000 DR3=0000000000000000 
DR6=00000000ffff0ff0 DR7=0000000000000400
CCS=0000000000000004 CCD=0000000000000000 CCO=EFLAGS
EFER=0000000000000d00
   894: v=20 e=0000 i=0 cpl=0 IP=0038:0000000007052c07 pc=0000000007052c07 SP=0030:0000000007efba60 env->regs[R_EAX]=00000000070a906f
RAX=00000000070a906f RBX=0000000000000017 RCX=00000000070a9058 RDX=0000000007efbbf8
RSI=0000000000000018 RDI=0000000000000001 RBP=0000000000000000 RSP=0000000007efba60
R8 =0000000000000018 R9 =0000000000000000 R10=0000000007f19a4d R11=0000000007059f00
R12=00000000070a9058 R13=0000000007efbbf8 R14=0000000000000001 R15=0000000007efbc10
RIP=0000000007052c07 RFL=00000206 [-----P-] CPL=0 II=0 A20=1 SMM=0 HLT=0
ES =0030 0000000000000000 ffffffff 00cf9300 DPL=0 DS   [-WA]
CS =0038 0000000000000000 ffffffff 00af9a00 DPL=0 CS64 [-R-]
SS =0030 0000000000000000 ffffffff 00cf9300 DPL=0 DS   [-WA]
DS =0030 0000000000000000 ffffffff 00cf9300 DPL=0 DS   [-WA]
FS =0030 0000000000000000 ffffffff 00cf9300 DPL=0 DS   [-WA]
GS =0030 0000000000000000 ffffffff 00cf9300 DPL=0 DS   [-WA]
LDT=0000 0000000000000000 0000ffff 00008200 DPL=0 LDT
TR =0000 0000000000000000 0000ffff 00008b00 DPL=0 TSS64-busy
GDT=     00000000079de000 00000047
IDT=     00000000074fa018 00000fff
CR0=80010033 CR2=0000000000000000 CR3=0000000007c01000 CR4=00000668
DR0=0000000000000000 DR1=0000000000000000 DR2=0000000000000000 DR3=0000000000000000 
DR6=00000000ffff0ff0 DR7=0000000000000400
CCS=0000000000000004 CCD=0000000000000000 CCO=EFLAGS
EFER=0000000000000d00
   895: v=20 e=0000 i=0 cpl=0 IP=0038:0000000007052c07 pc=0000000007052c07 SP=0030:0000000007efba60 env->regs[R_EAX]=00000000070a906f
RAX=00000000070a906f RBX=0000000000000017 RCX=00000000070a9058 RDX=0000000007efbbf8
RSI=0000000000000018 RDI=0000000000000001 RBP=0000000000000000 RSP=0000000007efba60
R8 =0000000000000018 R9 =0000000000000000 R10=0000000007f19a4d R11=0000000007059f00
R12=00000000070a9058 R13=0000000007efbbf8 R14=0000000000000001 R15=0000000007efbc10
RIP=0000000007052c07 RFL=00000206 [-----P-] CPL=0 II=0 A20=1 SMM=0 HLT=0
ES =0030 0000000000000000 ffffffff 00cf9300 DPL=0 DS   [-WA]
CS =0038 0000000000000000 ffffffff 00af9a00 DPL=0 CS64 [-R-]
SS =0030 0000000000000000 ffffffff 00cf9300 DPL=0 DS   [-WA]
DS =0030 0000000000000000 ffffffff 00cf9300 DPL=0 DS   [-WA]
FS =0030 0000000000000000 ffffffff 00cf9300 DPL=0 DS   [-WA]
GS =0030 0000000000000000 ffffffff 00cf9300 DPL=0 DS   [-WA]
LDT=0000 0000000000000000 0000ffff 00008200 DPL=0 LDT
TR =0000 0000000000000000 0000ffff 00008b00 DPL=0 TSS64-busy
GDT=     00000000079de000 00000047
IDT=     00000000074fa018 00000fff
CR0=80010033 CR2=0000000000000000 CR3=0000000007c01000 CR4=00000668
DR0=0000000000000000 DR1=0000000000000000 DR2=0000000000000000 DR3=0000000000000000 
DR6=00000000ffff0ff0 DR7=0000000000000400
CCS=0000000000000004 CCD=0000000000000000 CCO=EFLAGS
EFER=0000000000000d00
   896: v=20 e=0000 i=0 cpl=0 IP=0038:0000000007052c07 pc=0000000007052c07 SP=0030:0000000007efba60 env->regs[R_EAX]=00000000070a906f
RAX=00000000070a906f RBX=0000000000000017 RCX=00000000070a9058 RDX=0000000007efbbf8
RSI=0000000000000018 RDI=0000000000000001 RBP=0000000000000000 RSP=0000000007efba60
R8 =0000000000000018 R9 =0000000000000000 R10=0000000007f19a4d R11=0000000007059f00
R12=00000000070a9058 R13=0000000007efbbf8 R14=0000000000000001 R15=0000000007efbc10
RIP=0000000007052c07 RFL=00000206 [-----P-] CPL=0 II=0 A20=1 SMM=0 HLT=0
ES =0030 0000000000000000 ffffffff 00cf9300 DPL=0 DS   [-WA]
CS =0038 0000000000000000 ffffffff 00af9a00 DPL=0 CS64 [-R-]
SS =0030 0000000000000000 ffffffff 00cf9300 DPL=0 DS   [-WA]
DS =0030 0000000000000000 ffffffff 00cf9300 DPL=0 DS   [-WA]
FS =0030 0000000000000000 ffffffff 00cf9300 DPL=0 DS   [-WA]
GS =0030 0000000000000000 ffffffff 00cf9300 DPL=0 DS   [-WA]
LDT=0000 0000000000000000 0000ffff 00008200 DPL=0 LDT
TR =0000 0000000000000000 0000ffff 00008b00 DPL=0 TSS64-busy
GDT=     00000000079de000 00000047
IDT=     00000000074fa018 00000fff
CR0=80010033 CR2=0000000000000000 CR3=0000000007c01000 CR4=00000668
DR0=0000000000000000 DR1=0000000000000000 DR2=0000000000000000 DR3=0000000000000000 
DR6=00000000ffff0ff0 DR7=0000000000000400
CCS=0000000000000004 CCD=0000000000000000 CCO=EFLAGS
EFER=0000000000000d00
   897: v=20 e=0000 i=0 cpl=0 IP=0038:0000000007052c07 pc=0000000007052c07 SP=0030:0000000007efba60 env->regs[R_EAX]=00000000070a906f
RAX=00000000070a906f RBX=0000000000000017 RCX=00000000070a9058 RDX=0000000007efbbf8
RSI=0000000000000018 RDI=0000000000000001 RBP=0000000000000000 RSP=0000000007efba60
R8 =0000000000000018 R9 =0000000000000000 R10=0000000007f19a4d R11=0000000007059f00
R12=00000000070a9058 R13=0000000007efbbf8 R14=0000000000000001 R15=0000000007efbc10
RIP=0000000007052c07 RFL=00000206 [-----P-] CPL=0 II=0 A20=1 SMM=0 HLT=0
ES =0030 0000000000000000 ffffffff 00cf9300 DPL=0 DS   [-WA]
CS =0038 0000000000000000 ffffffff 00af9a00 DPL=0 CS64 [-R-]
SS =0030 0000000000000000 ffffffff 00cf9300 DPL=0 DS   [-WA]
DS =0030 0000000000000000 ffffffff 00cf9300 DPL=0 DS   [-WA]
FS =0030 0000000000000000 ffffffff 00cf9300 DPL=0 DS   [-WA]
GS =0030 0000000000000000 ffffffff 00cf9300 DPL=0 DS   [-WA]
LDT=0000 0000000000000000 0000ffff 00008200 DPL=0 LDT
TR =0000 0000000000000000 0000ffff 00008b00 DPL=0 TSS64-busy
GDT=     00000000079de000 00000047
IDT=     00000000074fa018 00000fff
CR0=80010033 CR2=0000000000000000 CR3=0000000007c01000 CR4=00000668
DR0=0000000000000000 DR1=0000000000000000 DR2=0000000000000000 DR3=0000000000000000 
DR6=00000000ffff0ff0 DR7=0000000000000400
CCS=0000000000000004 CCD=0000000000000000 CCO=EFLAGS
EFER=0000000000000d00
   898: v=20 e=0000 i=0 cpl=0 IP=0038:0000000007052c07 pc=0000000007052c07 SP=0030:0000000007efba60 env->regs[R_EAX]=00000000070a906f
RAX=00000000070a906f RBX=0000000000000017 RCX=00000000070a9058 RDX=0000000007efbbf8
RSI=0000000000000018 RDI=0000000000000001 RBP=0000000000000000 RSP=0000000007efba60
R8 =0000000000000018 R9 =0000000000000000 R10=0000000007f19a4d R11=0000000007059f00
R12=00000000070a9058 R13=0000000007efbbf8 R14=0000000000000001 R15=0000000007efbc10
RIP=0000000007052c07 RFL=00000206 [-----P-] CPL=0 II=0 A20=1 SMM=0 HLT=0
ES =0030 0000000000000000 ffffffff 00cf9300 DPL=0 DS   [-WA]
CS =0038 0000000000000000 ffffffff 00af9a00 DPL=0 CS64 [-R-]
SS =0030 0000000000000000 ffffffff 00cf9300 DPL=0 DS   [-WA]
DS =0030 0000000000000000 ffffffff 00cf9300 DPL=0 DS   [-WA]
FS =0030 0000000000000000 ffffffff 00cf9300 DPL=0 DS   [-WA]
GS =0030 0000000000000000 ffffffff 00cf9300 DPL=0 DS   [-WA]
LDT=0000 0000000000000000 0000ffff 00008200 DPL=0 LDT
TR =0000 0000000000000000 0000ffff 00008b00 DPL=0 TSS64-busy
GDT=     00000000079de000 00000047
IDT=     00000000074fa018 00000fff
CR0=80010033 CR2=0000000000000000 CR3=0000000007c01000 CR4=00000668
DR0=0000000000000000 DR1=0000000000000000 DR2=0000000000000000 DR3=0000000000000000 
DR6=00000000ffff0ff0 DR7=0000000000000400
CCS=0000000000000004 CCD=0000000000000000 CCO=EFLAGS
EFER=0000000000000d00
   899: v=20 e=0000 i=0 cpl=0 IP=0038:0000000007052c07 pc=0000000007052c07 SP=0030:0000000007efba60 env->regs[R_EAX]=00000000070a906f
RAX=00000000070a906f RBX=0000000000000017 RCX=00000000070a9058 RDX=0000000007efbbf8
RSI=0000000000000018 RDI=0000000000000001 RBP=0000000000000000 RSP=0000000007efba60
R8 =0000000000000018 R9 =0000000000000000 R10=0000000007f19a4d R11=0000000007059f00
R12=00000000070a9058 R13=0000000007efbbf8 R14=0000000000000001 R15=0000000007efbc10
RIP=0000000007052c07 RFL=00000206 [-----P-] CPL=0 II=0 A20=1 SMM=0 HLT=0
ES =0030 0000000000000000 ffffffff 00cf9300 DPL=0 DS   [-WA]
CS =0038 0000000000000000 ffffffff 00af9a00 DPL=0 CS64 [-R-]
SS =0030 0000000000000000 ffffffff 00cf9300 DPL=0 DS   [-WA]
DS =0030 0000000000000000 ffffffff 00cf9300 DPL=0 DS   [-WA]
FS =0030 0000000000000000 ffffffff 00cf9300 DPL=0 DS   [-WA]
GS =0030 0000000000000000 ffffffff 00cf9300 DPL=0 DS   [-WA]
LDT=0000 0000000000000000 0000ffff 00008200 DPL=0 LDT
TR =0000 0000000000000000 0000ffff 00008b00 DPL=0 TSS64-busy
GDT=     00000000079de000 00000047
IDT=     00000000074fa018 00000fff
CR0=80010033 CR2=0000000000000000 CR3=0000000007c01000 CR4=00000668
DR0=0000000000000000 DR1=0000000000000000 DR2=0000000000000000 DR3=0000000000000000 
DR6=00000000ffff0ff0 DR7=0000000000000400
CCS=0000000000000004 CCD=0000000000000000 CCO=EFLAGS
EFER=0000000000000d00
   900: v=20 e=0000 i=0 cpl=0 IP=0038:0000000007052c07 pc=0000000007052c07 SP=0030:0000000007efba60 env->regs[R_EAX]=00000000070a906f
RAX=00000000070a906f RBX=0000000000000017 RCX=00000000070a9058 RDX=0000000007efbbf8
RSI=0000000000000018 RDI=0000000000000001 RBP=0000000000000000 RSP=0000000007efba60
R8 =0000000000000018 R9 =0000000000000000 R10=0000000007f19a4d R11=0000000007059f00
R12=00000000070a9058 R13=0000000007efbbf8 R14=0000000000000001 R15=0000000007efbc10
RIP=0000000007052c07 RFL=00000206 [-----P-] CPL=0 II=0 A20=1 SMM=0 HLT=0
ES =0030 0000000000000000 ffffffff 00cf9300 DPL=0 DS   [-WA]
CS =0038 0000000000000000 ffffffff 00af9a00 DPL=0 CS64 [-R-]
SS =0030 0000000000000000 ffffffff 00cf9300 DPL=0 DS   [-WA]
DS =0030 0000000000000000 ffffffff 00cf9300 DPL=0 DS   [-WA]
FS =0030 0000000000000000 ffffffff 00cf9300 DPL=0 DS   [-WA]
GS =0030 0000000000000000 ffffffff 00cf9300 DPL=0 DS   [-WA]
LDT=0000 0000000000000000 0000ffff 00008200 DPL=0 LDT
TR =0000 0000000000000000 0000ffff 00008b00 DPL=0 TSS64-busy
GDT=     00000000079de000 00000047
IDT=     00000000074fa018 00000fff
CR0=80010033 CR2=0000000000000000 CR3=0000000007c01000 CR4=00000668
DR0=0000000000000000 DR1=0000000000000000 DR2=0000000000000000 DR3=0000000000000000 
DR6=00000000ffff0ff0 DR7=0000000000000400
CCS=0000000000000004 CCD=0000000000000000 CCO=EFLAGS
EFER=0000000000000d00
   901: v=20 e=0000 i=0 cpl=0 IP=0038:0000000007052c07 pc=0000000007052c07 SP=0030:0000000007efba60 env->regs[R_EAX]=00000000070a906f
RAX=00000000070a906f RBX=0000000000000017 RCX=00000000070a9058 RDX=0000000007efbbf8
RSI=0000000000000018 RDI=0000000000000001 RBP=0000000000000000 RSP=0000000007efba60
R8 =0000000000000018 R9 =0000000000000000 R10=0000000007f19a4d R11=0000000007059f00
R12=00000000070a9058 R13=0000000007efbbf8 R14=0000000000000001 R15=0000000007efbc10
RIP=0000000007052c07 RFL=00000206 [-----P-] CPL=0 II=0 A20=1 SMM=0 HLT=0
ES =0030 0000000000000000 ffffffff 00cf9300 DPL=0 DS   [-WA]
CS =0038 0000000000000000 ffffffff 00af9a00 DPL=0 CS64 [-R-]
SS =0030 0000000000000000 ffffffff 00cf9300 DPL=0 DS   [-WA]
DS =0030 0000000000000000 ffffffff 00cf9300 DPL=0 DS   [-WA]
FS =0030 0000000000000000 ffffffff 00cf9300 DPL=0 DS   [-WA]
GS =0030 0000000000000000 ffffffff 00cf9300 DPL=0 DS   [-WA]
LDT=0000 0000000000000000 0000ffff 00008200 DPL=0 LDT
TR =0000 0000000000000000 0000ffff 00008b00 DPL=0 TSS64-busy
GDT=     00000000079de000 00000047
IDT=     00000000074fa018 00000fff
CR0=80010033 CR2=0000000000000000 CR3=0000000007c01000 CR4=00000668
DR0=0000000000000000 DR1=0000000000000000 DR2=0000000000000000 DR3=0000000000000000 
DR6=00000000ffff0ff0 DR7=0000000000000400
CCS=0000000000000004 CCD=0000000000000000 CCO=EFLAGS
EFER=0000000000000d00
   902: v=20 e=0000 i=0 cpl=0 IP=0038:0000000007052c07 pc=0000000007052c07 SP=0030:0000000007efba60 env->regs[R_EAX]=00000000070a906f
RAX=00000000070a906f RBX=0000000000000017 RCX=00000000070a9058 RDX=0000000007efbbf8
RSI=0000000000000018 RDI=0000000000000001 RBP=0000000000000000 RSP=0000000007efba60
R8 =0000000000000018 R9 =0000000000000000 R10=0000000007f19a4d R11=0000000007059f00
R12=00000000070a9058 R13=0000000007efbbf8 R14=0000000000000001 R15=0000000007efbc10
RIP=0000000007052c07 RFL=00000206 [-----P-] CPL=0 II=0 A20=1 SMM=0 HLT=0
ES =0030 0000000000000000 ffffffff 00cf9300 DPL=0 DS   [-WA]
CS =0038 0000000000000000 ffffffff 00af9a00 DPL=0 CS64 [-R-]
SS =0030 0000000000000000 ffffffff 00cf9300 DPL=0 DS   [-WA]
DS =0030 0000000000000000 ffffffff 00cf9300 DPL=0 DS   [-WA]
FS =0030 0000000000000000 ffffffff 00cf9300 DPL=0 DS   [-WA]
GS =0030 0000000000000000 ffffffff 00cf9300 DPL=0 DS   [-WA]
LDT=0000 0000000000000000 0000ffff 00008200 DPL=0 LDT
TR =0000 0000000000000000 0000ffff 00008b00 DPL=0 TSS64-busy
GDT=     00000000079de000 00000047
IDT=     00000000074fa018 00000fff
CR0=80010033 CR2=0000000000000000 CR3=0000000007c01000 CR4=00000668
DR0=0000000000000000 DR1=0000000000000000 DR2=0000000000000000 DR3=0000000000000000 
DR6=00000000ffff0ff0 DR7=0000000000000400
CCS=0000000000000004 CCD=0000000000000000 CCO=EFLAGS
EFER=0000000000000d00
   903: v=20 e=0000 i=0 cpl=0 IP=0038:0000000007052c07 pc=0000000007052c07 SP=0030:0000000007efba60 env->regs[R_EAX]=00000000070a906f
RAX=00000000070a906f RBX=0000000000000017 RCX=00000000070a9058 RDX=0000000007efbbf8
RSI=0000000000000018 RDI=0000000000000001 RBP=0000000000000000 RSP=0000000007efba60
R8 =0000000000000018 R9 =0000000000000000 R10=0000000007f19a4d R11=0000000007059f00
R12=00000000070a9058 R13=0000000007efbbf8 R14=0000000000000001 R15=0000000007efbc10
RIP=0000000007052c07 RFL=00000206 [-----P-] CPL=0 II=0 A20=1 SMM=0 HLT=0
ES =0030 0000000000000000 ffffffff 00cf9300 DPL=0 DS   [-WA]
CS =0038 0000000000000000 ffffffff 00af9a00 DPL=0 CS64 [-R-]
SS =0030 0000000000000000 ffffffff 00cf9300 DPL=0 DS   [-WA]
DS =0030 0000000000000000 ffffffff 00cf9300 DPL=0 DS   [-WA]
FS =0030 0000000000000000 ffffffff 00cf9300 DPL=0 DS   [-WA]
GS =0030 0000000000000000 ffffffff 00cf9300 DPL=0 DS   [-WA]
LDT=0000 0000000000000000 0000ffff 00008200 DPL=0 LDT
TR =0000 0000000000000000 0000ffff 00008b00 DPL=0 TSS64-busy
GDT=     00000000079de000 00000047
IDT=     00000000074fa018 00000fff
CR0=80010033 CR2=0000000000000000 CR3=0000000007c01000 CR4=00000668
DR0=0000000000000000 DR1=0000000000000000 DR2=0000000000000000 DR3=0000000000000000 
DR6=00000000ffff0ff0 DR7=0000000000000400
CCS=0000000000000004 CCD=0000000000000000 CCO=EFLAGS
EFER=0000000000000d00
   904: v=20 e=0000 i=0 cpl=0 IP=0038:0000000007052c07 pc=0000000007052c07 SP=0030:0000000007efba60 env->regs[R_EAX]=00000000070a906f
RAX=00000000070a906f RBX=0000000000000017 RCX=00000000070a9058 RDX=0000000007efbbf8
RSI=0000000000000018 RDI=0000000000000001 RBP=0000000000000000 RSP=0000000007efba60
R8 =0000000000000018 R9 =0000000000000000 R10=0000000007f19a4d R11=0000000007059f00
R12=00000000070a9058 R13=0000000007efbbf8 R14=0000000000000001 R15=0000000007efbc10
RIP=0000000007052c07 RFL=00000206 [-----P-] CPL=0 II=0 A20=1 SMM=0 HLT=0
ES =0030 0000000000000000 ffffffff 00cf9300 DPL=0 DS   [-WA]
CS =0038 0000000000000000 ffffffff 00af9a00 DPL=0 CS64 [-R-]
SS =0030 0000000000000000 ffffffff 00cf9300 DPL=0 DS   [-WA]
DS =0030 0000000000000000 ffffffff 00cf9300 DPL=0 DS   [-WA]
FS =0030 0000000000000000 ffffffff 00cf9300 DPL=0 DS   [-WA]
GS =0030 0000000000000000 ffffffff 00cf9300 DPL=0 DS   [-WA]
LDT=0000 0000000000000000 0000ffff 00008200 DPL=0 LDT
TR =0000 0000000000000000 0000ffff 00008b00 DPL=0 TSS64-busy
GDT=     00000000079de000 00000047
IDT=     00000000074fa018 00000fff
CR0=80010033 CR2=0000000000000000 CR3=0000000007c01000 CR4=00000668
DR0=0000000000000000 DR1=0000000000000000 DR2=0000000000000000 DR3=0000000000000000 
DR6=00000000ffff0ff0 DR7=0000000000000400
CCS=0000000000000004 CCD=0000000000000000 CCO=EFLAGS
EFER=0000000000000d00
   905: v=20 e=0000 i=0 cpl=0 IP=0038:0000000007052c07 pc=0000000007052c07 SP=0030:0000000007efba60 env->regs[R_EAX]=00000000070a906f
RAX=00000000070a906f RBX=0000000000000017 RCX=00000000070a9058 RDX=0000000007efbbf8
RSI=0000000000000018 RDI=0000000000000001 RBP=0000000000000000 RSP=0000000007efba60
R8 =0000000000000018 R9 =0000000000000000 R10=0000000007f19a4d R11=0000000007059f00
R12=00000000070a9058 R13=0000000007efbbf8 R14=0000000000000001 R15=0000000007efbc10
RIP=0000000007052c07 RFL=00000206 [-----P-] CPL=0 II=0 A20=1 SMM=0 HLT=0
ES =0030 0000000000000000 ffffffff 00cf9300 DPL=0 DS   [-WA]
CS =0038 0000000000000000 ffffffff 00af9a00 DPL=0 CS64 [-R-]
SS =0030 0000000000000000 ffffffff 00cf9300 DPL=0 DS   [-WA]
DS =0030 0000000000000000 ffffffff 00cf9300 DPL=0 DS   [-WA]
FS =0030 0000000000000000 ffffffff 00cf9300 DPL=0 DS   [-WA]
GS =0030 0000000000000000 ffffffff 00cf9300 DPL=0 DS   [-WA]
LDT=0000 0000000000000000 0000ffff 00008200 DPL=0 LDT
TR =0000 0000000000000000 0000ffff 00008b00 DPL=0 TSS64-busy
GDT=     00000000079de000 00000047
IDT=     00000000074fa018 00000fff
CR0=80010033 CR2=0000000000000000 CR3=0000000007c01000 CR4=00000668
DR0=0000000000000000 DR1=0000000000000000 DR2=0000000000000000 DR3=0000000000000000 
DR6=00000000ffff0ff0 DR7=0000000000000400
CCS=0000000000000004 CCD=0000000000000000 CCO=EFLAGS
EFER=0000000000000d00
   906: v=20 e=0000 i=0 cpl=0 IP=0038:0000000007052c07 pc=0000000007052c07 SP=0030:0000000007efba60 env->regs[R_EAX]=00000000070a906f
RAX=00000000070a906f RBX=0000000000000017 RCX=00000000070a9058 RDX=0000000007efbbf8
RSI=0000000000000018 RDI=0000000000000001 RBP=0000000000000000 RSP=0000000007efba60
R8 =0000000000000018 R9 =0000000000000000 R10=0000000007f19a4d R11=0000000007059f00
R12=00000000070a9058 R13=0000000007efbbf8 R14=0000000000000001 R15=0000000007efbc10
RIP=0000000007052c07 RFL=00000206 [-----P-] CPL=0 II=0 A20=1 SMM=0 HLT=0
ES =0030 0000000000000000 ffffffff 00cf9300 DPL=0 DS   [-WA]
CS =0038 0000000000000000 ffffffff 00af9a00 DPL=0 CS64 [-R-]
SS =0030 0000000000000000 ffffffff 00cf9300 DPL=0 DS   [-WA]
DS =0030 0000000000000000 ffffffff 00cf9300 DPL=0 DS   [-WA]
FS =0030 0000000000000000 ffffffff 00cf9300 DPL=0 DS   [-WA]
GS =0030 0000000000000000 ffffffff 00cf9300 DPL=0 DS   [-WA]
LDT=0000 0000000000000000 0000ffff 00008200 DPL=0 LDT
TR =0000 0000000000000000 0000ffff 00008b00 DPL=0 TSS64-busy
GDT=     00000000079de000 00000047
IDT=     00000000074fa018 00000fff
CR0=80010033 CR2=0000000000000000 CR3=0000000007c01000 CR4=00000668
DR0=0000000000000000 DR1=0000000000000000 DR2=0000000000000000 DR3=0000000000000000 
DR6=00000000ffff0ff0 DR7=0000000000000400
CCS=0000000000000004 CCD=0000000000000000 CCO=EFLAGS
EFER=0000000000000d00
   907: v=20 e=0000 i=0 cpl=0 IP=0038:0000000007052c07 pc=0000000007052c07 SP=0030:0000000007efba60 env->regs[R_EAX]=00000000070a906f
RAX=00000000070a906f RBX=0000000000000017 RCX=00000000070a9058 RDX=0000000007efbbf8
RSI=0000000000000018 RDI=0000000000000001 RBP=0000000000000000 RSP=0000000007efba60
R8 =0000000000000018 R9 =0000000000000000 R10=0000000007f19a4d R11=0000000007059f00
R12=00000000070a9058 R13=0000000007efbbf8 R14=0000000000000001 R15=0000000007efbc10
RIP=0000000007052c07 RFL=00000206 [-----P-] CPL=0 II=0 A20=1 SMM=0 HLT=0
ES =0030 0000000000000000 ffffffff 00cf9300 DPL=0 DS   [-WA]
CS =0038 0000000000000000 ffffffff 00af9a00 DPL=0 CS64 [-R-]
SS =0030 0000000000000000 ffffffff 00cf9300 DPL=0 DS   [-WA]
DS =0030 0000000000000000 ffffffff 00cf9300 DPL=0 DS   [-WA]
FS =0030 0000000000000000 ffffffff 00cf9300 DPL=0 DS   [-WA]
GS =0030 0000000000000000 ffffffff 00cf9300 DPL=0 DS   [-WA]
LDT=0000 0000000000000000 0000ffff 00008200 DPL=0 LDT
TR =0000 0000000000000000 0000ffff 00008b00 DPL=0 TSS64-busy
GDT=     00000000079de000 00000047
IDT=     00000000074fa018 00000fff
CR0=80010033 CR2=0000000000000000 CR3=0000000007c01000 CR4=00000668
DR0=0000000000000000 DR1=0000000000000000 DR2=0000000000000000 DR3=0000000000000000 
DR6=00000000ffff0ff0 DR7=0000000000000400
CCS=0000000000000004 CCD=0000000000000000 CCO=EFLAGS
EFER=0000000000000d00
   908: v=20 e=0000 i=0 cpl=0 IP=0038:0000000007052c07 pc=0000000007052c07 SP=0030:0000000007efba60 env->regs[R_EAX]=00000000070a906f
RAX=00000000070a906f RBX=0000000000000017 RCX=00000000070a9058 RDX=0000000007efbbf8
RSI=0000000000000018 RDI=0000000000000001 RBP=0000000000000000 RSP=0000000007efba60
R8 =0000000000000018 R9 =0000000000000000 R10=0000000007f19a4d R11=0000000007059f00
R12=00000000070a9058 R13=0000000007efbbf8 R14=0000000000000001 R15=0000000007efbc10
RIP=0000000007052c07 RFL=00000206 [-----P-] CPL=0 II=0 A20=1 SMM=0 HLT=0
ES =0030 0000000000000000 ffffffff 00cf9300 DPL=0 DS   [-WA]
CS =0038 0000000000000000 ffffffff 00af9a00 DPL=0 CS64 [-R-]
SS =0030 0000000000000000 ffffffff 00cf9300 DPL=0 DS   [-WA]
DS =0030 0000000000000000 ffffffff 00cf9300 DPL=0 DS   [-WA]
FS =0030 0000000000000000 ffffffff 00cf9300 DPL=0 DS   [-WA]
GS =0030 0000000000000000 ffffffff 00cf9300 DPL=0 DS   [-WA]
LDT=0000 0000000000000000 0000ffff 00008200 DPL=0 LDT
TR =0000 0000000000000000 0000ffff 00008b00 DPL=0 TSS64-busy
GDT=     00000000079de000 00000047
IDT=     00000000074fa018 00000fff
CR0=80010033 CR2=0000000000000000 CR3=0000000007c01000 CR4=00000668
DR0=0000000000000000 DR1=0000000000000000 DR2=0000000000000000 DR3=0000000000000000 
DR6=00000000ffff0ff0 DR7=0000000000000400
CCS=0000000000000004 CCD=0000000000000000 CCO=EFLAGS
EFER=0000000000000d00
   909: v=20 e=0000 i=0 cpl=0 IP=0038:0000000007052c07 pc=0000000007052c07 SP=0030:0000000007efba60 env->regs[R_EAX]=00000000070a906f
RAX=00000000070a906f RBX=0000000000000017 RCX=00000000070a9058 RDX=0000000007efbbf8
RSI=0000000000000018 RDI=0000000000000001 RBP=0000000000000000 RSP=0000000007efba60
R8 =0000000000000018 R9 =0000000000000000 R10=0000000007f19a4d R11=0000000007059f00
R12=00000000070a9058 R13=0000000007efbbf8 R14=0000000000000001 R15=0000000007efbc10
RIP=0000000007052c07 RFL=00000206 [-----P-] CPL=0 II=0 A20=1 SMM=0 HLT=0
ES =0030 0000000000000000 ffffffff 00cf9300 DPL=0 DS   [-WA]
CS =0038 0000000000000000 ffffffff 00af9a00 DPL=0 CS64 [-R-]
SS =0030 0000000000000000 ffffffff 00cf9300 DPL=0 DS   [-WA]
DS =0030 0000000000000000 ffffffff 00cf9300 DPL=0 DS   [-WA]
FS =0030 0000000000000000 ffffffff 00cf9300 DPL=0 DS   [-WA]
GS =0030 0000000000000000 ffffffff 00cf9300 DPL=0 DS   [-WA]
LDT=0000 0000000000000000 0000ffff 00008200 DPL=0 LDT
TR =0000 0000000000000000 0000ffff 00008b00 DPL=0 TSS64-busy
GDT=     00000000079de000 00000047
IDT=     00000000074fa018 00000fff
CR0=80010033 CR2=0000000000000000 CR3=0000000007c01000 CR4=00000668
DR0=0000000000000000 DR1=0000000000000000 DR2=0000000000000000 DR3=0000000000000000 
DR6=00000000ffff0ff0 DR7=0000000000000400
CCS=0000000000000004 CCD=0000000000000000 CCO=EFLAGS
EFER=0000000000000d00
   910: v=20 e=0000 i=0 cpl=0 IP=0038:0000000007052c07 pc=0000000007052c07 SP=0030:0000000007efba60 env->regs[R_EAX]=00000000070a906f
RAX=00000000070a906f RBX=0000000000000017 RCX=00000000070a9058 RDX=0000000007efbbf8
RSI=0000000000000018 RDI=0000000000000001 RBP=0000000000000000 RSP=0000000007efba60
R8 =0000000000000018 R9 =0000000000000000 R10=0000000007f19a4d R11=0000000007059f00
R12=00000000070a9058 R13=0000000007efbbf8 R14=0000000000000001 R15=0000000007efbc10
RIP=0000000007052c07 RFL=00000206 [-----P-] CPL=0 II=0 A20=1 SMM=0 HLT=0
ES =0030 0000000000000000 ffffffff 00cf9300 DPL=0 DS   [-WA]
CS =0038 0000000000000000 ffffffff 00af9a00 DPL=0 CS64 [-R-]
SS =0030 0000000000000000 ffffffff 00cf9300 DPL=0 DS   [-WA]
DS =0030 0000000000000000 ffffffff 00cf9300 DPL=0 DS   [-WA]
FS =0030 0000000000000000 ffffffff 00cf9300 DPL=0 DS   [-WA]
GS =0030 0000000000000000 ffffffff 00cf9300 DPL=0 DS   [-WA]
LDT=0000 0000000000000000 0000ffff 00008200 DPL=0 LDT
TR =0000 0000000000000000 0000ffff 00008b00 DPL=0 TSS64-busy
GDT=     00000000079de000 00000047
IDT=     00000000074fa018 00000fff
CR0=80010033 CR2=0000000000000000 CR3=0000000007c01000 CR4=00000668
DR0=0000000000000000 DR1=0000000000000000 DR2=0000000000000000 DR3=0000000000000000 
DR6=00000000ffff0ff0 DR7=0000000000000400
CCS=0000000000000004 CCD=0000000000000000 CCO=EFLAGS
EFER=0000000000000d00
   911: v=20 e=0000 i=0 cpl=0 IP=0038:0000000007052c07 pc=0000000007052c07 SP=0030:0000000007efba60 env->regs[R_EAX]=00000000070a906f
RAX=00000000070a906f RBX=0000000000000017 RCX=00000000070a9058 RDX=0000000007efbbf8
RSI=0000000000000018 RDI=0000000000000001 RBP=0000000000000000 RSP=0000000007efba60
R8 =0000000000000018 R9 =0000000000000000 R10=0000000007f19a4d R11=0000000007059f00
R12=00000000070a9058 R13=0000000007efbbf8 R14=0000000000000001 R15=0000000007efbc10
RIP=0000000007052c07 RFL=00000206 [-----P-] CPL=0 II=0 A20=1 SMM=0 HLT=0
ES =0030 0000000000000000 ffffffff 00cf9300 DPL=0 DS   [-WA]
CS =0038 0000000000000000 ffffffff 00af9a00 DPL=0 CS64 [-R-]
SS =0030 0000000000000000 ffffffff 00cf9300 DPL=0 DS   [-WA]
DS =0030 0000000000000000 ffffffff 00cf9300 DPL=0 DS   [-WA]
FS =0030 0000000000000000 ffffffff 00cf9300 DPL=0 DS   [-WA]
GS =0030 0000000000000000 ffffffff 00cf9300 DPL=0 DS   [-WA]
LDT=0000 0000000000000000 0000ffff 00008200 DPL=0 LDT
TR =0000 0000000000000000 0000ffff 00008b00 DPL=0 TSS64-busy
GDT=     00000000079de000 00000047
IDT=     00000000074fa018 00000fff
CR0=80010033 CR2=0000000000000000 CR3=0000000007c01000 CR4=00000668
DR0=0000000000000000 DR1=0000000000000000 DR2=0000000000000000 DR3=0000000000000000 
DR6=00000000ffff0ff0 DR7=0000000000000400
CCS=0000000000000004 CCD=0000000000000000 CCO=EFLAGS
EFER=0000000000000d00
   912: v=20 e=0000 i=0 cpl=0 IP=0038:0000000007052c07 pc=0000000007052c07 SP=0030:0000000007efba60 env->regs[R_EAX]=00000000070a906f
RAX=00000000070a906f RBX=0000000000000017 RCX=00000000070a9058 RDX=0000000007efbbf8
RSI=0000000000000018 RDI=0000000000000001 RBP=0000000000000000 RSP=0000000007efba60
R8 =0000000000000018 R9 =0000000000000000 R10=0000000007f19a4d R11=0000000007059f00
R12=00000000070a9058 R13=0000000007efbbf8 R14=0000000000000001 R15=0000000007efbc10
RIP=0000000007052c07 RFL=00000206 [-----P-] CPL=0 II=0 A20=1 SMM=0 HLT=0
ES =0030 0000000000000000 ffffffff 00cf9300 DPL=0 DS   [-WA]
CS =0038 0000000000000000 ffffffff 00af9a00 DPL=0 CS64 [-R-]
SS =0030 0000000000000000 ffffffff 00cf9300 DPL=0 DS   [-WA]
DS =0030 0000000000000000 ffffffff 00cf9300 DPL=0 DS   [-WA]
FS =0030 0000000000000000 ffffffff 00cf9300 DPL=0 DS   [-WA]
GS =0030 0000000000000000 ffffffff 00cf9300 DPL=0 DS   [-WA]
LDT=0000 0000000000000000 0000ffff 00008200 DPL=0 LDT
TR =0000 0000000000000000 0000ffff 00008b00 DPL=0 TSS64-busy
GDT=     00000000079de000 00000047
IDT=     00000000074fa018 00000fff
CR0=80010033 CR2=0000000000000000 CR3=0000000007c01000 CR4=00000668
DR0=0000000000000000 DR1=0000000000000000 DR2=0000000000000000 DR3=0000000000000000 
DR6=00000000ffff0ff0 DR7=0000000000000400
CCS=0000000000000004 CCD=0000000000000000 CCO=EFLAGS
EFER=0000000000000d00
   913: v=20 e=0000 i=0 cpl=0 IP=0038:0000000007052c07 pc=0000000007052c07 SP=0030:0000000007efba60 env->regs[R_EAX]=00000000070a906f
RAX=00000000070a906f RBX=0000000000000017 RCX=00000000070a9058 RDX=0000000007efbbf8
RSI=0000000000000018 RDI=0000000000000001 RBP=0000000000000000 RSP=0000000007efba60
R8 =0000000000000018 R9 =0000000000000000 R10=0000000007f19a4d R11=0000000007059f00
R12=00000000070a9058 R13=0000000007efbbf8 R14=0000000000000001 R15=0000000007efbc10
RIP=0000000007052c07 RFL=00000206 [-----P-] CPL=0 II=0 A20=1 SMM=0 HLT=0
ES =0030 0000000000000000 ffffffff 00cf9300 DPL=0 DS   [-WA]
CS =0038 0000000000000000 ffffffff 00af9a00 DPL=0 CS64 [-R-]
SS =0030 0000000000000000 ffffffff 00cf9300 DPL=0 DS   [-WA]
DS =0030 0000000000000000 ffffffff 00cf9300 DPL=0 DS   [-WA]
FS =0030 0000000000000000 ffffffff 00cf9300 DPL=0 DS   [-WA]
GS =0030 0000000000000000 ffffffff 00cf9300 DPL=0 DS   [-WA]
LDT=0000 0000000000000000 0000ffff 00008200 DPL=0 LDT
TR =0000 0000000000000000 0000ffff 00008b00 DPL=0 TSS64-busy
GDT=     00000000079de000 00000047
IDT=     00000000074fa018 00000fff
CR0=80010033 CR2=0000000000000000 CR3=0000000007c01000 CR4=00000668
DR0=0000000000000000 DR1=0000000000000000 DR2=0000000000000000 DR3=0000000000000000 
DR6=00000000ffff0ff0 DR7=0000000000000400
CCS=0000000000000004 CCD=0000000000000000 CCO=EFLAGS
EFER=0000000000000d00
   914: v=20 e=0000 i=0 cpl=0 IP=0038:0000000007052c07 pc=0000000007052c07 SP=0030:0000000007efba60 env->regs[R_EAX]=00000000070a906f
RAX=00000000070a906f RBX=0000000000000017 RCX=00000000070a9058 RDX=0000000007efbbf8
RSI=0000000000000018 RDI=0000000000000001 RBP=0000000000000000 RSP=0000000007efba60
R8 =0000000000000018 R9 =0000000000000000 R10=0000000007f19a4d R11=0000000007059f00
R12=00000000070a9058 R13=0000000007efbbf8 R14=0000000000000001 R15=0000000007efbc10
RIP=0000000007052c07 RFL=00000206 [-----P-] CPL=0 II=0 A20=1 SMM=0 HLT=0
ES =0030 0000000000000000 ffffffff 00cf9300 DPL=0 DS   [-WA]
CS =0038 0000000000000000 ffffffff 00af9a00 DPL=0 CS64 [-R-]
SS =0030 0000000000000000 ffffffff 00cf9300 DPL=0 DS   [-WA]
DS =0030 0000000000000000 ffffffff 00cf9300 DPL=0 DS   [-WA]
FS =0030 0000000000000000 ffffffff 00cf9300 DPL=0 DS   [-WA]
GS =0030 0000000000000000 ffffffff 00cf9300 DPL=0 DS   [-WA]
LDT=0000 0000000000000000 0000ffff 00008200 DPL=0 LDT
TR =0000 0000000000000000 0000ffff 00008b00 DPL=0 TSS64-busy
GDT=     00000000079de000 00000047
IDT=     00000000074fa018 00000fff
CR0=80010033 CR2=0000000000000000 CR3=0000000007c01000 CR4=00000668
DR0=0000000000000000 DR1=0000000000000000 DR2=0000000000000000 DR3=0000000000000000 
DR6=00000000ffff0ff0 DR7=0000000000000400
CCS=0000000000000004 CCD=0000000000000000 CCO=EFLAGS
EFER=0000000000000d00
   915: v=20 e=0000 i=0 cpl=0 IP=0038:0000000007052c07 pc=0000000007052c07 SP=0030:0000000007efba60 env->regs[R_EAX]=00000000070a906f
RAX=00000000070a906f RBX=0000000000000017 RCX=00000000070a9058 RDX=0000000007efbbf8
RSI=0000000000000018 RDI=0000000000000001 RBP=0000000000000000 RSP=0000000007efba60
R8 =0000000000000018 R9 =0000000000000000 R10=0000000007f19a4d R11=0000000007059f00
R12=00000000070a9058 R13=0000000007efbbf8 R14=0000000000000001 R15=0000000007efbc10
RIP=0000000007052c07 RFL=00000206 [-----P-] CPL=0 II=0 A20=1 SMM=0 HLT=0
ES =0030 0000000000000000 ffffffff 00cf9300 DPL=0 DS   [-WA]
CS =0038 0000000000000000 ffffffff 00af9a00 DPL=0 CS64 [-R-]
SS =0030 0000000000000000 ffffffff 00cf9300 DPL=0 DS   [-WA]
DS =0030 0000000000000000 ffffffff 00cf9300 DPL=0 DS   [-WA]
FS =0030 0000000000000000 ffffffff 00cf9300 DPL=0 DS   [-WA]
GS =0030 0000000000000000 ffffffff 00cf9300 DPL=0 DS   [-WA]
LDT=0000 0000000000000000 0000ffff 00008200 DPL=0 LDT
TR =0000 0000000000000000 0000ffff 00008b00 DPL=0 TSS64-busy
GDT=     00000000079de000 00000047
IDT=     00000000074fa018 00000fff
CR0=80010033 CR2=0000000000000000 CR3=0000000007c01000 CR4=00000668
DR0=0000000000000000 DR1=0000000000000000 DR2=0000000000000000 DR3=0000000000000000 
DR6=00000000ffff0ff0 DR7=0000000000000400
CCS=0000000000000004 CCD=0000000000000000 CCO=EFLAGS
EFER=0000000000000d00
   916: v=20 e=0000 i=0 cpl=0 IP=0038:0000000007052c07 pc=0000000007052c07 SP=0030:0000000007efba60 env->regs[R_EAX]=00000000070a906f
RAX=00000000070a906f RBX=0000000000000017 RCX=00000000070a9058 RDX=0000000007efbbf8
RSI=0000000000000018 RDI=0000000000000001 RBP=0000000000000000 RSP=0000000007efba60
R8 =0000000000000018 R9 =0000000000000000 R10=0000000007f19a4d R11=0000000007059f00
R12=00000000070a9058 R13=0000000007efbbf8 R14=0000000000000001 R15=0000000007efbc10
RIP=0000000007052c07 RFL=00000206 [-----P-] CPL=0 II=0 A20=1 SMM=0 HLT=0
ES =0030 0000000000000000 ffffffff 00cf9300 DPL=0 DS   [-WA]
CS =0038 0000000000000000 ffffffff 00af9a00 DPL=0 CS64 [-R-]
SS =0030 0000000000000000 ffffffff 00cf9300 DPL=0 DS   [-WA]
DS =0030 0000000000000000 ffffffff 00cf9300 DPL=0 DS   [-WA]
FS =0030 0000000000000000 ffffffff 00cf9300 DPL=0 DS   [-WA]
GS =0030 0000000000000000 ffffffff 00cf9300 DPL=0 DS   [-WA]
LDT=0000 0000000000000000 0000ffff 00008200 DPL=0 LDT
TR =0000 0000000000000000 0000ffff 00008b00 DPL=0 TSS64-busy
GDT=     00000000079de000 00000047
IDT=     00000000074fa018 00000fff
CR0=80010033 CR2=0000000000000000 CR3=0000000007c01000 CR4=00000668
DR0=0000000000000000 DR1=0000000000000000 DR2=0000000000000000 DR3=0000000000000000 
DR6=00000000ffff0ff0 DR7=0000000000000400
CCS=0000000000000004 CCD=0000000000000000 CCO=EFLAGS
EFER=0000000000000d00
   917: v=20 e=0000 i=0 cpl=0 IP=0038:0000000007052c07 pc=0000000007052c07 SP=0030:0000000007efba60 env->regs[R_EAX]=00000000070a906f
RAX=00000000070a906f RBX=0000000000000017 RCX=00000000070a9058 RDX=0000000007efbbf8
RSI=0000000000000018 RDI=0000000000000001 RBP=0000000000000000 RSP=0000000007efba60
R8 =0000000000000018 R9 =0000000000000000 R10=0000000007f19a4d R11=0000000007059f00
R12=00000000070a9058 R13=0000000007efbbf8 R14=0000000000000001 R15=0000000007efbc10
RIP=0000000007052c07 RFL=00000206 [-----P-] CPL=0 II=0 A20=1 SMM=0 HLT=0
ES =0030 0000000000000000 ffffffff 00cf9300 DPL=0 DS   [-WA]
CS =0038 0000000000000000 ffffffff 00af9a00 DPL=0 CS64 [-R-]
SS =0030 0000000000000000 ffffffff 00cf9300 DPL=0 DS   [-WA]
DS =0030 0000000000000000 ffffffff 00cf9300 DPL=0 DS   [-WA]
FS =0030 0000000000000000 ffffffff 00cf9300 DPL=0 DS   [-WA]
GS =0030 0000000000000000 ffffffff 00cf9300 DPL=0 DS   [-WA]
LDT=0000 0000000000000000 0000ffff 00008200 DPL=0 LDT
TR =0000 0000000000000000 0000ffff 00008b00 DPL=0 TSS64-busy
GDT=     00000000079de000 00000047
IDT=     00000000074fa018 00000fff
CR0=80010033 CR2=0000000000000000 CR3=0000000007c01000 CR4=00000668
DR0=0000000000000000 DR1=0000000000000000 DR2=0000000000000000 DR3=0000000000000000 
DR6=00000000ffff0ff0 DR7=0000000000000400
CCS=0000000000000004 CCD=0000000000000000 CCO=EFLAGS
EFER=0000000000000d00
   918: v=20 e=0000 i=0 cpl=0 IP=0038:0000000007052c07 pc=0000000007052c07 SP=0030:0000000007efba60 env->regs[R_EAX]=00000000070a906f
RAX=00000000070a906f RBX=0000000000000017 RCX=00000000070a9058 RDX=0000000007efbbf8
RSI=0000000000000018 RDI=0000000000000001 RBP=0000000000000000 RSP=0000000007efba60
R8 =0000000000000018 R9 =0000000000000000 R10=0000000007f19a4d R11=0000000007059f00
R12=00000000070a9058 R13=0000000007efbbf8 R14=0000000000000001 R15=0000000007efbc10
RIP=0000000007052c07 RFL=00000206 [-----P-] CPL=0 II=0 A20=1 SMM=0 HLT=0
ES =0030 0000000000000000 ffffffff 00cf9300 DPL=0 DS   [-WA]
CS =0038 0000000000000000 ffffffff 00af9a00 DPL=0 CS64 [-R-]
SS =0030 0000000000000000 ffffffff 00cf9300 DPL=0 DS   [-WA]
DS =0030 0000000000000000 ffffffff 00cf9300 DPL=0 DS   [-WA]
FS =0030 0000000000000000 ffffffff 00cf9300 DPL=0 DS   [-WA]
GS =0030 0000000000000000 ffffffff 00cf9300 DPL=0 DS   [-WA]
LDT=0000 0000000000000000 0000ffff 00008200 DPL=0 LDT
TR =0000 0000000000000000 0000ffff 00008b00 DPL=0 TSS64-busy
GDT=     00000000079de000 00000047
IDT=     00000000074fa018 00000fff
CR0=80010033 CR2=0000000000000000 CR3=0000000007c01000 CR4=00000668
DR0=0000000000000000 DR1=0000000000000000 DR2=0000000000000000 DR3=0000000000000000 
DR6=00000000ffff0ff0 DR7=0000000000000400
CCS=0000000000000004 CCD=0000000000000000 CCO=EFLAGS
EFER=0000000000000d00
   919: v=20 e=0000 i=0 cpl=0 IP=0038:0000000007052c07 pc=0000000007052c07 SP=0030:0000000007efba60 env->regs[R_EAX]=00000000070a906f
RAX=00000000070a906f RBX=0000000000000017 RCX=00000000070a9058 RDX=0000000007efbbf8
RSI=0000000000000018 RDI=0000000000000001 RBP=0000000000000000 RSP=0000000007efba60
R8 =0000000000000018 R9 =0000000000000000 R10=0000000007f19a4d R11=0000000007059f00
R12=00000000070a9058 R13=0000000007efbbf8 R14=0000000000000001 R15=0000000007efbc10
RIP=0000000007052c07 RFL=00000206 [-----P-] CPL=0 II=0 A20=1 SMM=0 HLT=0
ES =0030 0000000000000000 ffffffff 00cf9300 DPL=0 DS   [-WA]
CS =0038 0000000000000000 ffffffff 00af9a00 DPL=0 CS64 [-R-]
SS =0030 0000000000000000 ffffffff 00cf9300 DPL=0 DS   [-WA]
DS =0030 0000000000000000 ffffffff 00cf9300 DPL=0 DS   [-WA]
FS =0030 0000000000000000 ffffffff 00cf9300 DPL=0 DS   [-WA]
GS =0030 0000000000000000 ffffffff 00cf9300 DPL=0 DS   [-WA]
LDT=0000 0000000000000000 0000ffff 00008200 DPL=0 LDT
TR =0000 0000000000000000 0000ffff 00008b00 DPL=0 TSS64-busy
GDT=     00000000079de000 00000047
IDT=     00000000074fa018 00000fff
CR0=80010033 CR2=0000000000000000 CR3=0000000007c01000 CR4=00000668
DR0=0000000000000000 DR1=0000000000000000 DR2=0000000000000000 DR3=0000000000000000 
DR6=00000000ffff0ff0 DR7=0000000000000400
CCS=0000000000000004 CCD=0000000000000000 CCO=EFLAGS
EFER=0000000000000d00
   920: v=20 e=0000 i=0 cpl=0 IP=0038:0000000007052c07 pc=0000000007052c07 SP=0030:0000000007efba60 env->regs[R_EAX]=00000000070a906f
RAX=00000000070a906f RBX=0000000000000017 RCX=00000000070a9058 RDX=0000000007efbbf8
RSI=0000000000000018 RDI=0000000000000001 RBP=0000000000000000 RSP=0000000007efba60
R8 =0000000000000018 R9 =0000000000000000 R10=0000000007f19a4d R11=0000000007059f00
R12=00000000070a9058 R13=0000000007efbbf8 R14=0000000000000001 R15=0000000007efbc10
RIP=0000000007052c07 RFL=00000206 [-----P-] CPL=0 II=0 A20=1 SMM=0 HLT=0
ES =0030 0000000000000000 ffffffff 00cf9300 DPL=0 DS   [-WA]
CS =0038 0000000000000000 ffffffff 00af9a00 DPL=0 CS64 [-R-]
SS =0030 0000000000000000 ffffffff 00cf9300 DPL=0 DS   [-WA]
DS =0030 0000000000000000 ffffffff 00cf9300 DPL=0 DS   [-WA]
FS =0030 0000000000000000 ffffffff 00cf9300 DPL=0 DS   [-WA]
GS =0030 0000000000000000 ffffffff 00cf9300 DPL=0 DS   [-WA]
LDT=0000 0000000000000000 0000ffff 00008200 DPL=0 LDT
TR =0000 0000000000000000 0000ffff 00008b00 DPL=0 TSS64-busy
GDT=     00000000079de000 00000047
IDT=     00000000074fa018 00000fff
CR0=80010033 CR2=0000000000000000 CR3=0000000007c01000 CR4=00000668
DR0=0000000000000000 DR1=0000000000000000 DR2=0000000000000000 DR3=0000000000000000 
DR6=00000000ffff0ff0 DR7=0000000000000400
CCS=0000000000000004 CCD=0000000000000000 CCO=EFLAGS
EFER=0000000000000d00
   921: v=20 e=0000 i=0 cpl=0 IP=0038:0000000007052c07 pc=0000000007052c07 SP=0030:0000000007efba60 env->regs[R_EAX]=00000000070a906f
RAX=00000000070a906f RBX=0000000000000017 RCX=00000000070a9058 RDX=0000000007efbbf8
RSI=0000000000000018 RDI=0000000000000001 RBP=0000000000000000 RSP=0000000007efba60
R8 =0000000000000018 R9 =0000000000000000 R10=0000000007f19a4d R11=0000000007059f00
R12=00000000070a9058 R13=0000000007efbbf8 R14=0000000000000001 R15=0000000007efbc10
RIP=0000000007052c07 RFL=00000206 [-----P-] CPL=0 II=0 A20=1 SMM=0 HLT=0
ES =0030 0000000000000000 ffffffff 00cf9300 DPL=0 DS   [-WA]
CS =0038 0000000000000000 ffffffff 00af9a00 DPL=0 CS64 [-R-]
SS =0030 0000000000000000 ffffffff 00cf9300 DPL=0 DS   [-WA]
DS =0030 0000000000000000 ffffffff 00cf9300 DPL=0 DS   [-WA]
FS =0030 0000000000000000 ffffffff 00cf9300 DPL=0 DS   [-WA]
GS =0030 0000000000000000 ffffffff 00cf9300 DPL=0 DS   [-WA]
LDT=0000 0000000000000000 0000ffff 00008200 DPL=0 LDT
TR =0000 0000000000000000 0000ffff 00008b00 DPL=0 TSS64-busy
GDT=     00000000079de000 00000047
IDT=     00000000074fa018 00000fff
CR0=80010033 CR2=0000000000000000 CR3=0000000007c01000 CR4=00000668
DR0=0000000000000000 DR1=0000000000000000 DR2=0000000000000000 DR3=0000000000000000 
DR6=00000000ffff0ff0 DR7=0000000000000400
CCS=0000000000000004 CCD=0000000000000000 CCO=EFLAGS
EFER=0000000000000d00
   922: v=20 e=0000 i=0 cpl=0 IP=0038:0000000007052c07 pc=0000000007052c07 SP=0030:0000000007efba60 env->regs[R_EAX]=00000000070a906f
RAX=00000000070a906f RBX=0000000000000017 RCX=00000000070a9058 RDX=0000000007efbbf8
RSI=0000000000000018 RDI=0000000000000001 RBP=0000000000000000 RSP=0000000007efba60
R8 =0000000000000018 R9 =0000000000000000 R10=0000000007f19a4d R11=0000000007059f00
R12=00000000070a9058 R13=0000000007efbbf8 R14=0000000000000001 R15=0000000007efbc10
RIP=0000000007052c07 RFL=00000206 [-----P-] CPL=0 II=0 A20=1 SMM=0 HLT=0
ES =0030 0000000000000000 ffffffff 00cf9300 DPL=0 DS   [-WA]
CS =0038 0000000000000000 ffffffff 00af9a00 DPL=0 CS64 [-R-]
SS =0030 0000000000000000 ffffffff 00cf9300 DPL=0 DS   [-WA]
DS =0030 0000000000000000 ffffffff 00cf9300 DPL=0 DS   [-WA]
FS =0030 0000000000000000 ffffffff 00cf9300 DPL=0 DS   [-WA]
GS =0030 0000000000000000 ffffffff 00cf9300 DPL=0 DS   [-WA]
LDT=0000 0000000000000000 0000ffff 00008200 DPL=0 LDT
TR =0000 0000000000000000 0000ffff 00008b00 DPL=0 TSS64-busy
GDT=     00000000079de000 00000047
IDT=     00000000074fa018 00000fff
CR0=80010033 CR2=0000000000000000 CR3=0000000007c01000 CR4=00000668
DR0=0000000000000000 DR1=0000000000000000 DR2=0000000000000000 DR3=0000000000000000 
DR6=00000000ffff0ff0 DR7=0000000000000400
CCS=0000000000000004 CCD=0000000000000000 CCO=EFLAGS
EFER=0000000000000d00
   923: v=20 e=0000 i=0 cpl=0 IP=0038:0000000007052c07 pc=0000000007052c07 SP=0030:0000000007efba60 env->regs[R_EAX]=00000000070a906f
RAX=00000000070a906f RBX=0000000000000017 RCX=00000000070a9058 RDX=0000000007efbbf8
RSI=0000000000000018 RDI=0000000000000001 RBP=0000000000000000 RSP=0000000007efba60
R8 =0000000000000018 R9 =0000000000000000 R10=0000000007f19a4d R11=0000000007059f00
R12=00000000070a9058 R13=0000000007efbbf8 R14=0000000000000001 R15=0000000007efbc10
RIP=0000000007052c07 RFL=00000206 [-----P-] CPL=0 II=0 A20=1 SMM=0 HLT=0
ES =0030 0000000000000000 ffffffff 00cf9300 DPL=0 DS   [-WA]
CS =0038 0000000000000000 ffffffff 00af9a00 DPL=0 CS64 [-R-]
SS =0030 0000000000000000 ffffffff 00cf9300 DPL=0 DS   [-WA]
DS =0030 0000000000000000 ffffffff 00cf9300 DPL=0 DS   [-WA]
FS =0030 0000000000000000 ffffffff 00cf9300 DPL=0 DS   [-WA]
GS =0030 0000000000000000 ffffffff 00cf9300 DPL=0 DS   [-WA]
LDT=0000 0000000000000000 0000ffff 00008200 DPL=0 LDT
TR =0000 0000000000000000 0000ffff 00008b00 DPL=0 TSS64-busy
GDT=     00000000079de000 00000047
IDT=     00000000074fa018 00000fff
CR0=80010033 CR2=0000000000000000 CR3=0000000007c01000 CR4=00000668
DR0=0000000000000000 DR1=0000000000000000 DR2=0000000000000000 DR3=0000000000000000 
DR6=00000000ffff0ff0 DR7=0000000000000400
CCS=0000000000000004 CCD=0000000000000000 CCO=EFLAGS
EFER=0000000000000d00
   924: v=20 e=0000 i=0 cpl=0 IP=0038:0000000007052c07 pc=0000000007052c07 SP=0030:0000000007efba60 env->regs[R_EAX]=00000000070a906f
RAX=00000000070a906f RBX=0000000000000017 RCX=00000000070a9058 RDX=0000000007efbbf8
RSI=0000000000000018 RDI=0000000000000001 RBP=0000000000000000 RSP=0000000007efba60
R8 =0000000000000018 R9 =0000000000000000 R10=0000000007f19a4d R11=0000000007059f00
R12=00000000070a9058 R13=0000000007efbbf8 R14=0000000000000001 R15=0000000007efbc10
RIP=0000000007052c07 RFL=00000206 [-----P-] CPL=0 II=0 A20=1 SMM=0 HLT=0
ES =0030 0000000000000000 ffffffff 00cf9300 DPL=0 DS   [-WA]
CS =0038 0000000000000000 ffffffff 00af9a00 DPL=0 CS64 [-R-]
SS =0030 0000000000000000 ffffffff 00cf9300 DPL=0 DS   [-WA]
DS =0030 0000000000000000 ffffffff 00cf9300 DPL=0 DS   [-WA]
FS =0030 0000000000000000 ffffffff 00cf9300 DPL=0 DS   [-WA]
GS =0030 0000000000000000 ffffffff 00cf9300 DPL=0 DS   [-WA]
LDT=0000 0000000000000000 0000ffff 00008200 DPL=0 LDT
TR =0000 0000000000000000 0000ffff 00008b00 DPL=0 TSS64-busy
GDT=     00000000079de000 00000047
IDT=     00000000074fa018 00000fff
CR0=80010033 CR2=0000000000000000 CR3=0000000007c01000 CR4=00000668
DR0=0000000000000000 DR1=0000000000000000 DR2=0000000000000000 DR3=0000000000000000 
DR6=00000000ffff0ff0 DR7=0000000000000400
CCS=0000000000000004 CCD=0000000000000000 CCO=EFLAGS
EFER=0000000000000d00
   925: v=20 e=0000 i=0 cpl=0 IP=0038:0000000007052c07 pc=0000000007052c07 SP=0030:0000000007efba60 env->regs[R_EAX]=00000000070a906f
RAX=00000000070a906f RBX=0000000000000017 RCX=00000000070a9058 RDX=0000000007efbbf8
RSI=0000000000000018 RDI=0000000000000001 RBP=0000000000000000 RSP=0000000007efba60
R8 =0000000000000018 R9 =0000000000000000 R10=0000000007f19a4d R11=0000000007059f00
R12=00000000070a9058 R13=0000000007efbbf8 R14=0000000000000001 R15=0000000007efbc10
RIP=0000000007052c07 RFL=00000206 [-----P-] CPL=0 II=0 A20=1 SMM=0 HLT=0
ES =0030 0000000000000000 ffffffff 00cf9300 DPL=0 DS   [-WA]
CS =0038 0000000000000000 ffffffff 00af9a00 DPL=0 CS64 [-R-]
SS =0030 0000000000000000 ffffffff 00cf9300 DPL=0 DS   [-WA]
DS =0030 0000000000000000 ffffffff 00cf9300 DPL=0 DS   [-WA]
FS =0030 0000000000000000 ffffffff 00cf9300 DPL=0 DS   [-WA]
GS =0030 0000000000000000 ffffffff 00cf9300 DPL=0 DS   [-WA]
LDT=0000 0000000000000000 0000ffff 00008200 DPL=0 LDT
TR =0000 0000000000000000 0000ffff 00008b00 DPL=0 TSS64-busy
GDT=     00000000079de000 00000047
IDT=     00000000074fa018 00000fff
CR0=80010033 CR2=0000000000000000 CR3=0000000007c01000 CR4=00000668
DR0=0000000000000000 DR1=0000000000000000 DR2=0000000000000000 DR3=0000000000000000 
DR6=00000000ffff0ff0 DR7=0000000000000400
CCS=0000000000000004 CCD=0000000000000000 CCO=EFLAGS
EFER=0000000000000d00
   926: v=20 e=0000 i=0 cpl=0 IP=0038:0000000007052c07 pc=0000000007052c07 SP=0030:0000000007efba60 env->regs[R_EAX]=00000000070a906f
RAX=00000000070a906f RBX=0000000000000017 RCX=00000000070a9058 RDX=0000000007efbbf8
RSI=0000000000000018 RDI=0000000000000001 RBP=0000000000000000 RSP=0000000007efba60
R8 =0000000000000018 R9 =0000000000000000 R10=0000000007f19a4d R11=0000000007059f00
R12=00000000070a9058 R13=0000000007efbbf8 R14=0000000000000001 R15=0000000007efbc10
RIP=0000000007052c07 RFL=00000206 [-----P-] CPL=0 II=0 A20=1 SMM=0 HLT=0
ES =0030 0000000000000000 ffffffff 00cf9300 DPL=0 DS   [-WA]
CS =0038 0000000000000000 ffffffff 00af9a00 DPL=0 CS64 [-R-]
SS =0030 0000000000000000 ffffffff 00cf9300 DPL=0 DS   [-WA]
DS =0030 0000000000000000 ffffffff 00cf9300 DPL=0 DS   [-WA]
FS =0030 0000000000000000 ffffffff 00cf9300 DPL=0 DS   [-WA]
GS =0030 0000000000000000 ffffffff 00cf9300 DPL=0 DS   [-WA]
LDT=0000 0000000000000000 0000ffff 00008200 DPL=0 LDT
TR =0000 0000000000000000 0000ffff 00008b00 DPL=0 TSS64-busy
GDT=     00000000079de000 00000047
IDT=     00000000074fa018 00000fff
CR0=80010033 CR2=0000000000000000 CR3=0000000007c01000 CR4=00000668
DR0=0000000000000000 DR1=0000000000000000 DR2=0000000000000000 DR3=0000000000000000 
DR6=00000000ffff0ff0 DR7=0000000000000400
CCS=0000000000000004 CCD=0000000000000000 CCO=EFLAGS
EFER=0000000000000d00
   927: v=20 e=0000 i=0 cpl=0 IP=0038:0000000007052c07 pc=0000000007052c07 SP=0030:0000000007efba60 env->regs[R_EAX]=00000000070a906f
RAX=00000000070a906f RBX=0000000000000017 RCX=00000000070a9058 RDX=0000000007efbbf8
RSI=0000000000000018 RDI=0000000000000001 RBP=0000000000000000 RSP=0000000007efba60
R8 =0000000000000018 R9 =0000000000000000 R10=0000000007f19a4d R11=0000000007059f00
R12=00000000070a9058 R13=0000000007efbbf8 R14=0000000000000001 R15=0000000007efbc10
RIP=0000000007052c07 RFL=00000206 [-----P-] CPL=0 II=0 A20=1 SMM=0 HLT=0
ES =0030 0000000000000000 ffffffff 00cf9300 DPL=0 DS   [-WA]
CS =0038 0000000000000000 ffffffff 00af9a00 DPL=0 CS64 [-R-]
SS =0030 0000000000000000 ffffffff 00cf9300 DPL=0 DS   [-WA]
DS =0030 0000000000000000 ffffffff 00cf9300 DPL=0 DS   [-WA]
FS =0030 0000000000000000 ffffffff 00cf9300 DPL=0 DS   [-WA]
GS =0030 0000000000000000 ffffffff 00cf9300 DPL=0 DS   [-WA]
LDT=0000 0000000000000000 0000ffff 00008200 DPL=0 LDT
TR =0000 0000000000000000 0000ffff 00008b00 DPL=0 TSS64-busy
GDT=     00000000079de000 00000047
IDT=     00000000074fa018 00000fff
CR0=80010033 CR2=0000000000000000 CR3=0000000007c01000 CR4=00000668
DR0=0000000000000000 DR1=0000000000000000 DR2=0000000000000000 DR3=0000000000000000 
DR6=00000000ffff0ff0 DR7=0000000000000400
CCS=0000000000000004 CCD=0000000000000000 CCO=EFLAGS
EFER=0000000000000d00
   928: v=20 e=0000 i=0 cpl=0 IP=0038:0000000007052c07 pc=0000000007052c07 SP=0030:0000000007efba60 env->regs[R_EAX]=00000000070a906f
RAX=00000000070a906f RBX=0000000000000017 RCX=00000000070a9058 RDX=0000000007efbbf8
RSI=0000000000000018 RDI=0000000000000001 RBP=0000000000000000 RSP=0000000007efba60
R8 =0000000000000018 R9 =0000000000000000 R10=0000000007f19a4d R11=0000000007059f00
R12=00000000070a9058 R13=0000000007efbbf8 R14=0000000000000001 R15=0000000007efbc10
RIP=0000000007052c07 RFL=00000206 [-----P-] CPL=0 II=0 A20=1 SMM=0 HLT=0
ES =0030 0000000000000000 ffffffff 00cf9300 DPL=0 DS   [-WA]
CS =0038 0000000000000000 ffffffff 00af9a00 DPL=0 CS64 [-R-]
SS =0030 0000000000000000 ffffffff 00cf9300 DPL=0 DS   [-WA]
DS =0030 0000000000000000 ffffffff 00cf9300 DPL=0 DS   [-WA]
FS =0030 0000000000000000 ffffffff 00cf9300 DPL=0 DS   [-WA]
GS =0030 0000000000000000 ffffffff 00cf9300 DPL=0 DS   [-WA]
LDT=0000 0000000000000000 0000ffff 00008200 DPL=0 LDT
TR =0000 0000000000000000 0000ffff 00008b00 DPL=0 TSS64-busy
GDT=     00000000079de000 00000047
IDT=     00000000074fa018 00000fff
CR0=80010033 CR2=0000000000000000 CR3=0000000007c01000 CR4=00000668
DR0=0000000000000000 DR1=0000000000000000 DR2=0000000000000000 DR3=0000000000000000 
DR6=00000000ffff0ff0 DR7=0000000000000400
CCS=0000000000000004 CCD=0000000000000000 CCO=EFLAGS
EFER=0000000000000d00
   929: v=20 e=0000 i=0 cpl=0 IP=0038:0000000007052c07 pc=0000000007052c07 SP=0030:0000000007efba60 env->regs[R_EAX]=00000000070a906f
RAX=00000000070a906f RBX=0000000000000017 RCX=00000000070a9058 RDX=0000000007efbbf8
RSI=0000000000000018 RDI=0000000000000001 RBP=0000000000000000 RSP=0000000007efba60
R8 =0000000000000018 R9 =0000000000000000 R10=0000000007f19a4d R11=0000000007059f00
R12=00000000070a9058 R13=0000000007efbbf8 R14=0000000000000001 R15=0000000007efbc10
RIP=0000000007052c07 RFL=00000206 [-----P-] CPL=0 II=0 A20=1 SMM=0 HLT=0
ES =0030 0000000000000000 ffffffff 00cf9300 DPL=0 DS   [-WA]
CS =0038 0000000000000000 ffffffff 00af9a00 DPL=0 CS64 [-R-]
SS =0030 0000000000000000 ffffffff 00cf9300 DPL=0 DS   [-WA]
DS =0030 0000000000000000 ffffffff 00cf9300 DPL=0 DS   [-WA]
FS =0030 0000000000000000 ffffffff 00cf9300 DPL=0 DS   [-WA]
GS =0030 0000000000000000 ffffffff 00cf9300 DPL=0 DS   [-WA]
LDT=0000 0000000000000000 0000ffff 00008200 DPL=0 LDT
TR =0000 0000000000000000 0000ffff 00008b00 DPL=0 TSS64-busy
GDT=     00000000079de000 00000047
IDT=     00000000074fa018 00000fff
CR0=80010033 CR2=0000000000000000 CR3=0000000007c01000 CR4=00000668
DR0=0000000000000000 DR1=0000000000000000 DR2=0000000000000000 DR3=0000000000000000 
DR6=00000000ffff0ff0 DR7=0000000000000400
CCS=0000000000000004 CCD=0000000000000000 CCO=EFLAGS
EFER=0000000000000d00
   930: v=20 e=0000 i=0 cpl=0 IP=0038:0000000007052c07 pc=0000000007052c07 SP=0030:0000000007efba60 env->regs[R_EAX]=00000000070a906f
RAX=00000000070a906f RBX=0000000000000017 RCX=00000000070a9058 RDX=0000000007efbbf8
RSI=0000000000000018 RDI=0000000000000001 RBP=0000000000000000 RSP=0000000007efba60
R8 =0000000000000018 R9 =0000000000000000 R10=0000000007f19a4d R11=0000000007059f00
R12=00000000070a9058 R13=0000000007efbbf8 R14=0000000000000001 R15=0000000007efbc10
RIP=0000000007052c07 RFL=00000206 [-----P-] CPL=0 II=0 A20=1 SMM=0 HLT=0
ES =0030 0000000000000000 ffffffff 00cf9300 DPL=0 DS   [-WA]
CS =0038 0000000000000000 ffffffff 00af9a00 DPL=0 CS64 [-R-]
SS =0030 0000000000000000 ffffffff 00cf9300 DPL=0 DS   [-WA]
DS =0030 0000000000000000 ffffffff 00cf9300 DPL=0 DS   [-WA]
FS =0030 0000000000000000 ffffffff 00cf9300 DPL=0 DS   [-WA]
GS =0030 0000000000000000 ffffffff 00cf9300 DPL=0 DS   [-WA]
LDT=0000 0000000000000000 0000ffff 00008200 DPL=0 LDT
TR =0000 0000000000000000 0000ffff 00008b00 DPL=0 TSS64-busy
GDT=     00000000079de000 00000047
IDT=     00000000074fa018 00000fff
CR0=80010033 CR2=0000000000000000 CR3=0000000007c01000 CR4=00000668
DR0=0000000000000000 DR1=0000000000000000 DR2=0000000000000000 DR3=0000000000000000 
DR6=00000000ffff0ff0 DR7=0000000000000400
CCS=0000000000000004 CCD=0000000000000000 CCO=EFLAGS
EFER=0000000000000d00
   931: v=20 e=0000 i=0 cpl=0 IP=0038:0000000007052c07 pc=0000000007052c07 SP=0030:0000000007efba60 env->regs[R_EAX]=00000000070a906f
RAX=00000000070a906f RBX=0000000000000017 RCX=00000000070a9058 RDX=0000000007efbbf8
RSI=0000000000000018 RDI=0000000000000001 RBP=0000000000000000 RSP=0000000007efba60
R8 =0000000000000018 R9 =0000000000000000 R10=0000000007f19a4d R11=0000000007059f00
R12=00000000070a9058 R13=0000000007efbbf8 R14=0000000000000001 R15=0000000007efbc10
RIP=0000000007052c07 RFL=00000206 [-----P-] CPL=0 II=0 A20=1 SMM=0 HLT=0
ES =0030 0000000000000000 ffffffff 00cf9300 DPL=0 DS   [-WA]
CS =0038 0000000000000000 ffffffff 00af9a00 DPL=0 CS64 [-R-]
SS =0030 0000000000000000 ffffffff 00cf9300 DPL=0 DS   [-WA]
DS =0030 0000000000000000 ffffffff 00cf9300 DPL=0 DS   [-WA]
FS =0030 0000000000000000 ffffffff 00cf9300 DPL=0 DS   [-WA]
GS =0030 0000000000000000 ffffffff 00cf9300 DPL=0 DS   [-WA]
LDT=0000 0000000000000000 0000ffff 00008200 DPL=0 LDT
TR =0000 0000000000000000 0000ffff 00008b00 DPL=0 TSS64-busy
GDT=     00000000079de000 00000047
IDT=     00000000074fa018 00000fff
CR0=80010033 CR2=0000000000000000 CR3=0000000007c01000 CR4=00000668
DR0=0000000000000000 DR1=0000000000000000 DR2=0000000000000000 DR3=0000000000000000 
DR6=00000000ffff0ff0 DR7=0000000000000400
CCS=0000000000000004 CCD=0000000000000000 CCO=EFLAGS
EFER=0000000000000d00
   932: v=20 e=0000 i=0 cpl=0 IP=0038:0000000007052c07 pc=0000000007052c07 SP=0030:0000000007efba60 env->regs[R_EAX]=00000000070a906f
RAX=00000000070a906f RBX=0000000000000017 RCX=00000000070a9058 RDX=0000000007efbbf8
RSI=0000000000000018 RDI=0000000000000001 RBP=0000000000000000 RSP=0000000007efba60
R8 =0000000000000018 R9 =0000000000000000 R10=0000000007f19a4d R11=0000000007059f00
R12=00000000070a9058 R13=0000000007efbbf8 R14=0000000000000001 R15=0000000007efbc10
RIP=0000000007052c07 RFL=00000206 [-----P-] CPL=0 II=0 A20=1 SMM=0 HLT=0
ES =0030 0000000000000000 ffffffff 00cf9300 DPL=0 DS   [-WA]
CS =0038 0000000000000000 ffffffff 00af9a00 DPL=0 CS64 [-R-]
SS =0030 0000000000000000 ffffffff 00cf9300 DPL=0 DS   [-WA]
DS =0030 0000000000000000 ffffffff 00cf9300 DPL=0 DS   [-WA]
FS =0030 0000000000000000 ffffffff 00cf9300 DPL=0 DS   [-WA]
GS =0030 0000000000000000 ffffffff 00cf9300 DPL=0 DS   [-WA]
LDT=0000 0000000000000000 0000ffff 00008200 DPL=0 LDT
TR =0000 0000000000000000 0000ffff 00008b00 DPL=0 TSS64-busy
GDT=     00000000079de000 00000047
IDT=     00000000074fa018 00000fff
CR0=80010033 CR2=0000000000000000 CR3=0000000007c01000 CR4=00000668
DR0=0000000000000000 DR1=0000000000000000 DR2=0000000000000000 DR3=0000000000000000 
DR6=00000000ffff0ff0 DR7=0000000000000400
CCS=0000000000000004 CCD=0000000000000000 CCO=EFLAGS
EFER=0000000000000d00
   933: v=20 e=0000 i=0 cpl=0 IP=0038:0000000007052c07 pc=0000000007052c07 SP=0030:0000000007efba60 env->regs[R_EAX]=00000000070a906f
RAX=00000000070a906f RBX=0000000000000017 RCX=00000000070a9058 RDX=0000000007efbbf8
RSI=0000000000000018 RDI=0000000000000001 RBP=0000000000000000 RSP=0000000007efba60
R8 =0000000000000018 R9 =0000000000000000 R10=0000000007f19a4d R11=0000000007059f00
R12=00000000070a9058 R13=0000000007efbbf8 R14=0000000000000001 R15=0000000007efbc10
RIP=0000000007052c07 RFL=00000206 [-----P-] CPL=0 II=0 A20=1 SMM=0 HLT=0
ES =0030 0000000000000000 ffffffff 00cf9300 DPL=0 DS   [-WA]
CS =0038 0000000000000000 ffffffff 00af9a00 DPL=0 CS64 [-R-]
SS =0030 0000000000000000 ffffffff 00cf9300 DPL=0 DS   [-WA]
DS =0030 0000000000000000 ffffffff 00cf9300 DPL=0 DS   [-WA]
FS =0030 0000000000000000 ffffffff 00cf9300 DPL=0 DS   [-WA]
GS =0030 0000000000000000 ffffffff 00cf9300 DPL=0 DS   [-WA]
LDT=0000 0000000000000000 0000ffff 00008200 DPL=0 LDT
TR =0000 0000000000000000 0000ffff 00008b00 DPL=0 TSS64-busy
GDT=     00000000079de000 00000047
IDT=     00000000074fa018 00000fff
CR0=80010033 CR2=0000000000000000 CR3=0000000007c01000 CR4=00000668
DR0=0000000000000000 DR1=0000000000000000 DR2=0000000000000000 DR3=0000000000000000 
DR6=00000000ffff0ff0 DR7=0000000000000400
CCS=0000000000000004 CCD=0000000000000000 CCO=EFLAGS
EFER=0000000000000d00
   934: v=20 e=0000 i=0 cpl=0 IP=0038:0000000007052c07 pc=0000000007052c07 SP=0030:0000000007efba60 env->regs[R_EAX]=00000000070a906f
RAX=00000000070a906f RBX=0000000000000017 RCX=00000000070a9058 RDX=0000000007efbbf8
RSI=0000000000000018 RDI=0000000000000001 RBP=0000000000000000 RSP=0000000007efba60
R8 =0000000000000018 R9 =0000000000000000 R10=0000000007f19a4d R11=0000000007059f00
R12=00000000070a9058 R13=0000000007efbbf8 R14=0000000000000001 R15=0000000007efbc10
RIP=0000000007052c07 RFL=00000206 [-----P-] CPL=0 II=0 A20=1 SMM=0 HLT=0
ES =0030 0000000000000000 ffffffff 00cf9300 DPL=0 DS   [-WA]
CS =0038 0000000000000000 ffffffff 00af9a00 DPL=0 CS64 [-R-]
SS =0030 0000000000000000 ffffffff 00cf9300 DPL=0 DS   [-WA]
DS =0030 0000000000000000 ffffffff 00cf9300 DPL=0 DS   [-WA]
FS =0030 0000000000000000 ffffffff 00cf9300 DPL=0 DS   [-WA]
GS =0030 0000000000000000 ffffffff 00cf9300 DPL=0 DS   [-WA]
LDT=0000 0000000000000000 0000ffff 00008200 DPL=0 LDT
TR =0000 0000000000000000 0000ffff 00008b00 DPL=0 TSS64-busy
GDT=     00000000079de000 00000047
IDT=     00000000074fa018 00000fff
CR0=80010033 CR2=0000000000000000 CR3=0000000007c01000 CR4=00000668
DR0=0000000000000000 DR1=0000000000000000 DR2=0000000000000000 DR3=0000000000000000 
DR6=00000000ffff0ff0 DR7=0000000000000400
CCS=0000000000000004 CCD=0000000000000000 CCO=EFLAGS
EFER=0000000000000d00
   935: v=20 e=0000 i=0 cpl=0 IP=0038:0000000007052c07 pc=0000000007052c07 SP=0030:0000000007efba60 env->regs[R_EAX]=00000000070a906f
RAX=00000000070a906f RBX=0000000000000017 RCX=00000000070a9058 RDX=0000000007efbbf8
RSI=0000000000000018 RDI=0000000000000001 RBP=0000000000000000 RSP=0000000007efba60
R8 =0000000000000018 R9 =0000000000000000 R10=0000000007f19a4d R11=0000000007059f00
R12=00000000070a9058 R13=0000000007efbbf8 R14=0000000000000001 R15=0000000007efbc10
RIP=0000000007052c07 RFL=00000206 [-----P-] CPL=0 II=0 A20=1 SMM=0 HLT=0
ES =0030 0000000000000000 ffffffff 00cf9300 DPL=0 DS   [-WA]
CS =0038 0000000000000000 ffffffff 00af9a00 DPL=0 CS64 [-R-]
SS =0030 0000000000000000 ffffffff 00cf9300 DPL=0 DS   [-WA]
DS =0030 0000000000000000 ffffffff 00cf9300 DPL=0 DS   [-WA]
FS =0030 0000000000000000 ffffffff 00cf9300 DPL=0 DS   [-WA]
GS =0030 0000000000000000 ffffffff 00cf9300 DPL=0 DS   [-WA]
LDT=0000 0000000000000000 0000ffff 00008200 DPL=0 LDT
TR =0000 0000000000000000 0000ffff 00008b00 DPL=0 TSS64-busy
GDT=     00000000079de000 00000047
IDT=     00000000074fa018 00000fff
CR0=80010033 CR2=0000000000000000 CR3=0000000007c01000 CR4=00000668
DR0=0000000000000000 DR1=0000000000000000 DR2=0000000000000000 DR3=0000000000000000 
DR6=00000000ffff0ff0 DR7=0000000000000400
CCS=0000000000000004 CCD=0000000000000000 CCO=EFLAGS
EFER=0000000000000d00
   936: v=20 e=0000 i=0 cpl=0 IP=0038:0000000007052c07 pc=0000000007052c07 SP=0030:0000000007efba60 env->regs[R_EAX]=00000000070a906f
RAX=00000000070a906f RBX=0000000000000017 RCX=00000000070a9058 RDX=0000000007efbbf8
RSI=0000000000000018 RDI=0000000000000001 RBP=0000000000000000 RSP=0000000007efba60
R8 =0000000000000018 R9 =0000000000000000 R10=0000000007f19a4d R11=0000000007059f00
R12=00000000070a9058 R13=0000000007efbbf8 R14=0000000000000001 R15=0000000007efbc10
RIP=0000000007052c07 RFL=00000206 [-----P-] CPL=0 II=0 A20=1 SMM=0 HLT=0
ES =0030 0000000000000000 ffffffff 00cf9300 DPL=0 DS   [-WA]
CS =0038 0000000000000000 ffffffff 00af9a00 DPL=0 CS64 [-R-]
SS =0030 0000000000000000 ffffffff 00cf9300 DPL=0 DS   [-WA]
DS =0030 0000000000000000 ffffffff 00cf9300 DPL=0 DS   [-WA]
FS =0030 0000000000000000 ffffffff 00cf9300 DPL=0 DS   [-WA]
GS =0030 0000000000000000 ffffffff 00cf9300 DPL=0 DS   [-WA]
LDT=0000 0000000000000000 0000ffff 00008200 DPL=0 LDT
TR =0000 0000000000000000 0000ffff 00008b00 DPL=0 TSS64-busy
GDT=     00000000079de000 00000047
IDT=     00000000074fa018 00000fff
CR0=80010033 CR2=0000000000000000 CR3=0000000007c01000 CR4=00000668
DR0=0000000000000000 DR1=0000000000000000 DR2=0000000000000000 DR3=0000000000000000 
DR6=00000000ffff0ff0 DR7=0000000000000400
CCS=0000000000000004 CCD=0000000000000000 CCO=EFLAGS
EFER=0000000000000d00
   937: v=20 e=0000 i=0 cpl=0 IP=0038:0000000007052c07 pc=0000000007052c07 SP=0030:0000000007efba60 env->regs[R_EAX]=00000000070a906f
RAX=00000000070a906f RBX=0000000000000017 RCX=00000000070a9058 RDX=0000000007efbbf8
RSI=0000000000000018 RDI=0000000000000001 RBP=0000000000000000 RSP=0000000007efba60
R8 =0000000000000018 R9 =0000000000000000 R10=0000000007f19a4d R11=0000000007059f00
R12=00000000070a9058 R13=0000000007efbbf8 R14=0000000000000001 R15=0000000007efbc10
RIP=0000000007052c07 RFL=00000206 [-----P-] CPL=0 II=0 A20=1 SMM=0 HLT=0
ES =0030 0000000000000000 ffffffff 00cf9300 DPL=0 DS   [-WA]
CS =0038 0000000000000000 ffffffff 00af9a00 DPL=0 CS64 [-R-]
SS =0030 0000000000000000 ffffffff 00cf9300 DPL=0 DS   [-WA]
DS =0030 0000000000000000 ffffffff 00cf9300 DPL=0 DS   [-WA]
FS =0030 0000000000000000 ffffffff 00cf9300 DPL=0 DS   [-WA]
GS =0030 0000000000000000 ffffffff 00cf9300 DPL=0 DS   [-WA]
LDT=0000 0000000000000000 0000ffff 00008200 DPL=0 LDT
TR =0000 0000000000000000 0000ffff 00008b00 DPL=0 TSS64-busy
GDT=     00000000079de000 00000047
IDT=     00000000074fa018 00000fff
CR0=80010033 CR2=0000000000000000 CR3=0000000007c01000 CR4=00000668
DR0=0000000000000000 DR1=0000000000000000 DR2=0000000000000000 DR3=0000000000000000 
DR6=00000000ffff0ff0 DR7=0000000000000400
CCS=0000000000000004 CCD=0000000000000000 CCO=EFLAGS
EFER=0000000000000d00
   938: v=20 e=0000 i=0 cpl=0 IP=0038:0000000007052c07 pc=0000000007052c07 SP=0030:0000000007efba60 env->regs[R_EAX]=00000000070a906f
RAX=00000000070a906f RBX=0000000000000017 RCX=00000000070a9058 RDX=0000000007efbbf8
RSI=0000000000000018 RDI=0000000000000001 RBP=0000000000000000 RSP=0000000007efba60
R8 =0000000000000018 R9 =0000000000000000 R10=0000000007f19a4d R11=0000000007059f00
R12=00000000070a9058 R13=0000000007efbbf8 R14=0000000000000001 R15=0000000007efbc10
RIP=0000000007052c07 RFL=00000206 [-----P-] CPL=0 II=0 A20=1 SMM=0 HLT=0
ES =0030 0000000000000000 ffffffff 00cf9300 DPL=0 DS   [-WA]
CS =0038 0000000000000000 ffffffff 00af9a00 DPL=0 CS64 [-R-]
SS =0030 0000000000000000 ffffffff 00cf9300 DPL=0 DS   [-WA]
DS =0030 0000000000000000 ffffffff 00cf9300 DPL=0 DS   [-WA]
FS =0030 0000000000000000 ffffffff 00cf9300 DPL=0 DS   [-WA]
GS =0030 0000000000000000 ffffffff 00cf9300 DPL=0 DS   [-WA]
LDT=0000 0000000000000000 0000ffff 00008200 DPL=0 LDT
TR =0000 0000000000000000 0000ffff 00008b00 DPL=0 TSS64-busy
GDT=     00000000079de000 00000047
IDT=     00000000074fa018 00000fff
CR0=80010033 CR2=0000000000000000 CR3=0000000007c01000 CR4=00000668
DR0=0000000000000000 DR1=0000000000000000 DR2=0000000000000000 DR3=0000000000000000 
DR6=00000000ffff0ff0 DR7=0000000000000400
CCS=0000000000000004 CCD=0000000000000000 CCO=EFLAGS
EFER=0000000000000d00
   939: v=20 e=0000 i=0 cpl=0 IP=0038:0000000007052c07 pc=0000000007052c07 SP=0030:0000000007efba60 env->regs[R_EAX]=00000000070a906f
RAX=00000000070a906f RBX=0000000000000017 RCX=00000000070a9058 RDX=0000000007efbbf8
RSI=0000000000000018 RDI=0000000000000001 RBP=0000000000000000 RSP=0000000007efba60
R8 =0000000000000018 R9 =0000000000000000 R10=0000000007f19a4d R11=0000000007059f00
R12=00000000070a9058 R13=0000000007efbbf8 R14=0000000000000001 R15=0000000007efbc10
RIP=0000000007052c07 RFL=00000206 [-----P-] CPL=0 II=0 A20=1 SMM=0 HLT=0
ES =0030 0000000000000000 ffffffff 00cf9300 DPL=0 DS   [-WA]
CS =0038 0000000000000000 ffffffff 00af9a00 DPL=0 CS64 [-R-]
SS =0030 0000000000000000 ffffffff 00cf9300 DPL=0 DS   [-WA]
DS =0030 0000000000000000 ffffffff 00cf9300 DPL=0 DS   [-WA]
FS =0030 0000000000000000 ffffffff 00cf9300 DPL=0 DS   [-WA]
GS =0030 0000000000000000 ffffffff 00cf9300 DPL=0 DS   [-WA]
LDT=0000 0000000000000000 0000ffff 00008200 DPL=0 LDT
TR =0000 0000000000000000 0000ffff 00008b00 DPL=0 TSS64-busy
GDT=     00000000079de000 00000047
IDT=     00000000074fa018 00000fff
CR0=80010033 CR2=0000000000000000 CR3=0000000007c01000 CR4=00000668
DR0=0000000000000000 DR1=0000000000000000 DR2=0000000000000000 DR3=0000000000000000 
DR6=00000000ffff0ff0 DR7=0000000000000400
CCS=0000000000000004 CCD=0000000000000000 CCO=EFLAGS
EFER=0000000000000d00
   940: v=20 e=0000 i=0 cpl=0 IP=0038:0000000007052c07 pc=0000000007052c07 SP=0030:0000000007efba60 env->regs[R_EAX]=00000000070a906f
RAX=00000000070a906f RBX=0000000000000017 RCX=00000000070a9058 RDX=0000000007efbbf8
RSI=0000000000000018 RDI=0000000000000001 RBP=0000000000000000 RSP=0000000007efba60
R8 =0000000000000018 R9 =0000000000000000 R10=0000000007f19a4d R11=0000000007059f00
R12=00000000070a9058 R13=0000000007efbbf8 R14=0000000000000001 R15=0000000007efbc10
RIP=0000000007052c07 RFL=00000206 [-----P-] CPL=0 II=0 A20=1 SMM=0 HLT=0
ES =0030 0000000000000000 ffffffff 00cf9300 DPL=0 DS   [-WA]
CS =0038 0000000000000000 ffffffff 00af9a00 DPL=0 CS64 [-R-]
SS =0030 0000000000000000 ffffffff 00cf9300 DPL=0 DS   [-WA]
DS =0030 0000000000000000 ffffffff 00cf9300 DPL=0 DS   [-WA]
FS =0030 0000000000000000 ffffffff 00cf9300 DPL=0 DS   [-WA]
GS =0030 0000000000000000 ffffffff 00cf9300 DPL=0 DS   [-WA]
LDT=0000 0000000000000000 0000ffff 00008200 DPL=0 LDT
TR =0000 0000000000000000 0000ffff 00008b00 DPL=0 TSS64-busy
GDT=     00000000079de000 00000047
IDT=     00000000074fa018 00000fff
CR0=80010033 CR2=0000000000000000 CR3=0000000007c01000 CR4=00000668
DR0=0000000000000000 DR1=0000000000000000 DR2=0000000000000000 DR3=0000000000000000 
DR6=00000000ffff0ff0 DR7=0000000000000400
CCS=0000000000000004 CCD=0000000000000000 CCO=EFLAGS
EFER=0000000000000d00
   941: v=20 e=0000 i=0 cpl=0 IP=0038:0000000007052c07 pc=0000000007052c07 SP=0030:0000000007efba60 env->regs[R_EAX]=00000000070a906f
RAX=00000000070a906f RBX=0000000000000017 RCX=00000000070a9058 RDX=0000000007efbbf8
RSI=0000000000000018 RDI=0000000000000001 RBP=0000000000000000 RSP=0000000007efba60
R8 =0000000000000018 R9 =0000000000000000 R10=0000000007f19a4d R11=0000000007059f00
R12=00000000070a9058 R13=0000000007efbbf8 R14=0000000000000001 R15=0000000007efbc10
RIP=0000000007052c07 RFL=00000206 [-----P-] CPL=0 II=0 A20=1 SMM=0 HLT=0
ES =0030 0000000000000000 ffffffff 00cf9300 DPL=0 DS   [-WA]
CS =0038 0000000000000000 ffffffff 00af9a00 DPL=0 CS64 [-R-]
SS =0030 0000000000000000 ffffffff 00cf9300 DPL=0 DS   [-WA]
DS =0030 0000000000000000 ffffffff 00cf9300 DPL=0 DS   [-WA]
FS =0030 0000000000000000 ffffffff 00cf9300 DPL=0 DS   [-WA]
GS =0030 0000000000000000 ffffffff 00cf9300 DPL=0 DS   [-WA]
LDT=0000 0000000000000000 0000ffff 00008200 DPL=0 LDT
TR =0000 0000000000000000 0000ffff 00008b00 DPL=0 TSS64-busy
GDT=     00000000079de000 00000047
IDT=     00000000074fa018 00000fff
CR0=80010033 CR2=0000000000000000 CR3=0000000007c01000 CR4=00000668
DR0=0000000000000000 DR1=0000000000000000 DR2=0000000000000000 DR3=0000000000000000 
DR6=00000000ffff0ff0 DR7=0000000000000400
CCS=0000000000000004 CCD=0000000000000000 CCO=EFLAGS
EFER=0000000000000d00
   942: v=20 e=0000 i=0 cpl=0 IP=0038:0000000007052c07 pc=0000000007052c07 SP=0030:0000000007efba60 env->regs[R_EAX]=00000000070a906f
RAX=00000000070a906f RBX=0000000000000017 RCX=00000000070a9058 RDX=0000000007efbbf8
RSI=0000000000000018 RDI=0000000000000001 RBP=0000000000000000 RSP=0000000007efba60
R8 =0000000000000018 R9 =0000000000000000 R10=0000000007f19a4d R11=0000000007059f00
R12=00000000070a9058 R13=0000000007efbbf8 R14=0000000000000001 R15=0000000007efbc10
RIP=0000000007052c07 RFL=00000206 [-----P-] CPL=0 II=0 A20=1 SMM=0 HLT=0
ES =0030 0000000000000000 ffffffff 00cf9300 DPL=0 DS   [-WA]
CS =0038 0000000000000000 ffffffff 00af9a00 DPL=0 CS64 [-R-]
SS =0030 0000000000000000 ffffffff 00cf9300 DPL=0 DS   [-WA]
DS =0030 0000000000000000 ffffffff 00cf9300 DPL=0 DS   [-WA]
FS =0030 0000000000000000 ffffffff 00cf9300 DPL=0 DS   [-WA]
GS =0030 0000000000000000 ffffffff 00cf9300 DPL=0 DS   [-WA]
LDT=0000 0000000000000000 0000ffff 00008200 DPL=0 LDT
TR =0000 0000000000000000 0000ffff 00008b00 DPL=0 TSS64-busy
GDT=     00000000079de000 00000047
IDT=     00000000074fa018 00000fff
CR0=80010033 CR2=0000000000000000 CR3=0000000007c01000 CR4=00000668
DR0=0000000000000000 DR1=0000000000000000 DR2=0000000000000000 DR3=0000000000000000 
DR6=00000000ffff0ff0 DR7=0000000000000400
CCS=0000000000000004 CCD=0000000000000000 CCO=EFLAGS
EFER=0000000000000d00
   943: v=20 e=0000 i=0 cpl=0 IP=0038:0000000007052c07 pc=0000000007052c07 SP=0030:0000000007efba60 env->regs[R_EAX]=00000000070a906f
RAX=00000000070a906f RBX=0000000000000017 RCX=00000000070a9058 RDX=0000000007efbbf8
RSI=0000000000000018 RDI=0000000000000001 RBP=0000000000000000 RSP=0000000007efba60
R8 =0000000000000018 R9 =0000000000000000 R10=0000000007f19a4d R11=0000000007059f00
R12=00000000070a9058 R13=0000000007efbbf8 R14=0000000000000001 R15=0000000007efbc10
RIP=0000000007052c07 RFL=00000206 [-----P-] CPL=0 II=0 A20=1 SMM=0 HLT=0
ES =0030 0000000000000000 ffffffff 00cf9300 DPL=0 DS   [-WA]
CS =0038 0000000000000000 ffffffff 00af9a00 DPL=0 CS64 [-R-]
SS =0030 0000000000000000 ffffffff 00cf9300 DPL=0 DS   [-WA]
DS =0030 0000000000000000 ffffffff 00cf9300 DPL=0 DS   [-WA]
FS =0030 0000000000000000 ffffffff 00cf9300 DPL=0 DS   [-WA]
GS =0030 0000000000000000 ffffffff 00cf9300 DPL=0 DS   [-WA]
LDT=0000 0000000000000000 0000ffff 00008200 DPL=0 LDT
TR =0000 0000000000000000 0000ffff 00008b00 DPL=0 TSS64-busy
GDT=     00000000079de000 00000047
IDT=     00000000074fa018 00000fff
CR0=80010033 CR2=0000000000000000 CR3=0000000007c01000 CR4=00000668
DR0=0000000000000000 DR1=0000000000000000 DR2=0000000000000000 DR3=0000000000000000 
DR6=00000000ffff0ff0 DR7=0000000000000400
CCS=0000000000000004 CCD=0000000000000000 CCO=EFLAGS
EFER=0000000000000d00
   944: v=20 e=0000 i=0 cpl=0 IP=0038:0000000007052c07 pc=0000000007052c07 SP=0030:0000000007efba60 env->regs[R_EAX]=00000000070a906f
RAX=00000000070a906f RBX=0000000000000017 RCX=00000000070a9058 RDX=0000000007efbbf8
RSI=0000000000000018 RDI=0000000000000001 RBP=0000000000000000 RSP=0000000007efba60
R8 =0000000000000018 R9 =0000000000000000 R10=0000000007f19a4d R11=0000000007059f00
R12=00000000070a9058 R13=0000000007efbbf8 R14=0000000000000001 R15=0000000007efbc10
RIP=0000000007052c07 RFL=00000206 [-----P-] CPL=0 II=0 A20=1 SMM=0 HLT=0
ES =0030 0000000000000000 ffffffff 00cf9300 DPL=0 DS   [-WA]
CS =0038 0000000000000000 ffffffff 00af9a00 DPL=0 CS64 [-R-]
SS =0030 0000000000000000 ffffffff 00cf9300 DPL=0 DS   [-WA]
DS =0030 0000000000000000 ffffffff 00cf9300 DPL=0 DS   [-WA]
FS =0030 0000000000000000 ffffffff 00cf9300 DPL=0 DS   [-WA]
GS =0030 0000000000000000 ffffffff 00cf9300 DPL=0 DS   [-WA]
LDT=0000 0000000000000000 0000ffff 00008200 DPL=0 LDT
TR =0000 0000000000000000 0000ffff 00008b00 DPL=0 TSS64-busy
GDT=     00000000079de000 00000047
IDT=     00000000074fa018 00000fff
CR0=80010033 CR2=0000000000000000 CR3=0000000007c01000 CR4=00000668
DR0=0000000000000000 DR1=0000000000000000 DR2=0000000000000000 DR3=0000000000000000 
DR6=00000000ffff0ff0 DR7=0000000000000400
CCS=0000000000000004 CCD=0000000000000000 CCO=EFLAGS
EFER=0000000000000d00
   945: v=20 e=0000 i=0 cpl=0 IP=0038:0000000007052c07 pc=0000000007052c07 SP=0030:0000000007efba60 env->regs[R_EAX]=00000000070a906f
RAX=00000000070a906f RBX=0000000000000017 RCX=00000000070a9058 RDX=0000000007efbbf8
RSI=0000000000000018 RDI=0000000000000001 RBP=0000000000000000 RSP=0000000007efba60
R8 =0000000000000018 R9 =0000000000000000 R10=0000000007f19a4d R11=0000000007059f00
R12=00000000070a9058 R13=0000000007efbbf8 R14=0000000000000001 R15=0000000007efbc10
RIP=0000000007052c07 RFL=00000206 [-----P-] CPL=0 II=0 A20=1 SMM=0 HLT=0
ES =0030 0000000000000000 ffffffff 00cf9300 DPL=0 DS   [-WA]
CS =0038 0000000000000000 ffffffff 00af9a00 DPL=0 CS64 [-R-]
SS =0030 0000000000000000 ffffffff 00cf9300 DPL=0 DS   [-WA]
DS =0030 0000000000000000 ffffffff 00cf9300 DPL=0 DS   [-WA]
FS =0030 0000000000000000 ffffffff 00cf9300 DPL=0 DS   [-WA]
GS =0030 0000000000000000 ffffffff 00cf9300 DPL=0 DS   [-WA]
LDT=0000 0000000000000000 0000ffff 00008200 DPL=0 LDT
TR =0000 0000000000000000 0000ffff 00008b00 DPL=0 TSS64-busy
GDT=     00000000079de000 00000047
IDT=     00000000074fa018 00000fff
CR0=80010033 CR2=0000000000000000 CR3=0000000007c01000 CR4=00000668
DR0=0000000000000000 DR1=0000000000000000 DR2=0000000000000000 DR3=0000000000000000 
DR6=00000000ffff0ff0 DR7=0000000000000400
CCS=0000000000000004 CCD=0000000000000000 CCO=EFLAGS
EFER=0000000000000d00
   946: v=20 e=0000 i=0 cpl=0 IP=0038:0000000007052c07 pc=0000000007052c07 SP=0030:0000000007efba60 env->regs[R_EAX]=00000000070a906f
RAX=00000000070a906f RBX=0000000000000017 RCX=00000000070a9058 RDX=0000000007efbbf8
RSI=0000000000000018 RDI=0000000000000001 RBP=0000000000000000 RSP=0000000007efba60
R8 =0000000000000018 R9 =0000000000000000 R10=0000000007f19a4d R11=0000000007059f00
R12=00000000070a9058 R13=0000000007efbbf8 R14=0000000000000001 R15=0000000007efbc10
RIP=0000000007052c07 RFL=00000206 [-----P-] CPL=0 II=0 A20=1 SMM=0 HLT=0
ES =0030 0000000000000000 ffffffff 00cf9300 DPL=0 DS   [-WA]
CS =0038 0000000000000000 ffffffff 00af9a00 DPL=0 CS64 [-R-]
SS =0030 0000000000000000 ffffffff 00cf9300 DPL=0 DS   [-WA]
DS =0030 0000000000000000 ffffffff 00cf9300 DPL=0 DS   [-WA]
FS =0030 0000000000000000 ffffffff 00cf9300 DPL=0 DS   [-WA]
GS =0030 0000000000000000 ffffffff 00cf9300 DPL=0 DS   [-WA]
LDT=0000 0000000000000000 0000ffff 00008200 DPL=0 LDT
TR =0000 0000000000000000 0000ffff 00008b00 DPL=0 TSS64-busy
GDT=     00000000079de000 00000047
IDT=     00000000074fa018 00000fff
CR0=80010033 CR2=0000000000000000 CR3=0000000007c01000 CR4=00000668
DR0=0000000000000000 DR1=0000000000000000 DR2=0000000000000000 DR3=0000000000000000 
DR6=00000000ffff0ff0 DR7=0000000000000400
CCS=0000000000000004 CCD=0000000000000000 CCO=EFLAGS
EFER=0000000000000d00
   947: v=20 e=0000 i=0 cpl=0 IP=0038:0000000007052c07 pc=0000000007052c07 SP=0030:0000000007efba60 env->regs[R_EAX]=00000000070a906f
RAX=00000000070a906f RBX=0000000000000017 RCX=00000000070a9058 RDX=0000000007efbbf8
RSI=0000000000000018 RDI=0000000000000001 RBP=0000000000000000 RSP=0000000007efba60
R8 =0000000000000018 R9 =0000000000000000 R10=0000000007f19a4d R11=0000000007059f00
R12=00000000070a9058 R13=0000000007efbbf8 R14=0000000000000001 R15=0000000007efbc10
RIP=0000000007052c07 RFL=00000206 [-----P-] CPL=0 II=0 A20=1 SMM=0 HLT=0
ES =0030 0000000000000000 ffffffff 00cf9300 DPL=0 DS   [-WA]
CS =0038 0000000000000000 ffffffff 00af9a00 DPL=0 CS64 [-R-]
SS =0030 0000000000000000 ffffffff 00cf9300 DPL=0 DS   [-WA]
DS =0030 0000000000000000 ffffffff 00cf9300 DPL=0 DS   [-WA]
FS =0030 0000000000000000 ffffffff 00cf9300 DPL=0 DS   [-WA]
GS =0030 0000000000000000 ffffffff 00cf9300 DPL=0 DS   [-WA]
LDT=0000 0000000000000000 0000ffff 00008200 DPL=0 LDT
TR =0000 0000000000000000 0000ffff 00008b00 DPL=0 TSS64-busy
GDT=     00000000079de000 00000047
IDT=     00000000074fa018 00000fff
CR0=80010033 CR2=0000000000000000 CR3=0000000007c01000 CR4=00000668
DR0=0000000000000000 DR1=0000000000000000 DR2=0000000000000000 DR3=0000000000000000 
DR6=00000000ffff0ff0 DR7=0000000000000400
CCS=0000000000000004 CCD=0000000000000000 CCO=EFLAGS
EFER=0000000000000d00
   948: v=20 e=0000 i=0 cpl=0 IP=0038:0000000007052c07 pc=0000000007052c07 SP=0030:0000000007efba60 env->regs[R_EAX]=00000000070a906f
RAX=00000000070a906f RBX=0000000000000017 RCX=00000000070a9058 RDX=0000000007efbbf8
RSI=0000000000000018 RDI=0000000000000001 RBP=0000000000000000 RSP=0000000007efba60
R8 =0000000000000018 R9 =0000000000000000 R10=0000000007f19a4d R11=0000000007059f00
R12=00000000070a9058 R13=0000000007efbbf8 R14=0000000000000001 R15=0000000007efbc10
RIP=0000000007052c07 RFL=00000206 [-----P-] CPL=0 II=0 A20=1 SMM=0 HLT=0
ES =0030 0000000000000000 ffffffff 00cf9300 DPL=0 DS   [-WA]
CS =0038 0000000000000000 ffffffff 00af9a00 DPL=0 CS64 [-R-]
SS =0030 0000000000000000 ffffffff 00cf9300 DPL=0 DS   [-WA]
DS =0030 0000000000000000 ffffffff 00cf9300 DPL=0 DS   [-WA]
FS =0030 0000000000000000 ffffffff 00cf9300 DPL=0 DS   [-WA]
GS =0030 0000000000000000 ffffffff 00cf9300 DPL=0 DS   [-WA]
LDT=0000 0000000000000000 0000ffff 00008200 DPL=0 LDT
TR =0000 0000000000000000 0000ffff 00008b00 DPL=0 TSS64-busy
GDT=     00000000079de000 00000047
IDT=     00000000074fa018 00000fff
CR0=80010033 CR2=0000000000000000 CR3=0000000007c01000 CR4=00000668
DR0=0000000000000000 DR1=0000000000000000 DR2=0000000000000000 DR3=0000000000000000 
DR6=00000000ffff0ff0 DR7=0000000000000400
CCS=0000000000000004 CCD=0000000000000000 CCO=EFLAGS
EFER=0000000000000d00
   949: v=20 e=0000 i=0 cpl=0 IP=0038:0000000007052c07 pc=0000000007052c07 SP=0030:0000000007efba60 env->regs[R_EAX]=00000000070a906f
RAX=00000000070a906f RBX=0000000000000017 RCX=00000000070a9058 RDX=0000000007efbbf8
RSI=0000000000000018 RDI=0000000000000001 RBP=0000000000000000 RSP=0000000007efba60
R8 =0000000000000018 R9 =0000000000000000 R10=0000000007f19a4d R11=0000000007059f00
R12=00000000070a9058 R13=0000000007efbbf8 R14=0000000000000001 R15=0000000007efbc10
RIP=0000000007052c07 RFL=00000206 [-----P-] CPL=0 II=0 A20=1 SMM=0 HLT=0
ES =0030 0000000000000000 ffffffff 00cf9300 DPL=0 DS   [-WA]
CS =0038 0000000000000000 ffffffff 00af9a00 DPL=0 CS64 [-R-]
SS =0030 0000000000000000 ffffffff 00cf9300 DPL=0 DS   [-WA]
DS =0030 0000000000000000 ffffffff 00cf9300 DPL=0 DS   [-WA]
FS =0030 0000000000000000 ffffffff 00cf9300 DPL=0 DS   [-WA]
GS =0030 0000000000000000 ffffffff 00cf9300 DPL=0 DS   [-WA]
LDT=0000 0000000000000000 0000ffff 00008200 DPL=0 LDT
TR =0000 0000000000000000 0000ffff 00008b00 DPL=0 TSS64-busy
GDT=     00000000079de000 00000047
IDT=     00000000074fa018 00000fff
CR0=80010033 CR2=0000000000000000 CR3=0000000007c01000 CR4=00000668
DR0=0000000000000000 DR1=0000000000000000 DR2=0000000000000000 DR3=0000000000000000 
DR6=00000000ffff0ff0 DR7=0000000000000400
CCS=0000000000000004 CCD=0000000000000000 CCO=EFLAGS
EFER=0000000000000d00
   950: v=20 e=0000 i=0 cpl=0 IP=0038:0000000007052c07 pc=0000000007052c07 SP=0030:0000000007efba60 env->regs[R_EAX]=00000000070a906f
RAX=00000000070a906f RBX=0000000000000017 RCX=00000000070a9058 RDX=0000000007efbbf8
RSI=0000000000000018 RDI=0000000000000001 RBP=0000000000000000 RSP=0000000007efba60
R8 =0000000000000018 R9 =0000000000000000 R10=0000000007f19a4d R11=0000000007059f00
R12=00000000070a9058 R13=0000000007efbbf8 R14=0000000000000001 R15=0000000007efbc10
RIP=0000000007052c07 RFL=00000206 [-----P-] CPL=0 II=0 A20=1 SMM=0 HLT=0
ES =0030 0000000000000000 ffffffff 00cf9300 DPL=0 DS   [-WA]
CS =0038 0000000000000000 ffffffff 00af9a00 DPL=0 CS64 [-R-]
SS =0030 0000000000000000 ffffffff 00cf9300 DPL=0 DS   [-WA]
DS =0030 0000000000000000 ffffffff 00cf9300 DPL=0 DS   [-WA]
FS =0030 0000000000000000 ffffffff 00cf9300 DPL=0 DS   [-WA]
GS =0030 0000000000000000 ffffffff 00cf9300 DPL=0 DS   [-WA]
LDT=0000 0000000000000000 0000ffff 00008200 DPL=0 LDT
TR =0000 0000000000000000 0000ffff 00008b00 DPL=0 TSS64-busy
GDT=     00000000079de000 00000047
IDT=     00000000074fa018 00000fff
CR0=80010033 CR2=0000000000000000 CR3=0000000007c01000 CR4=00000668
DR0=0000000000000000 DR1=0000000000000000 DR2=0000000000000000 DR3=0000000000000000 
DR6=00000000ffff0ff0 DR7=0000000000000400
CCS=0000000000000004 CCD=0000000000000000 CCO=EFLAGS
EFER=0000000000000d00
   951: v=20 e=0000 i=0 cpl=0 IP=0038:0000000007052c07 pc=0000000007052c07 SP=0030:0000000007efba60 env->regs[R_EAX]=00000000070a906f
RAX=00000000070a906f RBX=0000000000000017 RCX=00000000070a9058 RDX=0000000007efbbf8
RSI=0000000000000018 RDI=0000000000000001 RBP=0000000000000000 RSP=0000000007efba60
R8 =0000000000000018 R9 =0000000000000000 R10=0000000007f19a4d R11=0000000007059f00
R12=00000000070a9058 R13=0000000007efbbf8 R14=0000000000000001 R15=0000000007efbc10
RIP=0000000007052c07 RFL=00000206 [-----P-] CPL=0 II=0 A20=1 SMM=0 HLT=0
ES =0030 0000000000000000 ffffffff 00cf9300 DPL=0 DS   [-WA]
CS =0038 0000000000000000 ffffffff 00af9a00 DPL=0 CS64 [-R-]
SS =0030 0000000000000000 ffffffff 00cf9300 DPL=0 DS   [-WA]
DS =0030 0000000000000000 ffffffff 00cf9300 DPL=0 DS   [-WA]
FS =0030 0000000000000000 ffffffff 00cf9300 DPL=0 DS   [-WA]
GS =0030 0000000000000000 ffffffff 00cf9300 DPL=0 DS   [-WA]
LDT=0000 0000000000000000 0000ffff 00008200 DPL=0 LDT
TR =0000 0000000000000000 0000ffff 00008b00 DPL=0 TSS64-busy
GDT=     00000000079de000 00000047
IDT=     00000000074fa018 00000fff
CR0=80010033 CR2=0000000000000000 CR3=0000000007c01000 CR4=00000668
DR0=0000000000000000 DR1=0000000000000000 DR2=0000000000000000 DR3=0000000000000000 
DR6=00000000ffff0ff0 DR7=0000000000000400
CCS=0000000000000004 CCD=0000000000000000 CCO=EFLAGS
EFER=0000000000000d00
   952: v=20 e=0000 i=0 cpl=0 IP=0038:0000000007052c07 pc=0000000007052c07 SP=0030:0000000007efba60 env->regs[R_EAX]=00000000070a906f
RAX=00000000070a906f RBX=0000000000000017 RCX=00000000070a9058 RDX=0000000007efbbf8
RSI=0000000000000018 RDI=0000000000000001 RBP=0000000000000000 RSP=0000000007efba60
R8 =0000000000000018 R9 =0000000000000000 R10=0000000007f19a4d R11=0000000007059f00
R12=00000000070a9058 R13=0000000007efbbf8 R14=0000000000000001 R15=0000000007efbc10
RIP=0000000007052c07 RFL=00000206 [-----P-] CPL=0 II=0 A20=1 SMM=0 HLT=0
ES =0030 0000000000000000 ffffffff 00cf9300 DPL=0 DS   [-WA]
CS =0038 0000000000000000 ffffffff 00af9a00 DPL=0 CS64 [-R-]
SS =0030 0000000000000000 ffffffff 00cf9300 DPL=0 DS   [-WA]
DS =0030 0000000000000000 ffffffff 00cf9300 DPL=0 DS   [-WA]
FS =0030 0000000000000000 ffffffff 00cf9300 DPL=0 DS   [-WA]
GS =0030 0000000000000000 ffffffff 00cf9300 DPL=0 DS   [-WA]
LDT=0000 0000000000000000 0000ffff 00008200 DPL=0 LDT
TR =0000 0000000000000000 0000ffff 00008b00 DPL=0 TSS64-busy
GDT=     00000000079de000 00000047
IDT=     00000000074fa018 00000fff
CR0=80010033 CR2=0000000000000000 CR3=0000000007c01000 CR4=00000668
DR0=0000000000000000 DR1=0000000000000000 DR2=0000000000000000 DR3=0000000000000000 
DR6=00000000ffff0ff0 DR7=0000000000000400
CCS=0000000000000004 CCD=0000000000000000 CCO=EFLAGS
EFER=0000000000000d00
   953: v=20 e=0000 i=0 cpl=0 IP=0038:0000000007052c07 pc=0000000007052c07 SP=0030:0000000007efba60 env->regs[R_EAX]=00000000070a906f
RAX=00000000070a906f RBX=0000000000000017 RCX=00000000070a9058 RDX=0000000007efbbf8
RSI=0000000000000018 RDI=0000000000000001 RBP=0000000000000000 RSP=0000000007efba60
R8 =0000000000000018 R9 =0000000000000000 R10=0000000007f19a4d R11=0000000007059f00
R12=00000000070a9058 R13=0000000007efbbf8 R14=0000000000000001 R15=0000000007efbc10
RIP=0000000007052c07 RFL=00000206 [-----P-] CPL=0 II=0 A20=1 SMM=0 HLT=0
ES =0030 0000000000000000 ffffffff 00cf9300 DPL=0 DS   [-WA]
CS =0038 0000000000000000 ffffffff 00af9a00 DPL=0 CS64 [-R-]
SS =0030 0000000000000000 ffffffff 00cf9300 DPL=0 DS   [-WA]
DS =0030 0000000000000000 ffffffff 00cf9300 DPL=0 DS   [-WA]
FS =0030 0000000000000000 ffffffff 00cf9300 DPL=0 DS   [-WA]
GS =0030 0000000000000000 ffffffff 00cf9300 DPL=0 DS   [-WA]
LDT=0000 0000000000000000 0000ffff 00008200 DPL=0 LDT
TR =0000 0000000000000000 0000ffff 00008b00 DPL=0 TSS64-busy
GDT=     00000000079de000 00000047
IDT=     00000000074fa018 00000fff
CR0=80010033 CR2=0000000000000000 CR3=0000000007c01000 CR4=00000668
DR0=0000000000000000 DR1=0000000000000000 DR2=0000000000000000 DR3=0000000000000000 
DR6=00000000ffff0ff0 DR7=0000000000000400
CCS=0000000000000004 CCD=0000000000000000 CCO=EFLAGS
EFER=0000000000000d00
   954: v=20 e=0000 i=0 cpl=0 IP=0038:0000000007052c07 pc=0000000007052c07 SP=0030:0000000007efba60 env->regs[R_EAX]=00000000070a906f
RAX=00000000070a906f RBX=0000000000000017 RCX=00000000070a9058 RDX=0000000007efbbf8
RSI=0000000000000018 RDI=0000000000000001 RBP=0000000000000000 RSP=0000000007efba60
R8 =0000000000000018 R9 =0000000000000000 R10=0000000007f19a4d R11=0000000007059f00
R12=00000000070a9058 R13=0000000007efbbf8 R14=0000000000000001 R15=0000000007efbc10
RIP=0000000007052c07 RFL=00000206 [-----P-] CPL=0 II=0 A20=1 SMM=0 HLT=0
ES =0030 0000000000000000 ffffffff 00cf9300 DPL=0 DS   [-WA]
CS =0038 0000000000000000 ffffffff 00af9a00 DPL=0 CS64 [-R-]
SS =0030 0000000000000000 ffffffff 00cf9300 DPL=0 DS   [-WA]
DS =0030 0000000000000000 ffffffff 00cf9300 DPL=0 DS   [-WA]
FS =0030 0000000000000000 ffffffff 00cf9300 DPL=0 DS   [-WA]
GS =0030 0000000000000000 ffffffff 00cf9300 DPL=0 DS   [-WA]
LDT=0000 0000000000000000 0000ffff 00008200 DPL=0 LDT
TR =0000 0000000000000000 0000ffff 00008b00 DPL=0 TSS64-busy
GDT=     00000000079de000 00000047
IDT=     00000000074fa018 00000fff
CR0=80010033 CR2=0000000000000000 CR3=0000000007c01000 CR4=00000668
DR0=0000000000000000 DR1=0000000000000000 DR2=0000000000000000 DR3=0000000000000000 
DR6=00000000ffff0ff0 DR7=0000000000000400
CCS=0000000000000004 CCD=0000000000000000 CCO=EFLAGS
EFER=0000000000000d00
   955: v=20 e=0000 i=0 cpl=0 IP=0038:0000000007052c07 pc=0000000007052c07 SP=0030:0000000007efba60 env->regs[R_EAX]=00000000070a906f
RAX=00000000070a906f RBX=0000000000000017 RCX=00000000070a9058 RDX=0000000007efbbf8
RSI=0000000000000018 RDI=0000000000000001 RBP=0000000000000000 RSP=0000000007efba60
R8 =0000000000000018 R9 =0000000000000000 R10=0000000007f19a4d R11=0000000007059f00
R12=00000000070a9058 R13=0000000007efbbf8 R14=0000000000000001 R15=0000000007efbc10
RIP=0000000007052c07 RFL=00000206 [-----P-] CPL=0 II=0 A20=1 SMM=0 HLT=0
ES =0030 0000000000000000 ffffffff 00cf9300 DPL=0 DS   [-WA]
CS =0038 0000000000000000 ffffffff 00af9a00 DPL=0 CS64 [-R-]
SS =0030 0000000000000000 ffffffff 00cf9300 DPL=0 DS   [-WA]
DS =0030 0000000000000000 ffffffff 00cf9300 DPL=0 DS   [-WA]
FS =0030 0000000000000000 ffffffff 00cf9300 DPL=0 DS   [-WA]
GS =0030 0000000000000000 ffffffff 00cf9300 DPL=0 DS   [-WA]
LDT=0000 0000000000000000 0000ffff 00008200 DPL=0 LDT
TR =0000 0000000000000000 0000ffff 00008b00 DPL=0 TSS64-busy
GDT=     00000000079de000 00000047
IDT=     00000000074fa018 00000fff
CR0=80010033 CR2=0000000000000000 CR3=0000000007c01000 CR4=00000668
DR0=0000000000000000 DR1=0000000000000000 DR2=0000000000000000 DR3=0000000000000000 
DR6=00000000ffff0ff0 DR7=0000000000000400
CCS=0000000000000004 CCD=0000000000000000 CCO=EFLAGS
EFER=0000000000000d00
   956: v=20 e=0000 i=0 cpl=0 IP=0038:0000000007052c07 pc=0000000007052c07 SP=0030:0000000007efba60 env->regs[R_EAX]=00000000070a906f
RAX=00000000070a906f RBX=0000000000000017 RCX=00000000070a9058 RDX=0000000007efbbf8
RSI=0000000000000018 RDI=0000000000000001 RBP=0000000000000000 RSP=0000000007efba60
R8 =0000000000000018 R9 =0000000000000000 R10=0000000007f19a4d R11=0000000007059f00
R12=00000000070a9058 R13=0000000007efbbf8 R14=0000000000000001 R15=0000000007efbc10
RIP=0000000007052c07 RFL=00000206 [-----P-] CPL=0 II=0 A20=1 SMM=0 HLT=0
ES =0030 0000000000000000 ffffffff 00cf9300 DPL=0 DS   [-WA]
CS =0038 0000000000000000 ffffffff 00af9a00 DPL=0 CS64 [-R-]
SS =0030 0000000000000000 ffffffff 00cf9300 DPL=0 DS   [-WA]
DS =0030 0000000000000000 ffffffff 00cf9300 DPL=0 DS   [-WA]
FS =0030 0000000000000000 ffffffff 00cf9300 DPL=0 DS   [-WA]
GS =0030 0000000000000000 ffffffff 00cf9300 DPL=0 DS   [-WA]
LDT=0000 0000000000000000 0000ffff 00008200 DPL=0 LDT
TR =0000 0000000000000000 0000ffff 00008b00 DPL=0 TSS64-busy
GDT=     00000000079de000 00000047
IDT=     00000000074fa018 00000fff
CR0=80010033 CR2=0000000000000000 CR3=0000000007c01000 CR4=00000668
DR0=0000000000000000 DR1=0000000000000000 DR2=0000000000000000 DR3=0000000000000000 
DR6=00000000ffff0ff0 DR7=0000000000000400
CCS=0000000000000004 CCD=0000000000000000 CCO=EFLAGS
EFER=0000000000000d00
   957: v=20 e=0000 i=0 cpl=0 IP=0038:0000000007052c07 pc=0000000007052c07 SP=0030:0000000007efba60 env->regs[R_EAX]=00000000070a906f
RAX=00000000070a906f RBX=0000000000000017 RCX=00000000070a9058 RDX=0000000007efbbf8
RSI=0000000000000018 RDI=0000000000000001 RBP=0000000000000000 RSP=0000000007efba60
R8 =0000000000000018 R9 =0000000000000000 R10=0000000007f19a4d R11=0000000007059f00
R12=00000000070a9058 R13=0000000007efbbf8 R14=0000000000000001 R15=0000000007efbc10
RIP=0000000007052c07 RFL=00000206 [-----P-] CPL=0 II=0 A20=1 SMM=0 HLT=0
ES =0030 0000000000000000 ffffffff 00cf9300 DPL=0 DS   [-WA]
CS =0038 0000000000000000 ffffffff 00af9a00 DPL=0 CS64 [-R-]
SS =0030 0000000000000000 ffffffff 00cf9300 DPL=0 DS   [-WA]
DS =0030 0000000000000000 ffffffff 00cf9300 DPL=0 DS   [-WA]
FS =0030 0000000000000000 ffffffff 00cf9300 DPL=0 DS   [-WA]
GS =0030 0000000000000000 ffffffff 00cf9300 DPL=0 DS   [-WA]
LDT=0000 0000000000000000 0000ffff 00008200 DPL=0 LDT
TR =0000 0000000000000000 0000ffff 00008b00 DPL=0 TSS64-busy
GDT=     00000000079de000 00000047
IDT=     00000000074fa018 00000fff
CR0=80010033 CR2=0000000000000000 CR3=0000000007c01000 CR4=00000668
DR0=0000000000000000 DR1=0000000000000000 DR2=0000000000000000 DR3=0000000000000000 
DR6=00000000ffff0ff0 DR7=0000000000000400
CCS=0000000000000004 CCD=0000000000000000 CCO=EFLAGS
EFER=0000000000000d00
   958: v=20 e=0000 i=0 cpl=0 IP=0038:0000000007052c07 pc=0000000007052c07 SP=0030:0000000007efba60 env->regs[R_EAX]=00000000070a906f
RAX=00000000070a906f RBX=0000000000000017 RCX=00000000070a9058 RDX=0000000007efbbf8
RSI=0000000000000018 RDI=0000000000000001 RBP=0000000000000000 RSP=0000000007efba60
R8 =0000000000000018 R9 =0000000000000000 R10=0000000007f19a4d R11=0000000007059f00
R12=00000000070a9058 R13=0000000007efbbf8 R14=0000000000000001 R15=0000000007efbc10
RIP=0000000007052c07 RFL=00000206 [-----P-] CPL=0 II=0 A20=1 SMM=0 HLT=0
ES =0030 0000000000000000 ffffffff 00cf9300 DPL=0 DS   [-WA]
CS =0038 0000000000000000 ffffffff 00af9a00 DPL=0 CS64 [-R-]
SS =0030 0000000000000000 ffffffff 00cf9300 DPL=0 DS   [-WA]
DS =0030 0000000000000000 ffffffff 00cf9300 DPL=0 DS   [-WA]
FS =0030 0000000000000000 ffffffff 00cf9300 DPL=0 DS   [-WA]
GS =0030 0000000000000000 ffffffff 00cf9300 DPL=0 DS   [-WA]
LDT=0000 0000000000000000 0000ffff 00008200 DPL=0 LDT
TR =0000 0000000000000000 0000ffff 00008b00 DPL=0 TSS64-busy
GDT=     00000000079de000 00000047
IDT=     00000000074fa018 00000fff
CR0=80010033 CR2=0000000000000000 CR3=0000000007c01000 CR4=00000668
DR0=0000000000000000 DR1=0000000000000000 DR2=0000000000000000 DR3=0000000000000000 
DR6=00000000ffff0ff0 DR7=0000000000000400
CCS=0000000000000004 CCD=0000000000000000 CCO=EFLAGS
EFER=0000000000000d00
   959: v=20 e=0000 i=0 cpl=0 IP=0038:0000000007052c07 pc=0000000007052c07 SP=0030:0000000007efba60 env->regs[R_EAX]=00000000070a906f
RAX=00000000070a906f RBX=0000000000000017 RCX=00000000070a9058 RDX=0000000007efbbf8
RSI=0000000000000018 RDI=0000000000000001 RBP=0000000000000000 RSP=0000000007efba60
R8 =0000000000000018 R9 =0000000000000000 R10=0000000007f19a4d R11=0000000007059f00
R12=00000000070a9058 R13=0000000007efbbf8 R14=0000000000000001 R15=0000000007efbc10
RIP=0000000007052c07 RFL=00000206 [-----P-] CPL=0 II=0 A20=1 SMM=0 HLT=0
ES =0030 0000000000000000 ffffffff 00cf9300 DPL=0 DS   [-WA]
CS =0038 0000000000000000 ffffffff 00af9a00 DPL=0 CS64 [-R-]
SS =0030 0000000000000000 ffffffff 00cf9300 DPL=0 DS   [-WA]
DS =0030 0000000000000000 ffffffff 00cf9300 DPL=0 DS   [-WA]
FS =0030 0000000000000000 ffffffff 00cf9300 DPL=0 DS   [-WA]
GS =0030 0000000000000000 ffffffff 00cf9300 DPL=0 DS   [-WA]
LDT=0000 0000000000000000 0000ffff 00008200 DPL=0 LDT
TR =0000 0000000000000000 0000ffff 00008b00 DPL=0 TSS64-busy
GDT=     00000000079de000 00000047
IDT=     00000000074fa018 00000fff
CR0=80010033 CR2=0000000000000000 CR3=0000000007c01000 CR4=00000668
DR0=0000000000000000 DR1=0000000000000000 DR2=0000000000000000 DR3=0000000000000000 
DR6=00000000ffff0ff0 DR7=0000000000000400
CCS=0000000000000004 CCD=0000000000000000 CCO=EFLAGS
EFER=0000000000000d00
   960: v=20 e=0000 i=0 cpl=0 IP=0038:0000000007052c07 pc=0000000007052c07 SP=0030:0000000007efba60 env->regs[R_EAX]=00000000070a906f
RAX=00000000070a906f RBX=0000000000000017 RCX=00000000070a9058 RDX=0000000007efbbf8
RSI=0000000000000018 RDI=0000000000000001 RBP=0000000000000000 RSP=0000000007efba60
R8 =0000000000000018 R9 =0000000000000000 R10=0000000007f19a4d R11=0000000007059f00
R12=00000000070a9058 R13=0000000007efbbf8 R14=0000000000000001 R15=0000000007efbc10
RIP=0000000007052c07 RFL=00000206 [-----P-] CPL=0 II=0 A20=1 SMM=0 HLT=0
ES =0030 0000000000000000 ffffffff 00cf9300 DPL=0 DS   [-WA]
CS =0038 0000000000000000 ffffffff 00af9a00 DPL=0 CS64 [-R-]
SS =0030 0000000000000000 ffffffff 00cf9300 DPL=0 DS   [-WA]
DS =0030 0000000000000000 ffffffff 00cf9300 DPL=0 DS   [-WA]
FS =0030 0000000000000000 ffffffff 00cf9300 DPL=0 DS   [-WA]
GS =0030 0000000000000000 ffffffff 00cf9300 DPL=0 DS   [-WA]
LDT=0000 0000000000000000 0000ffff 00008200 DPL=0 LDT
TR =0000 0000000000000000 0000ffff 00008b00 DPL=0 TSS64-busy
GDT=     00000000079de000 00000047
IDT=     00000000074fa018 00000fff
CR0=80010033 CR2=0000000000000000 CR3=0000000007c01000 CR4=00000668
DR0=0000000000000000 DR1=0000000000000000 DR2=0000000000000000 DR3=0000000000000000 
DR6=00000000ffff0ff0 DR7=0000000000000400
CCS=0000000000000004 CCD=0000000000000000 CCO=EFLAGS
EFER=0000000000000d00
   961: v=20 e=0000 i=0 cpl=0 IP=0038:0000000007052c07 pc=0000000007052c07 SP=0030:0000000007efba60 env->regs[R_EAX]=00000000070a906f
RAX=00000000070a906f RBX=0000000000000017 RCX=00000000070a9058 RDX=0000000007efbbf8
RSI=0000000000000018 RDI=0000000000000001 RBP=0000000000000000 RSP=0000000007efba60
R8 =0000000000000018 R9 =0000000000000000 R10=0000000007f19a4d R11=0000000007059f00
R12=00000000070a9058 R13=0000000007efbbf8 R14=0000000000000001 R15=0000000007efbc10
RIP=0000000007052c07 RFL=00000206 [-----P-] CPL=0 II=0 A20=1 SMM=0 HLT=0
ES =0030 0000000000000000 ffffffff 00cf9300 DPL=0 DS   [-WA]
CS =0038 0000000000000000 ffffffff 00af9a00 DPL=0 CS64 [-R-]
SS =0030 0000000000000000 ffffffff 00cf9300 DPL=0 DS   [-WA]
DS =0030 0000000000000000 ffffffff 00cf9300 DPL=0 DS   [-WA]
FS =0030 0000000000000000 ffffffff 00cf9300 DPL=0 DS   [-WA]
GS =0030 0000000000000000 ffffffff 00cf9300 DPL=0 DS   [-WA]
LDT=0000 0000000000000000 0000ffff 00008200 DPL=0 LDT
TR =0000 0000000000000000 0000ffff 00008b00 DPL=0 TSS64-busy
GDT=     00000000079de000 00000047
IDT=     00000000074fa018 00000fff
CR0=80010033 CR2=0000000000000000 CR3=0000000007c01000 CR4=00000668
DR0=0000000000000000 DR1=0000000000000000 DR2=0000000000000000 DR3=0000000000000000 
DR6=00000000ffff0ff0 DR7=0000000000000400
CCS=0000000000000004 CCD=0000000000000000 CCO=EFLAGS
EFER=0000000000000d00
   962: v=20 e=0000 i=0 cpl=0 IP=0038:0000000007052c07 pc=0000000007052c07 SP=0030:0000000007efba60 env->regs[R_EAX]=00000000070a906f
RAX=00000000070a906f RBX=0000000000000017 RCX=00000000070a9058 RDX=0000000007efbbf8
RSI=0000000000000018 RDI=0000000000000001 RBP=0000000000000000 RSP=0000000007efba60
R8 =0000000000000018 R9 =0000000000000000 R10=0000000007f19a4d R11=0000000007059f00
R12=00000000070a9058 R13=0000000007efbbf8 R14=0000000000000001 R15=0000000007efbc10
RIP=0000000007052c07 RFL=00000206 [-----P-] CPL=0 II=0 A20=1 SMM=0 HLT=0
ES =0030 0000000000000000 ffffffff 00cf9300 DPL=0 DS   [-WA]
CS =0038 0000000000000000 ffffffff 00af9a00 DPL=0 CS64 [-R-]
SS =0030 0000000000000000 ffffffff 00cf9300 DPL=0 DS   [-WA]
DS =0030 0000000000000000 ffffffff 00cf9300 DPL=0 DS   [-WA]
FS =0030 0000000000000000 ffffffff 00cf9300 DPL=0 DS   [-WA]
GS =0030 0000000000000000 ffffffff 00cf9300 DPL=0 DS   [-WA]
LDT=0000 0000000000000000 0000ffff 00008200 DPL=0 LDT
TR =0000 0000000000000000 0000ffff 00008b00 DPL=0 TSS64-busy
GDT=     00000000079de000 00000047
IDT=     00000000074fa018 00000fff
CR0=80010033 CR2=0000000000000000 CR3=0000000007c01000 CR4=00000668
DR0=0000000000000000 DR1=0000000000000000 DR2=0000000000000000 DR3=0000000000000000 
DR6=00000000ffff0ff0 DR7=0000000000000400
CCS=0000000000000004 CCD=0000000000000000 CCO=EFLAGS
EFER=0000000000000d00
   963: v=20 e=0000 i=0 cpl=0 IP=0038:0000000007052c07 pc=0000000007052c07 SP=0030:0000000007efba60 env->regs[R_EAX]=00000000070a906f
RAX=00000000070a906f RBX=0000000000000017 RCX=00000000070a9058 RDX=0000000007efbbf8
RSI=0000000000000018 RDI=0000000000000001 RBP=0000000000000000 RSP=0000000007efba60
R8 =0000000000000018 R9 =0000000000000000 R10=0000000007f19a4d R11=0000000007059f00
R12=00000000070a9058 R13=0000000007efbbf8 R14=0000000000000001 R15=0000000007efbc10
RIP=0000000007052c07 RFL=00000206 [-----P-] CPL=0 II=0 A20=1 SMM=0 HLT=0
ES =0030 0000000000000000 ffffffff 00cf9300 DPL=0 DS   [-WA]
CS =0038 0000000000000000 ffffffff 00af9a00 DPL=0 CS64 [-R-]
SS =0030 0000000000000000 ffffffff 00cf9300 DPL=0 DS   [-WA]
DS =0030 0000000000000000 ffffffff 00cf9300 DPL=0 DS   [-WA]
FS =0030 0000000000000000 ffffffff 00cf9300 DPL=0 DS   [-WA]
GS =0030 0000000000000000 ffffffff 00cf9300 DPL=0 DS   [-WA]
LDT=0000 0000000000000000 0000ffff 00008200 DPL=0 LDT
TR =0000 0000000000000000 0000ffff 00008b00 DPL=0 TSS64-busy
GDT=     00000000079de000 00000047
IDT=     00000000074fa018 00000fff
CR0=80010033 CR2=0000000000000000 CR3=0000000007c01000 CR4=00000668
DR0=0000000000000000 DR1=0000000000000000 DR2=0000000000000000 DR3=0000000000000000 
DR6=00000000ffff0ff0 DR7=0000000000000400
CCS=0000000000000004 CCD=0000000000000000 CCO=EFLAGS
EFER=0000000000000d00
   964: v=20 e=0000 i=0 cpl=0 IP=0038:0000000007052c07 pc=0000000007052c07 SP=0030:0000000007efba60 env->regs[R_EAX]=00000000070a906f
RAX=00000000070a906f RBX=0000000000000017 RCX=00000000070a9058 RDX=0000000007efbbf8
RSI=0000000000000018 RDI=0000000000000001 RBP=0000000000000000 RSP=0000000007efba60
R8 =0000000000000018 R9 =0000000000000000 R10=0000000007f19a4d R11=0000000007059f00
R12=00000000070a9058 R13=0000000007efbbf8 R14=0000000000000001 R15=0000000007efbc10
RIP=0000000007052c07 RFL=00000206 [-----P-] CPL=0 II=0 A20=1 SMM=0 HLT=0
ES =0030 0000000000000000 ffffffff 00cf9300 DPL=0 DS   [-WA]
CS =0038 0000000000000000 ffffffff 00af9a00 DPL=0 CS64 [-R-]
SS =0030 0000000000000000 ffffffff 00cf9300 DPL=0 DS   [-WA]
DS =0030 0000000000000000 ffffffff 00cf9300 DPL=0 DS   [-WA]
FS =0030 0000000000000000 ffffffff 00cf9300 DPL=0 DS   [-WA]
GS =0030 0000000000000000 ffffffff 00cf9300 DPL=0 DS   [-WA]
LDT=0000 0000000000000000 0000ffff 00008200 DPL=0 LDT
TR =0000 0000000000000000 0000ffff 00008b00 DPL=0 TSS64-busy
GDT=     00000000079de000 00000047
IDT=     00000000074fa018 00000fff
CR0=80010033 CR2=0000000000000000 CR3=0000000007c01000 CR4=00000668
DR0=0000000000000000 DR1=0000000000000000 DR2=0000000000000000 DR3=0000000000000000 
DR6=00000000ffff0ff0 DR7=0000000000000400
CCS=0000000000000004 CCD=0000000000000000 CCO=EFLAGS
EFER=0000000000000d00
   965: v=20 e=0000 i=0 cpl=0 IP=0038:0000000007052c07 pc=0000000007052c07 SP=0030:0000000007efba60 env->regs[R_EAX]=00000000070a906f
RAX=00000000070a906f RBX=0000000000000017 RCX=00000000070a9058 RDX=0000000007efbbf8
RSI=0000000000000018 RDI=0000000000000001 RBP=0000000000000000 RSP=0000000007efba60
R8 =0000000000000018 R9 =0000000000000000 R10=0000000007f19a4d R11=0000000007059f00
R12=00000000070a9058 R13=0000000007efbbf8 R14=0000000000000001 R15=0000000007efbc10
RIP=0000000007052c07 RFL=00000206 [-----P-] CPL=0 II=0 A20=1 SMM=0 HLT=0
ES =0030 0000000000000000 ffffffff 00cf9300 DPL=0 DS   [-WA]
CS =0038 0000000000000000 ffffffff 00af9a00 DPL=0 CS64 [-R-]
SS =0030 0000000000000000 ffffffff 00cf9300 DPL=0 DS   [-WA]
DS =0030 0000000000000000 ffffffff 00cf9300 DPL=0 DS   [-WA]
FS =0030 0000000000000000 ffffffff 00cf9300 DPL=0 DS   [-WA]
GS =0030 0000000000000000 ffffffff 00cf9300 DPL=0 DS   [-WA]
LDT=0000 0000000000000000 0000ffff 00008200 DPL=0 LDT
TR =0000 0000000000000000 0000ffff 00008b00 DPL=0 TSS64-busy
GDT=     00000000079de000 00000047
IDT=     00000000074fa018 00000fff
CR0=80010033 CR2=0000000000000000 CR3=0000000007c01000 CR4=00000668
DR0=0000000000000000 DR1=0000000000000000 DR2=0000000000000000 DR3=0000000000000000 
DR6=00000000ffff0ff0 DR7=0000000000000400
CCS=0000000000000004 CCD=0000000000000000 CCO=EFLAGS
EFER=0000000000000d00
   966: v=20 e=0000 i=0 cpl=0 IP=0038:0000000007052c07 pc=0000000007052c07 SP=0030:0000000007efba60 env->regs[R_EAX]=00000000070a906f
RAX=00000000070a906f RBX=0000000000000017 RCX=00000000070a9058 RDX=0000000007efbbf8
RSI=0000000000000018 RDI=0000000000000001 RBP=0000000000000000 RSP=0000000007efba60
R8 =0000000000000018 R9 =0000000000000000 R10=0000000007f19a4d R11=0000000007059f00
R12=00000000070a9058 R13=0000000007efbbf8 R14=0000000000000001 R15=0000000007efbc10
RIP=0000000007052c07 RFL=00000206 [-----P-] CPL=0 II=0 A20=1 SMM=0 HLT=0
ES =0030 0000000000000000 ffffffff 00cf9300 DPL=0 DS   [-WA]
CS =0038 0000000000000000 ffffffff 00af9a00 DPL=0 CS64 [-R-]
SS =0030 0000000000000000 ffffffff 00cf9300 DPL=0 DS   [-WA]
DS =0030 0000000000000000 ffffffff 00cf9300 DPL=0 DS   [-WA]
FS =0030 0000000000000000 ffffffff 00cf9300 DPL=0 DS   [-WA]
GS =0030 0000000000000000 ffffffff 00cf9300 DPL=0 DS   [-WA]
LDT=0000 0000000000000000 0000ffff 00008200 DPL=0 LDT
TR =0000 0000000000000000 0000ffff 00008b00 DPL=0 TSS64-busy
GDT=     00000000079de000 00000047
IDT=     00000000074fa018 00000fff
CR0=80010033 CR2=0000000000000000 CR3=0000000007c01000 CR4=00000668
DR0=0000000000000000 DR1=0000000000000000 DR2=0000000000000000 DR3=0000000000000000 
DR6=00000000ffff0ff0 DR7=0000000000000400
CCS=0000000000000004 CCD=0000000000000000 CCO=EFLAGS
EFER=0000000000000d00
   967: v=20 e=0000 i=0 cpl=0 IP=0038:0000000007052c07 pc=0000000007052c07 SP=0030:0000000007efba60 env->regs[R_EAX]=00000000070a906f
RAX=00000000070a906f RBX=0000000000000017 RCX=00000000070a9058 RDX=0000000007efbbf8
RSI=0000000000000018 RDI=0000000000000001 RBP=0000000000000000 RSP=0000000007efba60
R8 =0000000000000018 R9 =0000000000000000 R10=0000000007f19a4d R11=0000000007059f00
R12=00000000070a9058 R13=0000000007efbbf8 R14=0000000000000001 R15=0000000007efbc10
RIP=0000000007052c07 RFL=00000206 [-----P-] CPL=0 II=0 A20=1 SMM=0 HLT=0
ES =0030 0000000000000000 ffffffff 00cf9300 DPL=0 DS   [-WA]
CS =0038 0000000000000000 ffffffff 00af9a00 DPL=0 CS64 [-R-]
SS =0030 0000000000000000 ffffffff 00cf9300 DPL=0 DS   [-WA]
DS =0030 0000000000000000 ffffffff 00cf9300 DPL=0 DS   [-WA]
FS =0030 0000000000000000 ffffffff 00cf9300 DPL=0 DS   [-WA]
GS =0030 0000000000000000 ffffffff 00cf9300 DPL=0 DS   [-WA]
LDT=0000 0000000000000000 0000ffff 00008200 DPL=0 LDT
TR =0000 0000000000000000 0000ffff 00008b00 DPL=0 TSS64-busy
GDT=     00000000079de000 00000047
IDT=     00000000074fa018 00000fff
CR0=80010033 CR2=0000000000000000 CR3=0000000007c01000 CR4=00000668
DR0=0000000000000000 DR1=0000000000000000 DR2=0000000000000000 DR3=0000000000000000 
DR6=00000000ffff0ff0 DR7=0000000000000400
CCS=0000000000000004 CCD=0000000000000000 CCO=EFLAGS
EFER=0000000000000d00
   968: v=20 e=0000 i=0 cpl=0 IP=0038:0000000007052c07 pc=0000000007052c07 SP=0030:0000000007efba60 env->regs[R_EAX]=00000000070a906f
RAX=00000000070a906f RBX=0000000000000017 RCX=00000000070a9058 RDX=0000000007efbbf8
RSI=0000000000000018 RDI=0000000000000001 RBP=0000000000000000 RSP=0000000007efba60
R8 =0000000000000018 R9 =0000000000000000 R10=0000000007f19a4d R11=0000000007059f00
R12=00000000070a9058 R13=0000000007efbbf8 R14=0000000000000001 R15=0000000007efbc10
RIP=0000000007052c07 RFL=00000206 [-----P-] CPL=0 II=0 A20=1 SMM=0 HLT=0
ES =0030 0000000000000000 ffffffff 00cf9300 DPL=0 DS   [-WA]
CS =0038 0000000000000000 ffffffff 00af9a00 DPL=0 CS64 [-R-]
SS =0030 0000000000000000 ffffffff 00cf9300 DPL=0 DS   [-WA]
DS =0030 0000000000000000 ffffffff 00cf9300 DPL=0 DS   [-WA]
FS =0030 0000000000000000 ffffffff 00cf9300 DPL=0 DS   [-WA]
GS =0030 0000000000000000 ffffffff 00cf9300 DPL=0 DS   [-WA]
LDT=0000 0000000000000000 0000ffff 00008200 DPL=0 LDT
TR =0000 0000000000000000 0000ffff 00008b00 DPL=0 TSS64-busy
GDT=     00000000079de000 00000047
IDT=     00000000074fa018 00000fff
CR0=80010033 CR2=0000000000000000 CR3=0000000007c01000 CR4=00000668
DR0=0000000000000000 DR1=0000000000000000 DR2=0000000000000000 DR3=0000000000000000 
DR6=00000000ffff0ff0 DR7=0000000000000400
CCS=0000000000000004 CCD=0000000000000000 CCO=EFLAGS
EFER=0000000000000d00
   969: v=20 e=0000 i=0 cpl=0 IP=0038:0000000007052c07 pc=0000000007052c07 SP=0030:0000000007efba60 env->regs[R_EAX]=00000000070a906f
RAX=00000000070a906f RBX=0000000000000017 RCX=00000000070a9058 RDX=0000000007efbbf8
RSI=0000000000000018 RDI=0000000000000001 RBP=0000000000000000 RSP=0000000007efba60
R8 =0000000000000018 R9 =0000000000000000 R10=0000000007f19a4d R11=0000000007059f00
R12=00000000070a9058 R13=0000000007efbbf8 R14=0000000000000001 R15=0000000007efbc10
RIP=0000000007052c07 RFL=00000206 [-----P-] CPL=0 II=0 A20=1 SMM=0 HLT=0
ES =0030 0000000000000000 ffffffff 00cf9300 DPL=0 DS   [-WA]
CS =0038 0000000000000000 ffffffff 00af9a00 DPL=0 CS64 [-R-]
SS =0030 0000000000000000 ffffffff 00cf9300 DPL=0 DS   [-WA]
DS =0030 0000000000000000 ffffffff 00cf9300 DPL=0 DS   [-WA]
FS =0030 0000000000000000 ffffffff 00cf9300 DPL=0 DS   [-WA]
GS =0030 0000000000000000 ffffffff 00cf9300 DPL=0 DS   [-WA]
LDT=0000 0000000000000000 0000ffff 00008200 DPL=0 LDT
TR =0000 0000000000000000 0000ffff 00008b00 DPL=0 TSS64-busy
GDT=     00000000079de000 00000047
IDT=     00000000074fa018 00000fff
CR0=80010033 CR2=0000000000000000 CR3=0000000007c01000 CR4=00000668
DR0=0000000000000000 DR1=0000000000000000 DR2=0000000000000000 DR3=0000000000000000 
DR6=00000000ffff0ff0 DR7=0000000000000400
CCS=0000000000000004 CCD=0000000000000000 CCO=EFLAGS
EFER=0000000000000d00
   970: v=20 e=0000 i=0 cpl=0 IP=0038:0000000007052c07 pc=0000000007052c07 SP=0030:0000000007efba60 env->regs[R_EAX]=00000000070a906f
RAX=00000000070a906f RBX=0000000000000017 RCX=00000000070a9058 RDX=0000000007efbbf8
RSI=0000000000000018 RDI=0000000000000001 RBP=0000000000000000 RSP=0000000007efba60
R8 =0000000000000018 R9 =0000000000000000 R10=0000000007f19a4d R11=0000000007059f00
R12=00000000070a9058 R13=0000000007efbbf8 R14=0000000000000001 R15=0000000007efbc10
RIP=0000000007052c07 RFL=00000206 [-----P-] CPL=0 II=0 A20=1 SMM=0 HLT=0
ES =0030 0000000000000000 ffffffff 00cf9300 DPL=0 DS   [-WA]
CS =0038 0000000000000000 ffffffff 00af9a00 DPL=0 CS64 [-R-]
SS =0030 0000000000000000 ffffffff 00cf9300 DPL=0 DS   [-WA]
DS =0030 0000000000000000 ffffffff 00cf9300 DPL=0 DS   [-WA]
FS =0030 0000000000000000 ffffffff 00cf9300 DPL=0 DS   [-WA]
GS =0030 0000000000000000 ffffffff 00cf9300 DPL=0 DS   [-WA]
LDT=0000 0000000000000000 0000ffff 00008200 DPL=0 LDT
TR =0000 0000000000000000 0000ffff 00008b00 DPL=0 TSS64-busy
GDT=     00000000079de000 00000047
IDT=     00000000074fa018 00000fff
CR0=80010033 CR2=0000000000000000 CR3=0000000007c01000 CR4=00000668
DR0=0000000000000000 DR1=0000000000000000 DR2=0000000000000000 DR3=0000000000000000 
DR6=00000000ffff0ff0 DR7=0000000000000400
CCS=0000000000000004 CCD=0000000000000000 CCO=EFLAGS
EFER=0000000000000d00
   971: v=20 e=0000 i=0 cpl=0 IP=0038:0000000007052c07 pc=0000000007052c07 SP=0030:0000000007efba60 env->regs[R_EAX]=00000000070a906f
RAX=00000000070a906f RBX=0000000000000017 RCX=00000000070a9058 RDX=0000000007efbbf8
RSI=0000000000000018 RDI=0000000000000001 RBP=0000000000000000 RSP=0000000007efba60
R8 =0000000000000018 R9 =0000000000000000 R10=0000000007f19a4d R11=0000000007059f00
R12=00000000070a9058 R13=0000000007efbbf8 R14=0000000000000001 R15=0000000007efbc10
RIP=0000000007052c07 RFL=00000206 [-----P-] CPL=0 II=0 A20=1 SMM=0 HLT=0
ES =0030 0000000000000000 ffffffff 00cf9300 DPL=0 DS   [-WA]
CS =0038 0000000000000000 ffffffff 00af9a00 DPL=0 CS64 [-R-]
SS =0030 0000000000000000 ffffffff 00cf9300 DPL=0 DS   [-WA]
DS =0030 0000000000000000 ffffffff 00cf9300 DPL=0 DS   [-WA]
FS =0030 0000000000000000 ffffffff 00cf9300 DPL=0 DS   [-WA]
GS =0030 0000000000000000 ffffffff 00cf9300 DPL=0 DS   [-WA]
LDT=0000 0000000000000000 0000ffff 00008200 DPL=0 LDT
TR =0000 0000000000000000 0000ffff 00008b00 DPL=0 TSS64-busy
GDT=     00000000079de000 00000047
IDT=     00000000074fa018 00000fff
CR0=80010033 CR2=0000000000000000 CR3=0000000007c01000 CR4=00000668
DR0=0000000000000000 DR1=0000000000000000 DR2=0000000000000000 DR3=0000000000000000 
DR6=00000000ffff0ff0 DR7=0000000000000400
CCS=0000000000000004 CCD=0000000000000000 CCO=EFLAGS
EFER=0000000000000d00
   972: v=20 e=0000 i=0 cpl=0 IP=0038:0000000007052c07 pc=0000000007052c07 SP=0030:0000000007efba60 env->regs[R_EAX]=00000000070a906f
RAX=00000000070a906f RBX=0000000000000017 RCX=00000000070a9058 RDX=0000000007efbbf8
RSI=0000000000000018 RDI=0000000000000001 RBP=0000000000000000 RSP=0000000007efba60
R8 =0000000000000018 R9 =0000000000000000 R10=0000000007f19a4d R11=0000000007059f00
R12=00000000070a9058 R13=0000000007efbbf8 R14=0000000000000001 R15=0000000007efbc10
RIP=0000000007052c07 RFL=00000206 [-----P-] CPL=0 II=0 A20=1 SMM=0 HLT=0
ES =0030 0000000000000000 ffffffff 00cf9300 DPL=0 DS   [-WA]
CS =0038 0000000000000000 ffffffff 00af9a00 DPL=0 CS64 [-R-]
SS =0030 0000000000000000 ffffffff 00cf9300 DPL=0 DS   [-WA]
DS =0030 0000000000000000 ffffffff 00cf9300 DPL=0 DS   [-WA]
FS =0030 0000000000000000 ffffffff 00cf9300 DPL=0 DS   [-WA]
GS =0030 0000000000000000 ffffffff 00cf9300 DPL=0 DS   [-WA]
LDT=0000 0000000000000000 0000ffff 00008200 DPL=0 LDT
TR =0000 0000000000000000 0000ffff 00008b00 DPL=0 TSS64-busy
GDT=     00000000079de000 00000047
IDT=     00000000074fa018 00000fff
CR0=80010033 CR2=0000000000000000 CR3=0000000007c01000 CR4=00000668
DR0=0000000000000000 DR1=0000000000000000 DR2=0000000000000000 DR3=0000000000000000 
DR6=00000000ffff0ff0 DR7=0000000000000400
CCS=0000000000000004 CCD=0000000000000000 CCO=EFLAGS
EFER=0000000000000d00
   973: v=20 e=0000 i=0 cpl=0 IP=0038:0000000007052c07 pc=0000000007052c07 SP=0030:0000000007efba60 env->regs[R_EAX]=00000000070a906f
RAX=00000000070a906f RBX=0000000000000017 RCX=00000000070a9058 RDX=0000000007efbbf8
RSI=0000000000000018 RDI=0000000000000001 RBP=0000000000000000 RSP=0000000007efba60
R8 =0000000000000018 R9 =0000000000000000 R10=0000000007f19a4d R11=0000000007059f00
R12=00000000070a9058 R13=0000000007efbbf8 R14=0000000000000001 R15=0000000007efbc10
RIP=0000000007052c07 RFL=00000206 [-----P-] CPL=0 II=0 A20=1 SMM=0 HLT=0
ES =0030 0000000000000000 ffffffff 00cf9300 DPL=0 DS   [-WA]
CS =0038 0000000000000000 ffffffff 00af9a00 DPL=0 CS64 [-R-]
SS =0030 0000000000000000 ffffffff 00cf9300 DPL=0 DS   [-WA]
DS =0030 0000000000000000 ffffffff 00cf9300 DPL=0 DS   [-WA]
FS =0030 0000000000000000 ffffffff 00cf9300 DPL=0 DS   [-WA]
GS =0030 0000000000000000 ffffffff 00cf9300 DPL=0 DS   [-WA]
LDT=0000 0000000000000000 0000ffff 00008200 DPL=0 LDT
TR =0000 0000000000000000 0000ffff 00008b00 DPL=0 TSS64-busy
GDT=     00000000079de000 00000047
IDT=     00000000074fa018 00000fff
CR0=80010033 CR2=0000000000000000 CR3=0000000007c01000 CR4=00000668
DR0=0000000000000000 DR1=0000000000000000 DR2=0000000000000000 DR3=0000000000000000 
DR6=00000000ffff0ff0 DR7=0000000000000400
CCS=0000000000000004 CCD=0000000000000000 CCO=EFLAGS
EFER=0000000000000d00
   974: v=20 e=0000 i=0 cpl=0 IP=0038:0000000007052c07 pc=0000000007052c07 SP=0030:0000000007efba60 env->regs[R_EAX]=00000000070a906f
RAX=00000000070a906f RBX=0000000000000017 RCX=00000000070a9058 RDX=0000000007efbbf8
RSI=0000000000000018 RDI=0000000000000001 RBP=0000000000000000 RSP=0000000007efba60
R8 =0000000000000018 R9 =0000000000000000 R10=0000000007f19a4d R11=0000000007059f00
R12=00000000070a9058 R13=0000000007efbbf8 R14=0000000000000001 R15=0000000007efbc10
RIP=0000000007052c07 RFL=00000206 [-----P-] CPL=0 II=0 A20=1 SMM=0 HLT=0
ES =0030 0000000000000000 ffffffff 00cf9300 DPL=0 DS   [-WA]
CS =0038 0000000000000000 ffffffff 00af9a00 DPL=0 CS64 [-R-]
SS =0030 0000000000000000 ffffffff 00cf9300 DPL=0 DS   [-WA]
DS =0030 0000000000000000 ffffffff 00cf9300 DPL=0 DS   [-WA]
FS =0030 0000000000000000 ffffffff 00cf9300 DPL=0 DS   [-WA]
GS =0030 0000000000000000 ffffffff 00cf9300 DPL=0 DS   [-WA]
LDT=0000 0000000000000000 0000ffff 00008200 DPL=0 LDT
TR =0000 0000000000000000 0000ffff 00008b00 DPL=0 TSS64-busy
GDT=     00000000079de000 00000047
IDT=     00000000074fa018 00000fff
CR0=80010033 CR2=0000000000000000 CR3=0000000007c01000 CR4=00000668
DR0=0000000000000000 DR1=0000000000000000 DR2=0000000000000000 DR3=0000000000000000 
DR6=00000000ffff0ff0 DR7=0000000000000400
CCS=0000000000000004 CCD=0000000000000000 CCO=EFLAGS
EFER=0000000000000d00
   975: v=20 e=0000 i=0 cpl=0 IP=0038:0000000007052c07 pc=0000000007052c07 SP=0030:0000000007efba60 env->regs[R_EAX]=00000000070a906f
RAX=00000000070a906f RBX=0000000000000017 RCX=00000000070a9058 RDX=0000000007efbbf8
RSI=0000000000000018 RDI=0000000000000001 RBP=0000000000000000 RSP=0000000007efba60
R8 =0000000000000018 R9 =0000000000000000 R10=0000000007f19a4d R11=0000000007059f00
R12=00000000070a9058 R13=0000000007efbbf8 R14=0000000000000001 R15=0000000007efbc10
RIP=0000000007052c07 RFL=00000206 [-----P-] CPL=0 II=0 A20=1 SMM=0 HLT=0
ES =0030 0000000000000000 ffffffff 00cf9300 DPL=0 DS   [-WA]
CS =0038 0000000000000000 ffffffff 00af9a00 DPL=0 CS64 [-R-]
SS =0030 0000000000000000 ffffffff 00cf9300 DPL=0 DS   [-WA]
DS =0030 0000000000000000 ffffffff 00cf9300 DPL=0 DS   [-WA]
FS =0030 0000000000000000 ffffffff 00cf9300 DPL=0 DS   [-WA]
GS =0030 0000000000000000 ffffffff 00cf9300 DPL=0 DS   [-WA]
LDT=0000 0000000000000000 0000ffff 00008200 DPL=0 LDT
TR =0000 0000000000000000 0000ffff 00008b00 DPL=0 TSS64-busy
GDT=     00000000079de000 00000047
IDT=     00000000074fa018 00000fff
CR0=80010033 CR2=0000000000000000 CR3=0000000007c01000 CR4=00000668
DR0=0000000000000000 DR1=0000000000000000 DR2=0000000000000000 DR3=0000000000000000 
DR6=00000000ffff0ff0 DR7=0000000000000400
CCS=0000000000000004 CCD=0000000000000000 CCO=EFLAGS
EFER=0000000000000d00
   976: v=20 e=0000 i=0 cpl=0 IP=0038:0000000007052c07 pc=0000000007052c07 SP=0030:0000000007efba60 env->regs[R_EAX]=00000000070a906f
RAX=00000000070a906f RBX=0000000000000017 RCX=00000000070a9058 RDX=0000000007efbbf8
RSI=0000000000000018 RDI=0000000000000001 RBP=0000000000000000 RSP=0000000007efba60
R8 =0000000000000018 R9 =0000000000000000 R10=0000000007f19a4d R11=0000000007059f00
R12=00000000070a9058 R13=0000000007efbbf8 R14=0000000000000001 R15=0000000007efbc10
RIP=0000000007052c07 RFL=00000206 [-----P-] CPL=0 II=0 A20=1 SMM=0 HLT=0
ES =0030 0000000000000000 ffffffff 00cf9300 DPL=0 DS   [-WA]
CS =0038 0000000000000000 ffffffff 00af9a00 DPL=0 CS64 [-R-]
SS =0030 0000000000000000 ffffffff 00cf9300 DPL=0 DS   [-WA]
DS =0030 0000000000000000 ffffffff 00cf9300 DPL=0 DS   [-WA]
FS =0030 0000000000000000 ffffffff 00cf9300 DPL=0 DS   [-WA]
GS =0030 0000000000000000 ffffffff 00cf9300 DPL=0 DS   [-WA]
LDT=0000 0000000000000000 0000ffff 00008200 DPL=0 LDT
TR =0000 0000000000000000 0000ffff 00008b00 DPL=0 TSS64-busy
GDT=     00000000079de000 00000047
IDT=     00000000074fa018 00000fff
CR0=80010033 CR2=0000000000000000 CR3=0000000007c01000 CR4=00000668
DR0=0000000000000000 DR1=0000000000000000 DR2=0000000000000000 DR3=0000000000000000 
DR6=00000000ffff0ff0 DR7=0000000000000400
CCS=0000000000000004 CCD=0000000000000000 CCO=EFLAGS
EFER=0000000000000d00
   977: v=20 e=0000 i=0 cpl=0 IP=0038:0000000007052c07 pc=0000000007052c07 SP=0030:0000000007efba60 env->regs[R_EAX]=00000000070a906f
RAX=00000000070a906f RBX=0000000000000017 RCX=00000000070a9058 RDX=0000000007efbbf8
RSI=0000000000000018 RDI=0000000000000001 RBP=0000000000000000 RSP=0000000007efba60
R8 =0000000000000018 R9 =0000000000000000 R10=0000000007f19a4d R11=0000000007059f00
R12=00000000070a9058 R13=0000000007efbbf8 R14=0000000000000001 R15=0000000007efbc10
RIP=0000000007052c07 RFL=00000206 [-----P-] CPL=0 II=0 A20=1 SMM=0 HLT=0
ES =0030 0000000000000000 ffffffff 00cf9300 DPL=0 DS   [-WA]
CS =0038 0000000000000000 ffffffff 00af9a00 DPL=0 CS64 [-R-]
SS =0030 0000000000000000 ffffffff 00cf9300 DPL=0 DS   [-WA]
DS =0030 0000000000000000 ffffffff 00cf9300 DPL=0 DS   [-WA]
FS =0030 0000000000000000 ffffffff 00cf9300 DPL=0 DS   [-WA]
GS =0030 0000000000000000 ffffffff 00cf9300 DPL=0 DS   [-WA]
LDT=0000 0000000000000000 0000ffff 00008200 DPL=0 LDT
TR =0000 0000000000000000 0000ffff 00008b00 DPL=0 TSS64-busy
GDT=     00000000079de000 00000047
IDT=     00000000074fa018 00000fff
CR0=80010033 CR2=0000000000000000 CR3=0000000007c01000 CR4=00000668
DR0=0000000000000000 DR1=0000000000000000 DR2=0000000000000000 DR3=0000000000000000 
DR6=00000000ffff0ff0 DR7=0000000000000400
CCS=0000000000000004 CCD=0000000000000000 CCO=EFLAGS
EFER=0000000000000d00
   978: v=20 e=0000 i=0 cpl=0 IP=0038:0000000007052c07 pc=0000000007052c07 SP=0030:0000000007efba60 env->regs[R_EAX]=00000000070a906f
RAX=00000000070a906f RBX=0000000000000017 RCX=00000000070a9058 RDX=0000000007efbbf8
RSI=0000000000000018 RDI=0000000000000001 RBP=0000000000000000 RSP=0000000007efba60
R8 =0000000000000018 R9 =0000000000000000 R10=0000000007f19a4d R11=0000000007059f00
R12=00000000070a9058 R13=0000000007efbbf8 R14=0000000000000001 R15=0000000007efbc10
RIP=0000000007052c07 RFL=00000206 [-----P-] CPL=0 II=0 A20=1 SMM=0 HLT=0
ES =0030 0000000000000000 ffffffff 00cf9300 DPL=0 DS   [-WA]
CS =0038 0000000000000000 ffffffff 00af9a00 DPL=0 CS64 [-R-]
SS =0030 0000000000000000 ffffffff 00cf9300 DPL=0 DS   [-WA]
DS =0030 0000000000000000 ffffffff 00cf9300 DPL=0 DS   [-WA]
FS =0030 0000000000000000 ffffffff 00cf9300 DPL=0 DS   [-WA]
GS =0030 0000000000000000 ffffffff 00cf9300 DPL=0 DS   [-WA]
LDT=0000 0000000000000000 0000ffff 00008200 DPL=0 LDT
TR =0000 0000000000000000 0000ffff 00008b00 DPL=0 TSS64-busy
GDT=     00000000079de000 00000047
IDT=     00000000074fa018 00000fff
CR0=80010033 CR2=0000000000000000 CR3=0000000007c01000 CR4=00000668
DR0=0000000000000000 DR1=0000000000000000 DR2=0000000000000000 DR3=0000000000000000 
DR6=00000000ffff0ff0 DR7=0000000000000400
CCS=0000000000000004 CCD=0000000000000000 CCO=EFLAGS
EFER=0000000000000d00
   979: v=20 e=0000 i=0 cpl=0 IP=0038:0000000007052c07 pc=0000000007052c07 SP=0030:0000000007efba60 env->regs[R_EAX]=00000000070a906f
RAX=00000000070a906f RBX=0000000000000017 RCX=00000000070a9058 RDX=0000000007efbbf8
RSI=0000000000000018 RDI=0000000000000001 RBP=0000000000000000 RSP=0000000007efba60
R8 =0000000000000018 R9 =0000000000000000 R10=0000000007f19a4d R11=0000000007059f00
R12=00000000070a9058 R13=0000000007efbbf8 R14=0000000000000001 R15=0000000007efbc10
RIP=0000000007052c07 RFL=00000206 [-----P-] CPL=0 II=0 A20=1 SMM=0 HLT=0
ES =0030 0000000000000000 ffffffff 00cf9300 DPL=0 DS   [-WA]
CS =0038 0000000000000000 ffffffff 00af9a00 DPL=0 CS64 [-R-]
SS =0030 0000000000000000 ffffffff 00cf9300 DPL=0 DS   [-WA]
DS =0030 0000000000000000 ffffffff 00cf9300 DPL=0 DS   [-WA]
FS =0030 0000000000000000 ffffffff 00cf9300 DPL=0 DS   [-WA]
GS =0030 0000000000000000 ffffffff 00cf9300 DPL=0 DS   [-WA]
LDT=0000 0000000000000000 0000ffff 00008200 DPL=0 LDT
TR =0000 0000000000000000 0000ffff 00008b00 DPL=0 TSS64-busy
GDT=     00000000079de000 00000047
IDT=     00000000074fa018 00000fff
CR0=80010033 CR2=0000000000000000 CR3=0000000007c01000 CR4=00000668
DR0=0000000000000000 DR1=0000000000000000 DR2=0000000000000000 DR3=0000000000000000 
DR6=00000000ffff0ff0 DR7=0000000000000400
CCS=0000000000000004 CCD=0000000000000000 CCO=EFLAGS
EFER=0000000000000d00
   980: v=20 e=0000 i=0 cpl=0 IP=0038:0000000007052c07 pc=0000000007052c07 SP=0030:0000000007efba60 env->regs[R_EAX]=00000000070a906f
RAX=00000000070a906f RBX=0000000000000017 RCX=00000000070a9058 RDX=0000000007efbbf8
RSI=0000000000000018 RDI=0000000000000001 RBP=0000000000000000 RSP=0000000007efba60
R8 =0000000000000018 R9 =0000000000000000 R10=0000000007f19a4d R11=0000000007059f00
R12=00000000070a9058 R13=0000000007efbbf8 R14=0000000000000001 R15=0000000007efbc10
RIP=0000000007052c07 RFL=00000206 [-----P-] CPL=0 II=0 A20=1 SMM=0 HLT=0
ES =0030 0000000000000000 ffffffff 00cf9300 DPL=0 DS   [-WA]
CS =0038 0000000000000000 ffffffff 00af9a00 DPL=0 CS64 [-R-]
SS =0030 0000000000000000 ffffffff 00cf9300 DPL=0 DS   [-WA]
DS =0030 0000000000000000 ffffffff 00cf9300 DPL=0 DS   [-WA]
FS =0030 0000000000000000 ffffffff 00cf9300 DPL=0 DS   [-WA]
GS =0030 0000000000000000 ffffffff 00cf9300 DPL=0 DS   [-WA]
LDT=0000 0000000000000000 0000ffff 00008200 DPL=0 LDT
TR =0000 0000000000000000 0000ffff 00008b00 DPL=0 TSS64-busy
GDT=     00000000079de000 00000047
IDT=     00000000074fa018 00000fff
CR0=80010033 CR2=0000000000000000 CR3=0000000007c01000 CR4=00000668
DR0=0000000000000000 DR1=0000000000000000 DR2=0000000000000000 DR3=0000000000000000 
DR6=00000000ffff0ff0 DR7=0000000000000400
CCS=0000000000000004 CCD=0000000000000000 CCO=EFLAGS
EFER=0000000000000d00
   981: v=20 e=0000 i=0 cpl=0 IP=0038:0000000007052c07 pc=0000000007052c07 SP=0030:0000000007efba60 env->regs[R_EAX]=00000000070a906f
RAX=00000000070a906f RBX=0000000000000017 RCX=00000000070a9058 RDX=0000000007efbbf8
RSI=0000000000000018 RDI=0000000000000001 RBP=0000000000000000 RSP=0000000007efba60
R8 =0000000000000018 R9 =0000000000000000 R10=0000000007f19a4d R11=0000000007059f00
R12=00000000070a9058 R13=0000000007efbbf8 R14=0000000000000001 R15=0000000007efbc10
RIP=0000000007052c07 RFL=00000206 [-----P-] CPL=0 II=0 A20=1 SMM=0 HLT=0
ES =0030 0000000000000000 ffffffff 00cf9300 DPL=0 DS   [-WA]
CS =0038 0000000000000000 ffffffff 00af9a00 DPL=0 CS64 [-R-]
SS =0030 0000000000000000 ffffffff 00cf9300 DPL=0 DS   [-WA]
DS =0030 0000000000000000 ffffffff 00cf9300 DPL=0 DS   [-WA]
FS =0030 0000000000000000 ffffffff 00cf9300 DPL=0 DS   [-WA]
GS =0030 0000000000000000 ffffffff 00cf9300 DPL=0 DS   [-WA]
LDT=0000 0000000000000000 0000ffff 00008200 DPL=0 LDT
TR =0000 0000000000000000 0000ffff 00008b00 DPL=0 TSS64-busy
GDT=     00000000079de000 00000047
IDT=     00000000074fa018 00000fff
CR0=80010033 CR2=0000000000000000 CR3=0000000007c01000 CR4=00000668
DR0=0000000000000000 DR1=0000000000000000 DR2=0000000000000000 DR3=0000000000000000 
DR6=00000000ffff0ff0 DR7=0000000000000400
CCS=0000000000000004 CCD=0000000000000000 CCO=EFLAGS
EFER=0000000000000d00
   982: v=20 e=0000 i=0 cpl=0 IP=0038:0000000007052c07 pc=0000000007052c07 SP=0030:0000000007efba60 env->regs[R_EAX]=00000000070a906f
RAX=00000000070a906f RBX=0000000000000017 RCX=00000000070a9058 RDX=0000000007efbbf8
RSI=0000000000000018 RDI=0000000000000001 RBP=0000000000000000 RSP=0000000007efba60
R8 =0000000000000018 R9 =0000000000000000 R10=0000000007f19a4d R11=0000000007059f00
R12=00000000070a9058 R13=0000000007efbbf8 R14=0000000000000001 R15=0000000007efbc10
RIP=0000000007052c07 RFL=00000206 [-----P-] CPL=0 II=0 A20=1 SMM=0 HLT=0
ES =0030 0000000000000000 ffffffff 00cf9300 DPL=0 DS   [-WA]
CS =0038 0000000000000000 ffffffff 00af9a00 DPL=0 CS64 [-R-]
SS =0030 0000000000000000 ffffffff 00cf9300 DPL=0 DS   [-WA]
DS =0030 0000000000000000 ffffffff 00cf9300 DPL=0 DS   [-WA]
FS =0030 0000000000000000 ffffffff 00cf9300 DPL=0 DS   [-WA]
GS =0030 0000000000000000 ffffffff 00cf9300 DPL=0 DS   [-WA]
LDT=0000 0000000000000000 0000ffff 00008200 DPL=0 LDT
TR =0000 0000000000000000 0000ffff 00008b00 DPL=0 TSS64-busy
GDT=     00000000079de000 00000047
IDT=     00000000074fa018 00000fff
CR0=80010033 CR2=0000000000000000 CR3=0000000007c01000 CR4=00000668
DR0=0000000000000000 DR1=0000000000000000 DR2=0000000000000000 DR3=0000000000000000 
DR6=00000000ffff0ff0 DR7=0000000000000400
CCS=0000000000000004 CCD=0000000000000000 CCO=EFLAGS
EFER=0000000000000d00
   983: v=20 e=0000 i=0 cpl=0 IP=0038:0000000007052c07 pc=0000000007052c07 SP=0030:0000000007efba60 env->regs[R_EAX]=00000000070a906f
RAX=00000000070a906f RBX=0000000000000017 RCX=00000000070a9058 RDX=0000000007efbbf8
RSI=0000000000000018 RDI=0000000000000001 RBP=0000000000000000 RSP=0000000007efba60
R8 =0000000000000018 R9 =0000000000000000 R10=0000000007f19a4d R11=0000000007059f00
R12=00000000070a9058 R13=0000000007efbbf8 R14=0000000000000001 R15=0000000007efbc10
RIP=0000000007052c07 RFL=00000206 [-----P-] CPL=0 II=0 A20=1 SMM=0 HLT=0
ES =0030 0000000000000000 ffffffff 00cf9300 DPL=0 DS   [-WA]
CS =0038 0000000000000000 ffffffff 00af9a00 DPL=0 CS64 [-R-]
SS =0030 0000000000000000 ffffffff 00cf9300 DPL=0 DS   [-WA]
DS =0030 0000000000000000 ffffffff 00cf9300 DPL=0 DS   [-WA]
FS =0030 0000000000000000 ffffffff 00cf9300 DPL=0 DS   [-WA]
GS =0030 0000000000000000 ffffffff 00cf9300 DPL=0 DS   [-WA]
LDT=0000 0000000000000000 0000ffff 00008200 DPL=0 LDT
TR =0000 0000000000000000 0000ffff 00008b00 DPL=0 TSS64-busy
GDT=     00000000079de000 00000047
IDT=     00000000074fa018 00000fff
CR0=80010033 CR2=0000000000000000 CR3=0000000007c01000 CR4=00000668
DR0=0000000000000000 DR1=0000000000000000 DR2=0000000000000000 DR3=0000000000000000 
DR6=00000000ffff0ff0 DR7=0000000000000400
CCS=0000000000000004 CCD=0000000000000000 CCO=EFLAGS
EFER=0000000000000d00
   984: v=20 e=0000 i=0 cpl=0 IP=0038:0000000007052c07 pc=0000000007052c07 SP=0030:0000000007efba60 env->regs[R_EAX]=00000000070a906f
RAX=00000000070a906f RBX=0000000000000017 RCX=00000000070a9058 RDX=0000000007efbbf8
RSI=0000000000000018 RDI=0000000000000001 RBP=0000000000000000 RSP=0000000007efba60
R8 =0000000000000018 R9 =0000000000000000 R10=0000000007f19a4d R11=0000000007059f00
R12=00000000070a9058 R13=0000000007efbbf8 R14=0000000000000001 R15=0000000007efbc10
RIP=0000000007052c07 RFL=00000206 [-----P-] CPL=0 II=0 A20=1 SMM=0 HLT=0
ES =0030 0000000000000000 ffffffff 00cf9300 DPL=0 DS   [-WA]
CS =0038 0000000000000000 ffffffff 00af9a00 DPL=0 CS64 [-R-]
SS =0030 0000000000000000 ffffffff 00cf9300 DPL=0 DS   [-WA]
DS =0030 0000000000000000 ffffffff 00cf9300 DPL=0 DS   [-WA]
FS =0030 0000000000000000 ffffffff 00cf9300 DPL=0 DS   [-WA]
GS =0030 0000000000000000 ffffffff 00cf9300 DPL=0 DS   [-WA]
LDT=0000 0000000000000000 0000ffff 00008200 DPL=0 LDT
TR =0000 0000000000000000 0000ffff 00008b00 DPL=0 TSS64-busy
GDT=     00000000079de000 00000047
IDT=     00000000074fa018 00000fff
CR0=80010033 CR2=0000000000000000 CR3=0000000007c01000 CR4=00000668
DR0=0000000000000000 DR1=0000000000000000 DR2=0000000000000000 DR3=0000000000000000 
DR6=00000000ffff0ff0 DR7=0000000000000400
CCS=0000000000000004 CCD=0000000000000000 CCO=EFLAGS
EFER=0000000000000d00
   985: v=20 e=0000 i=0 cpl=0 IP=0038:0000000007052c07 pc=0000000007052c07 SP=0030:0000000007efba60 env->regs[R_EAX]=00000000070a906f
RAX=00000000070a906f RBX=0000000000000017 RCX=00000000070a9058 RDX=0000000007efbbf8
RSI=0000000000000018 RDI=0000000000000001 RBP=0000000000000000 RSP=0000000007efba60
R8 =0000000000000018 R9 =0000000000000000 R10=0000000007f19a4d R11=0000000007059f00
R12=00000000070a9058 R13=0000000007efbbf8 R14=0000000000000001 R15=0000000007efbc10
RIP=0000000007052c07 RFL=00000206 [-----P-] CPL=0 II=0 A20=1 SMM=0 HLT=0
ES =0030 0000000000000000 ffffffff 00cf9300 DPL=0 DS   [-WA]
CS =0038 0000000000000000 ffffffff 00af9a00 DPL=0 CS64 [-R-]
SS =0030 0000000000000000 ffffffff 00cf9300 DPL=0 DS   [-WA]
DS =0030 0000000000000000 ffffffff 00cf9300 DPL=0 DS   [-WA]
FS =0030 0000000000000000 ffffffff 00cf9300 DPL=0 DS   [-WA]
GS =0030 0000000000000000 ffffffff 00cf9300 DPL=0 DS   [-WA]
LDT=0000 0000000000000000 0000ffff 00008200 DPL=0 LDT
TR =0000 0000000000000000 0000ffff 00008b00 DPL=0 TSS64-busy
GDT=     00000000079de000 00000047
IDT=     00000000074fa018 00000fff
CR0=80010033 CR2=0000000000000000 CR3=0000000007c01000 CR4=00000668
DR0=0000000000000000 DR1=0000000000000000 DR2=0000000000000000 DR3=0000000000000000 
DR6=00000000ffff0ff0 DR7=0000000000000400
CCS=0000000000000004 CCD=0000000000000000 CCO=EFLAGS
EFER=0000000000000d00
   986: v=20 e=0000 i=0 cpl=0 IP=0038:0000000007052c07 pc=0000000007052c07 SP=0030:0000000007efba60 env->regs[R_EAX]=00000000070a906f
RAX=00000000070a906f RBX=0000000000000017 RCX=00000000070a9058 RDX=0000000007efbbf8
RSI=0000000000000018 RDI=0000000000000001 RBP=0000000000000000 RSP=0000000007efba60
R8 =0000000000000018 R9 =0000000000000000 R10=0000000007f19a4d R11=0000000007059f00
R12=00000000070a9058 R13=0000000007efbbf8 R14=0000000000000001 R15=0000000007efbc10
RIP=0000000007052c07 RFL=00000206 [-----P-] CPL=0 II=0 A20=1 SMM=0 HLT=0
ES =0030 0000000000000000 ffffffff 00cf9300 DPL=0 DS   [-WA]
CS =0038 0000000000000000 ffffffff 00af9a00 DPL=0 CS64 [-R-]
SS =0030 0000000000000000 ffffffff 00cf9300 DPL=0 DS   [-WA]
DS =0030 0000000000000000 ffffffff 00cf9300 DPL=0 DS   [-WA]
FS =0030 0000000000000000 ffffffff 00cf9300 DPL=0 DS   [-WA]
GS =0030 0000000000000000 ffffffff 00cf9300 DPL=0 DS   [-WA]
LDT=0000 0000000000000000 0000ffff 00008200 DPL=0 LDT
TR =0000 0000000000000000 0000ffff 00008b00 DPL=0 TSS64-busy
GDT=     00000000079de000 00000047
IDT=     00000000074fa018 00000fff
CR0=80010033 CR2=0000000000000000 CR3=0000000007c01000 CR4=00000668
DR0=0000000000000000 DR1=0000000000000000 DR2=0000000000000000 DR3=0000000000000000 
DR6=00000000ffff0ff0 DR7=0000000000000400
CCS=0000000000000004 CCD=0000000000000000 CCO=EFLAGS
EFER=0000000000000d00
   987: v=20 e=0000 i=0 cpl=0 IP=0038:0000000007052c07 pc=0000000007052c07 SP=0030:0000000007efba60 env->regs[R_EAX]=00000000070a906f
RAX=00000000070a906f RBX=0000000000000017 RCX=00000000070a9058 RDX=0000000007efbbf8
RSI=0000000000000018 RDI=0000000000000001 RBP=0000000000000000 RSP=0000000007efba60
R8 =0000000000000018 R9 =0000000000000000 R10=0000000007f19a4d R11=0000000007059f00
R12=00000000070a9058 R13=0000000007efbbf8 R14=0000000000000001 R15=0000000007efbc10
RIP=0000000007052c07 RFL=00000206 [-----P-] CPL=0 II=0 A20=1 SMM=0 HLT=0
ES =0030 0000000000000000 ffffffff 00cf9300 DPL=0 DS   [-WA]
CS =0038 0000000000000000 ffffffff 00af9a00 DPL=0 CS64 [-R-]
SS =0030 0000000000000000 ffffffff 00cf9300 DPL=0 DS   [-WA]
DS =0030 0000000000000000 ffffffff 00cf9300 DPL=0 DS   [-WA]
FS =0030 0000000000000000 ffffffff 00cf9300 DPL=0 DS   [-WA]
GS =0030 0000000000000000 ffffffff 00cf9300 DPL=0 DS   [-WA]
LDT=0000 0000000000000000 0000ffff 00008200 DPL=0 LDT
TR =0000 0000000000000000 0000ffff 00008b00 DPL=0 TSS64-busy
GDT=     00000000079de000 00000047
IDT=     00000000074fa018 00000fff
CR0=80010033 CR2=0000000000000000 CR3=0000000007c01000 CR4=00000668
DR0=0000000000000000 DR1=0000000000000000 DR2=0000000000000000 DR3=0000000000000000 
DR6=00000000ffff0ff0 DR7=0000000000000400
CCS=0000000000000004 CCD=0000000000000000 CCO=EFLAGS
EFER=0000000000000d00
   988: v=20 e=0000 i=0 cpl=0 IP=0038:0000000007052c07 pc=0000000007052c07 SP=0030:0000000007efba60 env->regs[R_EAX]=00000000070a906f
RAX=00000000070a906f RBX=0000000000000017 RCX=00000000070a9058 RDX=0000000007efbbf8
RSI=0000000000000018 RDI=0000000000000001 RBP=0000000000000000 RSP=0000000007efba60
R8 =0000000000000018 R9 =0000000000000000 R10=0000000007f19a4d R11=0000000007059f00
R12=00000000070a9058 R13=0000000007efbbf8 R14=0000000000000001 R15=0000000007efbc10
RIP=0000000007052c07 RFL=00000206 [-----P-] CPL=0 II=0 A20=1 SMM=0 HLT=0
ES =0030 0000000000000000 ffffffff 00cf9300 DPL=0 DS   [-WA]
CS =0038 0000000000000000 ffffffff 00af9a00 DPL=0 CS64 [-R-]
SS =0030 0000000000000000 ffffffff 00cf9300 DPL=0 DS   [-WA]
DS =0030 0000000000000000 ffffffff 00cf9300 DPL=0 DS   [-WA]
FS =0030 0000000000000000 ffffffff 00cf9300 DPL=0 DS   [-WA]
GS =0030 0000000000000000 ffffffff 00cf9300 DPL=0 DS   [-WA]
LDT=0000 0000000000000000 0000ffff 00008200 DPL=0 LDT
TR =0000 0000000000000000 0000ffff 00008b00 DPL=0 TSS64-busy
GDT=     00000000079de000 00000047
IDT=     00000000074fa018 00000fff
CR0=80010033 CR2=0000000000000000 CR3=0000000007c01000 CR4=00000668
DR0=0000000000000000 DR1=0000000000000000 DR2=0000000000000000 DR3=0000000000000000 
DR6=00000000ffff0ff0 DR7=0000000000000400
CCS=0000000000000004 CCD=0000000000000000 CCO=EFLAGS
EFER=0000000000000d00
   989: v=20 e=0000 i=0 cpl=0 IP=0038:0000000007052c07 pc=0000000007052c07 SP=0030:0000000007efba60 env->regs[R_EAX]=00000000070a906f
RAX=00000000070a906f RBX=0000000000000017 RCX=00000000070a9058 RDX=0000000007efbbf8
RSI=0000000000000018 RDI=0000000000000001 RBP=0000000000000000 RSP=0000000007efba60
R8 =0000000000000018 R9 =0000000000000000 R10=0000000007f19a4d R11=0000000007059f00
R12=00000000070a9058 R13=0000000007efbbf8 R14=0000000000000001 R15=0000000007efbc10
RIP=0000000007052c07 RFL=00000206 [-----P-] CPL=0 II=0 A20=1 SMM=0 HLT=0
ES =0030 0000000000000000 ffffffff 00cf9300 DPL=0 DS   [-WA]
CS =0038 0000000000000000 ffffffff 00af9a00 DPL=0 CS64 [-R-]
SS =0030 0000000000000000 ffffffff 00cf9300 DPL=0 DS   [-WA]
DS =0030 0000000000000000 ffffffff 00cf9300 DPL=0 DS   [-WA]
FS =0030 0000000000000000 ffffffff 00cf9300 DPL=0 DS   [-WA]
GS =0030 0000000000000000 ffffffff 00cf9300 DPL=0 DS   [-WA]
LDT=0000 0000000000000000 0000ffff 00008200 DPL=0 LDT
TR =0000 0000000000000000 0000ffff 00008b00 DPL=0 TSS64-busy
GDT=     00000000079de000 00000047
IDT=     00000000074fa018 00000fff
CR0=80010033 CR2=0000000000000000 CR3=0000000007c01000 CR4=00000668
DR0=0000000000000000 DR1=0000000000000000 DR2=0000000000000000 DR3=0000000000000000 
DR6=00000000ffff0ff0 DR7=0000000000000400
CCS=0000000000000004 CCD=0000000000000000 CCO=EFLAGS
EFER=0000000000000d00
   990: v=20 e=0000 i=0 cpl=0 IP=0038:0000000007052c07 pc=0000000007052c07 SP=0030:0000000007efba60 env->regs[R_EAX]=00000000070a906f
RAX=00000000070a906f RBX=0000000000000017 RCX=00000000070a9058 RDX=0000000007efbbf8
RSI=0000000000000018 RDI=0000000000000001 RBP=0000000000000000 RSP=0000000007efba60
R8 =0000000000000018 R9 =0000000000000000 R10=0000000007f19a4d R11=0000000007059f00
R12=00000000070a9058 R13=0000000007efbbf8 R14=0000000000000001 R15=0000000007efbc10
RIP=0000000007052c07 RFL=00000206 [-----P-] CPL=0 II=0 A20=1 SMM=0 HLT=0
ES =0030 0000000000000000 ffffffff 00cf9300 DPL=0 DS   [-WA]
CS =0038 0000000000000000 ffffffff 00af9a00 DPL=0 CS64 [-R-]
SS =0030 0000000000000000 ffffffff 00cf9300 DPL=0 DS   [-WA]
DS =0030 0000000000000000 ffffffff 00cf9300 DPL=0 DS   [-WA]
FS =0030 0000000000000000 ffffffff 00cf9300 DPL=0 DS   [-WA]
GS =0030 0000000000000000 ffffffff 00cf9300 DPL=0 DS   [-WA]
LDT=0000 0000000000000000 0000ffff 00008200 DPL=0 LDT
TR =0000 0000000000000000 0000ffff 00008b00 DPL=0 TSS64-busy
GDT=     00000000079de000 00000047
IDT=     00000000074fa018 00000fff
CR0=80010033 CR2=0000000000000000 CR3=0000000007c01000 CR4=00000668
DR0=0000000000000000 DR1=0000000000000000 DR2=0000000000000000 DR3=0000000000000000 
DR6=00000000ffff0ff0 DR7=0000000000000400
CCS=0000000000000004 CCD=0000000000000000 CCO=EFLAGS
EFER=0000000000000d00
   991: v=20 e=0000 i=0 cpl=0 IP=0038:0000000007052c07 pc=0000000007052c07 SP=0030:0000000007efba60 env->regs[R_EAX]=00000000070a906f
RAX=00000000070a906f RBX=0000000000000017 RCX=00000000070a9058 RDX=0000000007efbbf8
RSI=0000000000000018 RDI=0000000000000001 RBP=0000000000000000 RSP=0000000007efba60
R8 =0000000000000018 R9 =0000000000000000 R10=0000000007f19a4d R11=0000000007059f00
R12=00000000070a9058 R13=0000000007efbbf8 R14=0000000000000001 R15=0000000007efbc10
RIP=0000000007052c07 RFL=00000206 [-----P-] CPL=0 II=0 A20=1 SMM=0 HLT=0
ES =0030 0000000000000000 ffffffff 00cf9300 DPL=0 DS   [-WA]
CS =0038 0000000000000000 ffffffff 00af9a00 DPL=0 CS64 [-R-]
SS =0030 0000000000000000 ffffffff 00cf9300 DPL=0 DS   [-WA]
DS =0030 0000000000000000 ffffffff 00cf9300 DPL=0 DS   [-WA]
FS =0030 0000000000000000 ffffffff 00cf9300 DPL=0 DS   [-WA]
GS =0030 0000000000000000 ffffffff 00cf9300 DPL=0 DS   [-WA]
LDT=0000 0000000000000000 0000ffff 00008200 DPL=0 LDT
TR =0000 0000000000000000 0000ffff 00008b00 DPL=0 TSS64-busy
GDT=     00000000079de000 00000047
IDT=     00000000074fa018 00000fff
CR0=80010033 CR2=0000000000000000 CR3=0000000007c01000 CR4=00000668
DR0=0000000000000000 DR1=0000000000000000 DR2=0000000000000000 DR3=0000000000000000 
DR6=00000000ffff0ff0 DR7=0000000000000400
CCS=0000000000000004 CCD=0000000000000000 CCO=EFLAGS
EFER=0000000000000d00
   992: v=20 e=0000 i=0 cpl=0 IP=0038:0000000007052c07 pc=0000000007052c07 SP=0030:0000000007efba60 env->regs[R_EAX]=00000000070a906f
RAX=00000000070a906f RBX=0000000000000017 RCX=00000000070a9058 RDX=0000000007efbbf8
RSI=0000000000000018 RDI=0000000000000001 RBP=0000000000000000 RSP=0000000007efba60
R8 =0000000000000018 R9 =0000000000000000 R10=0000000007f19a4d R11=0000000007059f00
R12=00000000070a9058 R13=0000000007efbbf8 R14=0000000000000001 R15=0000000007efbc10
RIP=0000000007052c07 RFL=00000206 [-----P-] CPL=0 II=0 A20=1 SMM=0 HLT=0
ES =0030 0000000000000000 ffffffff 00cf9300 DPL=0 DS   [-WA]
CS =0038 0000000000000000 ffffffff 00af9a00 DPL=0 CS64 [-R-]
SS =0030 0000000000000000 ffffffff 00cf9300 DPL=0 DS   [-WA]
DS =0030 0000000000000000 ffffffff 00cf9300 DPL=0 DS   [-WA]
FS =0030 0000000000000000 ffffffff 00cf9300 DPL=0 DS   [-WA]
GS =0030 0000000000000000 ffffffff 00cf9300 DPL=0 DS   [-WA]
LDT=0000 0000000000000000 0000ffff 00008200 DPL=0 LDT
TR =0000 0000000000000000 0000ffff 00008b00 DPL=0 TSS64-busy
GDT=     00000000079de000 00000047
IDT=     00000000074fa018 00000fff
CR0=80010033 CR2=0000000000000000 CR3=0000000007c01000 CR4=00000668
DR0=0000000000000000 DR1=0000000000000000 DR2=0000000000000000 DR3=0000000000000000 
DR6=00000000ffff0ff0 DR7=0000000000000400
CCS=0000000000000004 CCD=0000000000000000 CCO=EFLAGS
EFER=0000000000000d00
   993: v=20 e=0000 i=0 cpl=0 IP=0038:0000000007052c07 pc=0000000007052c07 SP=0030:0000000007efba60 env->regs[R_EAX]=00000000070a906f
RAX=00000000070a906f RBX=0000000000000017 RCX=00000000070a9058 RDX=0000000007efbbf8
RSI=0000000000000018 RDI=0000000000000001 RBP=0000000000000000 RSP=0000000007efba60
R8 =0000000000000018 R9 =0000000000000000 R10=0000000007f19a4d R11=0000000007059f00
R12=00000000070a9058 R13=0000000007efbbf8 R14=0000000000000001 R15=0000000007efbc10
RIP=0000000007052c07 RFL=00000206 [-----P-] CPL=0 II=0 A20=1 SMM=0 HLT=0
ES =0030 0000000000000000 ffffffff 00cf9300 DPL=0 DS   [-WA]
CS =0038 0000000000000000 ffffffff 00af9a00 DPL=0 CS64 [-R-]
SS =0030 0000000000000000 ffffffff 00cf9300 DPL=0 DS   [-WA]
DS =0030 0000000000000000 ffffffff 00cf9300 DPL=0 DS   [-WA]
FS =0030 0000000000000000 ffffffff 00cf9300 DPL=0 DS   [-WA]
GS =0030 0000000000000000 ffffffff 00cf9300 DPL=0 DS   [-WA]
LDT=0000 0000000000000000 0000ffff 00008200 DPL=0 LDT
TR =0000 0000000000000000 0000ffff 00008b00 DPL=0 TSS64-busy
GDT=     00000000079de000 00000047
IDT=     00000000074fa018 00000fff
CR0=80010033 CR2=0000000000000000 CR3=0000000007c01000 CR4=00000668
DR0=0000000000000000 DR1=0000000000000000 DR2=0000000000000000 DR3=0000000000000000 
DR6=00000000ffff0ff0 DR7=0000000000000400
CCS=0000000000000004 CCD=0000000000000000 CCO=EFLAGS
EFER=0000000000000d00
   994: v=20 e=0000 i=0 cpl=0 IP=0038:0000000007052c07 pc=0000000007052c07 SP=0030:0000000007efba60 env->regs[R_EAX]=00000000070a906f
RAX=00000000070a906f RBX=0000000000000017 RCX=00000000070a9058 RDX=0000000007efbbf8
RSI=0000000000000018 RDI=0000000000000001 RBP=0000000000000000 RSP=0000000007efba60
R8 =0000000000000018 R9 =0000000000000000 R10=0000000007f19a4d R11=0000000007059f00
R12=00000000070a9058 R13=0000000007efbbf8 R14=0000000000000001 R15=0000000007efbc10
RIP=0000000007052c07 RFL=00000206 [-----P-] CPL=0 II=0 A20=1 SMM=0 HLT=0
ES =0030 0000000000000000 ffffffff 00cf9300 DPL=0 DS   [-WA]
CS =0038 0000000000000000 ffffffff 00af9a00 DPL=0 CS64 [-R-]
SS =0030 0000000000000000 ffffffff 00cf9300 DPL=0 DS   [-WA]
DS =0030 0000000000000000 ffffffff 00cf9300 DPL=0 DS   [-WA]
FS =0030 0000000000000000 ffffffff 00cf9300 DPL=0 DS   [-WA]
GS =0030 0000000000000000 ffffffff 00cf9300 DPL=0 DS   [-WA]
LDT=0000 0000000000000000 0000ffff 00008200 DPL=0 LDT
TR =0000 0000000000000000 0000ffff 00008b00 DPL=0 TSS64-busy
GDT=     00000000079de000 00000047
IDT=     00000000074fa018 00000fff
CR0=80010033 CR2=0000000000000000 CR3=0000000007c01000 CR4=00000668
DR0=0000000000000000 DR1=0000000000000000 DR2=0000000000000000 DR3=0000000000000000 
DR6=00000000ffff0ff0 DR7=0000000000000400
CCS=0000000000000004 CCD=0000000000000000 CCO=EFLAGS
EFER=0000000000000d00
   995: v=20 e=0000 i=0 cpl=0 IP=0038:0000000007052c07 pc=0000000007052c07 SP=0030:0000000007efba60 env->regs[R_EAX]=00000000070a906f
RAX=00000000070a906f RBX=0000000000000017 RCX=00000000070a9058 RDX=0000000007efbbf8
RSI=0000000000000018 RDI=0000000000000001 RBP=0000000000000000 RSP=0000000007efba60
R8 =0000000000000018 R9 =0000000000000000 R10=0000000007f19a4d R11=0000000007059f00
R12=00000000070a9058 R13=0000000007efbbf8 R14=0000000000000001 R15=0000000007efbc10
RIP=0000000007052c07 RFL=00000206 [-----P-] CPL=0 II=0 A20=1 SMM=0 HLT=0
ES =0030 0000000000000000 ffffffff 00cf9300 DPL=0 DS   [-WA]
CS =0038 0000000000000000 ffffffff 00af9a00 DPL=0 CS64 [-R-]
SS =0030 0000000000000000 ffffffff 00cf9300 DPL=0 DS   [-WA]
DS =0030 0000000000000000 ffffffff 00cf9300 DPL=0 DS   [-WA]
FS =0030 0000000000000000 ffffffff 00cf9300 DPL=0 DS   [-WA]
GS =0030 0000000000000000 ffffffff 00cf9300 DPL=0 DS   [-WA]
LDT=0000 0000000000000000 0000ffff 00008200 DPL=0 LDT
TR =0000 0000000000000000 0000ffff 00008b00 DPL=0 TSS64-busy
GDT=     00000000079de000 00000047
IDT=     00000000074fa018 00000fff
CR0=80010033 CR2=0000000000000000 CR3=0000000007c01000 CR4=00000668
DR0=0000000000000000 DR1=0000000000000000 DR2=0000000000000000 DR3=0000000000000000 
DR6=00000000ffff0ff0 DR7=0000000000000400
CCS=0000000000000004 CCD=0000000000000000 CCO=EFLAGS
EFER=0000000000000d00
   996: v=20 e=0000 i=0 cpl=0 IP=0038:0000000007052c07 pc=0000000007052c07 SP=0030:0000000007efba60 env->regs[R_EAX]=00000000070a906f
RAX=00000000070a906f RBX=0000000000000017 RCX=00000000070a9058 RDX=0000000007efbbf8
RSI=0000000000000018 RDI=0000000000000001 RBP=0000000000000000 RSP=0000000007efba60
R8 =0000000000000018 R9 =0000000000000000 R10=0000000007f19a4d R11=0000000007059f00
R12=00000000070a9058 R13=0000000007efbbf8 R14=0000000000000001 R15=0000000007efbc10
RIP=0000000007052c07 RFL=00000206 [-----P-] CPL=0 II=0 A20=1 SMM=0 HLT=0
ES =0030 0000000000000000 ffffffff 00cf9300 DPL=0 DS   [-WA]
CS =0038 0000000000000000 ffffffff 00af9a00 DPL=0 CS64 [-R-]
SS =0030 0000000000000000 ffffffff 00cf9300 DPL=0 DS   [-WA]
DS =0030 0000000000000000 ffffffff 00cf9300 DPL=0 DS   [-WA]
FS =0030 0000000000000000 ffffffff 00cf9300 DPL=0 DS   [-WA]
GS =0030 0000000000000000 ffffffff 00cf9300 DPL=0 DS   [-WA]
LDT=0000 0000000000000000 0000ffff 00008200 DPL=0 LDT
TR =0000 0000000000000000 0000ffff 00008b00 DPL=0 TSS64-busy
GDT=     00000000079de000 00000047
IDT=     00000000074fa018 00000fff
CR0=80010033 CR2=0000000000000000 CR3=0000000007c01000 CR4=00000668
DR0=0000000000000000 DR1=0000000000000000 DR2=0000000000000000 DR3=0000000000000000 
DR6=00000000ffff0ff0 DR7=0000000000000400
CCS=0000000000000004 CCD=0000000000000000 CCO=EFLAGS
EFER=0000000000000d00
   997: v=20 e=0000 i=0 cpl=0 IP=0038:0000000007052c07 pc=0000000007052c07 SP=0030:0000000007efba60 env->regs[R_EAX]=00000000070a906f
RAX=00000000070a906f RBX=0000000000000017 RCX=00000000070a9058 RDX=0000000007efbbf8
RSI=0000000000000018 RDI=0000000000000001 RBP=0000000000000000 RSP=0000000007efba60
R8 =0000000000000018 R9 =0000000000000000 R10=0000000007f19a4d R11=0000000007059f00
R12=00000000070a9058 R13=0000000007efbbf8 R14=0000000000000001 R15=0000000007efbc10
RIP=0000000007052c07 RFL=00000206 [-----P-] CPL=0 II=0 A20=1 SMM=0 HLT=0
ES =0030 0000000000000000 ffffffff 00cf9300 DPL=0 DS   [-WA]
CS =0038 0000000000000000 ffffffff 00af9a00 DPL=0 CS64 [-R-]
SS =0030 0000000000000000 ffffffff 00cf9300 DPL=0 DS   [-WA]
DS =0030 0000000000000000 ffffffff 00cf9300 DPL=0 DS   [-WA]
FS =0030 0000000000000000 ffffffff 00cf9300 DPL=0 DS   [-WA]
GS =0030 0000000000000000 ffffffff 00cf9300 DPL=0 DS   [-WA]
LDT=0000 0000000000000000 0000ffff 00008200 DPL=0 LDT
TR =0000 0000000000000000 0000ffff 00008b00 DPL=0 TSS64-busy
GDT=     00000000079de000 00000047
IDT=     00000000074fa018 00000fff
CR0=80010033 CR2=0000000000000000 CR3=0000000007c01000 CR4=00000668
DR0=0000000000000000 DR1=0000000000000000 DR2=0000000000000000 DR3=0000000000000000 
DR6=00000000ffff0ff0 DR7=0000000000000400
CCS=0000000000000004 CCD=0000000000000000 CCO=EFLAGS
EFER=0000000000000d00
   998: v=20 e=0000 i=0 cpl=0 IP=0038:0000000007052c07 pc=0000000007052c07 SP=0030:0000000007efba60 env->regs[R_EAX]=00000000070a906f
RAX=00000000070a906f RBX=0000000000000017 RCX=00000000070a9058 RDX=0000000007efbbf8
RSI=0000000000000018 RDI=0000000000000001 RBP=0000000000000000 RSP=0000000007efba60
R8 =0000000000000018 R9 =0000000000000000 R10=0000000007f19a4d R11=0000000007059f00
R12=00000000070a9058 R13=0000000007efbbf8 R14=0000000000000001 R15=0000000007efbc10
RIP=0000000007052c07 RFL=00000206 [-----P-] CPL=0 II=0 A20=1 SMM=0 HLT=0
ES =0030 0000000000000000 ffffffff 00cf9300 DPL=0 DS   [-WA]
CS =0038 0000000000000000 ffffffff 00af9a00 DPL=0 CS64 [-R-]
SS =0030 0000000000000000 ffffffff 00cf9300 DPL=0 DS   [-WA]
DS =0030 0000000000000000 ffffffff 00cf9300 DPL=0 DS   [-WA]
FS =0030 0000000000000000 ffffffff 00cf9300 DPL=0 DS   [-WA]
GS =0030 0000000000000000 ffffffff 00cf9300 DPL=0 DS   [-WA]
LDT=0000 0000000000000000 0000ffff 00008200 DPL=0 LDT
TR =0000 0000000000000000 0000ffff 00008b00 DPL=0 TSS64-busy
GDT=     00000000079de000 00000047
IDT=     00000000074fa018 00000fff
CR0=80010033 CR2=0000000000000000 CR3=0000000007c01000 CR4=00000668
DR0=0000000000000000 DR1=0000000000000000 DR2=0000000000000000 DR3=0000000000000000 
DR6=00000000ffff0ff0 DR7=0000000000000400
CCS=0000000000000004 CCD=0000000000000000 CCO=EFLAGS
EFER=0000000000000d00
   999: v=20 e=0000 i=0 cpl=0 IP=0038:0000000007052c07 pc=0000000007052c07 SP=0030:0000000007efba60 env->regs[R_EAX]=00000000070a906f
RAX=00000000070a906f RBX=0000000000000017 RCX=00000000070a9058 RDX=0000000007efbbf8
RSI=0000000000000018 RDI=0000000000000001 RBP=0000000000000000 RSP=0000000007efba60
R8 =0000000000000018 R9 =0000000000000000 R10=0000000007f19a4d R11=0000000007059f00
R12=00000000070a9058 R13=0000000007efbbf8 R14=0000000000000001 R15=0000000007efbc10
RIP=0000000007052c07 RFL=00000206 [-----P-] CPL=0 II=0 A20=1 SMM=0 HLT=0
ES =0030 0000000000000000 ffffffff 00cf9300 DPL=0 DS   [-WA]
CS =0038 0000000000000000 ffffffff 00af9a00 DPL=0 CS64 [-R-]
SS =0030 0000000000000000 ffffffff 00cf9300 DPL=0 DS   [-WA]
DS =0030 0000000000000000 ffffffff 00cf9300 DPL=0 DS   [-WA]
FS =0030 0000000000000000 ffffffff 00cf9300 DPL=0 DS   [-WA]
GS =0030 0000000000000000 ffffffff 00cf9300 DPL=0 DS   [-WA]
LDT=0000 0000000000000000 0000ffff 00008200 DPL=0 LDT
TR =0000 0000000000000000 0000ffff 00008b00 DPL=0 TSS64-busy
GDT=     00000000079de000 00000047
IDT=     00000000074fa018 00000fff
CR0=80010033 CR2=0000000000000000 CR3=0000000007c01000 CR4=00000668
DR0=0000000000000000 DR1=0000000000000000 DR2=0000000000000000 DR3=0000000000000000 
DR6=00000000ffff0ff0 DR7=0000000000000400
CCS=0000000000000004 CCD=0000000000000000 CCO=EFLAGS
EFER=0000000000000d00
  1000: v=20 e=0000 i=0 cpl=0 IP=0038:0000000007052c07 pc=0000000007052c07 SP=0030:0000000007efba60 env->regs[R_EAX]=00000000070a906f
RAX=00000000070a906f RBX=0000000000000017 RCX=00000000070a9058 RDX=0000000007efbbf8
RSI=0000000000000018 RDI=0000000000000001 RBP=0000000000000000 RSP=0000000007efba60
R8 =0000000000000018 R9 =0000000000000000 R10=0000000007f19a4d R11=0000000007059f00
R12=00000000070a9058 R13=0000000007efbbf8 R14=0000000000000001 R15=0000000007efbc10
RIP=0000000007052c07 RFL=00000206 [-----P-] CPL=0 II=0 A20=1 SMM=0 HLT=0
ES =0030 0000000000000000 ffffffff 00cf9300 DPL=0 DS   [-WA]
CS =0038 0000000000000000 ffffffff 00af9a00 DPL=0 CS64 [-R-]
SS =0030 0000000000000000 ffffffff 00cf9300 DPL=0 DS   [-WA]
DS =0030 0000000000000000 ffffffff 00cf9300 DPL=0 DS   [-WA]
FS =0030 0000000000000000 ffffffff 00cf9300 DPL=0 DS   [-WA]
GS =0030 0000000000000000 ffffffff 00cf9300 DPL=0 DS   [-WA]
LDT=0000 0000000000000000 0000ffff 00008200 DPL=0 LDT
TR =0000 0000000000000000 0000ffff 00008b00 DPL=0 TSS64-busy
GDT=     00000000079de000 00000047
IDT=     00000000074fa018 00000fff
CR0=80010033 CR2=0000000000000000 CR3=0000000007c01000 CR4=00000668
DR0=0000000000000000 DR1=0000000000000000 DR2=0000000000000000 DR3=0000000000000000 
DR6=00000000ffff0ff0 DR7=0000000000000400
CCS=0000000000000004 CCD=0000000000000000 CCO=EFLAGS
EFER=0000000000000d00
  1001: v=20 e=0000 i=0 cpl=0 IP=0038:0000000007052c07 pc=0000000007052c07 SP=0030:0000000007efba60 env->regs[R_EAX]=00000000070a906f
RAX=00000000070a906f RBX=0000000000000017 RCX=00000000070a9058 RDX=0000000007efbbf8
RSI=0000000000000018 RDI=0000000000000001 RBP=0000000000000000 RSP=0000000007efba60
R8 =0000000000000018 R9 =0000000000000000 R10=0000000007f19a4d R11=0000000007059f00
R12=00000000070a9058 R13=0000000007efbbf8 R14=0000000000000001 R15=0000000007efbc10
RIP=0000000007052c07 RFL=00000206 [-----P-] CPL=0 II=0 A20=1 SMM=0 HLT=0
ES =0030 0000000000000000 ffffffff 00cf9300 DPL=0 DS   [-WA]
CS =0038 0000000000000000 ffffffff 00af9a00 DPL=0 CS64 [-R-]
SS =0030 0000000000000000 ffffffff 00cf9300 DPL=0 DS   [-WA]
DS =0030 0000000000000000 ffffffff 00cf9300 DPL=0 DS   [-WA]
FS =0030 0000000000000000 ffffffff 00cf9300 DPL=0 DS   [-WA]
GS =0030 0000000000000000 ffffffff 00cf9300 DPL=0 DS   [-WA]
LDT=0000 0000000000000000 0000ffff 00008200 DPL=0 LDT
TR =0000 0000000000000000 0000ffff 00008b00 DPL=0 TSS64-busy
GDT=     00000000079de000 00000047
IDT=     00000000074fa018 00000fff
CR0=80010033 CR2=0000000000000000 CR3=0000000007c01000 CR4=00000668
DR0=0000000000000000 DR1=0000000000000000 DR2=0000000000000000 DR3=0000000000000000 
DR6=00000000ffff0ff0 DR7=0000000000000400
CCS=0000000000000004 CCD=0000000000000000 CCO=EFLAGS
EFER=0000000000000d00
  1002: v=20 e=0000 i=0 cpl=0 IP=0038:0000000007052c07 pc=0000000007052c07 SP=0030:0000000007efba60 env->regs[R_EAX]=00000000070a906f
RAX=00000000070a906f RBX=0000000000000017 RCX=00000000070a9058 RDX=0000000007efbbf8
RSI=0000000000000018 RDI=0000000000000001 RBP=0000000000000000 RSP=0000000007efba60
R8 =0000000000000018 R9 =0000000000000000 R10=0000000007f19a4d R11=0000000007059f00
R12=00000000070a9058 R13=0000000007efbbf8 R14=0000000000000001 R15=0000000007efbc10
RIP=0000000007052c07 RFL=00000206 [-----P-] CPL=0 II=0 A20=1 SMM=0 HLT=0
ES =0030 0000000000000000 ffffffff 00cf9300 DPL=0 DS   [-WA]
CS =0038 0000000000000000 ffffffff 00af9a00 DPL=0 CS64 [-R-]
SS =0030 0000000000000000 ffffffff 00cf9300 DPL=0 DS   [-WA]
DS =0030 0000000000000000 ffffffff 00cf9300 DPL=0 DS   [-WA]
FS =0030 0000000000000000 ffffffff 00cf9300 DPL=0 DS   [-WA]
GS =0030 0000000000000000 ffffffff 00cf9300 DPL=0 DS   [-WA]
LDT=0000 0000000000000000 0000ffff 00008200 DPL=0 LDT
TR =0000 0000000000000000 0000ffff 00008b00 DPL=0 TSS64-busy
GDT=     00000000079de000 00000047
IDT=     00000000074fa018 00000fff
CR0=80010033 CR2=0000000000000000 CR3=0000000007c01000 CR4=00000668
DR0=0000000000000000 DR1=0000000000000000 DR2=0000000000000000 DR3=0000000000000000 
DR6=00000000ffff0ff0 DR7=0000000000000400
CCS=0000000000000004 CCD=0000000000000000 CCO=EFLAGS
EFER=0000000000000d00
  1003: v=20 e=0000 i=0 cpl=0 IP=0038:0000000007052c07 pc=0000000007052c07 SP=0030:0000000007efba60 env->regs[R_EAX]=00000000070a906f
RAX=00000000070a906f RBX=0000000000000017 RCX=00000000070a9058 RDX=0000000007efbbf8
RSI=0000000000000018 RDI=0000000000000001 RBP=0000000000000000 RSP=0000000007efba60
R8 =0000000000000018 R9 =0000000000000000 R10=0000000007f19a4d R11=0000000007059f00
R12=00000000070a9058 R13=0000000007efbbf8 R14=0000000000000001 R15=0000000007efbc10
RIP=0000000007052c07 RFL=00000206 [-----P-] CPL=0 II=0 A20=1 SMM=0 HLT=0
ES =0030 0000000000000000 ffffffff 00cf9300 DPL=0 DS   [-WA]
CS =0038 0000000000000000 ffffffff 00af9a00 DPL=0 CS64 [-R-]
SS =0030 0000000000000000 ffffffff 00cf9300 DPL=0 DS   [-WA]
DS =0030 0000000000000000 ffffffff 00cf9300 DPL=0 DS   [-WA]
FS =0030 0000000000000000 ffffffff 00cf9300 DPL=0 DS   [-WA]
GS =0030 0000000000000000 ffffffff 00cf9300 DPL=0 DS   [-WA]
LDT=0000 0000000000000000 0000ffff 00008200 DPL=0 LDT
TR =0000 0000000000000000 0000ffff 00008b00 DPL=0 TSS64-busy
GDT=     00000000079de000 00000047
IDT=     00000000074fa018 00000fff
CR0=80010033 CR2=0000000000000000 CR3=0000000007c01000 CR4=00000668
DR0=0000000000000000 DR1=0000000000000000 DR2=0000000000000000 DR3=0000000000000000 
DR6=00000000ffff0ff0 DR7=0000000000000400
CCS=0000000000000004 CCD=0000000000000000 CCO=EFLAGS
EFER=0000000000000d00
  1004: v=20 e=0000 i=0 cpl=0 IP=0038:0000000007052c07 pc=0000000007052c07 SP=0030:0000000007efba60 env->regs[R_EAX]=00000000070a906f
RAX=00000000070a906f RBX=0000000000000017 RCX=00000000070a9058 RDX=0000000007efbbf8
RSI=0000000000000018 RDI=0000000000000001 RBP=0000000000000000 RSP=0000000007efba60
R8 =0000000000000018 R9 =0000000000000000 R10=0000000007f19a4d R11=0000000007059f00
R12=00000000070a9058 R13=0000000007efbbf8 R14=0000000000000001 R15=0000000007efbc10
RIP=0000000007052c07 RFL=00000206 [-----P-] CPL=0 II=0 A20=1 SMM=0 HLT=0
ES =0030 0000000000000000 ffffffff 00cf9300 DPL=0 DS   [-WA]
CS =0038 0000000000000000 ffffffff 00af9a00 DPL=0 CS64 [-R-]
SS =0030 0000000000000000 ffffffff 00cf9300 DPL=0 DS   [-WA]
DS =0030 0000000000000000 ffffffff 00cf9300 DPL=0 DS   [-WA]
FS =0030 0000000000000000 ffffffff 00cf9300 DPL=0 DS   [-WA]
GS =0030 0000000000000000 ffffffff 00cf9300 DPL=0 DS   [-WA]
LDT=0000 0000000000000000 0000ffff 00008200 DPL=0 LDT
TR =0000 0000000000000000 0000ffff 00008b00 DPL=0 TSS64-busy
GDT=     00000000079de000 00000047
IDT=     00000000074fa018 00000fff
CR0=80010033 CR2=0000000000000000 CR3=0000000007c01000 CR4=00000668
DR0=0000000000000000 DR1=0000000000000000 DR2=0000000000000000 DR3=0000000000000000 
DR6=00000000ffff0ff0 DR7=0000000000000400
CCS=0000000000000004 CCD=0000000000000000 CCO=EFLAGS
EFER=0000000000000d00
  1005: v=20 e=0000 i=0 cpl=0 IP=0038:0000000007052c07 pc=0000000007052c07 SP=0030:0000000007efba60 env->regs[R_EAX]=00000000070a906f
RAX=00000000070a906f RBX=0000000000000017 RCX=00000000070a9058 RDX=0000000007efbbf8
RSI=0000000000000018 RDI=0000000000000001 RBP=0000000000000000 RSP=0000000007efba60
R8 =0000000000000018 R9 =0000000000000000 R10=0000000007f19a4d R11=0000000007059f00
R12=00000000070a9058 R13=0000000007efbbf8 R14=0000000000000001 R15=0000000007efbc10
RIP=0000000007052c07 RFL=00000206 [-----P-] CPL=0 II=0 A20=1 SMM=0 HLT=0
ES =0030 0000000000000000 ffffffff 00cf9300 DPL=0 DS   [-WA]
CS =0038 0000000000000000 ffffffff 00af9a00 DPL=0 CS64 [-R-]
SS =0030 0000000000000000 ffffffff 00cf9300 DPL=0 DS   [-WA]
DS =0030 0000000000000000 ffffffff 00cf9300 DPL=0 DS   [-WA]
FS =0030 0000000000000000 ffffffff 00cf9300 DPL=0 DS   [-WA]
GS =0030 0000000000000000 ffffffff 00cf9300 DPL=0 DS   [-WA]
LDT=0000 0000000000000000 0000ffff 00008200 DPL=0 LDT
TR =0000 0000000000000000 0000ffff 00008b00 DPL=0 TSS64-busy
GDT=     00000000079de000 00000047
IDT=     00000000074fa018 00000fff
CR0=80010033 CR2=0000000000000000 CR3=0000000007c01000 CR4=00000668
DR0=0000000000000000 DR1=0000000000000000 DR2=0000000000000000 DR3=0000000000000000 
DR6=00000000ffff0ff0 DR7=0000000000000400
CCS=0000000000000004 CCD=0000000000000000 CCO=EFLAGS
EFER=0000000000000d00
  1006: v=20 e=0000 i=0 cpl=0 IP=0038:0000000007052c07 pc=0000000007052c07 SP=0030:0000000007efba60 env->regs[R_EAX]=00000000070a906f
RAX=00000000070a906f RBX=0000000000000017 RCX=00000000070a9058 RDX=0000000007efbbf8
RSI=0000000000000018 RDI=0000000000000001 RBP=0000000000000000 RSP=0000000007efba60
R8 =0000000000000018 R9 =0000000000000000 R10=0000000007f19a4d R11=0000000007059f00
R12=00000000070a9058 R13=0000000007efbbf8 R14=0000000000000001 R15=0000000007efbc10
RIP=0000000007052c07 RFL=00000206 [-----P-] CPL=0 II=0 A20=1 SMM=0 HLT=0
ES =0030 0000000000000000 ffffffff 00cf9300 DPL=0 DS   [-WA]
CS =0038 0000000000000000 ffffffff 00af9a00 DPL=0 CS64 [-R-]
SS =0030 0000000000000000 ffffffff 00cf9300 DPL=0 DS   [-WA]
DS =0030 0000000000000000 ffffffff 00cf9300 DPL=0 DS   [-WA]
FS =0030 0000000000000000 ffffffff 00cf9300 DPL=0 DS   [-WA]
GS =0030 0000000000000000 ffffffff 00cf9300 DPL=0 DS   [-WA]
LDT=0000 0000000000000000 0000ffff 00008200 DPL=0 LDT
TR =0000 0000000000000000 0000ffff 00008b00 DPL=0 TSS64-busy
GDT=     00000000079de000 00000047
IDT=     00000000074fa018 00000fff
CR0=80010033 CR2=0000000000000000 CR3=0000000007c01000 CR4=00000668
DR0=0000000000000000 DR1=0000000000000000 DR2=0000000000000000 DR3=0000000000000000 
DR6=00000000ffff0ff0 DR7=0000000000000400
CCS=0000000000000004 CCD=0000000000000000 CCO=EFLAGS
EFER=0000000000000d00
  1007: v=20 e=0000 i=0 cpl=0 IP=0038:0000000007052c07 pc=0000000007052c07 SP=0030:0000000007efba60 env->regs[R_EAX]=00000000070a906f
RAX=00000000070a906f RBX=0000000000000017 RCX=00000000070a9058 RDX=0000000007efbbf8
RSI=0000000000000018 RDI=0000000000000001 RBP=0000000000000000 RSP=0000000007efba60
R8 =0000000000000018 R9 =0000000000000000 R10=0000000007f19a4d R11=0000000007059f00
R12=00000000070a9058 R13=0000000007efbbf8 R14=0000000000000001 R15=0000000007efbc10
RIP=0000000007052c07 RFL=00000206 [-----P-] CPL=0 II=0 A20=1 SMM=0 HLT=0
ES =0030 0000000000000000 ffffffff 00cf9300 DPL=0 DS   [-WA]
CS =0038 0000000000000000 ffffffff 00af9a00 DPL=0 CS64 [-R-]
SS =0030 0000000000000000 ffffffff 00cf9300 DPL=0 DS   [-WA]
DS =0030 0000000000000000 ffffffff 00cf9300 DPL=0 DS   [-WA]
FS =0030 0000000000000000 ffffffff 00cf9300 DPL=0 DS   [-WA]
GS =0030 0000000000000000 ffffffff 00cf9300 DPL=0 DS   [-WA]
LDT=0000 0000000000000000 0000ffff 00008200 DPL=0 LDT
TR =0000 0000000000000000 0000ffff 00008b00 DPL=0 TSS64-busy
GDT=     00000000079de000 00000047
IDT=     00000000074fa018 00000fff
CR0=80010033 CR2=0000000000000000 CR3=0000000007c01000 CR4=00000668
DR0=0000000000000000 DR1=0000000000000000 DR2=0000000000000000 DR3=0000000000000000 
DR6=00000000ffff0ff0 DR7=0000000000000400
CCS=0000000000000004 CCD=0000000000000000 CCO=EFLAGS
EFER=0000000000000d00
  1008: v=20 e=0000 i=0 cpl=0 IP=0038:0000000007052c07 pc=0000000007052c07 SP=0030:0000000007efba60 env->regs[R_EAX]=00000000070a906f
RAX=00000000070a906f RBX=0000000000000017 RCX=00000000070a9058 RDX=0000000007efbbf8
RSI=0000000000000018 RDI=0000000000000001 RBP=0000000000000000 RSP=0000000007efba60
R8 =0000000000000018 R9 =0000000000000000 R10=0000000007f19a4d R11=0000000007059f00
R12=00000000070a9058 R13=0000000007efbbf8 R14=0000000000000001 R15=0000000007efbc10
RIP=0000000007052c07 RFL=00000206 [-----P-] CPL=0 II=0 A20=1 SMM=0 HLT=0
ES =0030 0000000000000000 ffffffff 00cf9300 DPL=0 DS   [-WA]
CS =0038 0000000000000000 ffffffff 00af9a00 DPL=0 CS64 [-R-]
SS =0030 0000000000000000 ffffffff 00cf9300 DPL=0 DS   [-WA]
DS =0030 0000000000000000 ffffffff 00cf9300 DPL=0 DS   [-WA]
FS =0030 0000000000000000 ffffffff 00cf9300 DPL=0 DS   [-WA]
GS =0030 0000000000000000 ffffffff 00cf9300 DPL=0 DS   [-WA]
LDT=0000 0000000000000000 0000ffff 00008200 DPL=0 LDT
TR =0000 0000000000000000 0000ffff 00008b00 DPL=0 TSS64-busy
GDT=     00000000079de000 00000047
IDT=     00000000074fa018 00000fff
CR0=80010033 CR2=0000000000000000 CR3=0000000007c01000 CR4=00000668
DR0=0000000000000000 DR1=0000000000000000 DR2=0000000000000000 DR3=0000000000000000 
DR6=00000000ffff0ff0 DR7=0000000000000400
CCS=0000000000000004 CCD=0000000000000000 CCO=EFLAGS
EFER=0000000000000d00
  1009: v=20 e=0000 i=0 cpl=0 IP=0038:0000000007052c07 pc=0000000007052c07 SP=0030:0000000007efba60 env->regs[R_EAX]=00000000070a906f
RAX=00000000070a906f RBX=0000000000000017 RCX=00000000070a9058 RDX=0000000007efbbf8
RSI=0000000000000018 RDI=0000000000000001 RBP=0000000000000000 RSP=0000000007efba60
R8 =0000000000000018 R9 =0000000000000000 R10=0000000007f19a4d R11=0000000007059f00
R12=00000000070a9058 R13=0000000007efbbf8 R14=0000000000000001 R15=0000000007efbc10
RIP=0000000007052c07 RFL=00000206 [-----P-] CPL=0 II=0 A20=1 SMM=0 HLT=0
ES =0030 0000000000000000 ffffffff 00cf9300 DPL=0 DS   [-WA]
CS =0038 0000000000000000 ffffffff 00af9a00 DPL=0 CS64 [-R-]
SS =0030 0000000000000000 ffffffff 00cf9300 DPL=0 DS   [-WA]
DS =0030 0000000000000000 ffffffff 00cf9300 DPL=0 DS   [-WA]
FS =0030 0000000000000000 ffffffff 00cf9300 DPL=0 DS   [-WA]
GS =0030 0000000000000000 ffffffff 00cf9300 DPL=0 DS   [-WA]
LDT=0000 0000000000000000 0000ffff 00008200 DPL=0 LDT
TR =0000 0000000000000000 0000ffff 00008b00 DPL=0 TSS64-busy
GDT=     00000000079de000 00000047
IDT=     00000000074fa018 00000fff
CR0=80010033 CR2=0000000000000000 CR3=0000000007c01000 CR4=00000668
DR0=0000000000000000 DR1=0000000000000000 DR2=0000000000000000 DR3=0000000000000000 
DR6=00000000ffff0ff0 DR7=0000000000000400
CCS=0000000000000004 CCD=0000000000000000 CCO=EFLAGS
EFER=0000000000000d00
  1010: v=20 e=0000 i=0 cpl=0 IP=0038:0000000007052c07 pc=0000000007052c07 SP=0030:0000000007efba60 env->regs[R_EAX]=00000000070a906f
RAX=00000000070a906f RBX=0000000000000017 RCX=00000000070a9058 RDX=0000000007efbbf8
RSI=0000000000000018 RDI=0000000000000001 RBP=0000000000000000 RSP=0000000007efba60
R8 =0000000000000018 R9 =0000000000000000 R10=0000000007f19a4d R11=0000000007059f00
R12=00000000070a9058 R13=0000000007efbbf8 R14=0000000000000001 R15=0000000007efbc10
RIP=0000000007052c07 RFL=00000206 [-----P-] CPL=0 II=0 A20=1 SMM=0 HLT=0
ES =0030 0000000000000000 ffffffff 00cf9300 DPL=0 DS   [-WA]
CS =0038 0000000000000000 ffffffff 00af9a00 DPL=0 CS64 [-R-]
SS =0030 0000000000000000 ffffffff 00cf9300 DPL=0 DS   [-WA]
DS =0030 0000000000000000 ffffffff 00cf9300 DPL=0 DS   [-WA]
FS =0030 0000000000000000 ffffffff 00cf9300 DPL=0 DS   [-WA]
GS =0030 0000000000000000 ffffffff 00cf9300 DPL=0 DS   [-WA]
LDT=0000 0000000000000000 0000ffff 00008200 DPL=0 LDT
TR =0000 0000000000000000 0000ffff 00008b00 DPL=0 TSS64-busy
GDT=     00000000079de000 00000047
IDT=     00000000074fa018 00000fff
CR0=80010033 CR2=0000000000000000 CR3=0000000007c01000 CR4=00000668
DR0=0000000000000000 DR1=0000000000000000 DR2=0000000000000000 DR3=0000000000000000 
DR6=00000000ffff0ff0 DR7=0000000000000400
CCS=0000000000000004 CCD=0000000000000000 CCO=EFLAGS
EFER=0000000000000d00
  1011: v=20 e=0000 i=0 cpl=0 IP=0038:0000000007052c07 pc=0000000007052c07 SP=0030:0000000007efba60 env->regs[R_EAX]=00000000070a906f
RAX=00000000070a906f RBX=0000000000000017 RCX=00000000070a9058 RDX=0000000007efbbf8
RSI=0000000000000018 RDI=0000000000000001 RBP=0000000000000000 RSP=0000000007efba60
R8 =0000000000000018 R9 =0000000000000000 R10=0000000007f19a4d R11=0000000007059f00
R12=00000000070a9058 R13=0000000007efbbf8 R14=0000000000000001 R15=0000000007efbc10
RIP=0000000007052c07 RFL=00000206 [-----P-] CPL=0 II=0 A20=1 SMM=0 HLT=0
ES =0030 0000000000000000 ffffffff 00cf9300 DPL=0 DS   [-WA]
CS =0038 0000000000000000 ffffffff 00af9a00 DPL=0 CS64 [-R-]
SS =0030 0000000000000000 ffffffff 00cf9300 DPL=0 DS   [-WA]
DS =0030 0000000000000000 ffffffff 00cf9300 DPL=0 DS   [-WA]
FS =0030 0000000000000000 ffffffff 00cf9300 DPL=0 DS   [-WA]
GS =0030 0000000000000000 ffffffff 00cf9300 DPL=0 DS   [-WA]
LDT=0000 0000000000000000 0000ffff 00008200 DPL=0 LDT
TR =0000 0000000000000000 0000ffff 00008b00 DPL=0 TSS64-busy
GDT=     00000000079de000 00000047
IDT=     00000000074fa018 00000fff
CR0=80010033 CR2=0000000000000000 CR3=0000000007c01000 CR4=00000668
DR0=0000000000000000 DR1=0000000000000000 DR2=0000000000000000 DR3=0000000000000000 
DR6=00000000ffff0ff0 DR7=0000000000000400
CCS=0000000000000004 CCD=0000000000000000 CCO=EFLAGS
EFER=0000000000000d00
  1012: v=20 e=0000 i=0 cpl=0 IP=0038:0000000007052c07 pc=0000000007052c07 SP=0030:0000000007efba60 env->regs[R_EAX]=00000000070a906f
RAX=00000000070a906f RBX=0000000000000017 RCX=00000000070a9058 RDX=0000000007efbbf8
RSI=0000000000000018 RDI=0000000000000001 RBP=0000000000000000 RSP=0000000007efba60
R8 =0000000000000018 R9 =0000000000000000 R10=0000000007f19a4d R11=0000000007059f00
R12=00000000070a9058 R13=0000000007efbbf8 R14=0000000000000001 R15=0000000007efbc10
RIP=0000000007052c07 RFL=00000206 [-----P-] CPL=0 II=0 A20=1 SMM=0 HLT=0
ES =0030 0000000000000000 ffffffff 00cf9300 DPL=0 DS   [-WA]
CS =0038 0000000000000000 ffffffff 00af9a00 DPL=0 CS64 [-R-]
SS =0030 0000000000000000 ffffffff 00cf9300 DPL=0 DS   [-WA]
DS =0030 0000000000000000 ffffffff 00cf9300 DPL=0 DS   [-WA]
FS =0030 0000000000000000 ffffffff 00cf9300 DPL=0 DS   [-WA]
GS =0030 0000000000000000 ffffffff 00cf9300 DPL=0 DS   [-WA]
LDT=0000 0000000000000000 0000ffff 00008200 DPL=0 LDT
TR =0000 0000000000000000 0000ffff 00008b00 DPL=0 TSS64-busy
GDT=     00000000079de000 00000047
IDT=     00000000074fa018 00000fff
CR0=80010033 CR2=0000000000000000 CR3=0000000007c01000 CR4=00000668
DR0=0000000000000000 DR1=0000000000000000 DR2=0000000000000000 DR3=0000000000000000 
DR6=00000000ffff0ff0 DR7=0000000000000400
CCS=0000000000000004 CCD=0000000000000000 CCO=EFLAGS
EFER=0000000000000d00
  1013: v=20 e=0000 i=0 cpl=0 IP=0038:0000000007052c07 pc=0000000007052c07 SP=0030:0000000007efba60 env->regs[R_EAX]=00000000070a906f
RAX=00000000070a906f RBX=0000000000000017 RCX=00000000070a9058 RDX=0000000007efbbf8
RSI=0000000000000018 RDI=0000000000000001 RBP=0000000000000000 RSP=0000000007efba60
R8 =0000000000000018 R9 =0000000000000000 R10=0000000007f19a4d R11=0000000007059f00
R12=00000000070a9058 R13=0000000007efbbf8 R14=0000000000000001 R15=0000000007efbc10
RIP=0000000007052c07 RFL=00000206 [-----P-] CPL=0 II=0 A20=1 SMM=0 HLT=0
ES =0030 0000000000000000 ffffffff 00cf9300 DPL=0 DS   [-WA]
CS =0038 0000000000000000 ffffffff 00af9a00 DPL=0 CS64 [-R-]
SS =0030 0000000000000000 ffffffff 00cf9300 DPL=0 DS   [-WA]
DS =0030 0000000000000000 ffffffff 00cf9300 DPL=0 DS   [-WA]
FS =0030 0000000000000000 ffffffff 00cf9300 DPL=0 DS   [-WA]
GS =0030 0000000000000000 ffffffff 00cf9300 DPL=0 DS   [-WA]
LDT=0000 0000000000000000 0000ffff 00008200 DPL=0 LDT
TR =0000 0000000000000000 0000ffff 00008b00 DPL=0 TSS64-busy
GDT=     00000000079de000 00000047
IDT=     00000000074fa018 00000fff
CR0=80010033 CR2=0000000000000000 CR3=0000000007c01000 CR4=00000668
DR0=0000000000000000 DR1=0000000000000000 DR2=0000000000000000 DR3=0000000000000000 
DR6=00000000ffff0ff0 DR7=0000000000000400
CCS=0000000000000004 CCD=0000000000000000 CCO=EFLAGS
EFER=0000000000000d00
  1014: v=20 e=0000 i=0 cpl=0 IP=0038:0000000007052c07 pc=0000000007052c07 SP=0030:0000000007efba60 env->regs[R_EAX]=00000000070a906f
RAX=00000000070a906f RBX=0000000000000017 RCX=00000000070a9058 RDX=0000000007efbbf8
RSI=0000000000000018 RDI=0000000000000001 RBP=0000000000000000 RSP=0000000007efba60
R8 =0000000000000018 R9 =0000000000000000 R10=0000000007f19a4d R11=0000000007059f00
R12=00000000070a9058 R13=0000000007efbbf8 R14=0000000000000001 R15=0000000007efbc10
RIP=0000000007052c07 RFL=00000206 [-----P-] CPL=0 II=0 A20=1 SMM=0 HLT=0
ES =0030 0000000000000000 ffffffff 00cf9300 DPL=0 DS   [-WA]
CS =0038 0000000000000000 ffffffff 00af9a00 DPL=0 CS64 [-R-]
SS =0030 0000000000000000 ffffffff 00cf9300 DPL=0 DS   [-WA]
DS =0030 0000000000000000 ffffffff 00cf9300 DPL=0 DS   [-WA]
FS =0030 0000000000000000 ffffffff 00cf9300 DPL=0 DS   [-WA]
GS =0030 0000000000000000 ffffffff 00cf9300 DPL=0 DS   [-WA]
LDT=0000 0000000000000000 0000ffff 00008200 DPL=0 LDT
TR =0000 0000000000000000 0000ffff 00008b00 DPL=0 TSS64-busy
GDT=     00000000079de000 00000047
IDT=     00000000074fa018 00000fff
CR0=80010033 CR2=0000000000000000 CR3=0000000007c01000 CR4=00000668
DR0=0000000000000000 DR1=0000000000000000 DR2=0000000000000000 DR3=0000000000000000 
DR6=00000000ffff0ff0 DR7=0000000000000400
CCS=0000000000000004 CCD=0000000000000000 CCO=EFLAGS
EFER=0000000000000d00
  1015: v=20 e=0000 i=0 cpl=0 IP=0038:0000000007052c07 pc=0000000007052c07 SP=0030:0000000007efba60 env->regs[R_EAX]=00000000070a906f
RAX=00000000070a906f RBX=0000000000000017 RCX=00000000070a9058 RDX=0000000007efbbf8
RSI=0000000000000018 RDI=0000000000000001 RBP=0000000000000000 RSP=0000000007efba60
R8 =0000000000000018 R9 =0000000000000000 R10=0000000007f19a4d R11=0000000007059f00
R12=00000000070a9058 R13=0000000007efbbf8 R14=0000000000000001 R15=0000000007efbc10
RIP=0000000007052c07 RFL=00000206 [-----P-] CPL=0 II=0 A20=1 SMM=0 HLT=0
ES =0030 0000000000000000 ffffffff 00cf9300 DPL=0 DS   [-WA]
CS =0038 0000000000000000 ffffffff 00af9a00 DPL=0 CS64 [-R-]
SS =0030 0000000000000000 ffffffff 00cf9300 DPL=0 DS   [-WA]
DS =0030 0000000000000000 ffffffff 00cf9300 DPL=0 DS   [-WA]
FS =0030 0000000000000000 ffffffff 00cf9300 DPL=0 DS   [-WA]
GS =0030 0000000000000000 ffffffff 00cf9300 DPL=0 DS   [-WA]
LDT=0000 0000000000000000 0000ffff 00008200 DPL=0 LDT
TR =0000 0000000000000000 0000ffff 00008b00 DPL=0 TSS64-busy
GDT=     00000000079de000 00000047
IDT=     00000000074fa018 00000fff
CR0=80010033 CR2=0000000000000000 CR3=0000000007c01000 CR4=00000668
DR0=0000000000000000 DR1=0000000000000000 DR2=0000000000000000 DR3=0000000000000000 
DR6=00000000ffff0ff0 DR7=0000000000000400
CCS=0000000000000004 CCD=0000000000000000 CCO=EFLAGS
EFER=0000000000000d00
  1016: v=20 e=0000 i=0 cpl=0 IP=0038:0000000007052c07 pc=0000000007052c07 SP=0030:0000000007efba60 env->regs[R_EAX]=00000000070a906f
RAX=00000000070a906f RBX=0000000000000017 RCX=00000000070a9058 RDX=0000000007efbbf8
RSI=0000000000000018 RDI=0000000000000001 RBP=0000000000000000 RSP=0000000007efba60
R8 =0000000000000018 R9 =0000000000000000 R10=0000000007f19a4d R11=0000000007059f00
R12=00000000070a9058 R13=0000000007efbbf8 R14=0000000000000001 R15=0000000007efbc10
RIP=0000000007052c07 RFL=00000206 [-----P-] CPL=0 II=0 A20=1 SMM=0 HLT=0
ES =0030 0000000000000000 ffffffff 00cf9300 DPL=0 DS   [-WA]
CS =0038 0000000000000000 ffffffff 00af9a00 DPL=0 CS64 [-R-]
SS =0030 0000000000000000 ffffffff 00cf9300 DPL=0 DS   [-WA]
DS =0030 0000000000000000 ffffffff 00cf9300 DPL=0 DS   [-WA]
FS =0030 0000000000000000 ffffffff 00cf9300 DPL=0 DS   [-WA]
GS =0030 0000000000000000 ffffffff 00cf9300 DPL=0 DS   [-WA]
LDT=0000 0000000000000000 0000ffff 00008200 DPL=0 LDT
TR =0000 0000000000000000 0000ffff 00008b00 DPL=0 TSS64-busy
GDT=     00000000079de000 00000047
IDT=     00000000074fa018 00000fff
CR0=80010033 CR2=0000000000000000 CR3=0000000007c01000 CR4=00000668
DR0=0000000000000000 DR1=0000000000000000 DR2=0000000000000000 DR3=0000000000000000 
DR6=00000000ffff0ff0 DR7=0000000000000400
CCS=0000000000000004 CCD=0000000000000000 CCO=EFLAGS
EFER=0000000000000d00
  1017: v=20 e=0000 i=0 cpl=0 IP=0038:0000000007052c07 pc=0000000007052c07 SP=0030:0000000007efba60 env->regs[R_EAX]=00000000070a906f
RAX=00000000070a906f RBX=0000000000000017 RCX=00000000070a9058 RDX=0000000007efbbf8
RSI=0000000000000018 RDI=0000000000000001 RBP=0000000000000000 RSP=0000000007efba60
R8 =0000000000000018 R9 =0000000000000000 R10=0000000007f19a4d R11=0000000007059f00
R12=00000000070a9058 R13=0000000007efbbf8 R14=0000000000000001 R15=0000000007efbc10
RIP=0000000007052c07 RFL=00000206 [-----P-] CPL=0 II=0 A20=1 SMM=0 HLT=0
ES =0030 0000000000000000 ffffffff 00cf9300 DPL=0 DS   [-WA]
CS =0038 0000000000000000 ffffffff 00af9a00 DPL=0 CS64 [-R-]
SS =0030 0000000000000000 ffffffff 00cf9300 DPL=0 DS   [-WA]
DS =0030 0000000000000000 ffffffff 00cf9300 DPL=0 DS   [-WA]
FS =0030 0000000000000000 ffffffff 00cf9300 DPL=0 DS   [-WA]
GS =0030 0000000000000000 ffffffff 00cf9300 DPL=0 DS   [-WA]
LDT=0000 0000000000000000 0000ffff 00008200 DPL=0 LDT
TR =0000 0000000000000000 0000ffff 00008b00 DPL=0 TSS64-busy
GDT=     00000000079de000 00000047
IDT=     00000000074fa018 00000fff
CR0=80010033 CR2=0000000000000000 CR3=0000000007c01000 CR4=00000668
DR0=0000000000000000 DR1=0000000000000000 DR2=0000000000000000 DR3=0000000000000000 
DR6=00000000ffff0ff0 DR7=0000000000000400
CCS=0000000000000004 CCD=0000000000000000 CCO=EFLAGS
EFER=0000000000000d00
  1018: v=20 e=0000 i=0 cpl=0 IP=0038:0000000007052c07 pc=0000000007052c07 SP=0030:0000000007efba60 env->regs[R_EAX]=00000000070a906f
RAX=00000000070a906f RBX=0000000000000017 RCX=00000000070a9058 RDX=0000000007efbbf8
RSI=0000000000000018 RDI=0000000000000001 RBP=0000000000000000 RSP=0000000007efba60
R8 =0000000000000018 R9 =0000000000000000 R10=0000000007f19a4d R11=0000000007059f00
R12=00000000070a9058 R13=0000000007efbbf8 R14=0000000000000001 R15=0000000007efbc10
RIP=0000000007052c07 RFL=00000206 [-----P-] CPL=0 II=0 A20=1 SMM=0 HLT=0
ES =0030 0000000000000000 ffffffff 00cf9300 DPL=0 DS   [-WA]
CS =0038 0000000000000000 ffffffff 00af9a00 DPL=0 CS64 [-R-]
SS =0030 0000000000000000 ffffffff 00cf9300 DPL=0 DS   [-WA]
DS =0030 0000000000000000 ffffffff 00cf9300 DPL=0 DS   [-WA]
FS =0030 0000000000000000 ffffffff 00cf9300 DPL=0 DS   [-WA]
GS =0030 0000000000000000 ffffffff 00cf9300 DPL=0 DS   [-WA]
LDT=0000 0000000000000000 0000ffff 00008200 DPL=0 LDT
TR =0000 0000000000000000 0000ffff 00008b00 DPL=0 TSS64-busy
GDT=     00000000079de000 00000047
IDT=     00000000074fa018 00000fff
CR0=80010033 CR2=0000000000000000 CR3=0000000007c01000 CR4=00000668
DR0=0000000000000000 DR1=0000000000000000 DR2=0000000000000000 DR3=0000000000000000 
DR6=00000000ffff0ff0 DR7=0000000000000400
CCS=0000000000000004 CCD=0000000000000000 CCO=EFLAGS
EFER=0000000000000d00
  1019: v=20 e=0000 i=0 cpl=0 IP=0038:0000000007052c07 pc=0000000007052c07 SP=0030:0000000007efba60 env->regs[R_EAX]=00000000070a906f
RAX=00000000070a906f RBX=0000000000000017 RCX=00000000070a9058 RDX=0000000007efbbf8
RSI=0000000000000018 RDI=0000000000000001 RBP=0000000000000000 RSP=0000000007efba60
R8 =0000000000000018 R9 =0000000000000000 R10=0000000007f19a4d R11=0000000007059f00
R12=00000000070a9058 R13=0000000007efbbf8 R14=0000000000000001 R15=0000000007efbc10
RIP=0000000007052c07 RFL=00000206 [-----P-] CPL=0 II=0 A20=1 SMM=0 HLT=0
ES =0030 0000000000000000 ffffffff 00cf9300 DPL=0 DS   [-WA]
CS =0038 0000000000000000 ffffffff 00af9a00 DPL=0 CS64 [-R-]
SS =0030 0000000000000000 ffffffff 00cf9300 DPL=0 DS   [-WA]
DS =0030 0000000000000000 ffffffff 00cf9300 DPL=0 DS   [-WA]
FS =0030 0000000000000000 ffffffff 00cf9300 DPL=0 DS   [-WA]
GS =0030 0000000000000000 ffffffff 00cf9300 DPL=0 DS   [-WA]
LDT=0000 0000000000000000 0000ffff 00008200 DPL=0 LDT
TR =0000 0000000000000000 0000ffff 00008b00 DPL=0 TSS64-busy
GDT=     00000000079de000 00000047
IDT=     00000000074fa018 00000fff
CR0=80010033 CR2=0000000000000000 CR3=0000000007c01000 CR4=00000668
DR0=0000000000000000 DR1=0000000000000000 DR2=0000000000000000 DR3=0000000000000000 
DR6=00000000ffff0ff0 DR7=0000000000000400
CCS=0000000000000004 CCD=0000000000000000 CCO=EFLAGS
EFER=0000000000000d00
  1020: v=20 e=0000 i=0 cpl=0 IP=0038:0000000007052c07 pc=0000000007052c07 SP=0030:0000000007efba60 env->regs[R_EAX]=00000000070a906f
RAX=00000000070a906f RBX=0000000000000017 RCX=00000000070a9058 RDX=0000000007efbbf8
RSI=0000000000000018 RDI=0000000000000001 RBP=0000000000000000 RSP=0000000007efba60
R8 =0000000000000018 R9 =0000000000000000 R10=0000000007f19a4d R11=0000000007059f00
R12=00000000070a9058 R13=0000000007efbbf8 R14=0000000000000001 R15=0000000007efbc10
RIP=0000000007052c07 RFL=00000206 [-----P-] CPL=0 II=0 A20=1 SMM=0 HLT=0
ES =0030 0000000000000000 ffffffff 00cf9300 DPL=0 DS   [-WA]
CS =0038 0000000000000000 ffffffff 00af9a00 DPL=0 CS64 [-R-]
SS =0030 0000000000000000 ffffffff 00cf9300 DPL=0 DS   [-WA]
DS =0030 0000000000000000 ffffffff 00cf9300 DPL=0 DS   [-WA]
FS =0030 0000000000000000 ffffffff 00cf9300 DPL=0 DS   [-WA]
GS =0030 0000000000000000 ffffffff 00cf9300 DPL=0 DS   [-WA]
LDT=0000 0000000000000000 0000ffff 00008200 DPL=0 LDT
TR =0000 0000000000000000 0000ffff 00008b00 DPL=0 TSS64-busy
GDT=     00000000079de000 00000047
IDT=     00000000074fa018 00000fff
CR0=80010033 CR2=0000000000000000 CR3=0000000007c01000 CR4=00000668
DR0=0000000000000000 DR1=0000000000000000 DR2=0000000000000000 DR3=0000000000000000 
DR6=00000000ffff0ff0 DR7=0000000000000400
CCS=0000000000000004 CCD=0000000000000000 CCO=EFLAGS
EFER=0000000000000d00
  1021: v=20 e=0000 i=0 cpl=0 IP=0038:0000000007052c07 pc=0000000007052c07 SP=0030:0000000007efba60 env->regs[R_EAX]=00000000070a906f
RAX=00000000070a906f RBX=0000000000000017 RCX=00000000070a9058 RDX=0000000007efbbf8
RSI=0000000000000018 RDI=0000000000000001 RBP=0000000000000000 RSP=0000000007efba60
R8 =0000000000000018 R9 =0000000000000000 R10=0000000007f19a4d R11=0000000007059f00
R12=00000000070a9058 R13=0000000007efbbf8 R14=0000000000000001 R15=0000000007efbc10
RIP=0000000007052c07 RFL=00000206 [-----P-] CPL=0 II=0 A20=1 SMM=0 HLT=0
ES =0030 0000000000000000 ffffffff 00cf9300 DPL=0 DS   [-WA]
CS =0038 0000000000000000 ffffffff 00af9a00 DPL=0 CS64 [-R-]
SS =0030 0000000000000000 ffffffff 00cf9300 DPL=0 DS   [-WA]
DS =0030 0000000000000000 ffffffff 00cf9300 DPL=0 DS   [-WA]
FS =0030 0000000000000000 ffffffff 00cf9300 DPL=0 DS   [-WA]
GS =0030 0000000000000000 ffffffff 00cf9300 DPL=0 DS   [-WA]
LDT=0000 0000000000000000 0000ffff 00008200 DPL=0 LDT
TR =0000 0000000000000000 0000ffff 00008b00 DPL=0 TSS64-busy
GDT=     00000000079de000 00000047
IDT=     00000000074fa018 00000fff
CR0=80010033 CR2=0000000000000000 CR3=0000000007c01000 CR4=00000668
DR0=0000000000000000 DR1=0000000000000000 DR2=0000000000000000 DR3=0000000000000000 
DR6=00000000ffff0ff0 DR7=0000000000000400
CCS=0000000000000004 CCD=0000000000000000 CCO=EFLAGS
EFER=0000000000000d00
  1022: v=20 e=0000 i=0 cpl=0 IP=0038:0000000007052c07 pc=0000000007052c07 SP=0030:0000000007efba60 env->regs[R_EAX]=00000000070a906f
RAX=00000000070a906f RBX=0000000000000017 RCX=00000000070a9058 RDX=0000000007efbbf8
RSI=0000000000000018 RDI=0000000000000001 RBP=0000000000000000 RSP=0000000007efba60
R8 =0000000000000018 R9 =0000000000000000 R10=0000000007f19a4d R11=0000000007059f00
R12=00000000070a9058 R13=0000000007efbbf8 R14=0000000000000001 R15=0000000007efbc10
RIP=0000000007052c07 RFL=00000206 [-----P-] CPL=0 II=0 A20=1 SMM=0 HLT=0
ES =0030 0000000000000000 ffffffff 00cf9300 DPL=0 DS   [-WA]
CS =0038 0000000000000000 ffffffff 00af9a00 DPL=0 CS64 [-R-]
SS =0030 0000000000000000 ffffffff 00cf9300 DPL=0 DS   [-WA]
DS =0030 0000000000000000 ffffffff 00cf9300 DPL=0 DS   [-WA]
FS =0030 0000000000000000 ffffffff 00cf9300 DPL=0 DS   [-WA]
GS =0030 0000000000000000 ffffffff 00cf9300 DPL=0 DS   [-WA]
LDT=0000 0000000000000000 0000ffff 00008200 DPL=0 LDT
TR =0000 0000000000000000 0000ffff 00008b00 DPL=0 TSS64-busy
GDT=     00000000079de000 00000047
IDT=     00000000074fa018 00000fff
CR0=80010033 CR2=0000000000000000 CR3=0000000007c01000 CR4=00000668
DR0=0000000000000000 DR1=0000000000000000 DR2=0000000000000000 DR3=0000000000000000 
DR6=00000000ffff0ff0 DR7=0000000000000400
CCS=0000000000000004 CCD=0000000000000000 CCO=EFLAGS
EFER=0000000000000d00
  1023: v=20 e=0000 i=0 cpl=0 IP=0038:0000000007052c07 pc=0000000007052c07 SP=0030:0000000007efba60 env->regs[R_EAX]=00000000070a906f
RAX=00000000070a906f RBX=0000000000000017 RCX=00000000070a9058 RDX=0000000007efbbf8
RSI=0000000000000018 RDI=0000000000000001 RBP=0000000000000000 RSP=0000000007efba60
R8 =0000000000000018 R9 =0000000000000000 R10=0000000007f19a4d R11=0000000007059f00
R12=00000000070a9058 R13=0000000007efbbf8 R14=0000000000000001 R15=0000000007efbc10
RIP=0000000007052c07 RFL=00000206 [-----P-] CPL=0 II=0 A20=1 SMM=0 HLT=0
ES =0030 0000000000000000 ffffffff 00cf9300 DPL=0 DS   [-WA]
CS =0038 0000000000000000 ffffffff 00af9a00 DPL=0 CS64 [-R-]
SS =0030 0000000000000000 ffffffff 00cf9300 DPL=0 DS   [-WA]
DS =0030 0000000000000000 ffffffff 00cf9300 DPL=0 DS   [-WA]
FS =0030 0000000000000000 ffffffff 00cf9300 DPL=0 DS   [-WA]
GS =0030 0000000000000000 ffffffff 00cf9300 DPL=0 DS   [-WA]
LDT=0000 0000000000000000 0000ffff 00008200 DPL=0 LDT
TR =0000 0000000000000000 0000ffff 00008b00 DPL=0 TSS64-busy
GDT=     00000000079de000 00000047
IDT=     00000000074fa018 00000fff
CR0=80010033 CR2=0000000000000000 CR3=0000000007c01000 CR4=00000668
DR0=0000000000000000 DR1=0000000000000000 DR2=0000000000000000 DR3=0000000000000000 
DR6=00000000ffff0ff0 DR7=0000000000000400
CCS=0000000000000004 CCD=0000000000000000 CCO=EFLAGS
EFER=0000000000000d00
  1024: v=20 e=0000 i=0 cpl=0 IP=0038:0000000007052c07 pc=0000000007052c07 SP=0030:0000000007efba60 env->regs[R_EAX]=00000000070a906f
RAX=00000000070a906f RBX=0000000000000017 RCX=00000000070a9058 RDX=0000000007efbbf8
RSI=0000000000000018 RDI=0000000000000001 RBP=0000000000000000 RSP=0000000007efba60
R8 =0000000000000018 R9 =0000000000000000 R10=0000000007f19a4d R11=0000000007059f00
R12=00000000070a9058 R13=0000000007efbbf8 R14=0000000000000001 R15=0000000007efbc10
RIP=0000000007052c07 RFL=00000206 [-----P-] CPL=0 II=0 A20=1 SMM=0 HLT=0
ES =0030 0000000000000000 ffffffff 00cf9300 DPL=0 DS   [-WA]
CS =0038 0000000000000000 ffffffff 00af9a00 DPL=0 CS64 [-R-]
SS =0030 0000000000000000 ffffffff 00cf9300 DPL=0 DS   [-WA]
DS =0030 0000000000000000 ffffffff 00cf9300 DPL=0 DS   [-WA]
FS =0030 0000000000000000 ffffffff 00cf9300 DPL=0 DS   [-WA]
GS =0030 0000000000000000 ffffffff 00cf9300 DPL=0 DS   [-WA]
LDT=0000 0000000000000000 0000ffff 00008200 DPL=0 LDT
TR =0000 0000000000000000 0000ffff 00008b00 DPL=0 TSS64-busy
GDT=     00000000079de000 00000047
IDT=     00000000074fa018 00000fff
CR0=80010033 CR2=0000000000000000 CR3=0000000007c01000 CR4=00000668
DR0=0000000000000000 DR1=0000000000000000 DR2=0000000000000000 DR3=0000000000000000 
DR6=00000000ffff0ff0 DR7=0000000000000400
CCS=0000000000000004 CCD=0000000000000000 CCO=EFLAGS
EFER=0000000000000d00
  1025: v=20 e=0000 i=0 cpl=0 IP=0038:0000000007052c07 pc=0000000007052c07 SP=0030:0000000007efba60 env->regs[R_EAX]=00000000070a906f
RAX=00000000070a906f RBX=0000000000000017 RCX=00000000070a9058 RDX=0000000007efbbf8
RSI=0000000000000018 RDI=0000000000000001 RBP=0000000000000000 RSP=0000000007efba60
R8 =0000000000000018 R9 =0000000000000000 R10=0000000007f19a4d R11=0000000007059f00
R12=00000000070a9058 R13=0000000007efbbf8 R14=0000000000000001 R15=0000000007efbc10
RIP=0000000007052c07 RFL=00000206 [-----P-] CPL=0 II=0 A20=1 SMM=0 HLT=0
ES =0030 0000000000000000 ffffffff 00cf9300 DPL=0 DS   [-WA]
CS =0038 0000000000000000 ffffffff 00af9a00 DPL=0 CS64 [-R-]
SS =0030 0000000000000000 ffffffff 00cf9300 DPL=0 DS   [-WA]
DS =0030 0000000000000000 ffffffff 00cf9300 DPL=0 DS   [-WA]
FS =0030 0000000000000000 ffffffff 00cf9300 DPL=0 DS   [-WA]
GS =0030 0000000000000000 ffffffff 00cf9300 DPL=0 DS   [-WA]
LDT=0000 0000000000000000 0000ffff 00008200 DPL=0 LDT
TR =0000 0000000000000000 0000ffff 00008b00 DPL=0 TSS64-busy
GDT=     00000000079de000 00000047
IDT=     00000000074fa018 00000fff
CR0=80010033 CR2=0000000000000000 CR3=0000000007c01000 CR4=00000668
DR0=0000000000000000 DR1=0000000000000000 DR2=0000000000000000 DR3=0000000000000000 
DR6=00000000ffff0ff0 DR7=0000000000000400
CCS=0000000000000004 CCD=0000000000000000 CCO=EFLAGS
EFER=0000000000000d00
  1026: v=20 e=0000 i=0 cpl=0 IP=0038:0000000007052c07 pc=0000000007052c07 SP=0030:0000000007efba60 env->regs[R_EAX]=00000000070a906f
RAX=00000000070a906f RBX=0000000000000017 RCX=00000000070a9058 RDX=0000000007efbbf8
RSI=0000000000000018 RDI=0000000000000001 RBP=0000000000000000 RSP=0000000007efba60
R8 =0000000000000018 R9 =0000000000000000 R10=0000000007f19a4d R11=0000000007059f00
R12=00000000070a9058 R13=0000000007efbbf8 R14=0000000000000001 R15=0000000007efbc10
RIP=0000000007052c07 RFL=00000206 [-----P-] CPL=0 II=0 A20=1 SMM=0 HLT=0
ES =0030 0000000000000000 ffffffff 00cf9300 DPL=0 DS   [-WA]
CS =0038 0000000000000000 ffffffff 00af9a00 DPL=0 CS64 [-R-]
SS =0030 0000000000000000 ffffffff 00cf9300 DPL=0 DS   [-WA]
DS =0030 0000000000000000 ffffffff 00cf9300 DPL=0 DS   [-WA]
FS =0030 0000000000000000 ffffffff 00cf9300 DPL=0 DS   [-WA]
GS =0030 0000000000000000 ffffffff 00cf9300 DPL=0 DS   [-WA]
LDT=0000 0000000000000000 0000ffff 00008200 DPL=0 LDT
TR =0000 0000000000000000 0000ffff 00008b00 DPL=0 TSS64-busy
GDT=     00000000079de000 00000047
IDT=     00000000074fa018 00000fff
CR0=80010033 CR2=0000000000000000 CR3=0000000007c01000 CR4=00000668
DR0=0000000000000000 DR1=0000000000000000 DR2=0000000000000000 DR3=0000000000000000 
DR6=00000000ffff0ff0 DR7=0000000000000400
CCS=0000000000000004 CCD=0000000000000000 CCO=EFLAGS
EFER=0000000000000d00
  1027: v=20 e=0000 i=0 cpl=0 IP=0038:0000000007052c07 pc=0000000007052c07 SP=0030:0000000007efba60 env->regs[R_EAX]=00000000070a906f
RAX=00000000070a906f RBX=0000000000000017 RCX=00000000070a9058 RDX=0000000007efbbf8
RSI=0000000000000018 RDI=0000000000000001 RBP=0000000000000000 RSP=0000000007efba60
R8 =0000000000000018 R9 =0000000000000000 R10=0000000007f19a4d R11=0000000007059f00
R12=00000000070a9058 R13=0000000007efbbf8 R14=0000000000000001 R15=0000000007efbc10
RIP=0000000007052c07 RFL=00000206 [-----P-] CPL=0 II=0 A20=1 SMM=0 HLT=0
ES =0030 0000000000000000 ffffffff 00cf9300 DPL=0 DS   [-WA]
CS =0038 0000000000000000 ffffffff 00af9a00 DPL=0 CS64 [-R-]
SS =0030 0000000000000000 ffffffff 00cf9300 DPL=0 DS   [-WA]
DS =0030 0000000000000000 ffffffff 00cf9300 DPL=0 DS   [-WA]
FS =0030 0000000000000000 ffffffff 00cf9300 DPL=0 DS   [-WA]
GS =0030 0000000000000000 ffffffff 00cf9300 DPL=0 DS   [-WA]
LDT=0000 0000000000000000 0000ffff 00008200 DPL=0 LDT
TR =0000 0000000000000000 0000ffff 00008b00 DPL=0 TSS64-busy
GDT=     00000000079de000 00000047
IDT=     00000000074fa018 00000fff
CR0=80010033 CR2=0000000000000000 CR3=0000000007c01000 CR4=00000668
DR0=0000000000000000 DR1=0000000000000000 DR2=0000000000000000 DR3=0000000000000000 
DR6=00000000ffff0ff0 DR7=0000000000000400
CCS=0000000000000004 CCD=0000000000000000 CCO=EFLAGS
EFER=0000000000000d00
  1028: v=20 e=0000 i=0 cpl=0 IP=0038:0000000007052c07 pc=0000000007052c07 SP=0030:0000000007efba60 env->regs[R_EAX]=00000000070a906f
RAX=00000000070a906f RBX=0000000000000017 RCX=00000000070a9058 RDX=0000000007efbbf8
RSI=0000000000000018 RDI=0000000000000001 RBP=0000000000000000 RSP=0000000007efba60
R8 =0000000000000018 R9 =0000000000000000 R10=0000000007f19a4d R11=0000000007059f00
R12=00000000070a9058 R13=0000000007efbbf8 R14=0000000000000001 R15=0000000007efbc10
RIP=0000000007052c07 RFL=00000206 [-----P-] CPL=0 II=0 A20=1 SMM=0 HLT=0
ES =0030 0000000000000000 ffffffff 00cf9300 DPL=0 DS   [-WA]
CS =0038 0000000000000000 ffffffff 00af9a00 DPL=0 CS64 [-R-]
SS =0030 0000000000000000 ffffffff 00cf9300 DPL=0 DS   [-WA]
DS =0030 0000000000000000 ffffffff 00cf9300 DPL=0 DS   [-WA]
FS =0030 0000000000000000 ffffffff 00cf9300 DPL=0 DS   [-WA]
GS =0030 0000000000000000 ffffffff 00cf9300 DPL=0 DS   [-WA]
LDT=0000 0000000000000000 0000ffff 00008200 DPL=0 LDT
TR =0000 0000000000000000 0000ffff 00008b00 DPL=0 TSS64-busy
GDT=     00000000079de000 00000047
IDT=     00000000074fa018 00000fff
CR0=80010033 CR2=0000000000000000 CR3=0000000007c01000 CR4=00000668
DR0=0000000000000000 DR1=0000000000000000 DR2=0000000000000000 DR3=0000000000000000 
DR6=00000000ffff0ff0 DR7=0000000000000400
CCS=0000000000000004 CCD=0000000000000000 CCO=EFLAGS
EFER=0000000000000d00
  1029: v=20 e=0000 i=0 cpl=0 IP=0038:0000000007052c07 pc=0000000007052c07 SP=0030:0000000007efba60 env->regs[R_EAX]=00000000070a906f
RAX=00000000070a906f RBX=0000000000000017 RCX=00000000070a9058 RDX=0000000007efbbf8
RSI=0000000000000018 RDI=0000000000000001 RBP=0000000000000000 RSP=0000000007efba60
R8 =0000000000000018 R9 =0000000000000000 R10=0000000007f19a4d R11=0000000007059f00
R12=00000000070a9058 R13=0000000007efbbf8 R14=0000000000000001 R15=0000000007efbc10
RIP=0000000007052c07 RFL=00000206 [-----P-] CPL=0 II=0 A20=1 SMM=0 HLT=0
ES =0030 0000000000000000 ffffffff 00cf9300 DPL=0 DS   [-WA]
CS =0038 0000000000000000 ffffffff 00af9a00 DPL=0 CS64 [-R-]
SS =0030 0000000000000000 ffffffff 00cf9300 DPL=0 DS   [-WA]
DS =0030 0000000000000000 ffffffff 00cf9300 DPL=0 DS   [-WA]
FS =0030 0000000000000000 ffffffff 00cf9300 DPL=0 DS   [-WA]
GS =0030 0000000000000000 ffffffff 00cf9300 DPL=0 DS   [-WA]
LDT=0000 0000000000000000 0000ffff 00008200 DPL=0 LDT
TR =0000 0000000000000000 0000ffff 00008b00 DPL=0 TSS64-busy
GDT=     00000000079de000 00000047
IDT=     00000000074fa018 00000fff
CR0=80010033 CR2=0000000000000000 CR3=0000000007c01000 CR4=00000668
DR0=0000000000000000 DR1=0000000000000000 DR2=0000000000000000 DR3=0000000000000000 
DR6=00000000ffff0ff0 DR7=0000000000000400
CCS=0000000000000004 CCD=0000000000000000 CCO=EFLAGS
EFER=0000000000000d00
  1030: v=20 e=0000 i=0 cpl=0 IP=0038:0000000007052c07 pc=0000000007052c07 SP=0030:0000000007efba60 env->regs[R_EAX]=00000000070a906f
RAX=00000000070a906f RBX=0000000000000017 RCX=00000000070a9058 RDX=0000000007efbbf8
RSI=0000000000000018 RDI=0000000000000001 RBP=0000000000000000 RSP=0000000007efba60
R8 =0000000000000018 R9 =0000000000000000 R10=0000000007f19a4d R11=0000000007059f00
R12=00000000070a9058 R13=0000000007efbbf8 R14=0000000000000001 R15=0000000007efbc10
RIP=0000000007052c07 RFL=00000206 [-----P-] CPL=0 II=0 A20=1 SMM=0 HLT=0
ES =0030 0000000000000000 ffffffff 00cf9300 DPL=0 DS   [-WA]
CS =0038 0000000000000000 ffffffff 00af9a00 DPL=0 CS64 [-R-]
SS =0030 0000000000000000 ffffffff 00cf9300 DPL=0 DS   [-WA]
DS =0030 0000000000000000 ffffffff 00cf9300 DPL=0 DS   [-WA]
FS =0030 0000000000000000 ffffffff 00cf9300 DPL=0 DS   [-WA]
GS =0030 0000000000000000 ffffffff 00cf9300 DPL=0 DS   [-WA]
LDT=0000 0000000000000000 0000ffff 00008200 DPL=0 LDT
TR =0000 0000000000000000 0000ffff 00008b00 DPL=0 TSS64-busy
GDT=     00000000079de000 00000047
IDT=     00000000074fa018 00000fff
CR0=80010033 CR2=0000000000000000 CR3=0000000007c01000 CR4=00000668
DR0=0000000000000000 DR1=0000000000000000 DR2=0000000000000000 DR3=0000000000000000 
DR6=00000000ffff0ff0 DR7=0000000000000400
CCS=0000000000000004 CCD=0000000000000000 CCO=EFLAGS
EFER=0000000000000d00
  1031: v=20 e=0000 i=0 cpl=0 IP=0038:0000000007052c07 pc=0000000007052c07 SP=0030:0000000007efba60 env->regs[R_EAX]=00000000070a906f
RAX=00000000070a906f RBX=0000000000000017 RCX=00000000070a9058 RDX=0000000007efbbf8
RSI=0000000000000018 RDI=0000000000000001 RBP=0000000000000000 RSP=0000000007efba60
R8 =0000000000000018 R9 =0000000000000000 R10=0000000007f19a4d R11=0000000007059f00
R12=00000000070a9058 R13=0000000007efbbf8 R14=0000000000000001 R15=0000000007efbc10
RIP=0000000007052c07 RFL=00000206 [-----P-] CPL=0 II=0 A20=1 SMM=0 HLT=0
ES =0030 0000000000000000 ffffffff 00cf9300 DPL=0 DS   [-WA]
CS =0038 0000000000000000 ffffffff 00af9a00 DPL=0 CS64 [-R-]
SS =0030 0000000000000000 ffffffff 00cf9300 DPL=0 DS   [-WA]
DS =0030 0000000000000000 ffffffff 00cf9300 DPL=0 DS   [-WA]
FS =0030 0000000000000000 ffffffff 00cf9300 DPL=0 DS   [-WA]
GS =0030 0000000000000000 ffffffff 00cf9300 DPL=0 DS   [-WA]
LDT=0000 0000000000000000 0000ffff 00008200 DPL=0 LDT
TR =0000 0000000000000000 0000ffff 00008b00 DPL=0 TSS64-busy
GDT=     00000000079de000 00000047
IDT=     00000000074fa018 00000fff
CR0=80010033 CR2=0000000000000000 CR3=0000000007c01000 CR4=00000668
DR0=0000000000000000 DR1=0000000000000000 DR2=0000000000000000 DR3=0000000000000000 
DR6=00000000ffff0ff0 DR7=0000000000000400
CCS=0000000000000004 CCD=0000000000000000 CCO=EFLAGS
EFER=0000000000000d00
  1032: v=20 e=0000 i=0 cpl=0 IP=0038:0000000007052c07 pc=0000000007052c07 SP=0030:0000000007efba60 env->regs[R_EAX]=00000000070a906f
RAX=00000000070a906f RBX=0000000000000017 RCX=00000000070a9058 RDX=0000000007efbbf8
RSI=0000000000000018 RDI=0000000000000001 RBP=0000000000000000 RSP=0000000007efba60
R8 =0000000000000018 R9 =0000000000000000 R10=0000000007f19a4d R11=0000000007059f00
R12=00000000070a9058 R13=0000000007efbbf8 R14=0000000000000001 R15=0000000007efbc10
RIP=0000000007052c07 RFL=00000206 [-----P-] CPL=0 II=0 A20=1 SMM=0 HLT=0
ES =0030 0000000000000000 ffffffff 00cf9300 DPL=0 DS   [-WA]
CS =0038 0000000000000000 ffffffff 00af9a00 DPL=0 CS64 [-R-]
SS =0030 0000000000000000 ffffffff 00cf9300 DPL=0 DS   [-WA]
DS =0030 0000000000000000 ffffffff 00cf9300 DPL=0 DS   [-WA]
FS =0030 0000000000000000 ffffffff 00cf9300 DPL=0 DS   [-WA]
GS =0030 0000000000000000 ffffffff 00cf9300 DPL=0 DS   [-WA]
LDT=0000 0000000000000000 0000ffff 00008200 DPL=0 LDT
TR =0000 0000000000000000 0000ffff 00008b00 DPL=0 TSS64-busy
GDT=     00000000079de000 00000047
IDT=     00000000074fa018 00000fff
CR0=80010033 CR2=0000000000000000 CR3=0000000007c01000 CR4=00000668
DR0=0000000000000000 DR1=0000000000000000 DR2=0000000000000000 DR3=0000000000000000 
DR6=00000000ffff0ff0 DR7=0000000000000400
CCS=0000000000000004 CCD=0000000000000000 CCO=EFLAGS
EFER=0000000000000d00
  1033: v=20 e=0000 i=0 cpl=0 IP=0038:0000000007052c07 pc=0000000007052c07 SP=0030:0000000007efba60 env->regs[R_EAX]=00000000070a906f
RAX=00000000070a906f RBX=0000000000000017 RCX=00000000070a9058 RDX=0000000007efbbf8
RSI=0000000000000018 RDI=0000000000000001 RBP=0000000000000000 RSP=0000000007efba60
R8 =0000000000000018 R9 =0000000000000000 R10=0000000007f19a4d R11=0000000007059f00
R12=00000000070a9058 R13=0000000007efbbf8 R14=0000000000000001 R15=0000000007efbc10
RIP=0000000007052c07 RFL=00000206 [-----P-] CPL=0 II=0 A20=1 SMM=0 HLT=0
ES =0030 0000000000000000 ffffffff 00cf9300 DPL=0 DS   [-WA]
CS =0038 0000000000000000 ffffffff 00af9a00 DPL=0 CS64 [-R-]
SS =0030 0000000000000000 ffffffff 00cf9300 DPL=0 DS   [-WA]
DS =0030 0000000000000000 ffffffff 00cf9300 DPL=0 DS   [-WA]
FS =0030 0000000000000000 ffffffff 00cf9300 DPL=0 DS   [-WA]
GS =0030 0000000000000000 ffffffff 00cf9300 DPL=0 DS   [-WA]
LDT=0000 0000000000000000 0000ffff 00008200 DPL=0 LDT
TR =0000 0000000000000000 0000ffff 00008b00 DPL=0 TSS64-busy
GDT=     00000000079de000 00000047
IDT=     00000000074fa018 00000fff
CR0=80010033 CR2=0000000000000000 CR3=0000000007c01000 CR4=00000668
DR0=0000000000000000 DR1=0000000000000000 DR2=0000000000000000 DR3=0000000000000000 
DR6=00000000ffff0ff0 DR7=0000000000000400
CCS=0000000000000004 CCD=0000000000000000 CCO=EFLAGS
EFER=0000000000000d00
  1034: v=20 e=0000 i=0 cpl=0 IP=0038:0000000007052c07 pc=0000000007052c07 SP=0030:0000000007efba60 env->regs[R_EAX]=00000000070a906f
RAX=00000000070a906f RBX=0000000000000017 RCX=00000000070a9058 RDX=0000000007efbbf8
RSI=0000000000000018 RDI=0000000000000001 RBP=0000000000000000 RSP=0000000007efba60
R8 =0000000000000018 R9 =0000000000000000 R10=0000000007f19a4d R11=0000000007059f00
R12=00000000070a9058 R13=0000000007efbbf8 R14=0000000000000001 R15=0000000007efbc10
RIP=0000000007052c07 RFL=00000206 [-----P-] CPL=0 II=0 A20=1 SMM=0 HLT=0
ES =0030 0000000000000000 ffffffff 00cf9300 DPL=0 DS   [-WA]
CS =0038 0000000000000000 ffffffff 00af9a00 DPL=0 CS64 [-R-]
SS =0030 0000000000000000 ffffffff 00cf9300 DPL=0 DS   [-WA]
DS =0030 0000000000000000 ffffffff 00cf9300 DPL=0 DS   [-WA]
FS =0030 0000000000000000 ffffffff 00cf9300 DPL=0 DS   [-WA]
GS =0030 0000000000000000 ffffffff 00cf9300 DPL=0 DS   [-WA]
LDT=0000 0000000000000000 0000ffff 00008200 DPL=0 LDT
TR =0000 0000000000000000 0000ffff 00008b00 DPL=0 TSS64-busy
GDT=     00000000079de000 00000047
IDT=     00000000074fa018 00000fff
CR0=80010033 CR2=0000000000000000 CR3=0000000007c01000 CR4=00000668
DR0=0000000000000000 DR1=0000000000000000 DR2=0000000000000000 DR3=0000000000000000 
DR6=00000000ffff0ff0 DR7=0000000000000400
CCS=0000000000000004 CCD=0000000000000000 CCO=EFLAGS
EFER=0000000000000d00
  1035: v=20 e=0000 i=0 cpl=0 IP=0038:0000000007052c07 pc=0000000007052c07 SP=0030:0000000007efba60 env->regs[R_EAX]=00000000070a906f
RAX=00000000070a906f RBX=0000000000000017 RCX=00000000070a9058 RDX=0000000007efbbf8
RSI=0000000000000018 RDI=0000000000000001 RBP=0000000000000000 RSP=0000000007efba60
R8 =0000000000000018 R9 =0000000000000000 R10=0000000007f19a4d R11=0000000007059f00
R12=00000000070a9058 R13=0000000007efbbf8 R14=0000000000000001 R15=0000000007efbc10
RIP=0000000007052c07 RFL=00000206 [-----P-] CPL=0 II=0 A20=1 SMM=0 HLT=0
ES =0030 0000000000000000 ffffffff 00cf9300 DPL=0 DS   [-WA]
CS =0038 0000000000000000 ffffffff 00af9a00 DPL=0 CS64 [-R-]
SS =0030 0000000000000000 ffffffff 00cf9300 DPL=0 DS   [-WA]
DS =0030 0000000000000000 ffffffff 00cf9300 DPL=0 DS   [-WA]
FS =0030 0000000000000000 ffffffff 00cf9300 DPL=0 DS   [-WA]
GS =0030 0000000000000000 ffffffff 00cf9300 DPL=0 DS   [-WA]
LDT=0000 0000000000000000 0000ffff 00008200 DPL=0 LDT
TR =0000 0000000000000000 0000ffff 00008b00 DPL=0 TSS64-busy
GDT=     00000000079de000 00000047
IDT=     00000000074fa018 00000fff
CR0=80010033 CR2=0000000000000000 CR3=0000000007c01000 CR4=00000668
DR0=0000000000000000 DR1=0000000000000000 DR2=0000000000000000 DR3=0000000000000000 
DR6=00000000ffff0ff0 DR7=0000000000000400
CCS=0000000000000004 CCD=0000000000000000 CCO=EFLAGS
EFER=0000000000000d00
  1036: v=20 e=0000 i=0 cpl=0 IP=0038:0000000007052c07 pc=0000000007052c07 SP=0030:0000000007efba60 env->regs[R_EAX]=00000000070a906f
RAX=00000000070a906f RBX=0000000000000017 RCX=00000000070a9058 RDX=0000000007efbbf8
RSI=0000000000000018 RDI=0000000000000001 RBP=0000000000000000 RSP=0000000007efba60
R8 =0000000000000018 R9 =0000000000000000 R10=0000000007f19a4d R11=0000000007059f00
R12=00000000070a9058 R13=0000000007efbbf8 R14=0000000000000001 R15=0000000007efbc10
RIP=0000000007052c07 RFL=00000206 [-----P-] CPL=0 II=0 A20=1 SMM=0 HLT=0
ES =0030 0000000000000000 ffffffff 00cf9300 DPL=0 DS   [-WA]
CS =0038 0000000000000000 ffffffff 00af9a00 DPL=0 CS64 [-R-]
SS =0030 0000000000000000 ffffffff 00cf9300 DPL=0 DS   [-WA]
DS =0030 0000000000000000 ffffffff 00cf9300 DPL=0 DS   [-WA]
FS =0030 0000000000000000 ffffffff 00cf9300 DPL=0 DS   [-WA]
GS =0030 0000000000000000 ffffffff 00cf9300 DPL=0 DS   [-WA]
LDT=0000 0000000000000000 0000ffff 00008200 DPL=0 LDT
TR =0000 0000000000000000 0000ffff 00008b00 DPL=0 TSS64-busy
GDT=     00000000079de000 00000047
IDT=     00000000074fa018 00000fff
CR0=80010033 CR2=0000000000000000 CR3=0000000007c01000 CR4=00000668
DR0=0000000000000000 DR1=0000000000000000 DR2=0000000000000000 DR3=0000000000000000 
DR6=00000000ffff0ff0 DR7=0000000000000400
CCS=0000000000000004 CCD=0000000000000000 CCO=EFLAGS
EFER=0000000000000d00
  1037: v=20 e=0000 i=0 cpl=0 IP=0038:0000000007052c07 pc=0000000007052c07 SP=0030:0000000007efba60 env->regs[R_EAX]=00000000070a906f
RAX=00000000070a906f RBX=0000000000000017 RCX=00000000070a9058 RDX=0000000007efbbf8
RSI=0000000000000018 RDI=0000000000000001 RBP=0000000000000000 RSP=0000000007efba60
R8 =0000000000000018 R9 =0000000000000000 R10=0000000007f19a4d R11=0000000007059f00
R12=00000000070a9058 R13=0000000007efbbf8 R14=0000000000000001 R15=0000000007efbc10
RIP=0000000007052c07 RFL=00000206 [-----P-] CPL=0 II=0 A20=1 SMM=0 HLT=0
ES =0030 0000000000000000 ffffffff 00cf9300 DPL=0 DS   [-WA]
CS =0038 0000000000000000 ffffffff 00af9a00 DPL=0 CS64 [-R-]
SS =0030 0000000000000000 ffffffff 00cf9300 DPL=0 DS   [-WA]
DS =0030 0000000000000000 ffffffff 00cf9300 DPL=0 DS   [-WA]
FS =0030 0000000000000000 ffffffff 00cf9300 DPL=0 DS   [-WA]
GS =0030 0000000000000000 ffffffff 00cf9300 DPL=0 DS   [-WA]
LDT=0000 0000000000000000 0000ffff 00008200 DPL=0 LDT
TR =0000 0000000000000000 0000ffff 00008b00 DPL=0 TSS64-busy
GDT=     00000000079de000 00000047
IDT=     00000000074fa018 00000fff
CR0=80010033 CR2=0000000000000000 CR3=0000000007c01000 CR4=00000668
DR0=0000000000000000 DR1=0000000000000000 DR2=0000000000000000 DR3=0000000000000000 
DR6=00000000ffff0ff0 DR7=0000000000000400
CCS=0000000000000004 CCD=0000000000000000 CCO=EFLAGS
EFER=0000000000000d00
  1038: v=20 e=0000 i=0 cpl=0 IP=0038:0000000007052c07 pc=0000000007052c07 SP=0030:0000000007efba60 env->regs[R_EAX]=00000000070a906f
RAX=00000000070a906f RBX=0000000000000017 RCX=00000000070a9058 RDX=0000000007efbbf8
RSI=0000000000000018 RDI=0000000000000001 RBP=0000000000000000 RSP=0000000007efba60
R8 =0000000000000018 R9 =0000000000000000 R10=0000000007f19a4d R11=0000000007059f00
R12=00000000070a9058 R13=0000000007efbbf8 R14=0000000000000001 R15=0000000007efbc10
RIP=0000000007052c07 RFL=00000206 [-----P-] CPL=0 II=0 A20=1 SMM=0 HLT=0
ES =0030 0000000000000000 ffffffff 00cf9300 DPL=0 DS   [-WA]
CS =0038 0000000000000000 ffffffff 00af9a00 DPL=0 CS64 [-R-]
SS =0030 0000000000000000 ffffffff 00cf9300 DPL=0 DS   [-WA]
DS =0030 0000000000000000 ffffffff 00cf9300 DPL=0 DS   [-WA]
FS =0030 0000000000000000 ffffffff 00cf9300 DPL=0 DS   [-WA]
GS =0030 0000000000000000 ffffffff 00cf9300 DPL=0 DS   [-WA]
LDT=0000 0000000000000000 0000ffff 00008200 DPL=0 LDT
TR =0000 0000000000000000 0000ffff 00008b00 DPL=0 TSS64-busy
GDT=     00000000079de000 00000047
IDT=     00000000074fa018 00000fff
CR0=80010033 CR2=0000000000000000 CR3=0000000007c01000 CR4=00000668
DR0=0000000000000000 DR1=0000000000000000 DR2=0000000000000000 DR3=0000000000000000 
DR6=00000000ffff0ff0 DR7=0000000000000400
CCS=0000000000000004 CCD=0000000000000000 CCO=EFLAGS
EFER=0000000000000d00
  1039: v=20 e=0000 i=0 cpl=0 IP=0038:0000000007052c07 pc=0000000007052c07 SP=0030:0000000007efba60 env->regs[R_EAX]=00000000070a906f
RAX=00000000070a906f RBX=0000000000000017 RCX=00000000070a9058 RDX=0000000007efbbf8
RSI=0000000000000018 RDI=0000000000000001 RBP=0000000000000000 RSP=0000000007efba60
R8 =0000000000000018 R9 =0000000000000000 R10=0000000007f19a4d R11=0000000007059f00
R12=00000000070a9058 R13=0000000007efbbf8 R14=0000000000000001 R15=0000000007efbc10
RIP=0000000007052c07 RFL=00000206 [-----P-] CPL=0 II=0 A20=1 SMM=0 HLT=0
ES =0030 0000000000000000 ffffffff 00cf9300 DPL=0 DS   [-WA]
CS =0038 0000000000000000 ffffffff 00af9a00 DPL=0 CS64 [-R-]
SS =0030 0000000000000000 ffffffff 00cf9300 DPL=0 DS   [-WA]
DS =0030 0000000000000000 ffffffff 00cf9300 DPL=0 DS   [-WA]
FS =0030 0000000000000000 ffffffff 00cf9300 DPL=0 DS   [-WA]
GS =0030 0000000000000000 ffffffff 00cf9300 DPL=0 DS   [-WA]
LDT=0000 0000000000000000 0000ffff 00008200 DPL=0 LDT
TR =0000 0000000000000000 0000ffff 00008b00 DPL=0 TSS64-busy
GDT=     00000000079de000 00000047
IDT=     00000000074fa018 00000fff
CR0=80010033 CR2=0000000000000000 CR3=0000000007c01000 CR4=00000668
DR0=0000000000000000 DR1=0000000000000000 DR2=0000000000000000 DR3=0000000000000000 
DR6=00000000ffff0ff0 DR7=0000000000000400
CCS=0000000000000004 CCD=0000000000000000 CCO=EFLAGS
EFER=0000000000000d00
  1040: v=20 e=0000 i=0 cpl=0 IP=0038:0000000007052c07 pc=0000000007052c07 SP=0030:0000000007efba60 env->regs[R_EAX]=00000000070a906f
RAX=00000000070a906f RBX=0000000000000017 RCX=00000000070a9058 RDX=0000000007efbbf8
RSI=0000000000000018 RDI=0000000000000001 RBP=0000000000000000 RSP=0000000007efba60
R8 =0000000000000018 R9 =0000000000000000 R10=0000000007f19a4d R11=0000000007059f00
R12=00000000070a9058 R13=0000000007efbbf8 R14=0000000000000001 R15=0000000007efbc10
RIP=0000000007052c07 RFL=00000206 [-----P-] CPL=0 II=0 A20=1 SMM=0 HLT=0
ES =0030 0000000000000000 ffffffff 00cf9300 DPL=0 DS   [-WA]
CS =0038 0000000000000000 ffffffff 00af9a00 DPL=0 CS64 [-R-]
SS =0030 0000000000000000 ffffffff 00cf9300 DPL=0 DS   [-WA]
DS =0030 0000000000000000 ffffffff 00cf9300 DPL=0 DS   [-WA]
FS =0030 0000000000000000 ffffffff 00cf9300 DPL=0 DS   [-WA]
GS =0030 0000000000000000 ffffffff 00cf9300 DPL=0 DS   [-WA]
LDT=0000 0000000000000000 0000ffff 00008200 DPL=0 LDT
TR =0000 0000000000000000 0000ffff 00008b00 DPL=0 TSS64-busy
GDT=     00000000079de000 00000047
IDT=     00000000074fa018 00000fff
CR0=80010033 CR2=0000000000000000 CR3=0000000007c01000 CR4=00000668
DR0=0000000000000000 DR1=0000000000000000 DR2=0000000000000000 DR3=0000000000000000 
DR6=00000000ffff0ff0 DR7=0000000000000400
CCS=0000000000000004 CCD=0000000000000000 CCO=EFLAGS
EFER=0000000000000d00
  1041: v=20 e=0000 i=0 cpl=0 IP=0038:0000000007052c07 pc=0000000007052c07 SP=0030:0000000007efba60 env->regs[R_EAX]=00000000070a906f
RAX=00000000070a906f RBX=0000000000000017 RCX=00000000070a9058 RDX=0000000007efbbf8
RSI=0000000000000018 RDI=0000000000000001 RBP=0000000000000000 RSP=0000000007efba60
R8 =0000000000000018 R9 =0000000000000000 R10=0000000007f19a4d R11=0000000007059f00
R12=00000000070a9058 R13=0000000007efbbf8 R14=0000000000000001 R15=0000000007efbc10
RIP=0000000007052c07 RFL=00000206 [-----P-] CPL=0 II=0 A20=1 SMM=0 HLT=0
ES =0030 0000000000000000 ffffffff 00cf9300 DPL=0 DS   [-WA]
CS =0038 0000000000000000 ffffffff 00af9a00 DPL=0 CS64 [-R-]
SS =0030 0000000000000000 ffffffff 00cf9300 DPL=0 DS   [-WA]
DS =0030 0000000000000000 ffffffff 00cf9300 DPL=0 DS   [-WA]
FS =0030 0000000000000000 ffffffff 00cf9300 DPL=0 DS   [-WA]
GS =0030 0000000000000000 ffffffff 00cf9300 DPL=0 DS   [-WA]
LDT=0000 0000000000000000 0000ffff 00008200 DPL=0 LDT
TR =0000 0000000000000000 0000ffff 00008b00 DPL=0 TSS64-busy
GDT=     00000000079de000 00000047
IDT=     00000000074fa018 00000fff
CR0=80010033 CR2=0000000000000000 CR3=0000000007c01000 CR4=00000668
DR0=0000000000000000 DR1=0000000000000000 DR2=0000000000000000 DR3=0000000000000000 
DR6=00000000ffff0ff0 DR7=0000000000000400
CCS=0000000000000004 CCD=0000000000000000 CCO=EFLAGS
EFER=0000000000000d00
  1042: v=20 e=0000 i=0 cpl=0 IP=0038:0000000007052c07 pc=0000000007052c07 SP=0030:0000000007efba60 env->regs[R_EAX]=00000000070a906f
RAX=00000000070a906f RBX=0000000000000017 RCX=00000000070a9058 RDX=0000000007efbbf8
RSI=0000000000000018 RDI=0000000000000001 RBP=0000000000000000 RSP=0000000007efba60
R8 =0000000000000018 R9 =0000000000000000 R10=0000000007f19a4d R11=0000000007059f00
R12=00000000070a9058 R13=0000000007efbbf8 R14=0000000000000001 R15=0000000007efbc10
RIP=0000000007052c07 RFL=00000206 [-----P-] CPL=0 II=0 A20=1 SMM=0 HLT=0
ES =0030 0000000000000000 ffffffff 00cf9300 DPL=0 DS   [-WA]
CS =0038 0000000000000000 ffffffff 00af9a00 DPL=0 CS64 [-R-]
SS =0030 0000000000000000 ffffffff 00cf9300 DPL=0 DS   [-WA]
DS =0030 0000000000000000 ffffffff 00cf9300 DPL=0 DS   [-WA]
FS =0030 0000000000000000 ffffffff 00cf9300 DPL=0 DS   [-WA]
GS =0030 0000000000000000 ffffffff 00cf9300 DPL=0 DS   [-WA]
LDT=0000 0000000000000000 0000ffff 00008200 DPL=0 LDT
TR =0000 0000000000000000 0000ffff 00008b00 DPL=0 TSS64-busy
GDT=     00000000079de000 00000047
IDT=     00000000074fa018 00000fff
CR0=80010033 CR2=0000000000000000 CR3=0000000007c01000 CR4=00000668
DR0=0000000000000000 DR1=0000000000000000 DR2=0000000000000000 DR3=0000000000000000 
DR6=00000000ffff0ff0 DR7=0000000000000400
CCS=0000000000000004 CCD=0000000000000000 CCO=EFLAGS
EFER=0000000000000d00
  1043: v=20 e=0000 i=0 cpl=0 IP=0038:0000000007052c07 pc=0000000007052c07 SP=0030:0000000007efba60 env->regs[R_EAX]=00000000070a906f
RAX=00000000070a906f RBX=0000000000000017 RCX=00000000070a9058 RDX=0000000007efbbf8
RSI=0000000000000018 RDI=0000000000000001 RBP=0000000000000000 RSP=0000000007efba60
R8 =0000000000000018 R9 =0000000000000000 R10=0000000007f19a4d R11=0000000007059f00
R12=00000000070a9058 R13=0000000007efbbf8 R14=0000000000000001 R15=0000000007efbc10
RIP=0000000007052c07 RFL=00000206 [-----P-] CPL=0 II=0 A20=1 SMM=0 HLT=0
ES =0030 0000000000000000 ffffffff 00cf9300 DPL=0 DS   [-WA]
CS =0038 0000000000000000 ffffffff 00af9a00 DPL=0 CS64 [-R-]
SS =0030 0000000000000000 ffffffff 00cf9300 DPL=0 DS   [-WA]
DS =0030 0000000000000000 ffffffff 00cf9300 DPL=0 DS   [-WA]
FS =0030 0000000000000000 ffffffff 00cf9300 DPL=0 DS   [-WA]
GS =0030 0000000000000000 ffffffff 00cf9300 DPL=0 DS   [-WA]
LDT=0000 0000000000000000 0000ffff 00008200 DPL=0 LDT
TR =0000 0000000000000000 0000ffff 00008b00 DPL=0 TSS64-busy
GDT=     00000000079de000 00000047
IDT=     00000000074fa018 00000fff
CR0=80010033 CR2=0000000000000000 CR3=0000000007c01000 CR4=00000668
DR0=0000000000000000 DR1=0000000000000000 DR2=0000000000000000 DR3=0000000000000000 
DR6=00000000ffff0ff0 DR7=0000000000000400
CCS=0000000000000004 CCD=0000000000000000 CCO=EFLAGS
EFER=0000000000000d00
  1044: v=20 e=0000 i=0 cpl=0 IP=0038:0000000007052c07 pc=0000000007052c07 SP=0030:0000000007efba60 env->regs[R_EAX]=00000000070a906f
RAX=00000000070a906f RBX=0000000000000017 RCX=00000000070a9058 RDX=0000000007efbbf8
RSI=0000000000000018 RDI=0000000000000001 RBP=0000000000000000 RSP=0000000007efba60
R8 =0000000000000018 R9 =0000000000000000 R10=0000000007f19a4d R11=0000000007059f00
R12=00000000070a9058 R13=0000000007efbbf8 R14=0000000000000001 R15=0000000007efbc10
RIP=0000000007052c07 RFL=00000206 [-----P-] CPL=0 II=0 A20=1 SMM=0 HLT=0
ES =0030 0000000000000000 ffffffff 00cf9300 DPL=0 DS   [-WA]
CS =0038 0000000000000000 ffffffff 00af9a00 DPL=0 CS64 [-R-]
SS =0030 0000000000000000 ffffffff 00cf9300 DPL=0 DS   [-WA]
DS =0030 0000000000000000 ffffffff 00cf9300 DPL=0 DS   [-WA]
FS =0030 0000000000000000 ffffffff 00cf9300 DPL=0 DS   [-WA]
GS =0030 0000000000000000 ffffffff 00cf9300 DPL=0 DS   [-WA]
LDT=0000 0000000000000000 0000ffff 00008200 DPL=0 LDT
TR =0000 0000000000000000 0000ffff 00008b00 DPL=0 TSS64-busy
GDT=     00000000079de000 00000047
IDT=     00000000074fa018 00000fff
CR0=80010033 CR2=0000000000000000 CR3=0000000007c01000 CR4=00000668
DR0=0000000000000000 DR1=0000000000000000 DR2=0000000000000000 DR3=0000000000000000 
DR6=00000000ffff0ff0 DR7=0000000000000400
CCS=0000000000000004 CCD=0000000000000000 CCO=EFLAGS
EFER=0000000000000d00
  1045: v=20 e=0000 i=0 cpl=0 IP=0038:0000000007052c07 pc=0000000007052c07 SP=0030:0000000007efba60 env->regs[R_EAX]=00000000070a906f
RAX=00000000070a906f RBX=0000000000000017 RCX=00000000070a9058 RDX=0000000007efbbf8
RSI=0000000000000018 RDI=0000000000000001 RBP=0000000000000000 RSP=0000000007efba60
R8 =0000000000000018 R9 =0000000000000000 R10=0000000007f19a4d R11=0000000007059f00
R12=00000000070a9058 R13=0000000007efbbf8 R14=0000000000000001 R15=0000000007efbc10
RIP=0000000007052c07 RFL=00000206 [-----P-] CPL=0 II=0 A20=1 SMM=0 HLT=0
ES =0030 0000000000000000 ffffffff 00cf9300 DPL=0 DS   [-WA]
CS =0038 0000000000000000 ffffffff 00af9a00 DPL=0 CS64 [-R-]
SS =0030 0000000000000000 ffffffff 00cf9300 DPL=0 DS   [-WA]
DS =0030 0000000000000000 ffffffff 00cf9300 DPL=0 DS   [-WA]
FS =0030 0000000000000000 ffffffff 00cf9300 DPL=0 DS   [-WA]
GS =0030 0000000000000000 ffffffff 00cf9300 DPL=0 DS   [-WA]
LDT=0000 0000000000000000 0000ffff 00008200 DPL=0 LDT
TR =0000 0000000000000000 0000ffff 00008b00 DPL=0 TSS64-busy
GDT=     00000000079de000 00000047
IDT=     00000000074fa018 00000fff
CR0=80010033 CR2=0000000000000000 CR3=0000000007c01000 CR4=00000668
DR0=0000000000000000 DR1=0000000000000000 DR2=0000000000000000 DR3=0000000000000000 
DR6=00000000ffff0ff0 DR7=0000000000000400
CCS=0000000000000004 CCD=0000000000000000 CCO=EFLAGS
EFER=0000000000000d00
  1046: v=20 e=0000 i=0 cpl=0 IP=0038:0000000007052c07 pc=0000000007052c07 SP=0030:0000000007efba60 env->regs[R_EAX]=00000000070a906f
RAX=00000000070a906f RBX=0000000000000017 RCX=00000000070a9058 RDX=0000000007efbbf8
RSI=0000000000000018 RDI=0000000000000001 RBP=0000000000000000 RSP=0000000007efba60
R8 =0000000000000018 R9 =0000000000000000 R10=0000000007f19a4d R11=0000000007059f00
R12=00000000070a9058 R13=0000000007efbbf8 R14=0000000000000001 R15=0000000007efbc10
RIP=0000000007052c07 RFL=00000206 [-----P-] CPL=0 II=0 A20=1 SMM=0 HLT=0
ES =0030 0000000000000000 ffffffff 00cf9300 DPL=0 DS   [-WA]
CS =0038 0000000000000000 ffffffff 00af9a00 DPL=0 CS64 [-R-]
SS =0030 0000000000000000 ffffffff 00cf9300 DPL=0 DS   [-WA]
DS =0030 0000000000000000 ffffffff 00cf9300 DPL=0 DS   [-WA]
FS =0030 0000000000000000 ffffffff 00cf9300 DPL=0 DS   [-WA]
GS =0030 0000000000000000 ffffffff 00cf9300 DPL=0 DS   [-WA]
LDT=0000 0000000000000000 0000ffff 00008200 DPL=0 LDT
TR =0000 0000000000000000 0000ffff 00008b00 DPL=0 TSS64-busy
GDT=     00000000079de000 00000047
IDT=     00000000074fa018 00000fff
CR0=80010033 CR2=0000000000000000 CR3=0000000007c01000 CR4=00000668
DR0=0000000000000000 DR1=0000000000000000 DR2=0000000000000000 DR3=0000000000000000 
DR6=00000000ffff0ff0 DR7=0000000000000400
CCS=0000000000000004 CCD=0000000000000000 CCO=EFLAGS
EFER=0000000000000d00
  1047: v=20 e=0000 i=0 cpl=0 IP=0038:0000000007052c07 pc=0000000007052c07 SP=0030:0000000007efba60 env->regs[R_EAX]=00000000070a906f
RAX=00000000070a906f RBX=0000000000000017 RCX=00000000070a9058 RDX=0000000007efbbf8
RSI=0000000000000018 RDI=0000000000000001 RBP=0000000000000000 RSP=0000000007efba60
R8 =0000000000000018 R9 =0000000000000000 R10=0000000007f19a4d R11=0000000007059f00
R12=00000000070a9058 R13=0000000007efbbf8 R14=0000000000000001 R15=0000000007efbc10
RIP=0000000007052c07 RFL=00000206 [-----P-] CPL=0 II=0 A20=1 SMM=0 HLT=0
ES =0030 0000000000000000 ffffffff 00cf9300 DPL=0 DS   [-WA]
CS =0038 0000000000000000 ffffffff 00af9a00 DPL=0 CS64 [-R-]
SS =0030 0000000000000000 ffffffff 00cf9300 DPL=0 DS   [-WA]
DS =0030 0000000000000000 ffffffff 00cf9300 DPL=0 DS   [-WA]
FS =0030 0000000000000000 ffffffff 00cf9300 DPL=0 DS   [-WA]
GS =0030 0000000000000000 ffffffff 00cf9300 DPL=0 DS   [-WA]
LDT=0000 0000000000000000 0000ffff 00008200 DPL=0 LDT
TR =0000 0000000000000000 0000ffff 00008b00 DPL=0 TSS64-busy
GDT=     00000000079de000 00000047
IDT=     00000000074fa018 00000fff
CR0=80010033 CR2=0000000000000000 CR3=0000000007c01000 CR4=00000668
DR0=0000000000000000 DR1=0000000000000000 DR2=0000000000000000 DR3=0000000000000000 
DR6=00000000ffff0ff0 DR7=0000000000000400
CCS=0000000000000004 CCD=0000000000000000 CCO=EFLAGS
EFER=0000000000000d00
  1048: v=20 e=0000 i=0 cpl=0 IP=0038:0000000007052c07 pc=0000000007052c07 SP=0030:0000000007efba60 env->regs[R_EAX]=00000000070a906f
RAX=00000000070a906f RBX=0000000000000017 RCX=00000000070a9058 RDX=0000000007efbbf8
RSI=0000000000000018 RDI=0000000000000001 RBP=0000000000000000 RSP=0000000007efba60
R8 =0000000000000018 R9 =0000000000000000 R10=0000000007f19a4d R11=0000000007059f00
R12=00000000070a9058 R13=0000000007efbbf8 R14=0000000000000001 R15=0000000007efbc10
RIP=0000000007052c07 RFL=00000206 [-----P-] CPL=0 II=0 A20=1 SMM=0 HLT=0
ES =0030 0000000000000000 ffffffff 00cf9300 DPL=0 DS   [-WA]
CS =0038 0000000000000000 ffffffff 00af9a00 DPL=0 CS64 [-R-]
SS =0030 0000000000000000 ffffffff 00cf9300 DPL=0 DS   [-WA]
DS =0030 0000000000000000 ffffffff 00cf9300 DPL=0 DS   [-WA]
FS =0030 0000000000000000 ffffffff 00cf9300 DPL=0 DS   [-WA]
GS =0030 0000000000000000 ffffffff 00cf9300 DPL=0 DS   [-WA]
LDT=0000 0000000000000000 0000ffff 00008200 DPL=0 LDT
TR =0000 0000000000000000 0000ffff 00008b00 DPL=0 TSS64-busy
GDT=     00000000079de000 00000047
IDT=     00000000074fa018 00000fff
CR0=80010033 CR2=0000000000000000 CR3=0000000007c01000 CR4=00000668
DR0=0000000000000000 DR1=0000000000000000 DR2=0000000000000000 DR3=0000000000000000 
DR6=00000000ffff0ff0 DR7=0000000000000400
CCS=0000000000000004 CCD=0000000000000000 CCO=EFLAGS
EFER=0000000000000d00
  1049: v=20 e=0000 i=0 cpl=0 IP=0038:0000000007052c07 pc=0000000007052c07 SP=0030:0000000007efba60 env->regs[R_EAX]=00000000070a906f
RAX=00000000070a906f RBX=0000000000000017 RCX=00000000070a9058 RDX=0000000007efbbf8
RSI=0000000000000018 RDI=0000000000000001 RBP=0000000000000000 RSP=0000000007efba60
R8 =0000000000000018 R9 =0000000000000000 R10=0000000007f19a4d R11=0000000007059f00
R12=00000000070a9058 R13=0000000007efbbf8 R14=0000000000000001 R15=0000000007efbc10
RIP=0000000007052c07 RFL=00000206 [-----P-] CPL=0 II=0 A20=1 SMM=0 HLT=0
ES =0030 0000000000000000 ffffffff 00cf9300 DPL=0 DS   [-WA]
CS =0038 0000000000000000 ffffffff 00af9a00 DPL=0 CS64 [-R-]
SS =0030 0000000000000000 ffffffff 00cf9300 DPL=0 DS   [-WA]
DS =0030 0000000000000000 ffffffff 00cf9300 DPL=0 DS   [-WA]
FS =0030 0000000000000000 ffffffff 00cf9300 DPL=0 DS   [-WA]
GS =0030 0000000000000000 ffffffff 00cf9300 DPL=0 DS   [-WA]
LDT=0000 0000000000000000 0000ffff 00008200 DPL=0 LDT
TR =0000 0000000000000000 0000ffff 00008b00 DPL=0 TSS64-busy
GDT=     00000000079de000 00000047
IDT=     00000000074fa018 00000fff
CR0=80010033 CR2=0000000000000000 CR3=0000000007c01000 CR4=00000668
DR0=0000000000000000 DR1=0000000000000000 DR2=0000000000000000 DR3=0000000000000000 
DR6=00000000ffff0ff0 DR7=0000000000000400
CCS=0000000000000004 CCD=0000000000000000 CCO=EFLAGS
EFER=0000000000000d00
  1050: v=20 e=0000 i=0 cpl=0 IP=0038:0000000007052c07 pc=0000000007052c07 SP=0030:0000000007efba60 env->regs[R_EAX]=00000000070a906f
RAX=00000000070a906f RBX=0000000000000017 RCX=00000000070a9058 RDX=0000000007efbbf8
RSI=0000000000000018 RDI=0000000000000001 RBP=0000000000000000 RSP=0000000007efba60
R8 =0000000000000018 R9 =0000000000000000 R10=0000000007f19a4d R11=0000000007059f00
R12=00000000070a9058 R13=0000000007efbbf8 R14=0000000000000001 R15=0000000007efbc10
RIP=0000000007052c07 RFL=00000206 [-----P-] CPL=0 II=0 A20=1 SMM=0 HLT=0
ES =0030 0000000000000000 ffffffff 00cf9300 DPL=0 DS   [-WA]
CS =0038 0000000000000000 ffffffff 00af9a00 DPL=0 CS64 [-R-]
SS =0030 0000000000000000 ffffffff 00cf9300 DPL=0 DS   [-WA]
DS =0030 0000000000000000 ffffffff 00cf9300 DPL=0 DS   [-WA]
FS =0030 0000000000000000 ffffffff 00cf9300 DPL=0 DS   [-WA]
GS =0030 0000000000000000 ffffffff 00cf9300 DPL=0 DS   [-WA]
LDT=0000 0000000000000000 0000ffff 00008200 DPL=0 LDT
TR =0000 0000000000000000 0000ffff 00008b00 DPL=0 TSS64-busy
GDT=     00000000079de000 00000047
IDT=     00000000074fa018 00000fff
CR0=80010033 CR2=0000000000000000 CR3=0000000007c01000 CR4=00000668
DR0=0000000000000000 DR1=0000000000000000 DR2=0000000000000000 DR3=0000000000000000 
DR6=00000000ffff0ff0 DR7=0000000000000400
CCS=0000000000000004 CCD=0000000000000000 CCO=EFLAGS
EFER=0000000000000d00
  1051: v=20 e=0000 i=0 cpl=0 IP=0038:0000000007052c07 pc=0000000007052c07 SP=0030:0000000007efba60 env->regs[R_EAX]=00000000070a906f
RAX=00000000070a906f RBX=0000000000000017 RCX=00000000070a9058 RDX=0000000007efbbf8
RSI=0000000000000018 RDI=0000000000000001 RBP=0000000000000000 RSP=0000000007efba60
R8 =0000000000000018 R9 =0000000000000000 R10=0000000007f19a4d R11=0000000007059f00
R12=00000000070a9058 R13=0000000007efbbf8 R14=0000000000000001 R15=0000000007efbc10
RIP=0000000007052c07 RFL=00000206 [-----P-] CPL=0 II=0 A20=1 SMM=0 HLT=0
ES =0030 0000000000000000 ffffffff 00cf9300 DPL=0 DS   [-WA]
CS =0038 0000000000000000 ffffffff 00af9a00 DPL=0 CS64 [-R-]
SS =0030 0000000000000000 ffffffff 00cf9300 DPL=0 DS   [-WA]
DS =0030 0000000000000000 ffffffff 00cf9300 DPL=0 DS   [-WA]
FS =0030 0000000000000000 ffffffff 00cf9300 DPL=0 DS   [-WA]
GS =0030 0000000000000000 ffffffff 00cf9300 DPL=0 DS   [-WA]
LDT=0000 0000000000000000 0000ffff 00008200 DPL=0 LDT
TR =0000 0000000000000000 0000ffff 00008b00 DPL=0 TSS64-busy
GDT=     00000000079de000 00000047
IDT=     00000000074fa018 00000fff
CR0=80010033 CR2=0000000000000000 CR3=0000000007c01000 CR4=00000668
DR0=0000000000000000 DR1=0000000000000000 DR2=0000000000000000 DR3=0000000000000000 
DR6=00000000ffff0ff0 DR7=0000000000000400
CCS=0000000000000004 CCD=0000000000000000 CCO=EFLAGS
EFER=0000000000000d00
  1052: v=20 e=0000 i=0 cpl=0 IP=0038:0000000007052c07 pc=0000000007052c07 SP=0030:0000000007efba60 env->regs[R_EAX]=00000000070a906f
RAX=00000000070a906f RBX=0000000000000017 RCX=00000000070a9058 RDX=0000000007efbbf8
RSI=0000000000000018 RDI=0000000000000001 RBP=0000000000000000 RSP=0000000007efba60
R8 =0000000000000018 R9 =0000000000000000 R10=0000000007f19a4d R11=0000000007059f00
R12=00000000070a9058 R13=0000000007efbbf8 R14=0000000000000001 R15=0000000007efbc10
RIP=0000000007052c07 RFL=00000206 [-----P-] CPL=0 II=0 A20=1 SMM=0 HLT=0
ES =0030 0000000000000000 ffffffff 00cf9300 DPL=0 DS   [-WA]
CS =0038 0000000000000000 ffffffff 00af9a00 DPL=0 CS64 [-R-]
SS =0030 0000000000000000 ffffffff 00cf9300 DPL=0 DS   [-WA]
DS =0030 0000000000000000 ffffffff 00cf9300 DPL=0 DS   [-WA]
FS =0030 0000000000000000 ffffffff 00cf9300 DPL=0 DS   [-WA]
GS =0030 0000000000000000 ffffffff 00cf9300 DPL=0 DS   [-WA]
LDT=0000 0000000000000000 0000ffff 00008200 DPL=0 LDT
TR =0000 0000000000000000 0000ffff 00008b00 DPL=0 TSS64-busy
GDT=     00000000079de000 00000047
IDT=     00000000074fa018 00000fff
CR0=80010033 CR2=0000000000000000 CR3=0000000007c01000 CR4=00000668
DR0=0000000000000000 DR1=0000000000000000 DR2=0000000000000000 DR3=0000000000000000 
DR6=00000000ffff0ff0 DR7=0000000000000400
CCS=0000000000000004 CCD=0000000000000000 CCO=EFLAGS
EFER=0000000000000d00
  1053: v=20 e=0000 i=0 cpl=0 IP=0038:0000000007052c07 pc=0000000007052c07 SP=0030:0000000007efba60 env->regs[R_EAX]=00000000070a906f
RAX=00000000070a906f RBX=0000000000000017 RCX=00000000070a9058 RDX=0000000007efbbf8
RSI=0000000000000018 RDI=0000000000000001 RBP=0000000000000000 RSP=0000000007efba60
R8 =0000000000000018 R9 =0000000000000000 R10=0000000007f19a4d R11=0000000007059f00
R12=00000000070a9058 R13=0000000007efbbf8 R14=0000000000000001 R15=0000000007efbc10
RIP=0000000007052c07 RFL=00000206 [-----P-] CPL=0 II=0 A20=1 SMM=0 HLT=0
ES =0030 0000000000000000 ffffffff 00cf9300 DPL=0 DS   [-WA]
CS =0038 0000000000000000 ffffffff 00af9a00 DPL=0 CS64 [-R-]
SS =0030 0000000000000000 ffffffff 00cf9300 DPL=0 DS   [-WA]
DS =0030 0000000000000000 ffffffff 00cf9300 DPL=0 DS   [-WA]
FS =0030 0000000000000000 ffffffff 00cf9300 DPL=0 DS   [-WA]
GS =0030 0000000000000000 ffffffff 00cf9300 DPL=0 DS   [-WA]
LDT=0000 0000000000000000 0000ffff 00008200 DPL=0 LDT
TR =0000 0000000000000000 0000ffff 00008b00 DPL=0 TSS64-busy
GDT=     00000000079de000 00000047
IDT=     00000000074fa018 00000fff
CR0=80010033 CR2=0000000000000000 CR3=0000000007c01000 CR4=00000668
DR0=0000000000000000 DR1=0000000000000000 DR2=0000000000000000 DR3=0000000000000000 
DR6=00000000ffff0ff0 DR7=0000000000000400
CCS=0000000000000004 CCD=0000000000000000 CCO=EFLAGS
EFER=0000000000000d00
  1054: v=20 e=0000 i=0 cpl=0 IP=0038:0000000007052c07 pc=0000000007052c07 SP=0030:0000000007efba60 env->regs[R_EAX]=00000000070a906f
RAX=00000000070a906f RBX=0000000000000017 RCX=00000000070a9058 RDX=0000000007efbbf8
RSI=0000000000000018 RDI=0000000000000001 RBP=0000000000000000 RSP=0000000007efba60
R8 =0000000000000018 R9 =0000000000000000 R10=0000000007f19a4d R11=0000000007059f00
R12=00000000070a9058 R13=0000000007efbbf8 R14=0000000000000001 R15=0000000007efbc10
RIP=0000000007052c07 RFL=00000206 [-----P-] CPL=0 II=0 A20=1 SMM=0 HLT=0
ES =0030 0000000000000000 ffffffff 00cf9300 DPL=0 DS   [-WA]
CS =0038 0000000000000000 ffffffff 00af9a00 DPL=0 CS64 [-R-]
SS =0030 0000000000000000 ffffffff 00cf9300 DPL=0 DS   [-WA]
DS =0030 0000000000000000 ffffffff 00cf9300 DPL=0 DS   [-WA]
FS =0030 0000000000000000 ffffffff 00cf9300 DPL=0 DS   [-WA]
GS =0030 0000000000000000 ffffffff 00cf9300 DPL=0 DS   [-WA]
LDT=0000 0000000000000000 0000ffff 00008200 DPL=0 LDT
TR =0000 0000000000000000 0000ffff 00008b00 DPL=0 TSS64-busy
GDT=     00000000079de000 00000047
IDT=     00000000074fa018 00000fff
CR0=80010033 CR2=0000000000000000 CR3=0000000007c01000 CR4=00000668
DR0=0000000000000000 DR1=0000000000000000 DR2=0000000000000000 DR3=0000000000000000 
DR6=00000000ffff0ff0 DR7=0000000000000400
CCS=0000000000000004 CCD=0000000000000000 CCO=EFLAGS
EFER=0000000000000d00
  1055: v=20 e=0000 i=0 cpl=0 IP=0038:0000000007052c07 pc=0000000007052c07 SP=0030:0000000007efba60 env->regs[R_EAX]=00000000070a906f
RAX=00000000070a906f RBX=0000000000000017 RCX=00000000070a9058 RDX=0000000007efbbf8
RSI=0000000000000018 RDI=0000000000000001 RBP=0000000000000000 RSP=0000000007efba60
R8 =0000000000000018 R9 =0000000000000000 R10=0000000007f19a4d R11=0000000007059f00
R12=00000000070a9058 R13=0000000007efbbf8 R14=0000000000000001 R15=0000000007efbc10
RIP=0000000007052c07 RFL=00000206 [-----P-] CPL=0 II=0 A20=1 SMM=0 HLT=0
ES =0030 0000000000000000 ffffffff 00cf9300 DPL=0 DS   [-WA]
CS =0038 0000000000000000 ffffffff 00af9a00 DPL=0 CS64 [-R-]
SS =0030 0000000000000000 ffffffff 00cf9300 DPL=0 DS   [-WA]
DS =0030 0000000000000000 ffffffff 00cf9300 DPL=0 DS   [-WA]
FS =0030 0000000000000000 ffffffff 00cf9300 DPL=0 DS   [-WA]
GS =0030 0000000000000000 ffffffff 00cf9300 DPL=0 DS   [-WA]
LDT=0000 0000000000000000 0000ffff 00008200 DPL=0 LDT
TR =0000 0000000000000000 0000ffff 00008b00 DPL=0 TSS64-busy
GDT=     00000000079de000 00000047
IDT=     00000000074fa018 00000fff
CR0=80010033 CR2=0000000000000000 CR3=0000000007c01000 CR4=00000668
DR0=0000000000000000 DR1=0000000000000000 DR2=0000000000000000 DR3=0000000000000000 
DR6=00000000ffff0ff0 DR7=0000000000000400
CCS=0000000000000004 CCD=0000000000000000 CCO=EFLAGS
EFER=0000000000000d00
  1056: v=20 e=0000 i=0 cpl=0 IP=0038:0000000007052c07 pc=0000000007052c07 SP=0030:0000000007efba60 env->regs[R_EAX]=00000000070a906f
RAX=00000000070a906f RBX=0000000000000017 RCX=00000000070a9058 RDX=0000000007efbbf8
RSI=0000000000000018 RDI=0000000000000001 RBP=0000000000000000 RSP=0000000007efba60
R8 =0000000000000018 R9 =0000000000000000 R10=0000000007f19a4d R11=0000000007059f00
R12=00000000070a9058 R13=0000000007efbbf8 R14=0000000000000001 R15=0000000007efbc10
RIP=0000000007052c07 RFL=00000206 [-----P-] CPL=0 II=0 A20=1 SMM=0 HLT=0
ES =0030 0000000000000000 ffffffff 00cf9300 DPL=0 DS   [-WA]
CS =0038 0000000000000000 ffffffff 00af9a00 DPL=0 CS64 [-R-]
SS =0030 0000000000000000 ffffffff 00cf9300 DPL=0 DS   [-WA]
DS =0030 0000000000000000 ffffffff 00cf9300 DPL=0 DS   [-WA]
FS =0030 0000000000000000 ffffffff 00cf9300 DPL=0 DS   [-WA]
GS =0030 0000000000000000 ffffffff 00cf9300 DPL=0 DS   [-WA]
LDT=0000 0000000000000000 0000ffff 00008200 DPL=0 LDT
TR =0000 0000000000000000 0000ffff 00008b00 DPL=0 TSS64-busy
GDT=     00000000079de000 00000047
IDT=     00000000074fa018 00000fff
CR0=80010033 CR2=0000000000000000 CR3=0000000007c01000 CR4=00000668
DR0=0000000000000000 DR1=0000000000000000 DR2=0000000000000000 DR3=0000000000000000 
DR6=00000000ffff0ff0 DR7=0000000000000400
CCS=0000000000000004 CCD=0000000000000000 CCO=EFLAGS
EFER=0000000000000d00
  1057: v=20 e=0000 i=0 cpl=0 IP=0038:0000000007052c07 pc=0000000007052c07 SP=0030:0000000007efba60 env->regs[R_EAX]=00000000070a906f
RAX=00000000070a906f RBX=0000000000000017 RCX=00000000070a9058 RDX=0000000007efbbf8
RSI=0000000000000018 RDI=0000000000000001 RBP=0000000000000000 RSP=0000000007efba60
R8 =0000000000000018 R9 =0000000000000000 R10=0000000007f19a4d R11=0000000007059f00
R12=00000000070a9058 R13=0000000007efbbf8 R14=0000000000000001 R15=0000000007efbc10
RIP=0000000007052c07 RFL=00000206 [-----P-] CPL=0 II=0 A20=1 SMM=0 HLT=0
ES =0030 0000000000000000 ffffffff 00cf9300 DPL=0 DS   [-WA]
CS =0038 0000000000000000 ffffffff 00af9a00 DPL=0 CS64 [-R-]
SS =0030 0000000000000000 ffffffff 00cf9300 DPL=0 DS   [-WA]
DS =0030 0000000000000000 ffffffff 00cf9300 DPL=0 DS   [-WA]
FS =0030 0000000000000000 ffffffff 00cf9300 DPL=0 DS   [-WA]
GS =0030 0000000000000000 ffffffff 00cf9300 DPL=0 DS   [-WA]
LDT=0000 0000000000000000 0000ffff 00008200 DPL=0 LDT
TR =0000 0000000000000000 0000ffff 00008b00 DPL=0 TSS64-busy
GDT=     00000000079de000 00000047
IDT=     00000000074fa018 00000fff
CR0=80010033 CR2=0000000000000000 CR3=0000000007c01000 CR4=00000668
DR0=0000000000000000 DR1=0000000000000000 DR2=0000000000000000 DR3=0000000000000000 
DR6=00000000ffff0ff0 DR7=0000000000000400
CCS=0000000000000004 CCD=0000000000000000 CCO=EFLAGS
EFER=0000000000000d00
  1058: v=20 e=0000 i=0 cpl=0 IP=0038:0000000007052c07 pc=0000000007052c07 SP=0030:0000000007efba60 env->regs[R_EAX]=00000000070a906f
RAX=00000000070a906f RBX=0000000000000017 RCX=00000000070a9058 RDX=0000000007efbbf8
RSI=0000000000000018 RDI=0000000000000001 RBP=0000000000000000 RSP=0000000007efba60
R8 =0000000000000018 R9 =0000000000000000 R10=0000000007f19a4d R11=0000000007059f00
R12=00000000070a9058 R13=0000000007efbbf8 R14=0000000000000001 R15=0000000007efbc10
RIP=0000000007052c07 RFL=00000206 [-----P-] CPL=0 II=0 A20=1 SMM=0 HLT=0
ES =0030 0000000000000000 ffffffff 00cf9300 DPL=0 DS   [-WA]
CS =0038 0000000000000000 ffffffff 00af9a00 DPL=0 CS64 [-R-]
SS =0030 0000000000000000 ffffffff 00cf9300 DPL=0 DS   [-WA]
DS =0030 0000000000000000 ffffffff 00cf9300 DPL=0 DS   [-WA]
FS =0030 0000000000000000 ffffffff 00cf9300 DPL=0 DS   [-WA]
GS =0030 0000000000000000 ffffffff 00cf9300 DPL=0 DS   [-WA]
LDT=0000 0000000000000000 0000ffff 00008200 DPL=0 LDT
TR =0000 0000000000000000 0000ffff 00008b00 DPL=0 TSS64-busy
GDT=     00000000079de000 00000047
IDT=     00000000074fa018 00000fff
CR0=80010033 CR2=0000000000000000 CR3=0000000007c01000 CR4=00000668
DR0=0000000000000000 DR1=0000000000000000 DR2=0000000000000000 DR3=0000000000000000 
DR6=00000000ffff0ff0 DR7=0000000000000400
CCS=0000000000000004 CCD=0000000000000000 CCO=EFLAGS
EFER=0000000000000d00
  1059: v=20 e=0000 i=0 cpl=0 IP=0038:0000000007052c07 pc=0000000007052c07 SP=0030:0000000007efba60 env->regs[R_EAX]=00000000070a906f
RAX=00000000070a906f RBX=0000000000000017 RCX=00000000070a9058 RDX=0000000007efbbf8
RSI=0000000000000018 RDI=0000000000000001 RBP=0000000000000000 RSP=0000000007efba60
R8 =0000000000000018 R9 =0000000000000000 R10=0000000007f19a4d R11=0000000007059f00
R12=00000000070a9058 R13=0000000007efbbf8 R14=0000000000000001 R15=0000000007efbc10
RIP=0000000007052c07 RFL=00000206 [-----P-] CPL=0 II=0 A20=1 SMM=0 HLT=0
ES =0030 0000000000000000 ffffffff 00cf9300 DPL=0 DS   [-WA]
CS =0038 0000000000000000 ffffffff 00af9a00 DPL=0 CS64 [-R-]
SS =0030 0000000000000000 ffffffff 00cf9300 DPL=0 DS   [-WA]
DS =0030 0000000000000000 ffffffff 00cf9300 DPL=0 DS   [-WA]
FS =0030 0000000000000000 ffffffff 00cf9300 DPL=0 DS   [-WA]
GS =0030 0000000000000000 ffffffff 00cf9300 DPL=0 DS   [-WA]
LDT=0000 0000000000000000 0000ffff 00008200 DPL=0 LDT
TR =0000 0000000000000000 0000ffff 00008b00 DPL=0 TSS64-busy
GDT=     00000000079de000 00000047
IDT=     00000000074fa018 00000fff
CR0=80010033 CR2=0000000000000000 CR3=0000000007c01000 CR4=00000668
DR0=0000000000000000 DR1=0000000000000000 DR2=0000000000000000 DR3=0000000000000000 
DR6=00000000ffff0ff0 DR7=0000000000000400
CCS=0000000000000004 CCD=0000000000000000 CCO=EFLAGS
EFER=0000000000000d00
  1060: v=20 e=0000 i=0 cpl=0 IP=0038:0000000007052c07 pc=0000000007052c07 SP=0030:0000000007efba60 env->regs[R_EAX]=00000000070a906f
RAX=00000000070a906f RBX=0000000000000017 RCX=00000000070a9058 RDX=0000000007efbbf8
RSI=0000000000000018 RDI=0000000000000001 RBP=0000000000000000 RSP=0000000007efba60
R8 =0000000000000018 R9 =0000000000000000 R10=0000000007f19a4d R11=0000000007059f00
R12=00000000070a9058 R13=0000000007efbbf8 R14=0000000000000001 R15=0000000007efbc10
RIP=0000000007052c07 RFL=00000206 [-----P-] CPL=0 II=0 A20=1 SMM=0 HLT=0
ES =0030 0000000000000000 ffffffff 00cf9300 DPL=0 DS   [-WA]
CS =0038 0000000000000000 ffffffff 00af9a00 DPL=0 CS64 [-R-]
SS =0030 0000000000000000 ffffffff 00cf9300 DPL=0 DS   [-WA]
DS =0030 0000000000000000 ffffffff 00cf9300 DPL=0 DS   [-WA]
FS =0030 0000000000000000 ffffffff 00cf9300 DPL=0 DS   [-WA]
GS =0030 0000000000000000 ffffffff 00cf9300 DPL=0 DS   [-WA]
LDT=0000 0000000000000000 0000ffff 00008200 DPL=0 LDT
TR =0000 0000000000000000 0000ffff 00008b00 DPL=0 TSS64-busy
GDT=     00000000079de000 00000047
IDT=     00000000074fa018 00000fff
CR0=80010033 CR2=0000000000000000 CR3=0000000007c01000 CR4=00000668
DR0=0000000000000000 DR1=0000000000000000 DR2=0000000000000000 DR3=0000000000000000 
DR6=00000000ffff0ff0 DR7=0000000000000400
CCS=0000000000000004 CCD=0000000000000000 CCO=EFLAGS
EFER=0000000000000d00
  1061: v=20 e=0000 i=0 cpl=0 IP=0038:0000000007052c07 pc=0000000007052c07 SP=0030:0000000007efba60 env->regs[R_EAX]=00000000070a906f
RAX=00000000070a906f RBX=0000000000000017 RCX=00000000070a9058 RDX=0000000007efbbf8
RSI=0000000000000018 RDI=0000000000000001 RBP=0000000000000000 RSP=0000000007efba60
R8 =0000000000000018 R9 =0000000000000000 R10=0000000007f19a4d R11=0000000007059f00
R12=00000000070a9058 R13=0000000007efbbf8 R14=0000000000000001 R15=0000000007efbc10
RIP=0000000007052c07 RFL=00000206 [-----P-] CPL=0 II=0 A20=1 SMM=0 HLT=0
ES =0030 0000000000000000 ffffffff 00cf9300 DPL=0 DS   [-WA]
CS =0038 0000000000000000 ffffffff 00af9a00 DPL=0 CS64 [-R-]
SS =0030 0000000000000000 ffffffff 00cf9300 DPL=0 DS   [-WA]
DS =0030 0000000000000000 ffffffff 00cf9300 DPL=0 DS   [-WA]
FS =0030 0000000000000000 ffffffff 00cf9300 DPL=0 DS   [-WA]
GS =0030 0000000000000000 ffffffff 00cf9300 DPL=0 DS   [-WA]
LDT=0000 0000000000000000 0000ffff 00008200 DPL=0 LDT
TR =0000 0000000000000000 0000ffff 00008b00 DPL=0 TSS64-busy
GDT=     00000000079de000 00000047
IDT=     00000000074fa018 00000fff
CR0=80010033 CR2=0000000000000000 CR3=0000000007c01000 CR4=00000668
DR0=0000000000000000 DR1=0000000000000000 DR2=0000000000000000 DR3=0000000000000000 
DR6=00000000ffff0ff0 DR7=0000000000000400
CCS=0000000000000004 CCD=0000000000000000 CCO=EFLAGS
EFER=0000000000000d00
  1062: v=20 e=0000 i=0 cpl=0 IP=0038:0000000007052c07 pc=0000000007052c07 SP=0030:0000000007efba60 env->regs[R_EAX]=00000000070a906f
RAX=00000000070a906f RBX=0000000000000017 RCX=00000000070a9058 RDX=0000000007efbbf8
RSI=0000000000000018 RDI=0000000000000001 RBP=0000000000000000 RSP=0000000007efba60
R8 =0000000000000018 R9 =0000000000000000 R10=0000000007f19a4d R11=0000000007059f00
R12=00000000070a9058 R13=0000000007efbbf8 R14=0000000000000001 R15=0000000007efbc10
RIP=0000000007052c07 RFL=00000206 [-----P-] CPL=0 II=0 A20=1 SMM=0 HLT=0
ES =0030 0000000000000000 ffffffff 00cf9300 DPL=0 DS   [-WA]
CS =0038 0000000000000000 ffffffff 00af9a00 DPL=0 CS64 [-R-]
SS =0030 0000000000000000 ffffffff 00cf9300 DPL=0 DS   [-WA]
DS =0030 0000000000000000 ffffffff 00cf9300 DPL=0 DS   [-WA]
FS =0030 0000000000000000 ffffffff 00cf9300 DPL=0 DS   [-WA]
GS =0030 0000000000000000 ffffffff 00cf9300 DPL=0 DS   [-WA]
LDT=0000 0000000000000000 0000ffff 00008200 DPL=0 LDT
TR =0000 0000000000000000 0000ffff 00008b00 DPL=0 TSS64-busy
GDT=     00000000079de000 00000047
IDT=     00000000074fa018 00000fff
CR0=80010033 CR2=0000000000000000 CR3=0000000007c01000 CR4=00000668
DR0=0000000000000000 DR1=0000000000000000 DR2=0000000000000000 DR3=0000000000000000 
DR6=00000000ffff0ff0 DR7=0000000000000400
CCS=0000000000000004 CCD=0000000000000000 CCO=EFLAGS
EFER=0000000000000d00
  1063: v=20 e=0000 i=0 cpl=0 IP=0038:0000000007052c07 pc=0000000007052c07 SP=0030:0000000007efba60 env->regs[R_EAX]=00000000070a906f
RAX=00000000070a906f RBX=0000000000000017 RCX=00000000070a9058 RDX=0000000007efbbf8
RSI=0000000000000018 RDI=0000000000000001 RBP=0000000000000000 RSP=0000000007efba60
R8 =0000000000000018 R9 =0000000000000000 R10=0000000007f19a4d R11=0000000007059f00
R12=00000000070a9058 R13=0000000007efbbf8 R14=0000000000000001 R15=0000000007efbc10
RIP=0000000007052c07 RFL=00000206 [-----P-] CPL=0 II=0 A20=1 SMM=0 HLT=0
ES =0030 0000000000000000 ffffffff 00cf9300 DPL=0 DS   [-WA]
CS =0038 0000000000000000 ffffffff 00af9a00 DPL=0 CS64 [-R-]
SS =0030 0000000000000000 ffffffff 00cf9300 DPL=0 DS   [-WA]
DS =0030 0000000000000000 ffffffff 00cf9300 DPL=0 DS   [-WA]
FS =0030 0000000000000000 ffffffff 00cf9300 DPL=0 DS   [-WA]
GS =0030 0000000000000000 ffffffff 00cf9300 DPL=0 DS   [-WA]
LDT=0000 0000000000000000 0000ffff 00008200 DPL=0 LDT
TR =0000 0000000000000000 0000ffff 00008b00 DPL=0 TSS64-busy
GDT=     00000000079de000 00000047
IDT=     00000000074fa018 00000fff
CR0=80010033 CR2=0000000000000000 CR3=0000000007c01000 CR4=00000668
DR0=0000000000000000 DR1=0000000000000000 DR2=0000000000000000 DR3=0000000000000000 
DR6=00000000ffff0ff0 DR7=0000000000000400
CCS=0000000000000004 CCD=0000000000000000 CCO=EFLAGS
EFER=0000000000000d00
  1064: v=20 e=0000 i=0 cpl=0 IP=0038:0000000007052c07 pc=0000000007052c07 SP=0030:0000000007efba60 env->regs[R_EAX]=00000000070a906f
RAX=00000000070a906f RBX=0000000000000017 RCX=00000000070a9058 RDX=0000000007efbbf8
RSI=0000000000000018 RDI=0000000000000001 RBP=0000000000000000 RSP=0000000007efba60
R8 =0000000000000018 R9 =0000000000000000 R10=0000000007f19a4d R11=0000000007059f00
R12=00000000070a9058 R13=0000000007efbbf8 R14=0000000000000001 R15=0000000007efbc10
RIP=0000000007052c07 RFL=00000206 [-----P-] CPL=0 II=0 A20=1 SMM=0 HLT=0
ES =0030 0000000000000000 ffffffff 00cf9300 DPL=0 DS   [-WA]
CS =0038 0000000000000000 ffffffff 00af9a00 DPL=0 CS64 [-R-]
SS =0030 0000000000000000 ffffffff 00cf9300 DPL=0 DS   [-WA]
DS =0030 0000000000000000 ffffffff 00cf9300 DPL=0 DS   [-WA]
FS =0030 0000000000000000 ffffffff 00cf9300 DPL=0 DS   [-WA]
GS =0030 0000000000000000 ffffffff 00cf9300 DPL=0 DS   [-WA]
LDT=0000 0000000000000000 0000ffff 00008200 DPL=0 LDT
TR =0000 0000000000000000 0000ffff 00008b00 DPL=0 TSS64-busy
GDT=     00000000079de000 00000047
IDT=     00000000074fa018 00000fff
CR0=80010033 CR2=0000000000000000 CR3=0000000007c01000 CR4=00000668
DR0=0000000000000000 DR1=0000000000000000 DR2=0000000000000000 DR3=0000000000000000 
DR6=00000000ffff0ff0 DR7=0000000000000400
CCS=0000000000000004 CCD=0000000000000000 CCO=EFLAGS
EFER=0000000000000d00
  1065: v=20 e=0000 i=0 cpl=0 IP=0038:0000000007052c07 pc=0000000007052c07 SP=0030:0000000007efba60 env->regs[R_EAX]=00000000070a906f
RAX=00000000070a906f RBX=0000000000000017 RCX=00000000070a9058 RDX=0000000007efbbf8
RSI=0000000000000018 RDI=0000000000000001 RBP=0000000000000000 RSP=0000000007efba60
R8 =0000000000000018 R9 =0000000000000000 R10=0000000007f19a4d R11=0000000007059f00
R12=00000000070a9058 R13=0000000007efbbf8 R14=0000000000000001 R15=0000000007efbc10
RIP=0000000007052c07 RFL=00000206 [-----P-] CPL=0 II=0 A20=1 SMM=0 HLT=0
ES =0030 0000000000000000 ffffffff 00cf9300 DPL=0 DS   [-WA]
CS =0038 0000000000000000 ffffffff 00af9a00 DPL=0 CS64 [-R-]
SS =0030 0000000000000000 ffffffff 00cf9300 DPL=0 DS   [-WA]
DS =0030 0000000000000000 ffffffff 00cf9300 DPL=0 DS   [-WA]
FS =0030 0000000000000000 ffffffff 00cf9300 DPL=0 DS   [-WA]
GS =0030 0000000000000000 ffffffff 00cf9300 DPL=0 DS   [-WA]
LDT=0000 0000000000000000 0000ffff 00008200 DPL=0 LDT
TR =0000 0000000000000000 0000ffff 00008b00 DPL=0 TSS64-busy
GDT=     00000000079de000 00000047
IDT=     00000000074fa018 00000fff
CR0=80010033 CR2=0000000000000000 CR3=0000000007c01000 CR4=00000668
DR0=0000000000000000 DR1=0000000000000000 DR2=0000000000000000 DR3=0000000000000000 
DR6=00000000ffff0ff0 DR7=0000000000000400
CCS=0000000000000004 CCD=0000000000000000 CCO=EFLAGS
EFER=0000000000000d00
  1066: v=20 e=0000 i=0 cpl=0 IP=0038:0000000007052c07 pc=0000000007052c07 SP=0030:0000000007efba60 env->regs[R_EAX]=00000000070a906f
RAX=00000000070a906f RBX=0000000000000017 RCX=00000000070a9058 RDX=0000000007efbbf8
RSI=0000000000000018 RDI=0000000000000001 RBP=0000000000000000 RSP=0000000007efba60
R8 =0000000000000018 R9 =0000000000000000 R10=0000000007f19a4d R11=0000000007059f00
R12=00000000070a9058 R13=0000000007efbbf8 R14=0000000000000001 R15=0000000007efbc10
RIP=0000000007052c07 RFL=00000206 [-----P-] CPL=0 II=0 A20=1 SMM=0 HLT=0
ES =0030 0000000000000000 ffffffff 00cf9300 DPL=0 DS   [-WA]
CS =0038 0000000000000000 ffffffff 00af9a00 DPL=0 CS64 [-R-]
SS =0030 0000000000000000 ffffffff 00cf9300 DPL=0 DS   [-WA]
DS =0030 0000000000000000 ffffffff 00cf9300 DPL=0 DS   [-WA]
FS =0030 0000000000000000 ffffffff 00cf9300 DPL=0 DS   [-WA]
GS =0030 0000000000000000 ffffffff 00cf9300 DPL=0 DS   [-WA]
LDT=0000 0000000000000000 0000ffff 00008200 DPL=0 LDT
TR =0000 0000000000000000 0000ffff 00008b00 DPL=0 TSS64-busy
GDT=     00000000079de000 00000047
IDT=     00000000074fa018 00000fff
CR0=80010033 CR2=0000000000000000 CR3=0000000007c01000 CR4=00000668
DR0=0000000000000000 DR1=0000000000000000 DR2=0000000000000000 DR3=0000000000000000 
DR6=00000000ffff0ff0 DR7=0000000000000400
CCS=0000000000000004 CCD=0000000000000000 CCO=EFLAGS
EFER=0000000000000d00
  1067: v=20 e=0000 i=0 cpl=0 IP=0038:0000000007052c07 pc=0000000007052c07 SP=0030:0000000007efba60 env->regs[R_EAX]=00000000070a906f
RAX=00000000070a906f RBX=0000000000000017 RCX=00000000070a9058 RDX=0000000007efbbf8
RSI=0000000000000018 RDI=0000000000000001 RBP=0000000000000000 RSP=0000000007efba60
R8 =0000000000000018 R9 =0000000000000000 R10=0000000007f19a4d R11=0000000007059f00
R12=00000000070a9058 R13=0000000007efbbf8 R14=0000000000000001 R15=0000000007efbc10
RIP=0000000007052c07 RFL=00000206 [-----P-] CPL=0 II=0 A20=1 SMM=0 HLT=0
ES =0030 0000000000000000 ffffffff 00cf9300 DPL=0 DS   [-WA]
CS =0038 0000000000000000 ffffffff 00af9a00 DPL=0 CS64 [-R-]
SS =0030 0000000000000000 ffffffff 00cf9300 DPL=0 DS   [-WA]
DS =0030 0000000000000000 ffffffff 00cf9300 DPL=0 DS   [-WA]
FS =0030 0000000000000000 ffffffff 00cf9300 DPL=0 DS   [-WA]
GS =0030 0000000000000000 ffffffff 00cf9300 DPL=0 DS   [-WA]
LDT=0000 0000000000000000 0000ffff 00008200 DPL=0 LDT
TR =0000 0000000000000000 0000ffff 00008b00 DPL=0 TSS64-busy
GDT=     00000000079de000 00000047
IDT=     00000000074fa018 00000fff
CR0=80010033 CR2=0000000000000000 CR3=0000000007c01000 CR4=00000668
DR0=0000000000000000 DR1=0000000000000000 DR2=0000000000000000 DR3=0000000000000000 
DR6=00000000ffff0ff0 DR7=0000000000000400
CCS=0000000000000004 CCD=0000000000000000 CCO=EFLAGS
EFER=0000000000000d00
  1068: v=20 e=0000 i=0 cpl=0 IP=0038:0000000007052c07 pc=0000000007052c07 SP=0030:0000000007efba60 env->regs[R_EAX]=00000000070a906f
RAX=00000000070a906f RBX=0000000000000017 RCX=00000000070a9058 RDX=0000000007efbbf8
RSI=0000000000000018 RDI=0000000000000001 RBP=0000000000000000 RSP=0000000007efba60
R8 =0000000000000018 R9 =0000000000000000 R10=0000000007f19a4d R11=0000000007059f00
R12=00000000070a9058 R13=0000000007efbbf8 R14=0000000000000001 R15=0000000007efbc10
RIP=0000000007052c07 RFL=00000206 [-----P-] CPL=0 II=0 A20=1 SMM=0 HLT=0
ES =0030 0000000000000000 ffffffff 00cf9300 DPL=0 DS   [-WA]
CS =0038 0000000000000000 ffffffff 00af9a00 DPL=0 CS64 [-R-]
SS =0030 0000000000000000 ffffffff 00cf9300 DPL=0 DS   [-WA]
DS =0030 0000000000000000 ffffffff 00cf9300 DPL=0 DS   [-WA]
FS =0030 0000000000000000 ffffffff 00cf9300 DPL=0 DS   [-WA]
GS =0030 0000000000000000 ffffffff 00cf9300 DPL=0 DS   [-WA]
LDT=0000 0000000000000000 0000ffff 00008200 DPL=0 LDT
TR =0000 0000000000000000 0000ffff 00008b00 DPL=0 TSS64-busy
GDT=     00000000079de000 00000047
IDT=     00000000074fa018 00000fff
CR0=80010033 CR2=0000000000000000 CR3=0000000007c01000 CR4=00000668
DR0=0000000000000000 DR1=0000000000000000 DR2=0000000000000000 DR3=0000000000000000 
DR6=00000000ffff0ff0 DR7=0000000000000400
CCS=0000000000000004 CCD=0000000000000000 CCO=EFLAGS
EFER=0000000000000d00
  1069: v=20 e=0000 i=0 cpl=0 IP=0038:0000000007052c07 pc=0000000007052c07 SP=0030:0000000007efba60 env->regs[R_EAX]=00000000070a906f
RAX=00000000070a906f RBX=0000000000000017 RCX=00000000070a9058 RDX=0000000007efbbf8
RSI=0000000000000018 RDI=0000000000000001 RBP=0000000000000000 RSP=0000000007efba60
R8 =0000000000000018 R9 =0000000000000000 R10=0000000007f19a4d R11=0000000007059f00
R12=00000000070a9058 R13=0000000007efbbf8 R14=0000000000000001 R15=0000000007efbc10
RIP=0000000007052c07 RFL=00000206 [-----P-] CPL=0 II=0 A20=1 SMM=0 HLT=0
ES =0030 0000000000000000 ffffffff 00cf9300 DPL=0 DS   [-WA]
CS =0038 0000000000000000 ffffffff 00af9a00 DPL=0 CS64 [-R-]
SS =0030 0000000000000000 ffffffff 00cf9300 DPL=0 DS   [-WA]
DS =0030 0000000000000000 ffffffff 00cf9300 DPL=0 DS   [-WA]
FS =0030 0000000000000000 ffffffff 00cf9300 DPL=0 DS   [-WA]
GS =0030 0000000000000000 ffffffff 00cf9300 DPL=0 DS   [-WA]
LDT=0000 0000000000000000 0000ffff 00008200 DPL=0 LDT
TR =0000 0000000000000000 0000ffff 00008b00 DPL=0 TSS64-busy
GDT=     00000000079de000 00000047
IDT=     00000000074fa018 00000fff
CR0=80010033 CR2=0000000000000000 CR3=0000000007c01000 CR4=00000668
DR0=0000000000000000 DR1=0000000000000000 DR2=0000000000000000 DR3=0000000000000000 
DR6=00000000ffff0ff0 DR7=0000000000000400
CCS=0000000000000004 CCD=0000000000000000 CCO=EFLAGS
EFER=0000000000000d00
  1070: v=20 e=0000 i=0 cpl=0 IP=0038:0000000007052c07 pc=0000000007052c07 SP=0030:0000000007efba60 env->regs[R_EAX]=00000000070a906f
RAX=00000000070a906f RBX=0000000000000017 RCX=00000000070a9058 RDX=0000000007efbbf8
RSI=0000000000000018 RDI=0000000000000001 RBP=0000000000000000 RSP=0000000007efba60
R8 =0000000000000018 R9 =0000000000000000 R10=0000000007f19a4d R11=0000000007059f00
R12=00000000070a9058 R13=0000000007efbbf8 R14=0000000000000001 R15=0000000007efbc10
RIP=0000000007052c07 RFL=00000206 [-----P-] CPL=0 II=0 A20=1 SMM=0 HLT=0
ES =0030 0000000000000000 ffffffff 00cf9300 DPL=0 DS   [-WA]
CS =0038 0000000000000000 ffffffff 00af9a00 DPL=0 CS64 [-R-]
SS =0030 0000000000000000 ffffffff 00cf9300 DPL=0 DS   [-WA]
DS =0030 0000000000000000 ffffffff 00cf9300 DPL=0 DS   [-WA]
FS =0030 0000000000000000 ffffffff 00cf9300 DPL=0 DS   [-WA]
GS =0030 0000000000000000 ffffffff 00cf9300 DPL=0 DS   [-WA]
LDT=0000 0000000000000000 0000ffff 00008200 DPL=0 LDT
TR =0000 0000000000000000 0000ffff 00008b00 DPL=0 TSS64-busy
GDT=     00000000079de000 00000047
IDT=     00000000074fa018 00000fff
CR0=80010033 CR2=0000000000000000 CR3=0000000007c01000 CR4=00000668
DR0=0000000000000000 DR1=0000000000000000 DR2=0000000000000000 DR3=0000000000000000 
DR6=00000000ffff0ff0 DR7=0000000000000400
CCS=0000000000000004 CCD=0000000000000000 CCO=EFLAGS
EFER=0000000000000d00
  1071: v=20 e=0000 i=0 cpl=0 IP=0038:0000000007052c07 pc=0000000007052c07 SP=0030:0000000007efba60 env->regs[R_EAX]=00000000070a906f
RAX=00000000070a906f RBX=0000000000000017 RCX=00000000070a9058 RDX=0000000007efbbf8
RSI=0000000000000018 RDI=0000000000000001 RBP=0000000000000000 RSP=0000000007efba60
R8 =0000000000000018 R9 =0000000000000000 R10=0000000007f19a4d R11=0000000007059f00
R12=00000000070a9058 R13=0000000007efbbf8 R14=0000000000000001 R15=0000000007efbc10
RIP=0000000007052c07 RFL=00000206 [-----P-] CPL=0 II=0 A20=1 SMM=0 HLT=0
ES =0030 0000000000000000 ffffffff 00cf9300 DPL=0 DS   [-WA]
CS =0038 0000000000000000 ffffffff 00af9a00 DPL=0 CS64 [-R-]
SS =0030 0000000000000000 ffffffff 00cf9300 DPL=0 DS   [-WA]
DS =0030 0000000000000000 ffffffff 00cf9300 DPL=0 DS   [-WA]
FS =0030 0000000000000000 ffffffff 00cf9300 DPL=0 DS   [-WA]
GS =0030 0000000000000000 ffffffff 00cf9300 DPL=0 DS   [-WA]
LDT=0000 0000000000000000 0000ffff 00008200 DPL=0 LDT
TR =0000 0000000000000000 0000ffff 00008b00 DPL=0 TSS64-busy
GDT=     00000000079de000 00000047
IDT=     00000000074fa018 00000fff
CR0=80010033 CR2=0000000000000000 CR3=0000000007c01000 CR4=00000668
DR0=0000000000000000 DR1=0000000000000000 DR2=0000000000000000 DR3=0000000000000000 
DR6=00000000ffff0ff0 DR7=0000000000000400
CCS=0000000000000004 CCD=0000000000000000 CCO=EFLAGS
EFER=0000000000000d00
  1072: v=20 e=0000 i=0 cpl=0 IP=0038:0000000007052c07 pc=0000000007052c07 SP=0030:0000000007efba60 env->regs[R_EAX]=00000000070a906f
RAX=00000000070a906f RBX=0000000000000017 RCX=00000000070a9058 RDX=0000000007efbbf8
RSI=0000000000000018 RDI=0000000000000001 RBP=0000000000000000 RSP=0000000007efba60
R8 =0000000000000018 R9 =0000000000000000 R10=0000000007f19a4d R11=0000000007059f00
R12=00000000070a9058 R13=0000000007efbbf8 R14=0000000000000001 R15=0000000007efbc10
RIP=0000000007052c07 RFL=00000206 [-----P-] CPL=0 II=0 A20=1 SMM=0 HLT=0
ES =0030 0000000000000000 ffffffff 00cf9300 DPL=0 DS   [-WA]
CS =0038 0000000000000000 ffffffff 00af9a00 DPL=0 CS64 [-R-]
SS =0030 0000000000000000 ffffffff 00cf9300 DPL=0 DS   [-WA]
DS =0030 0000000000000000 ffffffff 00cf9300 DPL=0 DS   [-WA]
FS =0030 0000000000000000 ffffffff 00cf9300 DPL=0 DS   [-WA]
GS =0030 0000000000000000 ffffffff 00cf9300 DPL=0 DS   [-WA]
LDT=0000 0000000000000000 0000ffff 00008200 DPL=0 LDT
TR =0000 0000000000000000 0000ffff 00008b00 DPL=0 TSS64-busy
GDT=     00000000079de000 00000047
IDT=     00000000074fa018 00000fff
CR0=80010033 CR2=0000000000000000 CR3=0000000007c01000 CR4=00000668
DR0=0000000000000000 DR1=0000000000000000 DR2=0000000000000000 DR3=0000000000000000 
DR6=00000000ffff0ff0 DR7=0000000000000400
CCS=0000000000000004 CCD=0000000000000000 CCO=EFLAGS
EFER=0000000000000d00
  1073: v=20 e=0000 i=0 cpl=0 IP=0038:0000000007052c07 pc=0000000007052c07 SP=0030:0000000007efba60 env->regs[R_EAX]=00000000070a906f
RAX=00000000070a906f RBX=0000000000000017 RCX=00000000070a9058 RDX=0000000007efbbf8
RSI=0000000000000018 RDI=0000000000000001 RBP=0000000000000000 RSP=0000000007efba60
R8 =0000000000000018 R9 =0000000000000000 R10=0000000007f19a4d R11=0000000007059f00
R12=00000000070a9058 R13=0000000007efbbf8 R14=0000000000000001 R15=0000000007efbc10
RIP=0000000007052c07 RFL=00000206 [-----P-] CPL=0 II=0 A20=1 SMM=0 HLT=0
ES =0030 0000000000000000 ffffffff 00cf9300 DPL=0 DS   [-WA]
CS =0038 0000000000000000 ffffffff 00af9a00 DPL=0 CS64 [-R-]
SS =0030 0000000000000000 ffffffff 00cf9300 DPL=0 DS   [-WA]
DS =0030 0000000000000000 ffffffff 00cf9300 DPL=0 DS   [-WA]
FS =0030 0000000000000000 ffffffff 00cf9300 DPL=0 DS   [-WA]
GS =0030 0000000000000000 ffffffff 00cf9300 DPL=0 DS   [-WA]
LDT=0000 0000000000000000 0000ffff 00008200 DPL=0 LDT
TR =0000 0000000000000000 0000ffff 00008b00 DPL=0 TSS64-busy
GDT=     00000000079de000 00000047
IDT=     00000000074fa018 00000fff
CR0=80010033 CR2=0000000000000000 CR3=0000000007c01000 CR4=00000668
DR0=0000000000000000 DR1=0000000000000000 DR2=0000000000000000 DR3=0000000000000000 
DR6=00000000ffff0ff0 DR7=0000000000000400
CCS=0000000000000004 CCD=0000000000000000 CCO=EFLAGS
EFER=0000000000000d00
  1074: v=20 e=0000 i=0 cpl=0 IP=0038:0000000007052c07 pc=0000000007052c07 SP=0030:0000000007efba60 env->regs[R_EAX]=00000000070a906f
RAX=00000000070a906f RBX=0000000000000017 RCX=00000000070a9058 RDX=0000000007efbbf8
RSI=0000000000000018 RDI=0000000000000001 RBP=0000000000000000 RSP=0000000007efba60
R8 =0000000000000018 R9 =0000000000000000 R10=0000000007f19a4d R11=0000000007059f00
R12=00000000070a9058 R13=0000000007efbbf8 R14=0000000000000001 R15=0000000007efbc10
RIP=0000000007052c07 RFL=00000206 [-----P-] CPL=0 II=0 A20=1 SMM=0 HLT=0
ES =0030 0000000000000000 ffffffff 00cf9300 DPL=0 DS   [-WA]
CS =0038 0000000000000000 ffffffff 00af9a00 DPL=0 CS64 [-R-]
SS =0030 0000000000000000 ffffffff 00cf9300 DPL=0 DS   [-WA]
DS =0030 0000000000000000 ffffffff 00cf9300 DPL=0 DS   [-WA]
FS =0030 0000000000000000 ffffffff 00cf9300 DPL=0 DS   [-WA]
GS =0030 0000000000000000 ffffffff 00cf9300 DPL=0 DS   [-WA]
LDT=0000 0000000000000000 0000ffff 00008200 DPL=0 LDT
TR =0000 0000000000000000 0000ffff 00008b00 DPL=0 TSS64-busy
GDT=     00000000079de000 00000047
IDT=     00000000074fa018 00000fff
CR0=80010033 CR2=0000000000000000 CR3=0000000007c01000 CR4=00000668
DR0=0000000000000000 DR1=0000000000000000 DR2=0000000000000000 DR3=0000000000000000 
DR6=00000000ffff0ff0 DR7=0000000000000400
CCS=0000000000000004 CCD=0000000000000000 CCO=EFLAGS
EFER=0000000000000d00
  1075: v=20 e=0000 i=0 cpl=0 IP=0038:0000000007052c07 pc=0000000007052c07 SP=0030:0000000007efba60 env->regs[R_EAX]=00000000070a906f
RAX=00000000070a906f RBX=0000000000000017 RCX=00000000070a9058 RDX=0000000007efbbf8
RSI=0000000000000018 RDI=0000000000000001 RBP=0000000000000000 RSP=0000000007efba60
R8 =0000000000000018 R9 =0000000000000000 R10=0000000007f19a4d R11=0000000007059f00
R12=00000000070a9058 R13=0000000007efbbf8 R14=0000000000000001 R15=0000000007efbc10
RIP=0000000007052c07 RFL=00000206 [-----P-] CPL=0 II=0 A20=1 SMM=0 HLT=0
ES =0030 0000000000000000 ffffffff 00cf9300 DPL=0 DS   [-WA]
CS =0038 0000000000000000 ffffffff 00af9a00 DPL=0 CS64 [-R-]
SS =0030 0000000000000000 ffffffff 00cf9300 DPL=0 DS   [-WA]
DS =0030 0000000000000000 ffffffff 00cf9300 DPL=0 DS   [-WA]
FS =0030 0000000000000000 ffffffff 00cf9300 DPL=0 DS   [-WA]
GS =0030 0000000000000000 ffffffff 00cf9300 DPL=0 DS   [-WA]
LDT=0000 0000000000000000 0000ffff 00008200 DPL=0 LDT
TR =0000 0000000000000000 0000ffff 00008b00 DPL=0 TSS64-busy
GDT=     00000000079de000 00000047
IDT=     00000000074fa018 00000fff
CR0=80010033 CR2=0000000000000000 CR3=0000000007c01000 CR4=00000668
DR0=0000000000000000 DR1=0000000000000000 DR2=0000000000000000 DR3=0000000000000000 
DR6=00000000ffff0ff0 DR7=0000000000000400
CCS=0000000000000004 CCD=0000000000000000 CCO=EFLAGS
EFER=0000000000000d00
  1076: v=20 e=0000 i=0 cpl=0 IP=0038:0000000007052c07 pc=0000000007052c07 SP=0030:0000000007efba60 env->regs[R_EAX]=00000000070a906f
RAX=00000000070a906f RBX=0000000000000017 RCX=00000000070a9058 RDX=0000000007efbbf8
RSI=0000000000000018 RDI=0000000000000001 RBP=0000000000000000 RSP=0000000007efba60
R8 =0000000000000018 R9 =0000000000000000 R10=0000000007f19a4d R11=0000000007059f00
R12=00000000070a9058 R13=0000000007efbbf8 R14=0000000000000001 R15=0000000007efbc10
RIP=0000000007052c07 RFL=00000206 [-----P-] CPL=0 II=0 A20=1 SMM=0 HLT=0
ES =0030 0000000000000000 ffffffff 00cf9300 DPL=0 DS   [-WA]
CS =0038 0000000000000000 ffffffff 00af9a00 DPL=0 CS64 [-R-]
SS =0030 0000000000000000 ffffffff 00cf9300 DPL=0 DS   [-WA]
DS =0030 0000000000000000 ffffffff 00cf9300 DPL=0 DS   [-WA]
FS =0030 0000000000000000 ffffffff 00cf9300 DPL=0 DS   [-WA]
GS =0030 0000000000000000 ffffffff 00cf9300 DPL=0 DS   [-WA]
LDT=0000 0000000000000000 0000ffff 00008200 DPL=0 LDT
TR =0000 0000000000000000 0000ffff 00008b00 DPL=0 TSS64-busy
GDT=     00000000079de000 00000047
IDT=     00000000074fa018 00000fff
CR0=80010033 CR2=0000000000000000 CR3=0000000007c01000 CR4=00000668
DR0=0000000000000000 DR1=0000000000000000 DR2=0000000000000000 DR3=0000000000000000 
DR6=00000000ffff0ff0 DR7=0000000000000400
CCS=0000000000000004 CCD=0000000000000000 CCO=EFLAGS
EFER=0000000000000d00
  1077: v=20 e=0000 i=0 cpl=0 IP=0038:0000000007052c07 pc=0000000007052c07 SP=0030:0000000007efba60 env->regs[R_EAX]=00000000070a906f
RAX=00000000070a906f RBX=0000000000000017 RCX=00000000070a9058 RDX=0000000007efbbf8
RSI=0000000000000018 RDI=0000000000000001 RBP=0000000000000000 RSP=0000000007efba60
R8 =0000000000000018 R9 =0000000000000000 R10=0000000007f19a4d R11=0000000007059f00
R12=00000000070a9058 R13=0000000007efbbf8 R14=0000000000000001 R15=0000000007efbc10
RIP=0000000007052c07 RFL=00000206 [-----P-] CPL=0 II=0 A20=1 SMM=0 HLT=0
ES =0030 0000000000000000 ffffffff 00cf9300 DPL=0 DS   [-WA]
CS =0038 0000000000000000 ffffffff 00af9a00 DPL=0 CS64 [-R-]
SS =0030 0000000000000000 ffffffff 00cf9300 DPL=0 DS   [-WA]
DS =0030 0000000000000000 ffffffff 00cf9300 DPL=0 DS   [-WA]
FS =0030 0000000000000000 ffffffff 00cf9300 DPL=0 DS   [-WA]
GS =0030 0000000000000000 ffffffff 00cf9300 DPL=0 DS   [-WA]
LDT=0000 0000000000000000 0000ffff 00008200 DPL=0 LDT
TR =0000 0000000000000000 0000ffff 00008b00 DPL=0 TSS64-busy
GDT=     00000000079de000 00000047
IDT=     00000000074fa018 00000fff
CR0=80010033 CR2=0000000000000000 CR3=0000000007c01000 CR4=00000668
DR0=0000000000000000 DR1=0000000000000000 DR2=0000000000000000 DR3=0000000000000000 
DR6=00000000ffff0ff0 DR7=0000000000000400
CCS=0000000000000004 CCD=0000000000000000 CCO=EFLAGS
EFER=0000000000000d00
  1078: v=20 e=0000 i=0 cpl=0 IP=0038:0000000007052c07 pc=0000000007052c07 SP=0030:0000000007efba60 env->regs[R_EAX]=00000000070a906f
RAX=00000000070a906f RBX=0000000000000017 RCX=00000000070a9058 RDX=0000000007efbbf8
RSI=0000000000000018 RDI=0000000000000001 RBP=0000000000000000 RSP=0000000007efba60
R8 =0000000000000018 R9 =0000000000000000 R10=0000000007f19a4d R11=0000000007059f00
R12=00000000070a9058 R13=0000000007efbbf8 R14=0000000000000001 R15=0000000007efbc10
RIP=0000000007052c07 RFL=00000206 [-----P-] CPL=0 II=0 A20=1 SMM=0 HLT=0
ES =0030 0000000000000000 ffffffff 00cf9300 DPL=0 DS   [-WA]
CS =0038 0000000000000000 ffffffff 00af9a00 DPL=0 CS64 [-R-]
SS =0030 0000000000000000 ffffffff 00cf9300 DPL=0 DS   [-WA]
DS =0030 0000000000000000 ffffffff 00cf9300 DPL=0 DS   [-WA]
FS =0030 0000000000000000 ffffffff 00cf9300 DPL=0 DS   [-WA]
GS =0030 0000000000000000 ffffffff 00cf9300 DPL=0 DS   [-WA]
LDT=0000 0000000000000000 0000ffff 00008200 DPL=0 LDT
TR =0000 0000000000000000 0000ffff 00008b00 DPL=0 TSS64-busy
GDT=     00000000079de000 00000047
IDT=     00000000074fa018 00000fff
CR0=80010033 CR2=0000000000000000 CR3=0000000007c01000 CR4=00000668
DR0=0000000000000000 DR1=0000000000000000 DR2=0000000000000000 DR3=0000000000000000 
DR6=00000000ffff0ff0 DR7=0000000000000400
CCS=0000000000000004 CCD=0000000000000000 CCO=EFLAGS
EFER=0000000000000d00
  1079: v=20 e=0000 i=0 cpl=0 IP=0038:0000000007052c07 pc=0000000007052c07 SP=0030:0000000007efba60 env->regs[R_EAX]=00000000070a906f
RAX=00000000070a906f RBX=0000000000000017 RCX=00000000070a9058 RDX=0000000007efbbf8
RSI=0000000000000018 RDI=0000000000000001 RBP=0000000000000000 RSP=0000000007efba60
R8 =0000000000000018 R9 =0000000000000000 R10=0000000007f19a4d R11=0000000007059f00
R12=00000000070a9058 R13=0000000007efbbf8 R14=0000000000000001 R15=0000000007efbc10
RIP=0000000007052c07 RFL=00000206 [-----P-] CPL=0 II=0 A20=1 SMM=0 HLT=0
ES =0030 0000000000000000 ffffffff 00cf9300 DPL=0 DS   [-WA]
CS =0038 0000000000000000 ffffffff 00af9a00 DPL=0 CS64 [-R-]
SS =0030 0000000000000000 ffffffff 00cf9300 DPL=0 DS   [-WA]
DS =0030 0000000000000000 ffffffff 00cf9300 DPL=0 DS   [-WA]
FS =0030 0000000000000000 ffffffff 00cf9300 DPL=0 DS   [-WA]
GS =0030 0000000000000000 ffffffff 00cf9300 DPL=0 DS   [-WA]
LDT=0000 0000000000000000 0000ffff 00008200 DPL=0 LDT
TR =0000 0000000000000000 0000ffff 00008b00 DPL=0 TSS64-busy
GDT=     00000000079de000 00000047
IDT=     00000000074fa018 00000fff
CR0=80010033 CR2=0000000000000000 CR3=0000000007c01000 CR4=00000668
DR0=0000000000000000 DR1=0000000000000000 DR2=0000000000000000 DR3=0000000000000000 
DR6=00000000ffff0ff0 DR7=0000000000000400
CCS=0000000000000004 CCD=0000000000000000 CCO=EFLAGS
EFER=0000000000000d00
  1080: v=20 e=0000 i=0 cpl=0 IP=0038:0000000007052c07 pc=0000000007052c07 SP=0030:0000000007efba60 env->regs[R_EAX]=00000000070a906f
RAX=00000000070a906f RBX=0000000000000017 RCX=00000000070a9058 RDX=0000000007efbbf8
RSI=0000000000000018 RDI=0000000000000001 RBP=0000000000000000 RSP=0000000007efba60
R8 =0000000000000018 R9 =0000000000000000 R10=0000000007f19a4d R11=0000000007059f00
R12=00000000070a9058 R13=0000000007efbbf8 R14=0000000000000001 R15=0000000007efbc10
RIP=0000000007052c07 RFL=00000206 [-----P-] CPL=0 II=0 A20=1 SMM=0 HLT=0
ES =0030 0000000000000000 ffffffff 00cf9300 DPL=0 DS   [-WA]
CS =0038 0000000000000000 ffffffff 00af9a00 DPL=0 CS64 [-R-]
SS =0030 0000000000000000 ffffffff 00cf9300 DPL=0 DS   [-WA]
DS =0030 0000000000000000 ffffffff 00cf9300 DPL=0 DS   [-WA]
FS =0030 0000000000000000 ffffffff 00cf9300 DPL=0 DS   [-WA]
GS =0030 0000000000000000 ffffffff 00cf9300 DPL=0 DS   [-WA]
LDT=0000 0000000000000000 0000ffff 00008200 DPL=0 LDT
TR =0000 0000000000000000 0000ffff 00008b00 DPL=0 TSS64-busy
GDT=     00000000079de000 00000047
IDT=     00000000074fa018 00000fff
CR0=80010033 CR2=0000000000000000 CR3=0000000007c01000 CR4=00000668
DR0=0000000000000000 DR1=0000000000000000 DR2=0000000000000000 DR3=0000000000000000 
DR6=00000000ffff0ff0 DR7=0000000000000400
CCS=0000000000000004 CCD=0000000000000000 CCO=EFLAGS
EFER=0000000000000d00
  1081: v=20 e=0000 i=0 cpl=0 IP=0038:0000000007052c07 pc=0000000007052c07 SP=0030:0000000007efba60 env->regs[R_EAX]=00000000070a906f
RAX=00000000070a906f RBX=0000000000000017 RCX=00000000070a9058 RDX=0000000007efbbf8
RSI=0000000000000018 RDI=0000000000000001 RBP=0000000000000000 RSP=0000000007efba60
R8 =0000000000000018 R9 =0000000000000000 R10=0000000007f19a4d R11=0000000007059f00
R12=00000000070a9058 R13=0000000007efbbf8 R14=0000000000000001 R15=0000000007efbc10
RIP=0000000007052c07 RFL=00000206 [-----P-] CPL=0 II=0 A20=1 SMM=0 HLT=0
ES =0030 0000000000000000 ffffffff 00cf9300 DPL=0 DS   [-WA]
CS =0038 0000000000000000 ffffffff 00af9a00 DPL=0 CS64 [-R-]
SS =0030 0000000000000000 ffffffff 00cf9300 DPL=0 DS   [-WA]
DS =0030 0000000000000000 ffffffff 00cf9300 DPL=0 DS   [-WA]
FS =0030 0000000000000000 ffffffff 00cf9300 DPL=0 DS   [-WA]
GS =0030 0000000000000000 ffffffff 00cf9300 DPL=0 DS   [-WA]
LDT=0000 0000000000000000 0000ffff 00008200 DPL=0 LDT
TR =0000 0000000000000000 0000ffff 00008b00 DPL=0 TSS64-busy
GDT=     00000000079de000 00000047
IDT=     00000000074fa018 00000fff
CR0=80010033 CR2=0000000000000000 CR3=0000000007c01000 CR4=00000668
DR0=0000000000000000 DR1=0000000000000000 DR2=0000000000000000 DR3=0000000000000000 
DR6=00000000ffff0ff0 DR7=0000000000000400
CCS=0000000000000004 CCD=0000000000000000 CCO=EFLAGS
EFER=0000000000000d00
  1082: v=20 e=0000 i=0 cpl=0 IP=0038:0000000007052c07 pc=0000000007052c07 SP=0030:0000000007efba60 env->regs[R_EAX]=00000000070a906f
RAX=00000000070a906f RBX=0000000000000017 RCX=00000000070a9058 RDX=0000000007efbbf8
RSI=0000000000000018 RDI=0000000000000001 RBP=0000000000000000 RSP=0000000007efba60
R8 =0000000000000018 R9 =0000000000000000 R10=0000000007f19a4d R11=0000000007059f00
R12=00000000070a9058 R13=0000000007efbbf8 R14=0000000000000001 R15=0000000007efbc10
RIP=0000000007052c07 RFL=00000206 [-----P-] CPL=0 II=0 A20=1 SMM=0 HLT=0
ES =0030 0000000000000000 ffffffff 00cf9300 DPL=0 DS   [-WA]
CS =0038 0000000000000000 ffffffff 00af9a00 DPL=0 CS64 [-R-]
SS =0030 0000000000000000 ffffffff 00cf9300 DPL=0 DS   [-WA]
DS =0030 0000000000000000 ffffffff 00cf9300 DPL=0 DS   [-WA]
FS =0030 0000000000000000 ffffffff 00cf9300 DPL=0 DS   [-WA]
GS =0030 0000000000000000 ffffffff 00cf9300 DPL=0 DS   [-WA]
LDT=0000 0000000000000000 0000ffff 00008200 DPL=0 LDT
TR =0000 0000000000000000 0000ffff 00008b00 DPL=0 TSS64-busy
GDT=     00000000079de000 00000047
IDT=     00000000074fa018 00000fff
CR0=80010033 CR2=0000000000000000 CR3=0000000007c01000 CR4=00000668
DR0=0000000000000000 DR1=0000000000000000 DR2=0000000000000000 DR3=0000000000000000 
DR6=00000000ffff0ff0 DR7=0000000000000400
CCS=0000000000000004 CCD=0000000000000000 CCO=EFLAGS
EFER=0000000000000d00
  1083: v=20 e=0000 i=0 cpl=0 IP=0038:0000000007052c07 pc=0000000007052c07 SP=0030:0000000007efba60 env->regs[R_EAX]=00000000070a906f
RAX=00000000070a906f RBX=0000000000000017 RCX=00000000070a9058 RDX=0000000007efbbf8
RSI=0000000000000018 RDI=0000000000000001 RBP=0000000000000000 RSP=0000000007efba60
R8 =0000000000000018 R9 =0000000000000000 R10=0000000007f19a4d R11=0000000007059f00
R12=00000000070a9058 R13=0000000007efbbf8 R14=0000000000000001 R15=0000000007efbc10
RIP=0000000007052c07 RFL=00000206 [-----P-] CPL=0 II=0 A20=1 SMM=0 HLT=0
ES =0030 0000000000000000 ffffffff 00cf9300 DPL=0 DS   [-WA]
CS =0038 0000000000000000 ffffffff 00af9a00 DPL=0 CS64 [-R-]
SS =0030 0000000000000000 ffffffff 00cf9300 DPL=0 DS   [-WA]
DS =0030 0000000000000000 ffffffff 00cf9300 DPL=0 DS   [-WA]
FS =0030 0000000000000000 ffffffff 00cf9300 DPL=0 DS   [-WA]
GS =0030 0000000000000000 ffffffff 00cf9300 DPL=0 DS   [-WA]
LDT=0000 0000000000000000 0000ffff 00008200 DPL=0 LDT
TR =0000 0000000000000000 0000ffff 00008b00 DPL=0 TSS64-busy
GDT=     00000000079de000 00000047
IDT=     00000000074fa018 00000fff
CR0=80010033 CR2=0000000000000000 CR3=0000000007c01000 CR4=00000668
DR0=0000000000000000 DR1=0000000000000000 DR2=0000000000000000 DR3=0000000000000000 
DR6=00000000ffff0ff0 DR7=0000000000000400
CCS=0000000000000004 CCD=0000000000000000 CCO=EFLAGS
EFER=0000000000000d00
  1084: v=20 e=0000 i=0 cpl=0 IP=0038:0000000007052c07 pc=0000000007052c07 SP=0030:0000000007efba60 env->regs[R_EAX]=00000000070a906f
RAX=00000000070a906f RBX=0000000000000017 RCX=00000000070a9058 RDX=0000000007efbbf8
RSI=0000000000000018 RDI=0000000000000001 RBP=0000000000000000 RSP=0000000007efba60
R8 =0000000000000018 R9 =0000000000000000 R10=0000000007f19a4d R11=0000000007059f00
R12=00000000070a9058 R13=0000000007efbbf8 R14=0000000000000001 R15=0000000007efbc10
RIP=0000000007052c07 RFL=00000206 [-----P-] CPL=0 II=0 A20=1 SMM=0 HLT=0
ES =0030 0000000000000000 ffffffff 00cf9300 DPL=0 DS   [-WA]
CS =0038 0000000000000000 ffffffff 00af9a00 DPL=0 CS64 [-R-]
SS =0030 0000000000000000 ffffffff 00cf9300 DPL=0 DS   [-WA]
DS =0030 0000000000000000 ffffffff 00cf9300 DPL=0 DS   [-WA]
FS =0030 0000000000000000 ffffffff 00cf9300 DPL=0 DS   [-WA]
GS =0030 0000000000000000 ffffffff 00cf9300 DPL=0 DS   [-WA]
LDT=0000 0000000000000000 0000ffff 00008200 DPL=0 LDT
TR =0000 0000000000000000 0000ffff 00008b00 DPL=0 TSS64-busy
GDT=     00000000079de000 00000047
IDT=     00000000074fa018 00000fff
CR0=80010033 CR2=0000000000000000 CR3=0000000007c01000 CR4=00000668
DR0=0000000000000000 DR1=0000000000000000 DR2=0000000000000000 DR3=0000000000000000 
DR6=00000000ffff0ff0 DR7=0000000000000400
CCS=0000000000000004 CCD=0000000000000000 CCO=EFLAGS
EFER=0000000000000d00
  1085: v=20 e=0000 i=0 cpl=0 IP=0038:0000000007052c07 pc=0000000007052c07 SP=0030:0000000007efba60 env->regs[R_EAX]=00000000070a906f
RAX=00000000070a906f RBX=0000000000000017 RCX=00000000070a9058 RDX=0000000007efbbf8
RSI=0000000000000018 RDI=0000000000000001 RBP=0000000000000000 RSP=0000000007efba60
R8 =0000000000000018 R9 =0000000000000000 R10=0000000007f19a4d R11=0000000007059f00
R12=00000000070a9058 R13=0000000007efbbf8 R14=0000000000000001 R15=0000000007efbc10
RIP=0000000007052c07 RFL=00000206 [-----P-] CPL=0 II=0 A20=1 SMM=0 HLT=0
ES =0030 0000000000000000 ffffffff 00cf9300 DPL=0 DS   [-WA]
CS =0038 0000000000000000 ffffffff 00af9a00 DPL=0 CS64 [-R-]
SS =0030 0000000000000000 ffffffff 00cf9300 DPL=0 DS   [-WA]
DS =0030 0000000000000000 ffffffff 00cf9300 DPL=0 DS   [-WA]
FS =0030 0000000000000000 ffffffff 00cf9300 DPL=0 DS   [-WA]
GS =0030 0000000000000000 ffffffff 00cf9300 DPL=0 DS   [-WA]
LDT=0000 0000000000000000 0000ffff 00008200 DPL=0 LDT
TR =0000 0000000000000000 0000ffff 00008b00 DPL=0 TSS64-busy
GDT=     00000000079de000 00000047
IDT=     00000000074fa018 00000fff
CR0=80010033 CR2=0000000000000000 CR3=0000000007c01000 CR4=00000668
DR0=0000000000000000 DR1=0000000000000000 DR2=0000000000000000 DR3=0000000000000000 
DR6=00000000ffff0ff0 DR7=0000000000000400
CCS=0000000000000004 CCD=0000000000000000 CCO=EFLAGS
EFER=0000000000000d00
  1086: v=20 e=0000 i=0 cpl=0 IP=0038:0000000007052c07 pc=0000000007052c07 SP=0030:0000000007efba60 env->regs[R_EAX]=00000000070a906f
RAX=00000000070a906f RBX=0000000000000017 RCX=00000000070a9058 RDX=0000000007efbbf8
RSI=0000000000000018 RDI=0000000000000001 RBP=0000000000000000 RSP=0000000007efba60
R8 =0000000000000018 R9 =0000000000000000 R10=0000000007f19a4d R11=0000000007059f00
R12=00000000070a9058 R13=0000000007efbbf8 R14=0000000000000001 R15=0000000007efbc10
RIP=0000000007052c07 RFL=00000206 [-----P-] CPL=0 II=0 A20=1 SMM=0 HLT=0
ES =0030 0000000000000000 ffffffff 00cf9300 DPL=0 DS   [-WA]
CS =0038 0000000000000000 ffffffff 00af9a00 DPL=0 CS64 [-R-]
SS =0030 0000000000000000 ffffffff 00cf9300 DPL=0 DS   [-WA]
DS =0030 0000000000000000 ffffffff 00cf9300 DPL=0 DS   [-WA]
FS =0030 0000000000000000 ffffffff 00cf9300 DPL=0 DS   [-WA]
GS =0030 0000000000000000 ffffffff 00cf9300 DPL=0 DS   [-WA]
LDT=0000 0000000000000000 0000ffff 00008200 DPL=0 LDT
TR =0000 0000000000000000 0000ffff 00008b00 DPL=0 TSS64-busy
GDT=     00000000079de000 00000047
IDT=     00000000074fa018 00000fff
CR0=80010033 CR2=0000000000000000 CR3=0000000007c01000 CR4=00000668
DR0=0000000000000000 DR1=0000000000000000 DR2=0000000000000000 DR3=0000000000000000 
DR6=00000000ffff0ff0 DR7=0000000000000400
CCS=0000000000000004 CCD=0000000000000000 CCO=EFLAGS
EFER=0000000000000d00
  1087: v=20 e=0000 i=0 cpl=0 IP=0038:0000000007052c07 pc=0000000007052c07 SP=0030:0000000007efba60 env->regs[R_EAX]=00000000070a906f
RAX=00000000070a906f RBX=0000000000000017 RCX=00000000070a9058 RDX=0000000007efbbf8
RSI=0000000000000018 RDI=0000000000000001 RBP=0000000000000000 RSP=0000000007efba60
R8 =0000000000000018 R9 =0000000000000000 R10=0000000007f19a4d R11=0000000007059f00
R12=00000000070a9058 R13=0000000007efbbf8 R14=0000000000000001 R15=0000000007efbc10
RIP=0000000007052c07 RFL=00000206 [-----P-] CPL=0 II=0 A20=1 SMM=0 HLT=0
ES =0030 0000000000000000 ffffffff 00cf9300 DPL=0 DS   [-WA]
CS =0038 0000000000000000 ffffffff 00af9a00 DPL=0 CS64 [-R-]
SS =0030 0000000000000000 ffffffff 00cf9300 DPL=0 DS   [-WA]
DS =0030 0000000000000000 ffffffff 00cf9300 DPL=0 DS   [-WA]
FS =0030 0000000000000000 ffffffff 00cf9300 DPL=0 DS   [-WA]
GS =0030 0000000000000000 ffffffff 00cf9300 DPL=0 DS   [-WA]
LDT=0000 0000000000000000 0000ffff 00008200 DPL=0 LDT
TR =0000 0000000000000000 0000ffff 00008b00 DPL=0 TSS64-busy
GDT=     00000000079de000 00000047
IDT=     00000000074fa018 00000fff
CR0=80010033 CR2=0000000000000000 CR3=0000000007c01000 CR4=00000668
DR0=0000000000000000 DR1=0000000000000000 DR2=0000000000000000 DR3=0000000000000000 
DR6=00000000ffff0ff0 DR7=0000000000000400
CCS=0000000000000004 CCD=0000000000000000 CCO=EFLAGS
EFER=0000000000000d00
  1088: v=20 e=0000 i=0 cpl=0 IP=0038:0000000007052c07 pc=0000000007052c07 SP=0030:0000000007efba60 env->regs[R_EAX]=00000000070a906f
RAX=00000000070a906f RBX=0000000000000017 RCX=00000000070a9058 RDX=0000000007efbbf8
RSI=0000000000000018 RDI=0000000000000001 RBP=0000000000000000 RSP=0000000007efba60
R8 =0000000000000018 R9 =0000000000000000 R10=0000000007f19a4d R11=0000000007059f00
R12=00000000070a9058 R13=0000000007efbbf8 R14=0000000000000001 R15=0000000007efbc10
RIP=0000000007052c07 RFL=00000206 [-----P-] CPL=0 II=0 A20=1 SMM=0 HLT=0
ES =0030 0000000000000000 ffffffff 00cf9300 DPL=0 DS   [-WA]
CS =0038 0000000000000000 ffffffff 00af9a00 DPL=0 CS64 [-R-]
SS =0030 0000000000000000 ffffffff 00cf9300 DPL=0 DS   [-WA]
DS =0030 0000000000000000 ffffffff 00cf9300 DPL=0 DS   [-WA]
FS =0030 0000000000000000 ffffffff 00cf9300 DPL=0 DS   [-WA]
GS =0030 0000000000000000 ffffffff 00cf9300 DPL=0 DS   [-WA]
LDT=0000 0000000000000000 0000ffff 00008200 DPL=0 LDT
TR =0000 0000000000000000 0000ffff 00008b00 DPL=0 TSS64-busy
GDT=     00000000079de000 00000047
IDT=     00000000074fa018 00000fff
CR0=80010033 CR2=0000000000000000 CR3=0000000007c01000 CR4=00000668
DR0=0000000000000000 DR1=0000000000000000 DR2=0000000000000000 DR3=0000000000000000 
DR6=00000000ffff0ff0 DR7=0000000000000400
CCS=0000000000000004 CCD=0000000000000000 CCO=EFLAGS
EFER=0000000000000d00
  1089: v=20 e=0000 i=0 cpl=0 IP=0038:0000000007052c07 pc=0000000007052c07 SP=0030:0000000007efba60 env->regs[R_EAX]=00000000070a906f
RAX=00000000070a906f RBX=0000000000000017 RCX=00000000070a9058 RDX=0000000007efbbf8
RSI=0000000000000018 RDI=0000000000000001 RBP=0000000000000000 RSP=0000000007efba60
R8 =0000000000000018 R9 =0000000000000000 R10=0000000007f19a4d R11=0000000007059f00
R12=00000000070a9058 R13=0000000007efbbf8 R14=0000000000000001 R15=0000000007efbc10
RIP=0000000007052c07 RFL=00000206 [-----P-] CPL=0 II=0 A20=1 SMM=0 HLT=0
ES =0030 0000000000000000 ffffffff 00cf9300 DPL=0 DS   [-WA]
CS =0038 0000000000000000 ffffffff 00af9a00 DPL=0 CS64 [-R-]
SS =0030 0000000000000000 ffffffff 00cf9300 DPL=0 DS   [-WA]
DS =0030 0000000000000000 ffffffff 00cf9300 DPL=0 DS   [-WA]
FS =0030 0000000000000000 ffffffff 00cf9300 DPL=0 DS   [-WA]
GS =0030 0000000000000000 ffffffff 00cf9300 DPL=0 DS   [-WA]
LDT=0000 0000000000000000 0000ffff 00008200 DPL=0 LDT
TR =0000 0000000000000000 0000ffff 00008b00 DPL=0 TSS64-busy
GDT=     00000000079de000 00000047
IDT=     00000000074fa018 00000fff
CR0=80010033 CR2=0000000000000000 CR3=0000000007c01000 CR4=00000668
DR0=0000000000000000 DR1=0000000000000000 DR2=0000000000000000 DR3=0000000000000000 
DR6=00000000ffff0ff0 DR7=0000000000000400
CCS=0000000000000004 CCD=0000000000000000 CCO=EFLAGS
EFER=0000000000000d00
  1090: v=20 e=0000 i=0 cpl=0 IP=0038:0000000007052c07 pc=0000000007052c07 SP=0030:0000000007efba60 env->regs[R_EAX]=00000000070a906f
RAX=00000000070a906f RBX=0000000000000017 RCX=00000000070a9058 RDX=0000000007efbbf8
RSI=0000000000000018 RDI=0000000000000001 RBP=0000000000000000 RSP=0000000007efba60
R8 =0000000000000018 R9 =0000000000000000 R10=0000000007f19a4d R11=0000000007059f00
R12=00000000070a9058 R13=0000000007efbbf8 R14=0000000000000001 R15=0000000007efbc10
RIP=0000000007052c07 RFL=00000206 [-----P-] CPL=0 II=0 A20=1 SMM=0 HLT=0
ES =0030 0000000000000000 ffffffff 00cf9300 DPL=0 DS   [-WA]
CS =0038 0000000000000000 ffffffff 00af9a00 DPL=0 CS64 [-R-]
SS =0030 0000000000000000 ffffffff 00cf9300 DPL=0 DS   [-WA]
DS =0030 0000000000000000 ffffffff 00cf9300 DPL=0 DS   [-WA]
FS =0030 0000000000000000 ffffffff 00cf9300 DPL=0 DS   [-WA]
GS =0030 0000000000000000 ffffffff 00cf9300 DPL=0 DS   [-WA]
LDT=0000 0000000000000000 0000ffff 00008200 DPL=0 LDT
TR =0000 0000000000000000 0000ffff 00008b00 DPL=0 TSS64-busy
GDT=     00000000079de000 00000047
IDT=     00000000074fa018 00000fff
CR0=80010033 CR2=0000000000000000 CR3=0000000007c01000 CR4=00000668
DR0=0000000000000000 DR1=0000000000000000 DR2=0000000000000000 DR3=0000000000000000 
DR6=00000000ffff0ff0 DR7=0000000000000400
CCS=0000000000000004 CCD=0000000000000000 CCO=EFLAGS
EFER=0000000000000d00
  1091: v=20 e=0000 i=0 cpl=0 IP=0038:0000000007052c07 pc=0000000007052c07 SP=0030:0000000007efba60 env->regs[R_EAX]=00000000070a906f
RAX=00000000070a906f RBX=0000000000000017 RCX=00000000070a9058 RDX=0000000007efbbf8
RSI=0000000000000018 RDI=0000000000000001 RBP=0000000000000000 RSP=0000000007efba60
R8 =0000000000000018 R9 =0000000000000000 R10=0000000007f19a4d R11=0000000007059f00
R12=00000000070a9058 R13=0000000007efbbf8 R14=0000000000000001 R15=0000000007efbc10
RIP=0000000007052c07 RFL=00000206 [-----P-] CPL=0 II=0 A20=1 SMM=0 HLT=0
ES =0030 0000000000000000 ffffffff 00cf9300 DPL=0 DS   [-WA]
CS =0038 0000000000000000 ffffffff 00af9a00 DPL=0 CS64 [-R-]
SS =0030 0000000000000000 ffffffff 00cf9300 DPL=0 DS   [-WA]
DS =0030 0000000000000000 ffffffff 00cf9300 DPL=0 DS   [-WA]
FS =0030 0000000000000000 ffffffff 00cf9300 DPL=0 DS   [-WA]
GS =0030 0000000000000000 ffffffff 00cf9300 DPL=0 DS   [-WA]
LDT=0000 0000000000000000 0000ffff 00008200 DPL=0 LDT
TR =0000 0000000000000000 0000ffff 00008b00 DPL=0 TSS64-busy
GDT=     00000000079de000 00000047
IDT=     00000000074fa018 00000fff
CR0=80010033 CR2=0000000000000000 CR3=0000000007c01000 CR4=00000668
DR0=0000000000000000 DR1=0000000000000000 DR2=0000000000000000 DR3=0000000000000000 
DR6=00000000ffff0ff0 DR7=0000000000000400
CCS=0000000000000004 CCD=0000000000000000 CCO=EFLAGS
EFER=0000000000000d00
  1092: v=20 e=0000 i=0 cpl=0 IP=0038:0000000007052c07 pc=0000000007052c07 SP=0030:0000000007efba60 env->regs[R_EAX]=00000000070a906f
RAX=00000000070a906f RBX=0000000000000017 RCX=00000000070a9058 RDX=0000000007efbbf8
RSI=0000000000000018 RDI=0000000000000001 RBP=0000000000000000 RSP=0000000007efba60
R8 =0000000000000018 R9 =0000000000000000 R10=0000000007f19a4d R11=0000000007059f00
R12=00000000070a9058 R13=0000000007efbbf8 R14=0000000000000001 R15=0000000007efbc10
RIP=0000000007052c07 RFL=00000206 [-----P-] CPL=0 II=0 A20=1 SMM=0 HLT=0
ES =0030 0000000000000000 ffffffff 00cf9300 DPL=0 DS   [-WA]
CS =0038 0000000000000000 ffffffff 00af9a00 DPL=0 CS64 [-R-]
SS =0030 0000000000000000 ffffffff 00cf9300 DPL=0 DS   [-WA]
DS =0030 0000000000000000 ffffffff 00cf9300 DPL=0 DS   [-WA]
FS =0030 0000000000000000 ffffffff 00cf9300 DPL=0 DS   [-WA]
GS =0030 0000000000000000 ffffffff 00cf9300 DPL=0 DS   [-WA]
LDT=0000 0000000000000000 0000ffff 00008200 DPL=0 LDT
TR =0000 0000000000000000 0000ffff 00008b00 DPL=0 TSS64-busy
GDT=     00000000079de000 00000047
IDT=     00000000074fa018 00000fff
CR0=80010033 CR2=0000000000000000 CR3=0000000007c01000 CR4=00000668
DR0=0000000000000000 DR1=0000000000000000 DR2=0000000000000000 DR3=0000000000000000 
DR6=00000000ffff0ff0 DR7=0000000000000400
CCS=0000000000000004 CCD=0000000000000000 CCO=EFLAGS
EFER=0000000000000d00
  1093: v=20 e=0000 i=0 cpl=0 IP=0038:0000000007052c07 pc=0000000007052c07 SP=0030:0000000007efba60 env->regs[R_EAX]=00000000070a906f
RAX=00000000070a906f RBX=0000000000000017 RCX=00000000070a9058 RDX=0000000007efbbf8
RSI=0000000000000018 RDI=0000000000000001 RBP=0000000000000000 RSP=0000000007efba60
R8 =0000000000000018 R9 =0000000000000000 R10=0000000007f19a4d R11=0000000007059f00
R12=00000000070a9058 R13=0000000007efbbf8 R14=0000000000000001 R15=0000000007efbc10
RIP=0000000007052c07 RFL=00000206 [-----P-] CPL=0 II=0 A20=1 SMM=0 HLT=0
ES =0030 0000000000000000 ffffffff 00cf9300 DPL=0 DS   [-WA]
CS =0038 0000000000000000 ffffffff 00af9a00 DPL=0 CS64 [-R-]
SS =0030 0000000000000000 ffffffff 00cf9300 DPL=0 DS   [-WA]
DS =0030 0000000000000000 ffffffff 00cf9300 DPL=0 DS   [-WA]
FS =0030 0000000000000000 ffffffff 00cf9300 DPL=0 DS   [-WA]
GS =0030 0000000000000000 ffffffff 00cf9300 DPL=0 DS   [-WA]
LDT=0000 0000000000000000 0000ffff 00008200 DPL=0 LDT
TR =0000 0000000000000000 0000ffff 00008b00 DPL=0 TSS64-busy
GDT=     00000000079de000 00000047
IDT=     00000000074fa018 00000fff
CR0=80010033 CR2=0000000000000000 CR3=0000000007c01000 CR4=00000668
DR0=0000000000000000 DR1=0000000000000000 DR2=0000000000000000 DR3=0000000000000000 
DR6=00000000ffff0ff0 DR7=0000000000000400
CCS=0000000000000004 CCD=0000000000000000 CCO=EFLAGS
EFER=0000000000000d00
  1094: v=20 e=0000 i=0 cpl=0 IP=0038:0000000007052c07 pc=0000000007052c07 SP=0030:0000000007efba60 env->regs[R_EAX]=00000000070a906f
RAX=00000000070a906f RBX=0000000000000017 RCX=00000000070a9058 RDX=0000000007efbbf8
RSI=0000000000000018 RDI=0000000000000001 RBP=0000000000000000 RSP=0000000007efba60
R8 =0000000000000018 R9 =0000000000000000 R10=0000000007f19a4d R11=0000000007059f00
R12=00000000070a9058 R13=0000000007efbbf8 R14=0000000000000001 R15=0000000007efbc10
RIP=0000000007052c07 RFL=00000206 [-----P-] CPL=0 II=0 A20=1 SMM=0 HLT=0
ES =0030 0000000000000000 ffffffff 00cf9300 DPL=0 DS   [-WA]
CS =0038 0000000000000000 ffffffff 00af9a00 DPL=0 CS64 [-R-]
SS =0030 0000000000000000 ffffffff 00cf9300 DPL=0 DS   [-WA]
DS =0030 0000000000000000 ffffffff 00cf9300 DPL=0 DS   [-WA]
FS =0030 0000000000000000 ffffffff 00cf9300 DPL=0 DS   [-WA]
GS =0030 0000000000000000 ffffffff 00cf9300 DPL=0 DS   [-WA]
LDT=0000 0000000000000000 0000ffff 00008200 DPL=0 LDT
TR =0000 0000000000000000 0000ffff 00008b00 DPL=0 TSS64-busy
GDT=     00000000079de000 00000047
IDT=     00000000074fa018 00000fff
CR0=80010033 CR2=0000000000000000 CR3=0000000007c01000 CR4=00000668
DR0=0000000000000000 DR1=0000000000000000 DR2=0000000000000000 DR3=0000000000000000 
DR6=00000000ffff0ff0 DR7=0000000000000400
CCS=0000000000000004 CCD=0000000000000000 CCO=EFLAGS
EFER=0000000000000d00
  1095: v=20 e=0000 i=0 cpl=0 IP=0038:0000000007052c07 pc=0000000007052c07 SP=0030:0000000007efba60 env->regs[R_EAX]=00000000070a906f
RAX=00000000070a906f RBX=0000000000000017 RCX=00000000070a9058 RDX=0000000007efbbf8
RSI=0000000000000018 RDI=0000000000000001 RBP=0000000000000000 RSP=0000000007efba60
R8 =0000000000000018 R9 =0000000000000000 R10=0000000007f19a4d R11=0000000007059f00
R12=00000000070a9058 R13=0000000007efbbf8 R14=0000000000000001 R15=0000000007efbc10
RIP=0000000007052c07 RFL=00000206 [-----P-] CPL=0 II=0 A20=1 SMM=0 HLT=0
ES =0030 0000000000000000 ffffffff 00cf9300 DPL=0 DS   [-WA]
CS =0038 0000000000000000 ffffffff 00af9a00 DPL=0 CS64 [-R-]
SS =0030 0000000000000000 ffffffff 00cf9300 DPL=0 DS   [-WA]
DS =0030 0000000000000000 ffffffff 00cf9300 DPL=0 DS   [-WA]
FS =0030 0000000000000000 ffffffff 00cf9300 DPL=0 DS   [-WA]
GS =0030 0000000000000000 ffffffff 00cf9300 DPL=0 DS   [-WA]
LDT=0000 0000000000000000 0000ffff 00008200 DPL=0 LDT
TR =0000 0000000000000000 0000ffff 00008b00 DPL=0 TSS64-busy
GDT=     00000000079de000 00000047
IDT=     00000000074fa018 00000fff
CR0=80010033 CR2=0000000000000000 CR3=0000000007c01000 CR4=00000668
DR0=0000000000000000 DR1=0000000000000000 DR2=0000000000000000 DR3=0000000000000000 
DR6=00000000ffff0ff0 DR7=0000000000000400
CCS=0000000000000004 CCD=0000000000000000 CCO=EFLAGS
EFER=0000000000000d00
  1096: v=20 e=0000 i=0 cpl=0 IP=0038:0000000007052c07 pc=0000000007052c07 SP=0030:0000000007efba60 env->regs[R_EAX]=00000000070a906f
RAX=00000000070a906f RBX=0000000000000017 RCX=00000000070a9058 RDX=0000000007efbbf8
RSI=0000000000000018 RDI=0000000000000001 RBP=0000000000000000 RSP=0000000007efba60
R8 =0000000000000018 R9 =0000000000000000 R10=0000000007f19a4d R11=0000000007059f00
R12=00000000070a9058 R13=0000000007efbbf8 R14=0000000000000001 R15=0000000007efbc10
RIP=0000000007052c07 RFL=00000206 [-----P-] CPL=0 II=0 A20=1 SMM=0 HLT=0
ES =0030 0000000000000000 ffffffff 00cf9300 DPL=0 DS   [-WA]
CS =0038 0000000000000000 ffffffff 00af9a00 DPL=0 CS64 [-R-]
SS =0030 0000000000000000 ffffffff 00cf9300 DPL=0 DS   [-WA]
DS =0030 0000000000000000 ffffffff 00cf9300 DPL=0 DS   [-WA]
FS =0030 0000000000000000 ffffffff 00cf9300 DPL=0 DS   [-WA]
GS =0030 0000000000000000 ffffffff 00cf9300 DPL=0 DS   [-WA]
LDT=0000 0000000000000000 0000ffff 00008200 DPL=0 LDT
TR =0000 0000000000000000 0000ffff 00008b00 DPL=0 TSS64-busy
GDT=     00000000079de000 00000047
IDT=     00000000074fa018 00000fff
CR0=80010033 CR2=0000000000000000 CR3=0000000007c01000 CR4=00000668
DR0=0000000000000000 DR1=0000000000000000 DR2=0000000000000000 DR3=0000000000000000 
DR6=00000000ffff0ff0 DR7=0000000000000400
CCS=0000000000000004 CCD=0000000000000000 CCO=EFLAGS
EFER=0000000000000d00
  1097: v=20 e=0000 i=0 cpl=0 IP=0038:0000000007052c07 pc=0000000007052c07 SP=0030:0000000007efba60 env->regs[R_EAX]=00000000070a906f
RAX=00000000070a906f RBX=0000000000000017 RCX=00000000070a9058 RDX=0000000007efbbf8
RSI=0000000000000018 RDI=0000000000000001 RBP=0000000000000000 RSP=0000000007efba60
R8 =0000000000000018 R9 =0000000000000000 R10=0000000007f19a4d R11=0000000007059f00
R12=00000000070a9058 R13=0000000007efbbf8 R14=0000000000000001 R15=0000000007efbc10
RIP=0000000007052c07 RFL=00000206 [-----P-] CPL=0 II=0 A20=1 SMM=0 HLT=0
ES =0030 0000000000000000 ffffffff 00cf9300 DPL=0 DS   [-WA]
CS =0038 0000000000000000 ffffffff 00af9a00 DPL=0 CS64 [-R-]
SS =0030 0000000000000000 ffffffff 00cf9300 DPL=0 DS   [-WA]
DS =0030 0000000000000000 ffffffff 00cf9300 DPL=0 DS   [-WA]
FS =0030 0000000000000000 ffffffff 00cf9300 DPL=0 DS   [-WA]
GS =0030 0000000000000000 ffffffff 00cf9300 DPL=0 DS   [-WA]
LDT=0000 0000000000000000 0000ffff 00008200 DPL=0 LDT
TR =0000 0000000000000000 0000ffff 00008b00 DPL=0 TSS64-busy
GDT=     00000000079de000 00000047
IDT=     00000000074fa018 00000fff
CR0=80010033 CR2=0000000000000000 CR3=0000000007c01000 CR4=00000668
DR0=0000000000000000 DR1=0000000000000000 DR2=0000000000000000 DR3=0000000000000000 
DR6=00000000ffff0ff0 DR7=0000000000000400
CCS=0000000000000004 CCD=0000000000000000 CCO=EFLAGS
EFER=0000000000000d00
  1098: v=20 e=0000 i=0 cpl=0 IP=0038:0000000007052c07 pc=0000000007052c07 SP=0030:0000000007efba60 env->regs[R_EAX]=00000000070a906f
RAX=00000000070a906f RBX=0000000000000017 RCX=00000000070a9058 RDX=0000000007efbbf8
RSI=0000000000000018 RDI=0000000000000001 RBP=0000000000000000 RSP=0000000007efba60
R8 =0000000000000018 R9 =0000000000000000 R10=0000000007f19a4d R11=0000000007059f00
R12=00000000070a9058 R13=0000000007efbbf8 R14=0000000000000001 R15=0000000007efbc10
RIP=0000000007052c07 RFL=00000206 [-----P-] CPL=0 II=0 A20=1 SMM=0 HLT=0
ES =0030 0000000000000000 ffffffff 00cf9300 DPL=0 DS   [-WA]
CS =0038 0000000000000000 ffffffff 00af9a00 DPL=0 CS64 [-R-]
SS =0030 0000000000000000 ffffffff 00cf9300 DPL=0 DS   [-WA]
DS =0030 0000000000000000 ffffffff 00cf9300 DPL=0 DS   [-WA]
FS =0030 0000000000000000 ffffffff 00cf9300 DPL=0 DS   [-WA]
GS =0030 0000000000000000 ffffffff 00cf9300 DPL=0 DS   [-WA]
LDT=0000 0000000000000000 0000ffff 00008200 DPL=0 LDT
TR =0000 0000000000000000 0000ffff 00008b00 DPL=0 TSS64-busy
GDT=     00000000079de000 00000047
IDT=     00000000074fa018 00000fff
CR0=80010033 CR2=0000000000000000 CR3=0000000007c01000 CR4=00000668
DR0=0000000000000000 DR1=0000000000000000 DR2=0000000000000000 DR3=0000000000000000 
DR6=00000000ffff0ff0 DR7=0000000000000400
CCS=0000000000000004 CCD=0000000000000000 CCO=EFLAGS
EFER=0000000000000d00
  1099: v=20 e=0000 i=0 cpl=0 IP=0038:0000000007052c07 pc=0000000007052c07 SP=0030:0000000007efba60 env->regs[R_EAX]=00000000070a906f
RAX=00000000070a906f RBX=0000000000000017 RCX=00000000070a9058 RDX=0000000007efbbf8
RSI=0000000000000018 RDI=0000000000000001 RBP=0000000000000000 RSP=0000000007efba60
R8 =0000000000000018 R9 =0000000000000000 R10=0000000007f19a4d R11=0000000007059f00
R12=00000000070a9058 R13=0000000007efbbf8 R14=0000000000000001 R15=0000000007efbc10
RIP=0000000007052c07 RFL=00000206 [-----P-] CPL=0 II=0 A20=1 SMM=0 HLT=0
ES =0030 0000000000000000 ffffffff 00cf9300 DPL=0 DS   [-WA]
CS =0038 0000000000000000 ffffffff 00af9a00 DPL=0 CS64 [-R-]
SS =0030 0000000000000000 ffffffff 00cf9300 DPL=0 DS   [-WA]
DS =0030 0000000000000000 ffffffff 00cf9300 DPL=0 DS   [-WA]
FS =0030 0000000000000000 ffffffff 00cf9300 DPL=0 DS   [-WA]
GS =0030 0000000000000000 ffffffff 00cf9300 DPL=0 DS   [-WA]
LDT=0000 0000000000000000 0000ffff 00008200 DPL=0 LDT
TR =0000 0000000000000000 0000ffff 00008b00 DPL=0 TSS64-busy
GDT=     00000000079de000 00000047
IDT=     00000000074fa018 00000fff
CR0=80010033 CR2=0000000000000000 CR3=0000000007c01000 CR4=00000668
DR0=0000000000000000 DR1=0000000000000000 DR2=0000000000000000 DR3=0000000000000000 
DR6=00000000ffff0ff0 DR7=0000000000000400
CCS=0000000000000004 CCD=0000000000000000 CCO=EFLAGS
EFER=0000000000000d00
  1100: v=20 e=0000 i=0 cpl=0 IP=0038:0000000007052c07 pc=0000000007052c07 SP=0030:0000000007efba60 env->regs[R_EAX]=00000000070a906f
RAX=00000000070a906f RBX=0000000000000017 RCX=00000000070a9058 RDX=0000000007efbbf8
RSI=0000000000000018 RDI=0000000000000001 RBP=0000000000000000 RSP=0000000007efba60
R8 =0000000000000018 R9 =0000000000000000 R10=0000000007f19a4d R11=0000000007059f00
R12=00000000070a9058 R13=0000000007efbbf8 R14=0000000000000001 R15=0000000007efbc10
RIP=0000000007052c07 RFL=00000206 [-----P-] CPL=0 II=0 A20=1 SMM=0 HLT=0
ES =0030 0000000000000000 ffffffff 00cf9300 DPL=0 DS   [-WA]
CS =0038 0000000000000000 ffffffff 00af9a00 DPL=0 CS64 [-R-]
SS =0030 0000000000000000 ffffffff 00cf9300 DPL=0 DS   [-WA]
DS =0030 0000000000000000 ffffffff 00cf9300 DPL=0 DS   [-WA]
FS =0030 0000000000000000 ffffffff 00cf9300 DPL=0 DS   [-WA]
GS =0030 0000000000000000 ffffffff 00cf9300 DPL=0 DS   [-WA]
LDT=0000 0000000000000000 0000ffff 00008200 DPL=0 LDT
TR =0000 0000000000000000 0000ffff 00008b00 DPL=0 TSS64-busy
GDT=     00000000079de000 00000047
IDT=     00000000074fa018 00000fff
CR0=80010033 CR2=0000000000000000 CR3=0000000007c01000 CR4=00000668
DR0=0000000000000000 DR1=0000000000000000 DR2=0000000000000000 DR3=0000000000000000 
DR6=00000000ffff0ff0 DR7=0000000000000400
CCS=0000000000000004 CCD=0000000000000000 CCO=EFLAGS
EFER=0000000000000d00
  1101: v=20 e=0000 i=0 cpl=0 IP=0038:0000000007052c07 pc=0000000007052c07 SP=0030:0000000007efba60 env->regs[R_EAX]=00000000070a906f
RAX=00000000070a906f RBX=0000000000000017 RCX=00000000070a9058 RDX=0000000007efbbf8
RSI=0000000000000018 RDI=0000000000000001 RBP=0000000000000000 RSP=0000000007efba60
R8 =0000000000000018 R9 =0000000000000000 R10=0000000007f19a4d R11=0000000007059f00
R12=00000000070a9058 R13=0000000007efbbf8 R14=0000000000000001 R15=0000000007efbc10
RIP=0000000007052c07 RFL=00000206 [-----P-] CPL=0 II=0 A20=1 SMM=0 HLT=0
ES =0030 0000000000000000 ffffffff 00cf9300 DPL=0 DS   [-WA]
CS =0038 0000000000000000 ffffffff 00af9a00 DPL=0 CS64 [-R-]
SS =0030 0000000000000000 ffffffff 00cf9300 DPL=0 DS   [-WA]
DS =0030 0000000000000000 ffffffff 00cf9300 DPL=0 DS   [-WA]
FS =0030 0000000000000000 ffffffff 00cf9300 DPL=0 DS   [-WA]
GS =0030 0000000000000000 ffffffff 00cf9300 DPL=0 DS   [-WA]
LDT=0000 0000000000000000 0000ffff 00008200 DPL=0 LDT
TR =0000 0000000000000000 0000ffff 00008b00 DPL=0 TSS64-busy
GDT=     00000000079de000 00000047
IDT=     00000000074fa018 00000fff
CR0=80010033 CR2=0000000000000000 CR3=0000000007c01000 CR4=00000668
DR0=0000000000000000 DR1=0000000000000000 DR2=0000000000000000 DR3=0000000000000000 
DR6=00000000ffff0ff0 DR7=0000000000000400
CCS=0000000000000004 CCD=0000000000000000 CCO=EFLAGS
EFER=0000000000000d00
  1102: v=20 e=0000 i=0 cpl=0 IP=0038:0000000007052c07 pc=0000000007052c07 SP=0030:0000000007efba60 env->regs[R_EAX]=00000000070a906f
RAX=00000000070a906f RBX=0000000000000017 RCX=00000000070a9058 RDX=0000000007efbbf8
RSI=0000000000000018 RDI=0000000000000001 RBP=0000000000000000 RSP=0000000007efba60
R8 =0000000000000018 R9 =0000000000000000 R10=0000000007f19a4d R11=0000000007059f00
R12=00000000070a9058 R13=0000000007efbbf8 R14=0000000000000001 R15=0000000007efbc10
RIP=0000000007052c07 RFL=00000206 [-----P-] CPL=0 II=0 A20=1 SMM=0 HLT=0
ES =0030 0000000000000000 ffffffff 00cf9300 DPL=0 DS   [-WA]
CS =0038 0000000000000000 ffffffff 00af9a00 DPL=0 CS64 [-R-]
SS =0030 0000000000000000 ffffffff 00cf9300 DPL=0 DS   [-WA]
DS =0030 0000000000000000 ffffffff 00cf9300 DPL=0 DS   [-WA]
FS =0030 0000000000000000 ffffffff 00cf9300 DPL=0 DS   [-WA]
GS =0030 0000000000000000 ffffffff 00cf9300 DPL=0 DS   [-WA]
LDT=0000 0000000000000000 0000ffff 00008200 DPL=0 LDT
TR =0000 0000000000000000 0000ffff 00008b00 DPL=0 TSS64-busy
GDT=     00000000079de000 00000047
IDT=     00000000074fa018 00000fff
CR0=80010033 CR2=0000000000000000 CR3=0000000007c01000 CR4=00000668
DR0=0000000000000000 DR1=0000000000000000 DR2=0000000000000000 DR3=0000000000000000 
DR6=00000000ffff0ff0 DR7=0000000000000400
CCS=0000000000000004 CCD=0000000000000000 CCO=EFLAGS
EFER=0000000000000d00
  1103: v=20 e=0000 i=0 cpl=0 IP=0038:0000000007052c07 pc=0000000007052c07 SP=0030:0000000007efba60 env->regs[R_EAX]=00000000070a906f
RAX=00000000070a906f RBX=0000000000000017 RCX=00000000070a9058 RDX=0000000007efbbf8
RSI=0000000000000018 RDI=0000000000000001 RBP=0000000000000000 RSP=0000000007efba60
R8 =0000000000000018 R9 =0000000000000000 R10=0000000007f19a4d R11=0000000007059f00
R12=00000000070a9058 R13=0000000007efbbf8 R14=0000000000000001 R15=0000000007efbc10
RIP=0000000007052c07 RFL=00000206 [-----P-] CPL=0 II=0 A20=1 SMM=0 HLT=0
ES =0030 0000000000000000 ffffffff 00cf9300 DPL=0 DS   [-WA]
CS =0038 0000000000000000 ffffffff 00af9a00 DPL=0 CS64 [-R-]
SS =0030 0000000000000000 ffffffff 00cf9300 DPL=0 DS   [-WA]
DS =0030 0000000000000000 ffffffff 00cf9300 DPL=0 DS   [-WA]
FS =0030 0000000000000000 ffffffff 00cf9300 DPL=0 DS   [-WA]
GS =0030 0000000000000000 ffffffff 00cf9300 DPL=0 DS   [-WA]
LDT=0000 0000000000000000 0000ffff 00008200 DPL=0 LDT
TR =0000 0000000000000000 0000ffff 00008b00 DPL=0 TSS64-busy
GDT=     00000000079de000 00000047
IDT=     00000000074fa018 00000fff
CR0=80010033 CR2=0000000000000000 CR3=0000000007c01000 CR4=00000668
DR0=0000000000000000 DR1=0000000000000000 DR2=0000000000000000 DR3=0000000000000000 
DR6=00000000ffff0ff0 DR7=0000000000000400
CCS=0000000000000004 CCD=0000000000000000 CCO=EFLAGS
EFER=0000000000000d00
  1104: v=20 e=0000 i=0 cpl=0 IP=0038:0000000007052c07 pc=0000000007052c07 SP=0030:0000000007efba60 env->regs[R_EAX]=00000000070a906f
RAX=00000000070a906f RBX=0000000000000017 RCX=00000000070a9058 RDX=0000000007efbbf8
RSI=0000000000000018 RDI=0000000000000001 RBP=0000000000000000 RSP=0000000007efba60
R8 =0000000000000018 R9 =0000000000000000 R10=0000000007f19a4d R11=0000000007059f00
R12=00000000070a9058 R13=0000000007efbbf8 R14=0000000000000001 R15=0000000007efbc10
RIP=0000000007052c07 RFL=00000206 [-----P-] CPL=0 II=0 A20=1 SMM=0 HLT=0
ES =0030 0000000000000000 ffffffff 00cf9300 DPL=0 DS   [-WA]
CS =0038 0000000000000000 ffffffff 00af9a00 DPL=0 CS64 [-R-]
SS =0030 0000000000000000 ffffffff 00cf9300 DPL=0 DS   [-WA]
DS =0030 0000000000000000 ffffffff 00cf9300 DPL=0 DS   [-WA]
FS =0030 0000000000000000 ffffffff 00cf9300 DPL=0 DS   [-WA]
GS =0030 0000000000000000 ffffffff 00cf9300 DPL=0 DS   [-WA]
LDT=0000 0000000000000000 0000ffff 00008200 DPL=0 LDT
TR =0000 0000000000000000 0000ffff 00008b00 DPL=0 TSS64-busy
GDT=     00000000079de000 00000047
IDT=     00000000074fa018 00000fff
CR0=80010033 CR2=0000000000000000 CR3=0000000007c01000 CR4=00000668
DR0=0000000000000000 DR1=0000000000000000 DR2=0000000000000000 DR3=0000000000000000 
DR6=00000000ffff0ff0 DR7=0000000000000400
CCS=0000000000000004 CCD=0000000000000000 CCO=EFLAGS
EFER=0000000000000d00
  1105: v=20 e=0000 i=0 cpl=0 IP=0038:0000000007052c07 pc=0000000007052c07 SP=0030:0000000007efba60 env->regs[R_EAX]=00000000070a906f
RAX=00000000070a906f RBX=0000000000000017 RCX=00000000070a9058 RDX=0000000007efbbf8
RSI=0000000000000018 RDI=0000000000000001 RBP=0000000000000000 RSP=0000000007efba60
R8 =0000000000000018 R9 =0000000000000000 R10=0000000007f19a4d R11=0000000007059f00
R12=00000000070a9058 R13=0000000007efbbf8 R14=0000000000000001 R15=0000000007efbc10
RIP=0000000007052c07 RFL=00000206 [-----P-] CPL=0 II=0 A20=1 SMM=0 HLT=0
ES =0030 0000000000000000 ffffffff 00cf9300 DPL=0 DS   [-WA]
CS =0038 0000000000000000 ffffffff 00af9a00 DPL=0 CS64 [-R-]
SS =0030 0000000000000000 ffffffff 00cf9300 DPL=0 DS   [-WA]
DS =0030 0000000000000000 ffffffff 00cf9300 DPL=0 DS   [-WA]
FS =0030 0000000000000000 ffffffff 00cf9300 DPL=0 DS   [-WA]
GS =0030 0000000000000000 ffffffff 00cf9300 DPL=0 DS   [-WA]
LDT=0000 0000000000000000 0000ffff 00008200 DPL=0 LDT
TR =0000 0000000000000000 0000ffff 00008b00 DPL=0 TSS64-busy
GDT=     00000000079de000 00000047
IDT=     00000000074fa018 00000fff
CR0=80010033 CR2=0000000000000000 CR3=0000000007c01000 CR4=00000668
DR0=0000000000000000 DR1=0000000000000000 DR2=0000000000000000 DR3=0000000000000000 
DR6=00000000ffff0ff0 DR7=0000000000000400
CCS=0000000000000004 CCD=0000000000000000 CCO=EFLAGS
EFER=0000000000000d00
  1106: v=20 e=0000 i=0 cpl=0 IP=0038:0000000007052c07 pc=0000000007052c07 SP=0030:0000000007efba60 env->regs[R_EAX]=00000000070a906f
RAX=00000000070a906f RBX=0000000000000017 RCX=00000000070a9058 RDX=0000000007efbbf8
RSI=0000000000000018 RDI=0000000000000001 RBP=0000000000000000 RSP=0000000007efba60
R8 =0000000000000018 R9 =0000000000000000 R10=0000000007f19a4d R11=0000000007059f00
R12=00000000070a9058 R13=0000000007efbbf8 R14=0000000000000001 R15=0000000007efbc10
RIP=0000000007052c07 RFL=00000206 [-----P-] CPL=0 II=0 A20=1 SMM=0 HLT=0
ES =0030 0000000000000000 ffffffff 00cf9300 DPL=0 DS   [-WA]
CS =0038 0000000000000000 ffffffff 00af9a00 DPL=0 CS64 [-R-]
SS =0030 0000000000000000 ffffffff 00cf9300 DPL=0 DS   [-WA]
DS =0030 0000000000000000 ffffffff 00cf9300 DPL=0 DS   [-WA]
FS =0030 0000000000000000 ffffffff 00cf9300 DPL=0 DS   [-WA]
GS =0030 0000000000000000 ffffffff 00cf9300 DPL=0 DS   [-WA]
LDT=0000 0000000000000000 0000ffff 00008200 DPL=0 LDT
TR =0000 0000000000000000 0000ffff 00008b00 DPL=0 TSS64-busy
GDT=     00000000079de000 00000047
IDT=     00000000074fa018 00000fff
CR0=80010033 CR2=0000000000000000 CR3=0000000007c01000 CR4=00000668
DR0=0000000000000000 DR1=0000000000000000 DR2=0000000000000000 DR3=0000000000000000 
DR6=00000000ffff0ff0 DR7=0000000000000400
CCS=0000000000000004 CCD=0000000000000000 CCO=EFLAGS
EFER=0000000000000d00
  1107: v=20 e=0000 i=0 cpl=0 IP=0038:0000000007052c07 pc=0000000007052c07 SP=0030:0000000007efba60 env->regs[R_EAX]=00000000070a906f
RAX=00000000070a906f RBX=0000000000000017 RCX=00000000070a9058 RDX=0000000007efbbf8
RSI=0000000000000018 RDI=0000000000000001 RBP=0000000000000000 RSP=0000000007efba60
R8 =0000000000000018 R9 =0000000000000000 R10=0000000007f19a4d R11=0000000007059f00
R12=00000000070a9058 R13=0000000007efbbf8 R14=0000000000000001 R15=0000000007efbc10
RIP=0000000007052c07 RFL=00000206 [-----P-] CPL=0 II=0 A20=1 SMM=0 HLT=0
ES =0030 0000000000000000 ffffffff 00cf9300 DPL=0 DS   [-WA]
CS =0038 0000000000000000 ffffffff 00af9a00 DPL=0 CS64 [-R-]
SS =0030 0000000000000000 ffffffff 00cf9300 DPL=0 DS   [-WA]
DS =0030 0000000000000000 ffffffff 00cf9300 DPL=0 DS   [-WA]
FS =0030 0000000000000000 ffffffff 00cf9300 DPL=0 DS   [-WA]
GS =0030 0000000000000000 ffffffff 00cf9300 DPL=0 DS   [-WA]
LDT=0000 0000000000000000 0000ffff 00008200 DPL=0 LDT
TR =0000 0000000000000000 0000ffff 00008b00 DPL=0 TSS64-busy
GDT=     00000000079de000 00000047
IDT=     00000000074fa018 00000fff
CR0=80010033 CR2=0000000000000000 CR3=0000000007c01000 CR4=00000668
DR0=0000000000000000 DR1=0000000000000000 DR2=0000000000000000 DR3=0000000000000000 
DR6=00000000ffff0ff0 DR7=0000000000000400
CCS=0000000000000004 CCD=0000000000000000 CCO=EFLAGS
EFER=0000000000000d00
  1108: v=20 e=0000 i=0 cpl=0 IP=0038:0000000007052c07 pc=0000000007052c07 SP=0030:0000000007efba60 env->regs[R_EAX]=00000000070a906f
RAX=00000000070a906f RBX=0000000000000017 RCX=00000000070a9058 RDX=0000000007efbbf8
RSI=0000000000000018 RDI=0000000000000001 RBP=0000000000000000 RSP=0000000007efba60
R8 =0000000000000018 R9 =0000000000000000 R10=0000000007f19a4d R11=0000000007059f00
R12=00000000070a9058 R13=0000000007efbbf8 R14=0000000000000001 R15=0000000007efbc10
RIP=0000000007052c07 RFL=00000206 [-----P-] CPL=0 II=0 A20=1 SMM=0 HLT=0
ES =0030 0000000000000000 ffffffff 00cf9300 DPL=0 DS   [-WA]
CS =0038 0000000000000000 ffffffff 00af9a00 DPL=0 CS64 [-R-]
SS =0030 0000000000000000 ffffffff 00cf9300 DPL=0 DS   [-WA]
DS =0030 0000000000000000 ffffffff 00cf9300 DPL=0 DS   [-WA]
FS =0030 0000000000000000 ffffffff 00cf9300 DPL=0 DS   [-WA]
GS =0030 0000000000000000 ffffffff 00cf9300 DPL=0 DS   [-WA]
LDT=0000 0000000000000000 0000ffff 00008200 DPL=0 LDT
TR =0000 0000000000000000 0000ffff 00008b00 DPL=0 TSS64-busy
GDT=     00000000079de000 00000047
IDT=     00000000074fa018 00000fff
CR0=80010033 CR2=0000000000000000 CR3=0000000007c01000 CR4=00000668
DR0=0000000000000000 DR1=0000000000000000 DR2=0000000000000000 DR3=0000000000000000 
DR6=00000000ffff0ff0 DR7=0000000000000400
CCS=0000000000000004 CCD=0000000000000000 CCO=EFLAGS
EFER=0000000000000d00
  1109: v=20 e=0000 i=0 cpl=0 IP=0038:0000000007052c07 pc=0000000007052c07 SP=0030:0000000007efba60 env->regs[R_EAX]=00000000070a906f
RAX=00000000070a906f RBX=0000000000000017 RCX=00000000070a9058 RDX=0000000007efbbf8
RSI=0000000000000018 RDI=0000000000000001 RBP=0000000000000000 RSP=0000000007efba60
R8 =0000000000000018 R9 =0000000000000000 R10=0000000007f19a4d R11=0000000007059f00
R12=00000000070a9058 R13=0000000007efbbf8 R14=0000000000000001 R15=0000000007efbc10
RIP=0000000007052c07 RFL=00000206 [-----P-] CPL=0 II=0 A20=1 SMM=0 HLT=0
ES =0030 0000000000000000 ffffffff 00cf9300 DPL=0 DS   [-WA]
CS =0038 0000000000000000 ffffffff 00af9a00 DPL=0 CS64 [-R-]
SS =0030 0000000000000000 ffffffff 00cf9300 DPL=0 DS   [-WA]
DS =0030 0000000000000000 ffffffff 00cf9300 DPL=0 DS   [-WA]
FS =0030 0000000000000000 ffffffff 00cf9300 DPL=0 DS   [-WA]
GS =0030 0000000000000000 ffffffff 00cf9300 DPL=0 DS   [-WA]
LDT=0000 0000000000000000 0000ffff 00008200 DPL=0 LDT
TR =0000 0000000000000000 0000ffff 00008b00 DPL=0 TSS64-busy
GDT=     00000000079de000 00000047
IDT=     00000000074fa018 00000fff
CR0=80010033 CR2=0000000000000000 CR3=0000000007c01000 CR4=00000668
DR0=0000000000000000 DR1=0000000000000000 DR2=0000000000000000 DR3=0000000000000000 
DR6=00000000ffff0ff0 DR7=0000000000000400
CCS=0000000000000004 CCD=0000000000000000 CCO=EFLAGS
EFER=0000000000000d00
  1110: v=20 e=0000 i=0 cpl=0 IP=0038:0000000007052c07 pc=0000000007052c07 SP=0030:0000000007efba60 env->regs[R_EAX]=00000000070a906f
RAX=00000000070a906f RBX=0000000000000017 RCX=00000000070a9058 RDX=0000000007efbbf8
RSI=0000000000000018 RDI=0000000000000001 RBP=0000000000000000 RSP=0000000007efba60
R8 =0000000000000018 R9 =0000000000000000 R10=0000000007f19a4d R11=0000000007059f00
R12=00000000070a9058 R13=0000000007efbbf8 R14=0000000000000001 R15=0000000007efbc10
RIP=0000000007052c07 RFL=00000206 [-----P-] CPL=0 II=0 A20=1 SMM=0 HLT=0
ES =0030 0000000000000000 ffffffff 00cf9300 DPL=0 DS   [-WA]
CS =0038 0000000000000000 ffffffff 00af9a00 DPL=0 CS64 [-R-]
SS =0030 0000000000000000 ffffffff 00cf9300 DPL=0 DS   [-WA]
DS =0030 0000000000000000 ffffffff 00cf9300 DPL=0 DS   [-WA]
FS =0030 0000000000000000 ffffffff 00cf9300 DPL=0 DS   [-WA]
GS =0030 0000000000000000 ffffffff 00cf9300 DPL=0 DS   [-WA]
LDT=0000 0000000000000000 0000ffff 00008200 DPL=0 LDT
TR =0000 0000000000000000 0000ffff 00008b00 DPL=0 TSS64-busy
GDT=     00000000079de000 00000047
IDT=     00000000074fa018 00000fff
CR0=80010033 CR2=0000000000000000 CR3=0000000007c01000 CR4=00000668
DR0=0000000000000000 DR1=0000000000000000 DR2=0000000000000000 DR3=0000000000000000 
DR6=00000000ffff0ff0 DR7=0000000000000400
CCS=0000000000000004 CCD=0000000000000000 CCO=EFLAGS
EFER=0000000000000d00
  1111: v=20 e=0000 i=0 cpl=0 IP=0038:0000000007052c07 pc=0000000007052c07 SP=0030:0000000007efba60 env->regs[R_EAX]=00000000070a906f
RAX=00000000070a906f RBX=0000000000000017 RCX=00000000070a9058 RDX=0000000007efbbf8
RSI=0000000000000018 RDI=0000000000000001 RBP=0000000000000000 RSP=0000000007efba60
R8 =0000000000000018 R9 =0000000000000000 R10=0000000007f19a4d R11=0000000007059f00
R12=00000000070a9058 R13=0000000007efbbf8 R14=0000000000000001 R15=0000000007efbc10
RIP=0000000007052c07 RFL=00000206 [-----P-] CPL=0 II=0 A20=1 SMM=0 HLT=0
ES =0030 0000000000000000 ffffffff 00cf9300 DPL=0 DS   [-WA]
CS =0038 0000000000000000 ffffffff 00af9a00 DPL=0 CS64 [-R-]
SS =0030 0000000000000000 ffffffff 00cf9300 DPL=0 DS   [-WA]
DS =0030 0000000000000000 ffffffff 00cf9300 DPL=0 DS   [-WA]
FS =0030 0000000000000000 ffffffff 00cf9300 DPL=0 DS   [-WA]
GS =0030 0000000000000000 ffffffff 00cf9300 DPL=0 DS   [-WA]
LDT=0000 0000000000000000 0000ffff 00008200 DPL=0 LDT
TR =0000 0000000000000000 0000ffff 00008b00 DPL=0 TSS64-busy
GDT=     00000000079de000 00000047
IDT=     00000000074fa018 00000fff
CR0=80010033 CR2=0000000000000000 CR3=0000000007c01000 CR4=00000668
DR0=0000000000000000 DR1=0000000000000000 DR2=0000000000000000 DR3=0000000000000000 
DR6=00000000ffff0ff0 DR7=0000000000000400
CCS=0000000000000004 CCD=0000000000000000 CCO=EFLAGS
EFER=0000000000000d00
  1112: v=20 e=0000 i=0 cpl=0 IP=0038:0000000007052c07 pc=0000000007052c07 SP=0030:0000000007efba60 env->regs[R_EAX]=00000000070a906f
RAX=00000000070a906f RBX=0000000000000017 RCX=00000000070a9058 RDX=0000000007efbbf8
RSI=0000000000000018 RDI=0000000000000001 RBP=0000000000000000 RSP=0000000007efba60
R8 =0000000000000018 R9 =0000000000000000 R10=0000000007f19a4d R11=0000000007059f00
R12=00000000070a9058 R13=0000000007efbbf8 R14=0000000000000001 R15=0000000007efbc10
RIP=0000000007052c07 RFL=00000206 [-----P-] CPL=0 II=0 A20=1 SMM=0 HLT=0
ES =0030 0000000000000000 ffffffff 00cf9300 DPL=0 DS   [-WA]
CS =0038 0000000000000000 ffffffff 00af9a00 DPL=0 CS64 [-R-]
SS =0030 0000000000000000 ffffffff 00cf9300 DPL=0 DS   [-WA]
DS =0030 0000000000000000 ffffffff 00cf9300 DPL=0 DS   [-WA]
FS =0030 0000000000000000 ffffffff 00cf9300 DPL=0 DS   [-WA]
GS =0030 0000000000000000 ffffffff 00cf9300 DPL=0 DS   [-WA]
LDT=0000 0000000000000000 0000ffff 00008200 DPL=0 LDT
TR =0000 0000000000000000 0000ffff 00008b00 DPL=0 TSS64-busy
GDT=     00000000079de000 00000047
IDT=     00000000074fa018 00000fff
CR0=80010033 CR2=0000000000000000 CR3=0000000007c01000 CR4=00000668
DR0=0000000000000000 DR1=0000000000000000 DR2=0000000000000000 DR3=0000000000000000 
DR6=00000000ffff0ff0 DR7=0000000000000400
CCS=0000000000000004 CCD=0000000000000000 CCO=EFLAGS
EFER=0000000000000d00
  1113: v=20 e=0000 i=0 cpl=0 IP=0038:0000000007052c07 pc=0000000007052c07 SP=0030:0000000007efba60 env->regs[R_EAX]=00000000070a906f
RAX=00000000070a906f RBX=0000000000000017 RCX=00000000070a9058 RDX=0000000007efbbf8
RSI=0000000000000018 RDI=0000000000000001 RBP=0000000000000000 RSP=0000000007efba60
R8 =0000000000000018 R9 =0000000000000000 R10=0000000007f19a4d R11=0000000007059f00
R12=00000000070a9058 R13=0000000007efbbf8 R14=0000000000000001 R15=0000000007efbc10
RIP=0000000007052c07 RFL=00000206 [-----P-] CPL=0 II=0 A20=1 SMM=0 HLT=0
ES =0030 0000000000000000 ffffffff 00cf9300 DPL=0 DS   [-WA]
CS =0038 0000000000000000 ffffffff 00af9a00 DPL=0 CS64 [-R-]
SS =0030 0000000000000000 ffffffff 00cf9300 DPL=0 DS   [-WA]
DS =0030 0000000000000000 ffffffff 00cf9300 DPL=0 DS   [-WA]
FS =0030 0000000000000000 ffffffff 00cf9300 DPL=0 DS   [-WA]
GS =0030 0000000000000000 ffffffff 00cf9300 DPL=0 DS   [-WA]
LDT=0000 0000000000000000 0000ffff 00008200 DPL=0 LDT
TR =0000 0000000000000000 0000ffff 00008b00 DPL=0 TSS64-busy
GDT=     00000000079de000 00000047
IDT=     00000000074fa018 00000fff
CR0=80010033 CR2=0000000000000000 CR3=0000000007c01000 CR4=00000668
DR0=0000000000000000 DR1=0000000000000000 DR2=0000000000000000 DR3=0000000000000000 
DR6=00000000ffff0ff0 DR7=0000000000000400
CCS=0000000000000004 CCD=0000000000000000 CCO=EFLAGS
EFER=0000000000000d00
  1114: v=20 e=0000 i=0 cpl=0 IP=0038:0000000007052c07 pc=0000000007052c07 SP=0030:0000000007efba60 env->regs[R_EAX]=00000000070a906f
RAX=00000000070a906f RBX=0000000000000017 RCX=00000000070a9058 RDX=0000000007efbbf8
RSI=0000000000000018 RDI=0000000000000001 RBP=0000000000000000 RSP=0000000007efba60
R8 =0000000000000018 R9 =0000000000000000 R10=0000000007f19a4d R11=0000000007059f00
R12=00000000070a9058 R13=0000000007efbbf8 R14=0000000000000001 R15=0000000007efbc10
RIP=0000000007052c07 RFL=00000206 [-----P-] CPL=0 II=0 A20=1 SMM=0 HLT=0
ES =0030 0000000000000000 ffffffff 00cf9300 DPL=0 DS   [-WA]
CS =0038 0000000000000000 ffffffff 00af9a00 DPL=0 CS64 [-R-]
SS =0030 0000000000000000 ffffffff 00cf9300 DPL=0 DS   [-WA]
DS =0030 0000000000000000 ffffffff 00cf9300 DPL=0 DS   [-WA]
FS =0030 0000000000000000 ffffffff 00cf9300 DPL=0 DS   [-WA]
GS =0030 0000000000000000 ffffffff 00cf9300 DPL=0 DS   [-WA]
LDT=0000 0000000000000000 0000ffff 00008200 DPL=0 LDT
TR =0000 0000000000000000 0000ffff 00008b00 DPL=0 TSS64-busy
GDT=     00000000079de000 00000047
IDT=     00000000074fa018 00000fff
CR0=80010033 CR2=0000000000000000 CR3=0000000007c01000 CR4=00000668
DR0=0000000000000000 DR1=0000000000000000 DR2=0000000000000000 DR3=0000000000000000 
DR6=00000000ffff0ff0 DR7=0000000000000400
CCS=0000000000000004 CCD=0000000000000000 CCO=EFLAGS
EFER=0000000000000d00
  1115: v=20 e=0000 i=0 cpl=0 IP=0038:0000000007052c07 pc=0000000007052c07 SP=0030:0000000007efba60 env->regs[R_EAX]=00000000070a906f
RAX=00000000070a906f RBX=0000000000000017 RCX=00000000070a9058 RDX=0000000007efbbf8
RSI=0000000000000018 RDI=0000000000000001 RBP=0000000000000000 RSP=0000000007efba60
R8 =0000000000000018 R9 =0000000000000000 R10=0000000007f19a4d R11=0000000007059f00
R12=00000000070a9058 R13=0000000007efbbf8 R14=0000000000000001 R15=0000000007efbc10
RIP=0000000007052c07 RFL=00000206 [-----P-] CPL=0 II=0 A20=1 SMM=0 HLT=0
ES =0030 0000000000000000 ffffffff 00cf9300 DPL=0 DS   [-WA]
CS =0038 0000000000000000 ffffffff 00af9a00 DPL=0 CS64 [-R-]
SS =0030 0000000000000000 ffffffff 00cf9300 DPL=0 DS   [-WA]
DS =0030 0000000000000000 ffffffff 00cf9300 DPL=0 DS   [-WA]
FS =0030 0000000000000000 ffffffff 00cf9300 DPL=0 DS   [-WA]
GS =0030 0000000000000000 ffffffff 00cf9300 DPL=0 DS   [-WA]
LDT=0000 0000000000000000 0000ffff 00008200 DPL=0 LDT
TR =0000 0000000000000000 0000ffff 00008b00 DPL=0 TSS64-busy
GDT=     00000000079de000 00000047
IDT=     00000000074fa018 00000fff
CR0=80010033 CR2=0000000000000000 CR3=0000000007c01000 CR4=00000668
DR0=0000000000000000 DR1=0000000000000000 DR2=0000000000000000 DR3=0000000000000000 
DR6=00000000ffff0ff0 DR7=0000000000000400
CCS=0000000000000004 CCD=0000000000000000 CCO=EFLAGS
EFER=0000000000000d00
  1116: v=20 e=0000 i=0 cpl=0 IP=0038:0000000007052c07 pc=0000000007052c07 SP=0030:0000000007efba60 env->regs[R_EAX]=00000000070a906f
RAX=00000000070a906f RBX=0000000000000017 RCX=00000000070a9058 RDX=0000000007efbbf8
RSI=0000000000000018 RDI=0000000000000001 RBP=0000000000000000 RSP=0000000007efba60
R8 =0000000000000018 R9 =0000000000000000 R10=0000000007f19a4d R11=0000000007059f00
R12=00000000070a9058 R13=0000000007efbbf8 R14=0000000000000001 R15=0000000007efbc10
RIP=0000000007052c07 RFL=00000206 [-----P-] CPL=0 II=0 A20=1 SMM=0 HLT=0
ES =0030 0000000000000000 ffffffff 00cf9300 DPL=0 DS   [-WA]
CS =0038 0000000000000000 ffffffff 00af9a00 DPL=0 CS64 [-R-]
SS =0030 0000000000000000 ffffffff 00cf9300 DPL=0 DS   [-WA]
DS =0030 0000000000000000 ffffffff 00cf9300 DPL=0 DS   [-WA]
FS =0030 0000000000000000 ffffffff 00cf9300 DPL=0 DS   [-WA]
GS =0030 0000000000000000 ffffffff 00cf9300 DPL=0 DS   [-WA]
LDT=0000 0000000000000000 0000ffff 00008200 DPL=0 LDT
TR =0000 0000000000000000 0000ffff 00008b00 DPL=0 TSS64-busy
GDT=     00000000079de000 00000047
IDT=     00000000074fa018 00000fff
CR0=80010033 CR2=0000000000000000 CR3=0000000007c01000 CR4=00000668
DR0=0000000000000000 DR1=0000000000000000 DR2=0000000000000000 DR3=0000000000000000 
DR6=00000000ffff0ff0 DR7=0000000000000400
CCS=0000000000000004 CCD=0000000000000000 CCO=EFLAGS
EFER=0000000000000d00
  1117: v=20 e=0000 i=0 cpl=0 IP=0038:0000000007052c07 pc=0000000007052c07 SP=0030:0000000007efba60 env->regs[R_EAX]=00000000070a906f
RAX=00000000070a906f RBX=0000000000000017 RCX=00000000070a9058 RDX=0000000007efbbf8
RSI=0000000000000018 RDI=0000000000000001 RBP=0000000000000000 RSP=0000000007efba60
R8 =0000000000000018 R9 =0000000000000000 R10=0000000007f19a4d R11=0000000007059f00
R12=00000000070a9058 R13=0000000007efbbf8 R14=0000000000000001 R15=0000000007efbc10
RIP=0000000007052c07 RFL=00000206 [-----P-] CPL=0 II=0 A20=1 SMM=0 HLT=0
ES =0030 0000000000000000 ffffffff 00cf9300 DPL=0 DS   [-WA]
CS =0038 0000000000000000 ffffffff 00af9a00 DPL=0 CS64 [-R-]
SS =0030 0000000000000000 ffffffff 00cf9300 DPL=0 DS   [-WA]
DS =0030 0000000000000000 ffffffff 00cf9300 DPL=0 DS   [-WA]
FS =0030 0000000000000000 ffffffff 00cf9300 DPL=0 DS   [-WA]
GS =0030 0000000000000000 ffffffff 00cf9300 DPL=0 DS   [-WA]
LDT=0000 0000000000000000 0000ffff 00008200 DPL=0 LDT
TR =0000 0000000000000000 0000ffff 00008b00 DPL=0 TSS64-busy
GDT=     00000000079de000 00000047
IDT=     00000000074fa018 00000fff
CR0=80010033 CR2=0000000000000000 CR3=0000000007c01000 CR4=00000668
DR0=0000000000000000 DR1=0000000000000000 DR2=0000000000000000 DR3=0000000000000000 
DR6=00000000ffff0ff0 DR7=0000000000000400
CCS=0000000000000004 CCD=0000000000000000 CCO=EFLAGS
EFER=0000000000000d00
  1118: v=20 e=0000 i=0 cpl=0 IP=0038:0000000007052c07 pc=0000000007052c07 SP=0030:0000000007efba60 env->regs[R_EAX]=00000000070a906f
RAX=00000000070a906f RBX=0000000000000017 RCX=00000000070a9058 RDX=0000000007efbbf8
RSI=0000000000000018 RDI=0000000000000001 RBP=0000000000000000 RSP=0000000007efba60
R8 =0000000000000018 R9 =0000000000000000 R10=0000000007f19a4d R11=0000000007059f00
R12=00000000070a9058 R13=0000000007efbbf8 R14=0000000000000001 R15=0000000007efbc10
RIP=0000000007052c07 RFL=00000206 [-----P-] CPL=0 II=0 A20=1 SMM=0 HLT=0
ES =0030 0000000000000000 ffffffff 00cf9300 DPL=0 DS   [-WA]
CS =0038 0000000000000000 ffffffff 00af9a00 DPL=0 CS64 [-R-]
SS =0030 0000000000000000 ffffffff 00cf9300 DPL=0 DS   [-WA]
DS =0030 0000000000000000 ffffffff 00cf9300 DPL=0 DS   [-WA]
FS =0030 0000000000000000 ffffffff 00cf9300 DPL=0 DS   [-WA]
GS =0030 0000000000000000 ffffffff 00cf9300 DPL=0 DS   [-WA]
LDT=0000 0000000000000000 0000ffff 00008200 DPL=0 LDT
TR =0000 0000000000000000 0000ffff 00008b00 DPL=0 TSS64-busy
GDT=     00000000079de000 00000047
IDT=     00000000074fa018 00000fff
CR0=80010033 CR2=0000000000000000 CR3=0000000007c01000 CR4=00000668
DR0=0000000000000000 DR1=0000000000000000 DR2=0000000000000000 DR3=0000000000000000 
DR6=00000000ffff0ff0 DR7=0000000000000400
CCS=0000000000000004 CCD=0000000000000000 CCO=EFLAGS
EFER=0000000000000d00
  1119: v=20 e=0000 i=0 cpl=0 IP=0038:0000000007052c07 pc=0000000007052c07 SP=0030:0000000007efba60 env->regs[R_EAX]=00000000070a906f
RAX=00000000070a906f RBX=0000000000000017 RCX=00000000070a9058 RDX=0000000007efbbf8
RSI=0000000000000018 RDI=0000000000000001 RBP=0000000000000000 RSP=0000000007efba60
R8 =0000000000000018 R9 =0000000000000000 R10=0000000007f19a4d R11=0000000007059f00
R12=00000000070a9058 R13=0000000007efbbf8 R14=0000000000000001 R15=0000000007efbc10
RIP=0000000007052c07 RFL=00000206 [-----P-] CPL=0 II=0 A20=1 SMM=0 HLT=0
ES =0030 0000000000000000 ffffffff 00cf9300 DPL=0 DS   [-WA]
CS =0038 0000000000000000 ffffffff 00af9a00 DPL=0 CS64 [-R-]
SS =0030 0000000000000000 ffffffff 00cf9300 DPL=0 DS   [-WA]
DS =0030 0000000000000000 ffffffff 00cf9300 DPL=0 DS   [-WA]
FS =0030 0000000000000000 ffffffff 00cf9300 DPL=0 DS   [-WA]
GS =0030 0000000000000000 ffffffff 00cf9300 DPL=0 DS   [-WA]
LDT=0000 0000000000000000 0000ffff 00008200 DPL=0 LDT
TR =0000 0000000000000000 0000ffff 00008b00 DPL=0 TSS64-busy
GDT=     00000000079de000 00000047
IDT=     00000000074fa018 00000fff
CR0=80010033 CR2=0000000000000000 CR3=0000000007c01000 CR4=00000668
DR0=0000000000000000 DR1=0000000000000000 DR2=0000000000000000 DR3=0000000000000000 
DR6=00000000ffff0ff0 DR7=0000000000000400
CCS=0000000000000004 CCD=0000000000000000 CCO=EFLAGS
EFER=0000000000000d00
  1120: v=20 e=0000 i=0 cpl=0 IP=0038:0000000007052c07 pc=0000000007052c07 SP=0030:0000000007efba60 env->regs[R_EAX]=00000000070a906f
RAX=00000000070a906f RBX=0000000000000017 RCX=00000000070a9058 RDX=0000000007efbbf8
RSI=0000000000000018 RDI=0000000000000001 RBP=0000000000000000 RSP=0000000007efba60
R8 =0000000000000018 R9 =0000000000000000 R10=0000000007f19a4d R11=0000000007059f00
R12=00000000070a9058 R13=0000000007efbbf8 R14=0000000000000001 R15=0000000007efbc10
RIP=0000000007052c07 RFL=00000206 [-----P-] CPL=0 II=0 A20=1 SMM=0 HLT=0
ES =0030 0000000000000000 ffffffff 00cf9300 DPL=0 DS   [-WA]
CS =0038 0000000000000000 ffffffff 00af9a00 DPL=0 CS64 [-R-]
SS =0030 0000000000000000 ffffffff 00cf9300 DPL=0 DS   [-WA]
DS =0030 0000000000000000 ffffffff 00cf9300 DPL=0 DS   [-WA]
FS =0030 0000000000000000 ffffffff 00cf9300 DPL=0 DS   [-WA]
GS =0030 0000000000000000 ffffffff 00cf9300 DPL=0 DS   [-WA]
LDT=0000 0000000000000000 0000ffff 00008200 DPL=0 LDT
TR =0000 0000000000000000 0000ffff 00008b00 DPL=0 TSS64-busy
GDT=     00000000079de000 00000047
IDT=     00000000074fa018 00000fff
CR0=80010033 CR2=0000000000000000 CR3=0000000007c01000 CR4=00000668
DR0=0000000000000000 DR1=0000000000000000 DR2=0000000000000000 DR3=0000000000000000 
DR6=00000000ffff0ff0 DR7=0000000000000400
CCS=0000000000000004 CCD=0000000000000000 CCO=EFLAGS
EFER=0000000000000d00
  1121: v=20 e=0000 i=0 cpl=0 IP=0038:0000000007052c07 pc=0000000007052c07 SP=0030:0000000007efba60 env->regs[R_EAX]=00000000070a906f
RAX=00000000070a906f RBX=0000000000000017 RCX=00000000070a9058 RDX=0000000007efbbf8
RSI=0000000000000018 RDI=0000000000000001 RBP=0000000000000000 RSP=0000000007efba60
R8 =0000000000000018 R9 =0000000000000000 R10=0000000007f19a4d R11=0000000007059f00
R12=00000000070a9058 R13=0000000007efbbf8 R14=0000000000000001 R15=0000000007efbc10
RIP=0000000007052c07 RFL=00000206 [-----P-] CPL=0 II=0 A20=1 SMM=0 HLT=0
ES =0030 0000000000000000 ffffffff 00cf9300 DPL=0 DS   [-WA]
CS =0038 0000000000000000 ffffffff 00af9a00 DPL=0 CS64 [-R-]
SS =0030 0000000000000000 ffffffff 00cf9300 DPL=0 DS   [-WA]
DS =0030 0000000000000000 ffffffff 00cf9300 DPL=0 DS   [-WA]
FS =0030 0000000000000000 ffffffff 00cf9300 DPL=0 DS   [-WA]
GS =0030 0000000000000000 ffffffff 00cf9300 DPL=0 DS   [-WA]
LDT=0000 0000000000000000 0000ffff 00008200 DPL=0 LDT
TR =0000 0000000000000000 0000ffff 00008b00 DPL=0 TSS64-busy
GDT=     00000000079de000 00000047
IDT=     00000000074fa018 00000fff
CR0=80010033 CR2=0000000000000000 CR3=0000000007c01000 CR4=00000668
DR0=0000000000000000 DR1=0000000000000000 DR2=0000000000000000 DR3=0000000000000000 
DR6=00000000ffff0ff0 DR7=0000000000000400
CCS=0000000000000004 CCD=0000000000000000 CCO=EFLAGS
EFER=0000000000000d00
  1122: v=20 e=0000 i=0 cpl=0 IP=0038:0000000007052c07 pc=0000000007052c07 SP=0030:0000000007efba60 env->regs[R_EAX]=00000000070a906f
RAX=00000000070a906f RBX=0000000000000017 RCX=00000000070a9058 RDX=0000000007efbbf8
RSI=0000000000000018 RDI=0000000000000001 RBP=0000000000000000 RSP=0000000007efba60
R8 =0000000000000018 R9 =0000000000000000 R10=0000000007f19a4d R11=0000000007059f00
R12=00000000070a9058 R13=0000000007efbbf8 R14=0000000000000001 R15=0000000007efbc10
RIP=0000000007052c07 RFL=00000206 [-----P-] CPL=0 II=0 A20=1 SMM=0 HLT=0
ES =0030 0000000000000000 ffffffff 00cf9300 DPL=0 DS   [-WA]
CS =0038 0000000000000000 ffffffff 00af9a00 DPL=0 CS64 [-R-]
SS =0030 0000000000000000 ffffffff 00cf9300 DPL=0 DS   [-WA]
DS =0030 0000000000000000 ffffffff 00cf9300 DPL=0 DS   [-WA]
FS =0030 0000000000000000 ffffffff 00cf9300 DPL=0 DS   [-WA]
GS =0030 0000000000000000 ffffffff 00cf9300 DPL=0 DS   [-WA]
LDT=0000 0000000000000000 0000ffff 00008200 DPL=0 LDT
TR =0000 0000000000000000 0000ffff 00008b00 DPL=0 TSS64-busy
GDT=     00000000079de000 00000047
IDT=     00000000074fa018 00000fff
CR0=80010033 CR2=0000000000000000 CR3=0000000007c01000 CR4=00000668
DR0=0000000000000000 DR1=0000000000000000 DR2=0000000000000000 DR3=0000000000000000 
DR6=00000000ffff0ff0 DR7=0000000000000400
CCS=0000000000000004 CCD=0000000000000000 CCO=EFLAGS
EFER=0000000000000d00
  1123: v=20 e=0000 i=0 cpl=0 IP=0038:0000000007052c07 pc=0000000007052c07 SP=0030:0000000007efba60 env->regs[R_EAX]=00000000070a906f
RAX=00000000070a906f RBX=0000000000000017 RCX=00000000070a9058 RDX=0000000007efbbf8
RSI=0000000000000018 RDI=0000000000000001 RBP=0000000000000000 RSP=0000000007efba60
R8 =0000000000000018 R9 =0000000000000000 R10=0000000007f19a4d R11=0000000007059f00
R12=00000000070a9058 R13=0000000007efbbf8 R14=0000000000000001 R15=0000000007efbc10
RIP=0000000007052c07 RFL=00000206 [-----P-] CPL=0 II=0 A20=1 SMM=0 HLT=0
ES =0030 0000000000000000 ffffffff 00cf9300 DPL=0 DS   [-WA]
CS =0038 0000000000000000 ffffffff 00af9a00 DPL=0 CS64 [-R-]
SS =0030 0000000000000000 ffffffff 00cf9300 DPL=0 DS   [-WA]
DS =0030 0000000000000000 ffffffff 00cf9300 DPL=0 DS   [-WA]
FS =0030 0000000000000000 ffffffff 00cf9300 DPL=0 DS   [-WA]
GS =0030 0000000000000000 ffffffff 00cf9300 DPL=0 DS   [-WA]
LDT=0000 0000000000000000 0000ffff 00008200 DPL=0 LDT
TR =0000 0000000000000000 0000ffff 00008b00 DPL=0 TSS64-busy
GDT=     00000000079de000 00000047
IDT=     00000000074fa018 00000fff
CR0=80010033 CR2=0000000000000000 CR3=0000000007c01000 CR4=00000668
DR0=0000000000000000 DR1=0000000000000000 DR2=0000000000000000 DR3=0000000000000000 
DR6=00000000ffff0ff0 DR7=0000000000000400
CCS=0000000000000004 CCD=0000000000000000 CCO=EFLAGS
EFER=0000000000000d00
  1124: v=20 e=0000 i=0 cpl=0 IP=0038:0000000007052c07 pc=0000000007052c07 SP=0030:0000000007efba60 env->regs[R_EAX]=00000000070a906f
RAX=00000000070a906f RBX=0000000000000017 RCX=00000000070a9058 RDX=0000000007efbbf8
RSI=0000000000000018 RDI=0000000000000001 RBP=0000000000000000 RSP=0000000007efba60
R8 =0000000000000018 R9 =0000000000000000 R10=0000000007f19a4d R11=0000000007059f00
R12=00000000070a9058 R13=0000000007efbbf8 R14=0000000000000001 R15=0000000007efbc10
RIP=0000000007052c07 RFL=00000206 [-----P-] CPL=0 II=0 A20=1 SMM=0 HLT=0
ES =0030 0000000000000000 ffffffff 00cf9300 DPL=0 DS   [-WA]
CS =0038 0000000000000000 ffffffff 00af9a00 DPL=0 CS64 [-R-]
SS =0030 0000000000000000 ffffffff 00cf9300 DPL=0 DS   [-WA]
DS =0030 0000000000000000 ffffffff 00cf9300 DPL=0 DS   [-WA]
FS =0030 0000000000000000 ffffffff 00cf9300 DPL=0 DS   [-WA]
GS =0030 0000000000000000 ffffffff 00cf9300 DPL=0 DS   [-WA]
LDT=0000 0000000000000000 0000ffff 00008200 DPL=0 LDT
TR =0000 0000000000000000 0000ffff 00008b00 DPL=0 TSS64-busy
GDT=     00000000079de000 00000047
IDT=     00000000074fa018 00000fff
CR0=80010033 CR2=0000000000000000 CR3=0000000007c01000 CR4=00000668
DR0=0000000000000000 DR1=0000000000000000 DR2=0000000000000000 DR3=0000000000000000 
DR6=00000000ffff0ff0 DR7=0000000000000400
CCS=0000000000000004 CCD=0000000000000000 CCO=EFLAGS
EFER=0000000000000d00
  1125: v=20 e=0000 i=0 cpl=0 IP=0038:0000000007052c07 pc=0000000007052c07 SP=0030:0000000007efba60 env->regs[R_EAX]=00000000070a906f
RAX=00000000070a906f RBX=0000000000000017 RCX=00000000070a9058 RDX=0000000007efbbf8
RSI=0000000000000018 RDI=0000000000000001 RBP=0000000000000000 RSP=0000000007efba60
R8 =0000000000000018 R9 =0000000000000000 R10=0000000007f19a4d R11=0000000007059f00
R12=00000000070a9058 R13=0000000007efbbf8 R14=0000000000000001 R15=0000000007efbc10
RIP=0000000007052c07 RFL=00000206 [-----P-] CPL=0 II=0 A20=1 SMM=0 HLT=0
ES =0030 0000000000000000 ffffffff 00cf9300 DPL=0 DS   [-WA]
CS =0038 0000000000000000 ffffffff 00af9a00 DPL=0 CS64 [-R-]
SS =0030 0000000000000000 ffffffff 00cf9300 DPL=0 DS   [-WA]
DS =0030 0000000000000000 ffffffff 00cf9300 DPL=0 DS   [-WA]
FS =0030 0000000000000000 ffffffff 00cf9300 DPL=0 DS   [-WA]
GS =0030 0000000000000000 ffffffff 00cf9300 DPL=0 DS   [-WA]
LDT=0000 0000000000000000 0000ffff 00008200 DPL=0 LDT
TR =0000 0000000000000000 0000ffff 00008b00 DPL=0 TSS64-busy
GDT=     00000000079de000 00000047
IDT=     00000000074fa018 00000fff
CR0=80010033 CR2=0000000000000000 CR3=0000000007c01000 CR4=00000668
DR0=0000000000000000 DR1=0000000000000000 DR2=0000000000000000 DR3=0000000000000000 
DR6=00000000ffff0ff0 DR7=0000000000000400
CCS=0000000000000004 CCD=0000000000000000 CCO=EFLAGS
EFER=0000000000000d00
  1126: v=20 e=0000 i=0 cpl=0 IP=0038:0000000007052c07 pc=0000000007052c07 SP=0030:0000000007efba60 env->regs[R_EAX]=00000000070a906f
RAX=00000000070a906f RBX=0000000000000017 RCX=00000000070a9058 RDX=0000000007efbbf8
RSI=0000000000000018 RDI=0000000000000001 RBP=0000000000000000 RSP=0000000007efba60
R8 =0000000000000018 R9 =0000000000000000 R10=0000000007f19a4d R11=0000000007059f00
R12=00000000070a9058 R13=0000000007efbbf8 R14=0000000000000001 R15=0000000007efbc10
RIP=0000000007052c07 RFL=00000206 [-----P-] CPL=0 II=0 A20=1 SMM=0 HLT=0
ES =0030 0000000000000000 ffffffff 00cf9300 DPL=0 DS   [-WA]
CS =0038 0000000000000000 ffffffff 00af9a00 DPL=0 CS64 [-R-]
SS =0030 0000000000000000 ffffffff 00cf9300 DPL=0 DS   [-WA]
DS =0030 0000000000000000 ffffffff 00cf9300 DPL=0 DS   [-WA]
FS =0030 0000000000000000 ffffffff 00cf9300 DPL=0 DS   [-WA]
GS =0030 0000000000000000 ffffffff 00cf9300 DPL=0 DS   [-WA]
LDT=0000 0000000000000000 0000ffff 00008200 DPL=0 LDT
TR =0000 0000000000000000 0000ffff 00008b00 DPL=0 TSS64-busy
GDT=     00000000079de000 00000047
IDT=     00000000074fa018 00000fff
CR0=80010033 CR2=0000000000000000 CR3=0000000007c01000 CR4=00000668
DR0=0000000000000000 DR1=0000000000000000 DR2=0000000000000000 DR3=0000000000000000 
DR6=00000000ffff0ff0 DR7=0000000000000400
CCS=0000000000000004 CCD=0000000000000000 CCO=EFLAGS
EFER=0000000000000d00
  1127: v=20 e=0000 i=0 cpl=0 IP=0038:0000000007052c07 pc=0000000007052c07 SP=0030:0000000007efba60 env->regs[R_EAX]=00000000070a906f
RAX=00000000070a906f RBX=0000000000000017 RCX=00000000070a9058 RDX=0000000007efbbf8
RSI=0000000000000018 RDI=0000000000000001 RBP=0000000000000000 RSP=0000000007efba60
R8 =0000000000000018 R9 =0000000000000000 R10=0000000007f19a4d R11=0000000007059f00
R12=00000000070a9058 R13=0000000007efbbf8 R14=0000000000000001 R15=0000000007efbc10
RIP=0000000007052c07 RFL=00000206 [-----P-] CPL=0 II=0 A20=1 SMM=0 HLT=0
ES =0030 0000000000000000 ffffffff 00cf9300 DPL=0 DS   [-WA]
CS =0038 0000000000000000 ffffffff 00af9a00 DPL=0 CS64 [-R-]
SS =0030 0000000000000000 ffffffff 00cf9300 DPL=0 DS   [-WA]
DS =0030 0000000000000000 ffffffff 00cf9300 DPL=0 DS   [-WA]
FS =0030 0000000000000000 ffffffff 00cf9300 DPL=0 DS   [-WA]
GS =0030 0000000000000000 ffffffff 00cf9300 DPL=0 DS   [-WA]
LDT=0000 0000000000000000 0000ffff 00008200 DPL=0 LDT
TR =0000 0000000000000000 0000ffff 00008b00 DPL=0 TSS64-busy
GDT=     00000000079de000 00000047
IDT=     00000000074fa018 00000fff
CR0=80010033 CR2=0000000000000000 CR3=0000000007c01000 CR4=00000668
DR0=0000000000000000 DR1=0000000000000000 DR2=0000000000000000 DR3=0000000000000000 
DR6=00000000ffff0ff0 DR7=0000000000000400
CCS=0000000000000004 CCD=0000000000000000 CCO=EFLAGS
EFER=0000000000000d00
  1128: v=20 e=0000 i=0 cpl=0 IP=0038:0000000007052c07 pc=0000000007052c07 SP=0030:0000000007efba60 env->regs[R_EAX]=00000000070a906f
RAX=00000000070a906f RBX=0000000000000017 RCX=00000000070a9058 RDX=0000000007efbbf8
RSI=0000000000000018 RDI=0000000000000001 RBP=0000000000000000 RSP=0000000007efba60
R8 =0000000000000018 R9 =0000000000000000 R10=0000000007f19a4d R11=0000000007059f00
R12=00000000070a9058 R13=0000000007efbbf8 R14=0000000000000001 R15=0000000007efbc10
RIP=0000000007052c07 RFL=00000206 [-----P-] CPL=0 II=0 A20=1 SMM=0 HLT=0
ES =0030 0000000000000000 ffffffff 00cf9300 DPL=0 DS   [-WA]
CS =0038 0000000000000000 ffffffff 00af9a00 DPL=0 CS64 [-R-]
SS =0030 0000000000000000 ffffffff 00cf9300 DPL=0 DS   [-WA]
DS =0030 0000000000000000 ffffffff 00cf9300 DPL=0 DS   [-WA]
FS =0030 0000000000000000 ffffffff 00cf9300 DPL=0 DS   [-WA]
GS =0030 0000000000000000 ffffffff 00cf9300 DPL=0 DS   [-WA]
LDT=0000 0000000000000000 0000ffff 00008200 DPL=0 LDT
TR =0000 0000000000000000 0000ffff 00008b00 DPL=0 TSS64-busy
GDT=     00000000079de000 00000047
IDT=     00000000074fa018 00000fff
CR0=80010033 CR2=0000000000000000 CR3=0000000007c01000 CR4=00000668
DR0=0000000000000000 DR1=0000000000000000 DR2=0000000000000000 DR3=0000000000000000 
DR6=00000000ffff0ff0 DR7=0000000000000400
CCS=0000000000000004 CCD=0000000000000000 CCO=EFLAGS
EFER=0000000000000d00
  1129: v=20 e=0000 i=0 cpl=0 IP=0038:0000000007052c07 pc=0000000007052c07 SP=0030:0000000007efba60 env->regs[R_EAX]=00000000070a906f
RAX=00000000070a906f RBX=0000000000000017 RCX=00000000070a9058 RDX=0000000007efbbf8
RSI=0000000000000018 RDI=0000000000000001 RBP=0000000000000000 RSP=0000000007efba60
R8 =0000000000000018 R9 =0000000000000000 R10=0000000007f19a4d R11=0000000007059f00
R12=00000000070a9058 R13=0000000007efbbf8 R14=0000000000000001 R15=0000000007efbc10
RIP=0000000007052c07 RFL=00000206 [-----P-] CPL=0 II=0 A20=1 SMM=0 HLT=0
ES =0030 0000000000000000 ffffffff 00cf9300 DPL=0 DS   [-WA]
CS =0038 0000000000000000 ffffffff 00af9a00 DPL=0 CS64 [-R-]
SS =0030 0000000000000000 ffffffff 00cf9300 DPL=0 DS   [-WA]
DS =0030 0000000000000000 ffffffff 00cf9300 DPL=0 DS   [-WA]
FS =0030 0000000000000000 ffffffff 00cf9300 DPL=0 DS   [-WA]
GS =0030 0000000000000000 ffffffff 00cf9300 DPL=0 DS   [-WA]
LDT=0000 0000000000000000 0000ffff 00008200 DPL=0 LDT
TR =0000 0000000000000000 0000ffff 00008b00 DPL=0 TSS64-busy
GDT=     00000000079de000 00000047
IDT=     00000000074fa018 00000fff
CR0=80010033 CR2=0000000000000000 CR3=0000000007c01000 CR4=00000668
DR0=0000000000000000 DR1=0000000000000000 DR2=0000000000000000 DR3=0000000000000000 
DR6=00000000ffff0ff0 DR7=0000000000000400
CCS=0000000000000004 CCD=0000000000000000 CCO=EFLAGS
EFER=0000000000000d00
  1130: v=20 e=0000 i=0 cpl=0 IP=0038:0000000007052c07 pc=0000000007052c07 SP=0030:0000000007efba60 env->regs[R_EAX]=00000000070a906f
RAX=00000000070a906f RBX=0000000000000017 RCX=00000000070a9058 RDX=0000000007efbbf8
RSI=0000000000000018 RDI=0000000000000001 RBP=0000000000000000 RSP=0000000007efba60
R8 =0000000000000018 R9 =0000000000000000 R10=0000000007f19a4d R11=0000000007059f00
R12=00000000070a9058 R13=0000000007efbbf8 R14=0000000000000001 R15=0000000007efbc10
RIP=0000000007052c07 RFL=00000206 [-----P-] CPL=0 II=0 A20=1 SMM=0 HLT=0
ES =0030 0000000000000000 ffffffff 00cf9300 DPL=0 DS   [-WA]
CS =0038 0000000000000000 ffffffff 00af9a00 DPL=0 CS64 [-R-]
SS =0030 0000000000000000 ffffffff 00cf9300 DPL=0 DS   [-WA]
DS =0030 0000000000000000 ffffffff 00cf9300 DPL=0 DS   [-WA]
FS =0030 0000000000000000 ffffffff 00cf9300 DPL=0 DS   [-WA]
GS =0030 0000000000000000 ffffffff 00cf9300 DPL=0 DS   [-WA]
LDT=0000 0000000000000000 0000ffff 00008200 DPL=0 LDT
TR =0000 0000000000000000 0000ffff 00008b00 DPL=0 TSS64-busy
GDT=     00000000079de000 00000047
IDT=     00000000074fa018 00000fff
CR0=80010033 CR2=0000000000000000 CR3=0000000007c01000 CR4=00000668
DR0=0000000000000000 DR1=0000000000000000 DR2=0000000000000000 DR3=0000000000000000 
DR6=00000000ffff0ff0 DR7=0000000000000400
CCS=0000000000000004 CCD=0000000000000000 CCO=EFLAGS
EFER=0000000000000d00
  1131: v=20 e=0000 i=0 cpl=0 IP=0038:0000000007052c07 pc=0000000007052c07 SP=0030:0000000007efba60 env->regs[R_EAX]=00000000070a906f
RAX=00000000070a906f RBX=0000000000000017 RCX=00000000070a9058 RDX=0000000007efbbf8
RSI=0000000000000018 RDI=0000000000000001 RBP=0000000000000000 RSP=0000000007efba60
R8 =0000000000000018 R9 =0000000000000000 R10=0000000007f19a4d R11=0000000007059f00
R12=00000000070a9058 R13=0000000007efbbf8 R14=0000000000000001 R15=0000000007efbc10
RIP=0000000007052c07 RFL=00000206 [-----P-] CPL=0 II=0 A20=1 SMM=0 HLT=0
ES =0030 0000000000000000 ffffffff 00cf9300 DPL=0 DS   [-WA]
CS =0038 0000000000000000 ffffffff 00af9a00 DPL=0 CS64 [-R-]
SS =0030 0000000000000000 ffffffff 00cf9300 DPL=0 DS   [-WA]
DS =0030 0000000000000000 ffffffff 00cf9300 DPL=0 DS   [-WA]
FS =0030 0000000000000000 ffffffff 00cf9300 DPL=0 DS   [-WA]
GS =0030 0000000000000000 ffffffff 00cf9300 DPL=0 DS   [-WA]
LDT=0000 0000000000000000 0000ffff 00008200 DPL=0 LDT
TR =0000 0000000000000000 0000ffff 00008b00 DPL=0 TSS64-busy
GDT=     00000000079de000 00000047
IDT=     00000000074fa018 00000fff
CR0=80010033 CR2=0000000000000000 CR3=0000000007c01000 CR4=00000668
DR0=0000000000000000 DR1=0000000000000000 DR2=0000000000000000 DR3=0000000000000000 
DR6=00000000ffff0ff0 DR7=0000000000000400
CCS=0000000000000004 CCD=0000000000000000 CCO=EFLAGS
EFER=0000000000000d00
  1132: v=20 e=0000 i=0 cpl=0 IP=0038:0000000007052c07 pc=0000000007052c07 SP=0030:0000000007efba60 env->regs[R_EAX]=00000000070a906f
RAX=00000000070a906f RBX=0000000000000017 RCX=00000000070a9058 RDX=0000000007efbbf8
RSI=0000000000000018 RDI=0000000000000001 RBP=0000000000000000 RSP=0000000007efba60
R8 =0000000000000018 R9 =0000000000000000 R10=0000000007f19a4d R11=0000000007059f00
R12=00000000070a9058 R13=0000000007efbbf8 R14=0000000000000001 R15=0000000007efbc10
RIP=0000000007052c07 RFL=00000206 [-----P-] CPL=0 II=0 A20=1 SMM=0 HLT=0
ES =0030 0000000000000000 ffffffff 00cf9300 DPL=0 DS   [-WA]
CS =0038 0000000000000000 ffffffff 00af9a00 DPL=0 CS64 [-R-]
SS =0030 0000000000000000 ffffffff 00cf9300 DPL=0 DS   [-WA]
DS =0030 0000000000000000 ffffffff 00cf9300 DPL=0 DS   [-WA]
FS =0030 0000000000000000 ffffffff 00cf9300 DPL=0 DS   [-WA]
GS =0030 0000000000000000 ffffffff 00cf9300 DPL=0 DS   [-WA]
LDT=0000 0000000000000000 0000ffff 00008200 DPL=0 LDT
TR =0000 0000000000000000 0000ffff 00008b00 DPL=0 TSS64-busy
GDT=     00000000079de000 00000047
IDT=     00000000074fa018 00000fff
CR0=80010033 CR2=0000000000000000 CR3=0000000007c01000 CR4=00000668
DR0=0000000000000000 DR1=0000000000000000 DR2=0000000000000000 DR3=0000000000000000 
DR6=00000000ffff0ff0 DR7=0000000000000400
CCS=0000000000000004 CCD=0000000000000000 CCO=EFLAGS
EFER=0000000000000d00
  1133: v=20 e=0000 i=0 cpl=0 IP=0038:0000000007052c07 pc=0000000007052c07 SP=0030:0000000007efba60 env->regs[R_EAX]=00000000070a906f
RAX=00000000070a906f RBX=0000000000000017 RCX=00000000070a9058 RDX=0000000007efbbf8
RSI=0000000000000018 RDI=0000000000000001 RBP=0000000000000000 RSP=0000000007efba60
R8 =0000000000000018 R9 =0000000000000000 R10=0000000007f19a4d R11=0000000007059f00
R12=00000000070a9058 R13=0000000007efbbf8 R14=0000000000000001 R15=0000000007efbc10
RIP=0000000007052c07 RFL=00000206 [-----P-] CPL=0 II=0 A20=1 SMM=0 HLT=0
ES =0030 0000000000000000 ffffffff 00cf9300 DPL=0 DS   [-WA]
CS =0038 0000000000000000 ffffffff 00af9a00 DPL=0 CS64 [-R-]
SS =0030 0000000000000000 ffffffff 00cf9300 DPL=0 DS   [-WA]
DS =0030 0000000000000000 ffffffff 00cf9300 DPL=0 DS   [-WA]
FS =0030 0000000000000000 ffffffff 00cf9300 DPL=0 DS   [-WA]
GS =0030 0000000000000000 ffffffff 00cf9300 DPL=0 DS   [-WA]
LDT=0000 0000000000000000 0000ffff 00008200 DPL=0 LDT
TR =0000 0000000000000000 0000ffff 00008b00 DPL=0 TSS64-busy
GDT=     00000000079de000 00000047
IDT=     00000000074fa018 00000fff
CR0=80010033 CR2=0000000000000000 CR3=0000000007c01000 CR4=00000668
DR0=0000000000000000 DR1=0000000000000000 DR2=0000000000000000 DR3=0000000000000000 
DR6=00000000ffff0ff0 DR7=0000000000000400
CCS=0000000000000004 CCD=0000000000000000 CCO=EFLAGS
EFER=0000000000000d00
  1134: v=20 e=0000 i=0 cpl=0 IP=0038:0000000007052c07 pc=0000000007052c07 SP=0030:0000000007efba60 env->regs[R_EAX]=00000000070a906f
RAX=00000000070a906f RBX=0000000000000017 RCX=00000000070a9058 RDX=0000000007efbbf8
RSI=0000000000000018 RDI=0000000000000001 RBP=0000000000000000 RSP=0000000007efba60
R8 =0000000000000018 R9 =0000000000000000 R10=0000000007f19a4d R11=0000000007059f00
R12=00000000070a9058 R13=0000000007efbbf8 R14=0000000000000001 R15=0000000007efbc10
RIP=0000000007052c07 RFL=00000206 [-----P-] CPL=0 II=0 A20=1 SMM=0 HLT=0
ES =0030 0000000000000000 ffffffff 00cf9300 DPL=0 DS   [-WA]
CS =0038 0000000000000000 ffffffff 00af9a00 DPL=0 CS64 [-R-]
SS =0030 0000000000000000 ffffffff 00cf9300 DPL=0 DS   [-WA]
DS =0030 0000000000000000 ffffffff 00cf9300 DPL=0 DS   [-WA]
FS =0030 0000000000000000 ffffffff 00cf9300 DPL=0 DS   [-WA]
GS =0030 0000000000000000 ffffffff 00cf9300 DPL=0 DS   [-WA]
LDT=0000 0000000000000000 0000ffff 00008200 DPL=0 LDT
TR =0000 0000000000000000 0000ffff 00008b00 DPL=0 TSS64-busy
GDT=     00000000079de000 00000047
IDT=     00000000074fa018 00000fff
CR0=80010033 CR2=0000000000000000 CR3=0000000007c01000 CR4=00000668
DR0=0000000000000000 DR1=0000000000000000 DR2=0000000000000000 DR3=0000000000000000 
DR6=00000000ffff0ff0 DR7=0000000000000400
CCS=0000000000000004 CCD=0000000000000000 CCO=EFLAGS
EFER=0000000000000d00
  1135: v=20 e=0000 i=0 cpl=0 IP=0038:0000000007052c07 pc=0000000007052c07 SP=0030:0000000007efba60 env->regs[R_EAX]=00000000070a906f
RAX=00000000070a906f RBX=0000000000000017 RCX=00000000070a9058 RDX=0000000007efbbf8
RSI=0000000000000018 RDI=0000000000000001 RBP=0000000000000000 RSP=0000000007efba60
R8 =0000000000000018 R9 =0000000000000000 R10=0000000007f19a4d R11=0000000007059f00
R12=00000000070a9058 R13=0000000007efbbf8 R14=0000000000000001 R15=0000000007efbc10
RIP=0000000007052c07 RFL=00000206 [-----P-] CPL=0 II=0 A20=1 SMM=0 HLT=0
ES =0030 0000000000000000 ffffffff 00cf9300 DPL=0 DS   [-WA]
CS =0038 0000000000000000 ffffffff 00af9a00 DPL=0 CS64 [-R-]
SS =0030 0000000000000000 ffffffff 00cf9300 DPL=0 DS   [-WA]
DS =0030 0000000000000000 ffffffff 00cf9300 DPL=0 DS   [-WA]
FS =0030 0000000000000000 ffffffff 00cf9300 DPL=0 DS   [-WA]
GS =0030 0000000000000000 ffffffff 00cf9300 DPL=0 DS   [-WA]
LDT=0000 0000000000000000 0000ffff 00008200 DPL=0 LDT
TR =0000 0000000000000000 0000ffff 00008b00 DPL=0 TSS64-busy
GDT=     00000000079de000 00000047
IDT=     00000000074fa018 00000fff
CR0=80010033 CR2=0000000000000000 CR3=0000000007c01000 CR4=00000668
DR0=0000000000000000 DR1=0000000000000000 DR2=0000000000000000 DR3=0000000000000000 
DR6=00000000ffff0ff0 DR7=0000000000000400
CCS=0000000000000004 CCD=0000000000000000 CCO=EFLAGS
EFER=0000000000000d00
  1136: v=20 e=0000 i=0 cpl=0 IP=0038:0000000007052c07 pc=0000000007052c07 SP=0030:0000000007efba60 env->regs[R_EAX]=00000000070a906f
RAX=00000000070a906f RBX=0000000000000017 RCX=00000000070a9058 RDX=0000000007efbbf8
RSI=0000000000000018 RDI=0000000000000001 RBP=0000000000000000 RSP=0000000007efba60
R8 =0000000000000018 R9 =0000000000000000 R10=0000000007f19a4d R11=0000000007059f00
R12=00000000070a9058 R13=0000000007efbbf8 R14=0000000000000001 R15=0000000007efbc10
RIP=0000000007052c07 RFL=00000206 [-----P-] CPL=0 II=0 A20=1 SMM=0 HLT=0
ES =0030 0000000000000000 ffffffff 00cf9300 DPL=0 DS   [-WA]
CS =0038 0000000000000000 ffffffff 00af9a00 DPL=0 CS64 [-R-]
SS =0030 0000000000000000 ffffffff 00cf9300 DPL=0 DS   [-WA]
DS =0030 0000000000000000 ffffffff 00cf9300 DPL=0 DS   [-WA]
FS =0030 0000000000000000 ffffffff 00cf9300 DPL=0 DS   [-WA]
GS =0030 0000000000000000 ffffffff 00cf9300 DPL=0 DS   [-WA]
LDT=0000 0000000000000000 0000ffff 00008200 DPL=0 LDT
TR =0000 0000000000000000 0000ffff 00008b00 DPL=0 TSS64-busy
GDT=     00000000079de000 00000047
IDT=     00000000074fa018 00000fff
CR0=80010033 CR2=0000000000000000 CR3=0000000007c01000 CR4=00000668
DR0=0000000000000000 DR1=0000000000000000 DR2=0000000000000000 DR3=0000000000000000 
DR6=00000000ffff0ff0 DR7=0000000000000400
CCS=0000000000000004 CCD=0000000000000000 CCO=EFLAGS
EFER=0000000000000d00
  1137: v=20 e=0000 i=0 cpl=0 IP=0038:0000000007052c07 pc=0000000007052c07 SP=0030:0000000007efba60 env->regs[R_EAX]=00000000070a906f
RAX=00000000070a906f RBX=0000000000000017 RCX=00000000070a9058 RDX=0000000007efbbf8
RSI=0000000000000018 RDI=0000000000000001 RBP=0000000000000000 RSP=0000000007efba60
R8 =0000000000000018 R9 =0000000000000000 R10=0000000007f19a4d R11=0000000007059f00
R12=00000000070a9058 R13=0000000007efbbf8 R14=0000000000000001 R15=0000000007efbc10
RIP=0000000007052c07 RFL=00000206 [-----P-] CPL=0 II=0 A20=1 SMM=0 HLT=0
ES =0030 0000000000000000 ffffffff 00cf9300 DPL=0 DS   [-WA]
CS =0038 0000000000000000 ffffffff 00af9a00 DPL=0 CS64 [-R-]
SS =0030 0000000000000000 ffffffff 00cf9300 DPL=0 DS   [-WA]
DS =0030 0000000000000000 ffffffff 00cf9300 DPL=0 DS   [-WA]
FS =0030 0000000000000000 ffffffff 00cf9300 DPL=0 DS   [-WA]
GS =0030 0000000000000000 ffffffff 00cf9300 DPL=0 DS   [-WA]
LDT=0000 0000000000000000 0000ffff 00008200 DPL=0 LDT
TR =0000 0000000000000000 0000ffff 00008b00 DPL=0 TSS64-busy
GDT=     00000000079de000 00000047
IDT=     00000000074fa018 00000fff
CR0=80010033 CR2=0000000000000000 CR3=0000000007c01000 CR4=00000668
DR0=0000000000000000 DR1=0000000000000000 DR2=0000000000000000 DR3=0000000000000000 
DR6=00000000ffff0ff0 DR7=0000000000000400
CCS=0000000000000004 CCD=0000000000000000 CCO=EFLAGS
EFER=0000000000000d00
  1138: v=20 e=0000 i=0 cpl=0 IP=0038:0000000007052c07 pc=0000000007052c07 SP=0030:0000000007efba60 env->regs[R_EAX]=00000000070a906f
RAX=00000000070a906f RBX=0000000000000017 RCX=00000000070a9058 RDX=0000000007efbbf8
RSI=0000000000000018 RDI=0000000000000001 RBP=0000000000000000 RSP=0000000007efba60
R8 =0000000000000018 R9 =0000000000000000 R10=0000000007f19a4d R11=0000000007059f00
R12=00000000070a9058 R13=0000000007efbbf8 R14=0000000000000001 R15=0000000007efbc10
RIP=0000000007052c07 RFL=00000206 [-----P-] CPL=0 II=0 A20=1 SMM=0 HLT=0
ES =0030 0000000000000000 ffffffff 00cf9300 DPL=0 DS   [-WA]
CS =0038 0000000000000000 ffffffff 00af9a00 DPL=0 CS64 [-R-]
SS =0030 0000000000000000 ffffffff 00cf9300 DPL=0 DS   [-WA]
DS =0030 0000000000000000 ffffffff 00cf9300 DPL=0 DS   [-WA]
FS =0030 0000000000000000 ffffffff 00cf9300 DPL=0 DS   [-WA]
GS =0030 0000000000000000 ffffffff 00cf9300 DPL=0 DS   [-WA]
LDT=0000 0000000000000000 0000ffff 00008200 DPL=0 LDT
TR =0000 0000000000000000 0000ffff 00008b00 DPL=0 TSS64-busy
GDT=     00000000079de000 00000047
IDT=     00000000074fa018 00000fff
CR0=80010033 CR2=0000000000000000 CR3=0000000007c01000 CR4=00000668
DR0=0000000000000000 DR1=0000000000000000 DR2=0000000000000000 DR3=0000000000000000 
DR6=00000000ffff0ff0 DR7=0000000000000400
CCS=0000000000000004 CCD=0000000000000000 CCO=EFLAGS
EFER=0000000000000d00
  1139: v=20 e=0000 i=0 cpl=0 IP=0038:0000000007052c07 pc=0000000007052c07 SP=0030:0000000007efba60 env->regs[R_EAX]=00000000070a906f
RAX=00000000070a906f RBX=0000000000000017 RCX=00000000070a9058 RDX=0000000007efbbf8
RSI=0000000000000018 RDI=0000000000000001 RBP=0000000000000000 RSP=0000000007efba60
R8 =0000000000000018 R9 =0000000000000000 R10=0000000007f19a4d R11=0000000007059f00
R12=00000000070a9058 R13=0000000007efbbf8 R14=0000000000000001 R15=0000000007efbc10
RIP=0000000007052c07 RFL=00000206 [-----P-] CPL=0 II=0 A20=1 SMM=0 HLT=0
ES =0030 0000000000000000 ffffffff 00cf9300 DPL=0 DS   [-WA]
CS =0038 0000000000000000 ffffffff 00af9a00 DPL=0 CS64 [-R-]
SS =0030 0000000000000000 ffffffff 00cf9300 DPL=0 DS   [-WA]
DS =0030 0000000000000000 ffffffff 00cf9300 DPL=0 DS   [-WA]
FS =0030 0000000000000000 ffffffff 00cf9300 DPL=0 DS   [-WA]
GS =0030 0000000000000000 ffffffff 00cf9300 DPL=0 DS   [-WA]
LDT=0000 0000000000000000 0000ffff 00008200 DPL=0 LDT
TR =0000 0000000000000000 0000ffff 00008b00 DPL=0 TSS64-busy
GDT=     00000000079de000 00000047
IDT=     00000000074fa018 00000fff
CR0=80010033 CR2=0000000000000000 CR3=0000000007c01000 CR4=00000668
DR0=0000000000000000 DR1=0000000000000000 DR2=0000000000000000 DR3=0000000000000000 
DR6=00000000ffff0ff0 DR7=0000000000000400
CCS=0000000000000004 CCD=0000000000000000 CCO=EFLAGS
EFER=0000000000000d00
  1140: v=20 e=0000 i=0 cpl=0 IP=0038:0000000007052c07 pc=0000000007052c07 SP=0030:0000000007efba60 env->regs[R_EAX]=00000000070a906f
RAX=00000000070a906f RBX=0000000000000017 RCX=00000000070a9058 RDX=0000000007efbbf8
RSI=0000000000000018 RDI=0000000000000001 RBP=0000000000000000 RSP=0000000007efba60
R8 =0000000000000018 R9 =0000000000000000 R10=0000000007f19a4d R11=0000000007059f00
R12=00000000070a9058 R13=0000000007efbbf8 R14=0000000000000001 R15=0000000007efbc10
RIP=0000000007052c07 RFL=00000206 [-----P-] CPL=0 II=0 A20=1 SMM=0 HLT=0
ES =0030 0000000000000000 ffffffff 00cf9300 DPL=0 DS   [-WA]
CS =0038 0000000000000000 ffffffff 00af9a00 DPL=0 CS64 [-R-]
SS =0030 0000000000000000 ffffffff 00cf9300 DPL=0 DS   [-WA]
DS =0030 0000000000000000 ffffffff 00cf9300 DPL=0 DS   [-WA]
FS =0030 0000000000000000 ffffffff 00cf9300 DPL=0 DS   [-WA]
GS =0030 0000000000000000 ffffffff 00cf9300 DPL=0 DS   [-WA]
LDT=0000 0000000000000000 0000ffff 00008200 DPL=0 LDT
TR =0000 0000000000000000 0000ffff 00008b00 DPL=0 TSS64-busy
GDT=     00000000079de000 00000047
IDT=     00000000074fa018 00000fff
CR0=80010033 CR2=0000000000000000 CR3=0000000007c01000 CR4=00000668
DR0=0000000000000000 DR1=0000000000000000 DR2=0000000000000000 DR3=0000000000000000 
DR6=00000000ffff0ff0 DR7=0000000000000400
CCS=0000000000000004 CCD=0000000000000000 CCO=EFLAGS
EFER=0000000000000d00
  1141: v=20 e=0000 i=0 cpl=0 IP=0038:0000000007052c07 pc=0000000007052c07 SP=0030:0000000007efba60 env->regs[R_EAX]=00000000070a906f
RAX=00000000070a906f RBX=0000000000000017 RCX=00000000070a9058 RDX=0000000007efbbf8
RSI=0000000000000018 RDI=0000000000000001 RBP=0000000000000000 RSP=0000000007efba60
R8 =0000000000000018 R9 =0000000000000000 R10=0000000007f19a4d R11=0000000007059f00
R12=00000000070a9058 R13=0000000007efbbf8 R14=0000000000000001 R15=0000000007efbc10
RIP=0000000007052c07 RFL=00000206 [-----P-] CPL=0 II=0 A20=1 SMM=0 HLT=0
ES =0030 0000000000000000 ffffffff 00cf9300 DPL=0 DS   [-WA]
CS =0038 0000000000000000 ffffffff 00af9a00 DPL=0 CS64 [-R-]
SS =0030 0000000000000000 ffffffff 00cf9300 DPL=0 DS   [-WA]
DS =0030 0000000000000000 ffffffff 00cf9300 DPL=0 DS   [-WA]
FS =0030 0000000000000000 ffffffff 00cf9300 DPL=0 DS   [-WA]
GS =0030 0000000000000000 ffffffff 00cf9300 DPL=0 DS   [-WA]
LDT=0000 0000000000000000 0000ffff 00008200 DPL=0 LDT
TR =0000 0000000000000000 0000ffff 00008b00 DPL=0 TSS64-busy
GDT=     00000000079de000 00000047
IDT=     00000000074fa018 00000fff
CR0=80010033 CR2=0000000000000000 CR3=0000000007c01000 CR4=00000668
DR0=0000000000000000 DR1=0000000000000000 DR2=0000000000000000 DR3=0000000000000000 
DR6=00000000ffff0ff0 DR7=0000000000000400
CCS=0000000000000004 CCD=0000000000000000 CCO=EFLAGS
EFER=0000000000000d00
  1142: v=20 e=0000 i=0 cpl=0 IP=0038:0000000007052c07 pc=0000000007052c07 SP=0030:0000000007efba60 env->regs[R_EAX]=00000000070a906f
RAX=00000000070a906f RBX=0000000000000017 RCX=00000000070a9058 RDX=0000000007efbbf8
RSI=0000000000000018 RDI=0000000000000001 RBP=0000000000000000 RSP=0000000007efba60
R8 =0000000000000018 R9 =0000000000000000 R10=0000000007f19a4d R11=0000000007059f00
R12=00000000070a9058 R13=0000000007efbbf8 R14=0000000000000001 R15=0000000007efbc10
RIP=0000000007052c07 RFL=00000206 [-----P-] CPL=0 II=0 A20=1 SMM=0 HLT=0
ES =0030 0000000000000000 ffffffff 00cf9300 DPL=0 DS   [-WA]
CS =0038 0000000000000000 ffffffff 00af9a00 DPL=0 CS64 [-R-]
SS =0030 0000000000000000 ffffffff 00cf9300 DPL=0 DS   [-WA]
DS =0030 0000000000000000 ffffffff 00cf9300 DPL=0 DS   [-WA]
FS =0030 0000000000000000 ffffffff 00cf9300 DPL=0 DS   [-WA]
GS =0030 0000000000000000 ffffffff 00cf9300 DPL=0 DS   [-WA]
LDT=0000 0000000000000000 0000ffff 00008200 DPL=0 LDT
TR =0000 0000000000000000 0000ffff 00008b00 DPL=0 TSS64-busy
GDT=     00000000079de000 00000047
IDT=     00000000074fa018 00000fff
CR0=80010033 CR2=0000000000000000 CR3=0000000007c01000 CR4=00000668
DR0=0000000000000000 DR1=0000000000000000 DR2=0000000000000000 DR3=0000000000000000 
DR6=00000000ffff0ff0 DR7=0000000000000400
CCS=0000000000000004 CCD=0000000000000000 CCO=EFLAGS
EFER=0000000000000d00
  1143: v=20 e=0000 i=0 cpl=0 IP=0038:0000000007052c07 pc=0000000007052c07 SP=0030:0000000007efba60 env->regs[R_EAX]=00000000070a906f
RAX=00000000070a906f RBX=0000000000000017 RCX=00000000070a9058 RDX=0000000007efbbf8
RSI=0000000000000018 RDI=0000000000000001 RBP=0000000000000000 RSP=0000000007efba60
R8 =0000000000000018 R9 =0000000000000000 R10=0000000007f19a4d R11=0000000007059f00
R12=00000000070a9058 R13=0000000007efbbf8 R14=0000000000000001 R15=0000000007efbc10
RIP=0000000007052c07 RFL=00000206 [-----P-] CPL=0 II=0 A20=1 SMM=0 HLT=0
ES =0030 0000000000000000 ffffffff 00cf9300 DPL=0 DS   [-WA]
CS =0038 0000000000000000 ffffffff 00af9a00 DPL=0 CS64 [-R-]
SS =0030 0000000000000000 ffffffff 00cf9300 DPL=0 DS   [-WA]
DS =0030 0000000000000000 ffffffff 00cf9300 DPL=0 DS   [-WA]
FS =0030 0000000000000000 ffffffff 00cf9300 DPL=0 DS   [-WA]
GS =0030 0000000000000000 ffffffff 00cf9300 DPL=0 DS   [-WA]
LDT=0000 0000000000000000 0000ffff 00008200 DPL=0 LDT
TR =0000 0000000000000000 0000ffff 00008b00 DPL=0 TSS64-busy
GDT=     00000000079de000 00000047
IDT=     00000000074fa018 00000fff
CR0=80010033 CR2=0000000000000000 CR3=0000000007c01000 CR4=00000668
DR0=0000000000000000 DR1=0000000000000000 DR2=0000000000000000 DR3=0000000000000000 
DR6=00000000ffff0ff0 DR7=0000000000000400
CCS=0000000000000004 CCD=0000000000000000 CCO=EFLAGS
EFER=0000000000000d00
  1144: v=20 e=0000 i=0 cpl=0 IP=0038:0000000007052c07 pc=0000000007052c07 SP=0030:0000000007efba60 env->regs[R_EAX]=00000000070a906f
RAX=00000000070a906f RBX=0000000000000017 RCX=00000000070a9058 RDX=0000000007efbbf8
RSI=0000000000000018 RDI=0000000000000001 RBP=0000000000000000 RSP=0000000007efba60
R8 =0000000000000018 R9 =0000000000000000 R10=0000000007f19a4d R11=0000000007059f00
R12=00000000070a9058 R13=0000000007efbbf8 R14=0000000000000001 R15=0000000007efbc10
RIP=0000000007052c07 RFL=00000206 [-----P-] CPL=0 II=0 A20=1 SMM=0 HLT=0
ES =0030 0000000000000000 ffffffff 00cf9300 DPL=0 DS   [-WA]
CS =0038 0000000000000000 ffffffff 00af9a00 DPL=0 CS64 [-R-]
SS =0030 0000000000000000 ffffffff 00cf9300 DPL=0 DS   [-WA]
DS =0030 0000000000000000 ffffffff 00cf9300 DPL=0 DS   [-WA]
FS =0030 0000000000000000 ffffffff 00cf9300 DPL=0 DS   [-WA]
GS =0030 0000000000000000 ffffffff 00cf9300 DPL=0 DS   [-WA]
LDT=0000 0000000000000000 0000ffff 00008200 DPL=0 LDT
TR =0000 0000000000000000 0000ffff 00008b00 DPL=0 TSS64-busy
GDT=     00000000079de000 00000047
IDT=     00000000074fa018 00000fff
CR0=80010033 CR2=0000000000000000 CR3=0000000007c01000 CR4=00000668
DR0=0000000000000000 DR1=0000000000000000 DR2=0000000000000000 DR3=0000000000000000 
DR6=00000000ffff0ff0 DR7=0000000000000400
CCS=0000000000000004 CCD=0000000000000000 CCO=EFLAGS
EFER=0000000000000d00
  1145: v=20 e=0000 i=0 cpl=0 IP=0038:0000000007052c07 pc=0000000007052c07 SP=0030:0000000007efba60 env->regs[R_EAX]=00000000070a906f
RAX=00000000070a906f RBX=0000000000000017 RCX=00000000070a9058 RDX=0000000007efbbf8
RSI=0000000000000018 RDI=0000000000000001 RBP=0000000000000000 RSP=0000000007efba60
R8 =0000000000000018 R9 =0000000000000000 R10=0000000007f19a4d R11=0000000007059f00
R12=00000000070a9058 R13=0000000007efbbf8 R14=0000000000000001 R15=0000000007efbc10
RIP=0000000007052c07 RFL=00000206 [-----P-] CPL=0 II=0 A20=1 SMM=0 HLT=0
ES =0030 0000000000000000 ffffffff 00cf9300 DPL=0 DS   [-WA]
CS =0038 0000000000000000 ffffffff 00af9a00 DPL=0 CS64 [-R-]
SS =0030 0000000000000000 ffffffff 00cf9300 DPL=0 DS   [-WA]
DS =0030 0000000000000000 ffffffff 00cf9300 DPL=0 DS   [-WA]
FS =0030 0000000000000000 ffffffff 00cf9300 DPL=0 DS   [-WA]
GS =0030 0000000000000000 ffffffff 00cf9300 DPL=0 DS   [-WA]
LDT=0000 0000000000000000 0000ffff 00008200 DPL=0 LDT
TR =0000 0000000000000000 0000ffff 00008b00 DPL=0 TSS64-busy
GDT=     00000000079de000 00000047
IDT=     00000000074fa018 00000fff
CR0=80010033 CR2=0000000000000000 CR3=0000000007c01000 CR4=00000668
DR0=0000000000000000 DR1=0000000000000000 DR2=0000000000000000 DR3=0000000000000000 
DR6=00000000ffff0ff0 DR7=0000000000000400
CCS=0000000000000004 CCD=0000000000000000 CCO=EFLAGS
EFER=0000000000000d00
  1146: v=20 e=0000 i=0 cpl=0 IP=0038:0000000007052c07 pc=0000000007052c07 SP=0030:0000000007efba60 env->regs[R_EAX]=00000000070a906f
RAX=00000000070a906f RBX=0000000000000017 RCX=00000000070a9058 RDX=0000000007efbbf8
RSI=0000000000000018 RDI=0000000000000001 RBP=0000000000000000 RSP=0000000007efba60
R8 =0000000000000018 R9 =0000000000000000 R10=0000000007f19a4d R11=0000000007059f00
R12=00000000070a9058 R13=0000000007efbbf8 R14=0000000000000001 R15=0000000007efbc10
RIP=0000000007052c07 RFL=00000206 [-----P-] CPL=0 II=0 A20=1 SMM=0 HLT=0
ES =0030 0000000000000000 ffffffff 00cf9300 DPL=0 DS   [-WA]
CS =0038 0000000000000000 ffffffff 00af9a00 DPL=0 CS64 [-R-]
SS =0030 0000000000000000 ffffffff 00cf9300 DPL=0 DS   [-WA]
DS =0030 0000000000000000 ffffffff 00cf9300 DPL=0 DS   [-WA]
FS =0030 0000000000000000 ffffffff 00cf9300 DPL=0 DS   [-WA]
GS =0030 0000000000000000 ffffffff 00cf9300 DPL=0 DS   [-WA]
LDT=0000 0000000000000000 0000ffff 00008200 DPL=0 LDT
TR =0000 0000000000000000 0000ffff 00008b00 DPL=0 TSS64-busy
GDT=     00000000079de000 00000047
IDT=     00000000074fa018 00000fff
CR0=80010033 CR2=0000000000000000 CR3=0000000007c01000 CR4=00000668
DR0=0000000000000000 DR1=0000000000000000 DR2=0000000000000000 DR3=0000000000000000 
DR6=00000000ffff0ff0 DR7=0000000000000400
CCS=0000000000000004 CCD=0000000000000000 CCO=EFLAGS
EFER=0000000000000d00
  1147: v=20 e=0000 i=0 cpl=0 IP=0038:0000000007052c07 pc=0000000007052c07 SP=0030:0000000007efba60 env->regs[R_EAX]=00000000070a906f
RAX=00000000070a906f RBX=0000000000000017 RCX=00000000070a9058 RDX=0000000007efbbf8
RSI=0000000000000018 RDI=0000000000000001 RBP=0000000000000000 RSP=0000000007efba60
R8 =0000000000000018 R9 =0000000000000000 R10=0000000007f19a4d R11=0000000007059f00
R12=00000000070a9058 R13=0000000007efbbf8 R14=0000000000000001 R15=0000000007efbc10
RIP=0000000007052c07 RFL=00000206 [-----P-] CPL=0 II=0 A20=1 SMM=0 HLT=0
ES =0030 0000000000000000 ffffffff 00cf9300 DPL=0 DS   [-WA]
CS =0038 0000000000000000 ffffffff 00af9a00 DPL=0 CS64 [-R-]
SS =0030 0000000000000000 ffffffff 00cf9300 DPL=0 DS   [-WA]
DS =0030 0000000000000000 ffffffff 00cf9300 DPL=0 DS   [-WA]
FS =0030 0000000000000000 ffffffff 00cf9300 DPL=0 DS   [-WA]
GS =0030 0000000000000000 ffffffff 00cf9300 DPL=0 DS   [-WA]
LDT=0000 0000000000000000 0000ffff 00008200 DPL=0 LDT
TR =0000 0000000000000000 0000ffff 00008b00 DPL=0 TSS64-busy
GDT=     00000000079de000 00000047
IDT=     00000000074fa018 00000fff
CR0=80010033 CR2=0000000000000000 CR3=0000000007c01000 CR4=00000668
DR0=0000000000000000 DR1=0000000000000000 DR2=0000000000000000 DR3=0000000000000000 
DR6=00000000ffff0ff0 DR7=0000000000000400
CCS=0000000000000004 CCD=0000000000000000 CCO=EFLAGS
EFER=0000000000000d00
  1148: v=20 e=0000 i=0 cpl=0 IP=0038:0000000007052c07 pc=0000000007052c07 SP=0030:0000000007efba60 env->regs[R_EAX]=00000000070a906f
RAX=00000000070a906f RBX=0000000000000017 RCX=00000000070a9058 RDX=0000000007efbbf8
RSI=0000000000000018 RDI=0000000000000001 RBP=0000000000000000 RSP=0000000007efba60
R8 =0000000000000018 R9 =0000000000000000 R10=0000000007f19a4d R11=0000000007059f00
R12=00000000070a9058 R13=0000000007efbbf8 R14=0000000000000001 R15=0000000007efbc10
RIP=0000000007052c07 RFL=00000206 [-----P-] CPL=0 II=0 A20=1 SMM=0 HLT=0
ES =0030 0000000000000000 ffffffff 00cf9300 DPL=0 DS   [-WA]
CS =0038 0000000000000000 ffffffff 00af9a00 DPL=0 CS64 [-R-]
SS =0030 0000000000000000 ffffffff 00cf9300 DPL=0 DS   [-WA]
DS =0030 0000000000000000 ffffffff 00cf9300 DPL=0 DS   [-WA]
FS =0030 0000000000000000 ffffffff 00cf9300 DPL=0 DS   [-WA]
GS =0030 0000000000000000 ffffffff 00cf9300 DPL=0 DS   [-WA]
LDT=0000 0000000000000000 0000ffff 00008200 DPL=0 LDT
TR =0000 0000000000000000 0000ffff 00008b00 DPL=0 TSS64-busy
GDT=     00000000079de000 00000047
IDT=     00000000074fa018 00000fff
CR0=80010033 CR2=0000000000000000 CR3=0000000007c01000 CR4=00000668
DR0=0000000000000000 DR1=0000000000000000 DR2=0000000000000000 DR3=0000000000000000 
DR6=00000000ffff0ff0 DR7=0000000000000400
CCS=0000000000000004 CCD=0000000000000000 CCO=EFLAGS
EFER=0000000000000d00
  1149: v=20 e=0000 i=0 cpl=0 IP=0038:0000000007052c07 pc=0000000007052c07 SP=0030:0000000007efba60 env->regs[R_EAX]=00000000070a906f
RAX=00000000070a906f RBX=0000000000000017 RCX=00000000070a9058 RDX=0000000007efbbf8
RSI=0000000000000018 RDI=0000000000000001 RBP=0000000000000000 RSP=0000000007efba60
R8 =0000000000000018 R9 =0000000000000000 R10=0000000007f19a4d R11=0000000007059f00
R12=00000000070a9058 R13=0000000007efbbf8 R14=0000000000000001 R15=0000000007efbc10
RIP=0000000007052c07 RFL=00000206 [-----P-] CPL=0 II=0 A20=1 SMM=0 HLT=0
ES =0030 0000000000000000 ffffffff 00cf9300 DPL=0 DS   [-WA]
CS =0038 0000000000000000 ffffffff 00af9a00 DPL=0 CS64 [-R-]
SS =0030 0000000000000000 ffffffff 00cf9300 DPL=0 DS   [-WA]
DS =0030 0000000000000000 ffffffff 00cf9300 DPL=0 DS   [-WA]
FS =0030 0000000000000000 ffffffff 00cf9300 DPL=0 DS   [-WA]
GS =0030 0000000000000000 ffffffff 00cf9300 DPL=0 DS   [-WA]
LDT=0000 0000000000000000 0000ffff 00008200 DPL=0 LDT
TR =0000 0000000000000000 0000ffff 00008b00 DPL=0 TSS64-busy
GDT=     00000000079de000 00000047
IDT=     00000000074fa018 00000fff
CR0=80010033 CR2=0000000000000000 CR3=0000000007c01000 CR4=00000668
DR0=0000000000000000 DR1=0000000000000000 DR2=0000000000000000 DR3=0000000000000000 
DR6=00000000ffff0ff0 DR7=0000000000000400
CCS=0000000000000004 CCD=0000000000000000 CCO=EFLAGS
EFER=0000000000000d00
  1150: v=20 e=0000 i=0 cpl=0 IP=0038:0000000007052c07 pc=0000000007052c07 SP=0030:0000000007efba60 env->regs[R_EAX]=00000000070a906f
RAX=00000000070a906f RBX=0000000000000017 RCX=00000000070a9058 RDX=0000000007efbbf8
RSI=0000000000000018 RDI=0000000000000001 RBP=0000000000000000 RSP=0000000007efba60
R8 =0000000000000018 R9 =0000000000000000 R10=0000000007f19a4d R11=0000000007059f00
R12=00000000070a9058 R13=0000000007efbbf8 R14=0000000000000001 R15=0000000007efbc10
RIP=0000000007052c07 RFL=00000206 [-----P-] CPL=0 II=0 A20=1 SMM=0 HLT=0
ES =0030 0000000000000000 ffffffff 00cf9300 DPL=0 DS   [-WA]
CS =0038 0000000000000000 ffffffff 00af9a00 DPL=0 CS64 [-R-]
SS =0030 0000000000000000 ffffffff 00cf9300 DPL=0 DS   [-WA]
DS =0030 0000000000000000 ffffffff 00cf9300 DPL=0 DS   [-WA]
FS =0030 0000000000000000 ffffffff 00cf9300 DPL=0 DS   [-WA]
GS =0030 0000000000000000 ffffffff 00cf9300 DPL=0 DS   [-WA]
LDT=0000 0000000000000000 0000ffff 00008200 DPL=0 LDT
TR =0000 0000000000000000 0000ffff 00008b00 DPL=0 TSS64-busy
GDT=     00000000079de000 00000047
IDT=     00000000074fa018 00000fff
CR0=80010033 CR2=0000000000000000 CR3=0000000007c01000 CR4=00000668
DR0=0000000000000000 DR1=0000000000000000 DR2=0000000000000000 DR3=0000000000000000 
DR6=00000000ffff0ff0 DR7=0000000000000400
CCS=0000000000000004 CCD=0000000000000000 CCO=EFLAGS
EFER=0000000000000d00
  1151: v=20 e=0000 i=0 cpl=0 IP=0038:0000000007052c07 pc=0000000007052c07 SP=0030:0000000007efba60 env->regs[R_EAX]=00000000070a906f
RAX=00000000070a906f RBX=0000000000000017 RCX=00000000070a9058 RDX=0000000007efbbf8
RSI=0000000000000018 RDI=0000000000000001 RBP=0000000000000000 RSP=0000000007efba60
R8 =0000000000000018 R9 =0000000000000000 R10=0000000007f19a4d R11=0000000007059f00
R12=00000000070a9058 R13=0000000007efbbf8 R14=0000000000000001 R15=0000000007efbc10
RIP=0000000007052c07 RFL=00000206 [-----P-] CPL=0 II=0 A20=1 SMM=0 HLT=0
ES =0030 0000000000000000 ffffffff 00cf9300 DPL=0 DS   [-WA]
CS =0038 0000000000000000 ffffffff 00af9a00 DPL=0 CS64 [-R-]
SS =0030 0000000000000000 ffffffff 00cf9300 DPL=0 DS   [-WA]
DS =0030 0000000000000000 ffffffff 00cf9300 DPL=0 DS   [-WA]
FS =0030 0000000000000000 ffffffff 00cf9300 DPL=0 DS   [-WA]
GS =0030 0000000000000000 ffffffff 00cf9300 DPL=0 DS   [-WA]
LDT=0000 0000000000000000 0000ffff 00008200 DPL=0 LDT
TR =0000 0000000000000000 0000ffff 00008b00 DPL=0 TSS64-busy
GDT=     00000000079de000 00000047
IDT=     00000000074fa018 00000fff
CR0=80010033 CR2=0000000000000000 CR3=0000000007c01000 CR4=00000668
DR0=0000000000000000 DR1=0000000000000000 DR2=0000000000000000 DR3=0000000000000000 
DR6=00000000ffff0ff0 DR7=0000000000000400
CCS=0000000000000004 CCD=0000000000000000 CCO=EFLAGS
EFER=0000000000000d00
  1152: v=20 e=0000 i=0 cpl=0 IP=0038:0000000007052c07 pc=0000000007052c07 SP=0030:0000000007efba60 env->regs[R_EAX]=00000000070a906f
RAX=00000000070a906f RBX=0000000000000017 RCX=00000000070a9058 RDX=0000000007efbbf8
RSI=0000000000000018 RDI=0000000000000001 RBP=0000000000000000 RSP=0000000007efba60
R8 =0000000000000018 R9 =0000000000000000 R10=0000000007f19a4d R11=0000000007059f00
R12=00000000070a9058 R13=0000000007efbbf8 R14=0000000000000001 R15=0000000007efbc10
RIP=0000000007052c07 RFL=00000206 [-----P-] CPL=0 II=0 A20=1 SMM=0 HLT=0
ES =0030 0000000000000000 ffffffff 00cf9300 DPL=0 DS   [-WA]
CS =0038 0000000000000000 ffffffff 00af9a00 DPL=0 CS64 [-R-]
SS =0030 0000000000000000 ffffffff 00cf9300 DPL=0 DS   [-WA]
DS =0030 0000000000000000 ffffffff 00cf9300 DPL=0 DS   [-WA]
FS =0030 0000000000000000 ffffffff 00cf9300 DPL=0 DS   [-WA]
GS =0030 0000000000000000 ffffffff 00cf9300 DPL=0 DS   [-WA]
LDT=0000 0000000000000000 0000ffff 00008200 DPL=0 LDT
TR =0000 0000000000000000 0000ffff 00008b00 DPL=0 TSS64-busy
GDT=     00000000079de000 00000047
IDT=     00000000074fa018 00000fff
CR0=80010033 CR2=0000000000000000 CR3=0000000007c01000 CR4=00000668
DR0=0000000000000000 DR1=0000000000000000 DR2=0000000000000000 DR3=0000000000000000 
DR6=00000000ffff0ff0 DR7=0000000000000400
CCS=0000000000000004 CCD=0000000000000000 CCO=EFLAGS
EFER=0000000000000d00
  1153: v=20 e=0000 i=0 cpl=0 IP=0038:0000000007052c07 pc=0000000007052c07 SP=0030:0000000007efba60 env->regs[R_EAX]=00000000070a906f
RAX=00000000070a906f RBX=0000000000000017 RCX=00000000070a9058 RDX=0000000007efbbf8
RSI=0000000000000018 RDI=0000000000000001 RBP=0000000000000000 RSP=0000000007efba60
R8 =0000000000000018 R9 =0000000000000000 R10=0000000007f19a4d R11=0000000007059f00
R12=00000000070a9058 R13=0000000007efbbf8 R14=0000000000000001 R15=0000000007efbc10
RIP=0000000007052c07 RFL=00000206 [-----P-] CPL=0 II=0 A20=1 SMM=0 HLT=0
ES =0030 0000000000000000 ffffffff 00cf9300 DPL=0 DS   [-WA]
CS =0038 0000000000000000 ffffffff 00af9a00 DPL=0 CS64 [-R-]
SS =0030 0000000000000000 ffffffff 00cf9300 DPL=0 DS   [-WA]
DS =0030 0000000000000000 ffffffff 00cf9300 DPL=0 DS   [-WA]
FS =0030 0000000000000000 ffffffff 00cf9300 DPL=0 DS   [-WA]
GS =0030 0000000000000000 ffffffff 00cf9300 DPL=0 DS   [-WA]
LDT=0000 0000000000000000 0000ffff 00008200 DPL=0 LDT
TR =0000 0000000000000000 0000ffff 00008b00 DPL=0 TSS64-busy
GDT=     00000000079de000 00000047
IDT=     00000000074fa018 00000fff
CR0=80010033 CR2=0000000000000000 CR3=0000000007c01000 CR4=00000668
DR0=0000000000000000 DR1=0000000000000000 DR2=0000000000000000 DR3=0000000000000000 
DR6=00000000ffff0ff0 DR7=0000000000000400
CCS=0000000000000004 CCD=0000000000000000 CCO=EFLAGS
EFER=0000000000000d00
  1154: v=20 e=0000 i=0 cpl=0 IP=0038:0000000007052c07 pc=0000000007052c07 SP=0030:0000000007efba60 env->regs[R_EAX]=00000000070a906f
RAX=00000000070a906f RBX=0000000000000017 RCX=00000000070a9058 RDX=0000000007efbbf8
RSI=0000000000000018 RDI=0000000000000001 RBP=0000000000000000 RSP=0000000007efba60
R8 =0000000000000018 R9 =0000000000000000 R10=0000000007f19a4d R11=0000000007059f00
R12=00000000070a9058 R13=0000000007efbbf8 R14=0000000000000001 R15=0000000007efbc10
RIP=0000000007052c07 RFL=00000206 [-----P-] CPL=0 II=0 A20=1 SMM=0 HLT=0
ES =0030 0000000000000000 ffffffff 00cf9300 DPL=0 DS   [-WA]
CS =0038 0000000000000000 ffffffff 00af9a00 DPL=0 CS64 [-R-]
SS =0030 0000000000000000 ffffffff 00cf9300 DPL=0 DS   [-WA]
DS =0030 0000000000000000 ffffffff 00cf9300 DPL=0 DS   [-WA]
FS =0030 0000000000000000 ffffffff 00cf9300 DPL=0 DS   [-WA]
GS =0030 0000000000000000 ffffffff 00cf9300 DPL=0 DS   [-WA]
LDT=0000 0000000000000000 0000ffff 00008200 DPL=0 LDT
TR =0000 0000000000000000 0000ffff 00008b00 DPL=0 TSS64-busy
GDT=     00000000079de000 00000047
IDT=     00000000074fa018 00000fff
CR0=80010033 CR2=0000000000000000 CR3=0000000007c01000 CR4=00000668
DR0=0000000000000000 DR1=0000000000000000 DR2=0000000000000000 DR3=0000000000000000 
DR6=00000000ffff0ff0 DR7=0000000000000400
CCS=0000000000000004 CCD=0000000000000000 CCO=EFLAGS
EFER=0000000000000d00
  1155: v=20 e=0000 i=0 cpl=0 IP=0038:0000000007052c07 pc=0000000007052c07 SP=0030:0000000007efba60 env->regs[R_EAX]=00000000070a906f
RAX=00000000070a906f RBX=0000000000000017 RCX=00000000070a9058 RDX=0000000007efbbf8
RSI=0000000000000018 RDI=0000000000000001 RBP=0000000000000000 RSP=0000000007efba60
R8 =0000000000000018 R9 =0000000000000000 R10=0000000007f19a4d R11=0000000007059f00
R12=00000000070a9058 R13=0000000007efbbf8 R14=0000000000000001 R15=0000000007efbc10
RIP=0000000007052c07 RFL=00000206 [-----P-] CPL=0 II=0 A20=1 SMM=0 HLT=0
ES =0030 0000000000000000 ffffffff 00cf9300 DPL=0 DS   [-WA]
CS =0038 0000000000000000 ffffffff 00af9a00 DPL=0 CS64 [-R-]
SS =0030 0000000000000000 ffffffff 00cf9300 DPL=0 DS   [-WA]
DS =0030 0000000000000000 ffffffff 00cf9300 DPL=0 DS   [-WA]
FS =0030 0000000000000000 ffffffff 00cf9300 DPL=0 DS   [-WA]
GS =0030 0000000000000000 ffffffff 00cf9300 DPL=0 DS   [-WA]
LDT=0000 0000000000000000 0000ffff 00008200 DPL=0 LDT
TR =0000 0000000000000000 0000ffff 00008b00 DPL=0 TSS64-busy
GDT=     00000000079de000 00000047
IDT=     00000000074fa018 00000fff
CR0=80010033 CR2=0000000000000000 CR3=0000000007c01000 CR4=00000668
DR0=0000000000000000 DR1=0000000000000000 DR2=0000000000000000 DR3=0000000000000000 
DR6=00000000ffff0ff0 DR7=0000000000000400
CCS=0000000000000004 CCD=0000000000000000 CCO=EFLAGS
EFER=0000000000000d00
  1156: v=20 e=0000 i=0 cpl=0 IP=0038:0000000007052c07 pc=0000000007052c07 SP=0030:0000000007efba60 env->regs[R_EAX]=00000000070a906f
RAX=00000000070a906f RBX=0000000000000017 RCX=00000000070a9058 RDX=0000000007efbbf8
RSI=0000000000000018 RDI=0000000000000001 RBP=0000000000000000 RSP=0000000007efba60
R8 =0000000000000018 R9 =0000000000000000 R10=0000000007f19a4d R11=0000000007059f00
R12=00000000070a9058 R13=0000000007efbbf8 R14=0000000000000001 R15=0000000007efbc10
RIP=0000000007052c07 RFL=00000206 [-----P-] CPL=0 II=0 A20=1 SMM=0 HLT=0
ES =0030 0000000000000000 ffffffff 00cf9300 DPL=0 DS   [-WA]
CS =0038 0000000000000000 ffffffff 00af9a00 DPL=0 CS64 [-R-]
SS =0030 0000000000000000 ffffffff 00cf9300 DPL=0 DS   [-WA]
DS =0030 0000000000000000 ffffffff 00cf9300 DPL=0 DS   [-WA]
FS =0030 0000000000000000 ffffffff 00cf9300 DPL=0 DS   [-WA]
GS =0030 0000000000000000 ffffffff 00cf9300 DPL=0 DS   [-WA]
LDT=0000 0000000000000000 0000ffff 00008200 DPL=0 LDT
TR =0000 0000000000000000 0000ffff 00008b00 DPL=0 TSS64-busy
GDT=     00000000079de000 00000047
IDT=     00000000074fa018 00000fff
CR0=80010033 CR2=0000000000000000 CR3=0000000007c01000 CR4=00000668
DR0=0000000000000000 DR1=0000000000000000 DR2=0000000000000000 DR3=0000000000000000 
DR6=00000000ffff0ff0 DR7=0000000000000400
CCS=0000000000000004 CCD=0000000000000000 CCO=EFLAGS
EFER=0000000000000d00
  1157: v=20 e=0000 i=0 cpl=0 IP=0038:0000000007052c07 pc=0000000007052c07 SP=0030:0000000007efba60 env->regs[R_EAX]=00000000070a906f
RAX=00000000070a906f RBX=0000000000000017 RCX=00000000070a9058 RDX=0000000007efbbf8
RSI=0000000000000018 RDI=0000000000000001 RBP=0000000000000000 RSP=0000000007efba60
R8 =0000000000000018 R9 =0000000000000000 R10=0000000007f19a4d R11=0000000007059f00
R12=00000000070a9058 R13=0000000007efbbf8 R14=0000000000000001 R15=0000000007efbc10
RIP=0000000007052c07 RFL=00000206 [-----P-] CPL=0 II=0 A20=1 SMM=0 HLT=0
ES =0030 0000000000000000 ffffffff 00cf9300 DPL=0 DS   [-WA]
CS =0038 0000000000000000 ffffffff 00af9a00 DPL=0 CS64 [-R-]
SS =0030 0000000000000000 ffffffff 00cf9300 DPL=0 DS   [-WA]
DS =0030 0000000000000000 ffffffff 00cf9300 DPL=0 DS   [-WA]
FS =0030 0000000000000000 ffffffff 00cf9300 DPL=0 DS   [-WA]
GS =0030 0000000000000000 ffffffff 00cf9300 DPL=0 DS   [-WA]
LDT=0000 0000000000000000 0000ffff 00008200 DPL=0 LDT
TR =0000 0000000000000000 0000ffff 00008b00 DPL=0 TSS64-busy
GDT=     00000000079de000 00000047
IDT=     00000000074fa018 00000fff
CR0=80010033 CR2=0000000000000000 CR3=0000000007c01000 CR4=00000668
DR0=0000000000000000 DR1=0000000000000000 DR2=0000000000000000 DR3=0000000000000000 
DR6=00000000ffff0ff0 DR7=0000000000000400
CCS=0000000000000004 CCD=0000000000000000 CCO=EFLAGS
EFER=0000000000000d00
  1158: v=20 e=0000 i=0 cpl=0 IP=0038:0000000007052c07 pc=0000000007052c07 SP=0030:0000000007efba60 env->regs[R_EAX]=00000000070a906f
RAX=00000000070a906f RBX=0000000000000017 RCX=00000000070a9058 RDX=0000000007efbbf8
RSI=0000000000000018 RDI=0000000000000001 RBP=0000000000000000 RSP=0000000007efba60
R8 =0000000000000018 R9 =0000000000000000 R10=0000000007f19a4d R11=0000000007059f00
R12=00000000070a9058 R13=0000000007efbbf8 R14=0000000000000001 R15=0000000007efbc10
RIP=0000000007052c07 RFL=00000206 [-----P-] CPL=0 II=0 A20=1 SMM=0 HLT=0
ES =0030 0000000000000000 ffffffff 00cf9300 DPL=0 DS   [-WA]
CS =0038 0000000000000000 ffffffff 00af9a00 DPL=0 CS64 [-R-]
SS =0030 0000000000000000 ffffffff 00cf9300 DPL=0 DS   [-WA]
DS =0030 0000000000000000 ffffffff 00cf9300 DPL=0 DS   [-WA]
FS =0030 0000000000000000 ffffffff 00cf9300 DPL=0 DS   [-WA]
GS =0030 0000000000000000 ffffffff 00cf9300 DPL=0 DS   [-WA]
LDT=0000 0000000000000000 0000ffff 00008200 DPL=0 LDT
TR =0000 0000000000000000 0000ffff 00008b00 DPL=0 TSS64-busy
GDT=     00000000079de000 00000047
IDT=     00000000074fa018 00000fff
CR0=80010033 CR2=0000000000000000 CR3=0000000007c01000 CR4=00000668
DR0=0000000000000000 DR1=0000000000000000 DR2=0000000000000000 DR3=0000000000000000 
DR6=00000000ffff0ff0 DR7=0000000000000400
CCS=0000000000000004 CCD=0000000000000000 CCO=EFLAGS
EFER=0000000000000d00
  1159: v=20 e=0000 i=0 cpl=0 IP=0038:0000000007052c07 pc=0000000007052c07 SP=0030:0000000007efba60 env->regs[R_EAX]=00000000070a906f
RAX=00000000070a906f RBX=0000000000000017 RCX=00000000070a9058 RDX=0000000007efbbf8
RSI=0000000000000018 RDI=0000000000000001 RBP=0000000000000000 RSP=0000000007efba60
R8 =0000000000000018 R9 =0000000000000000 R10=0000000007f19a4d R11=0000000007059f00
R12=00000000070a9058 R13=0000000007efbbf8 R14=0000000000000001 R15=0000000007efbc10
RIP=0000000007052c07 RFL=00000206 [-----P-] CPL=0 II=0 A20=1 SMM=0 HLT=0
ES =0030 0000000000000000 ffffffff 00cf9300 DPL=0 DS   [-WA]
CS =0038 0000000000000000 ffffffff 00af9a00 DPL=0 CS64 [-R-]
SS =0030 0000000000000000 ffffffff 00cf9300 DPL=0 DS   [-WA]
DS =0030 0000000000000000 ffffffff 00cf9300 DPL=0 DS   [-WA]
FS =0030 0000000000000000 ffffffff 00cf9300 DPL=0 DS   [-WA]
GS =0030 0000000000000000 ffffffff 00cf9300 DPL=0 DS   [-WA]
LDT=0000 0000000000000000 0000ffff 00008200 DPL=0 LDT
TR =0000 0000000000000000 0000ffff 00008b00 DPL=0 TSS64-busy
GDT=     00000000079de000 00000047
IDT=     00000000074fa018 00000fff
CR0=80010033 CR2=0000000000000000 CR3=0000000007c01000 CR4=00000668
DR0=0000000000000000 DR1=0000000000000000 DR2=0000000000000000 DR3=0000000000000000 
DR6=00000000ffff0ff0 DR7=0000000000000400
CCS=0000000000000004 CCD=0000000000000000 CCO=EFLAGS
EFER=0000000000000d00
  1160: v=20 e=0000 i=0 cpl=0 IP=0038:0000000007052c07 pc=0000000007052c07 SP=0030:0000000007efba60 env->regs[R_EAX]=00000000070a906f
RAX=00000000070a906f RBX=0000000000000017 RCX=00000000070a9058 RDX=0000000007efbbf8
RSI=0000000000000018 RDI=0000000000000001 RBP=0000000000000000 RSP=0000000007efba60
R8 =0000000000000018 R9 =0000000000000000 R10=0000000007f19a4d R11=0000000007059f00
R12=00000000070a9058 R13=0000000007efbbf8 R14=0000000000000001 R15=0000000007efbc10
RIP=0000000007052c07 RFL=00000206 [-----P-] CPL=0 II=0 A20=1 SMM=0 HLT=0
ES =0030 0000000000000000 ffffffff 00cf9300 DPL=0 DS   [-WA]
CS =0038 0000000000000000 ffffffff 00af9a00 DPL=0 CS64 [-R-]
SS =0030 0000000000000000 ffffffff 00cf9300 DPL=0 DS   [-WA]
DS =0030 0000000000000000 ffffffff 00cf9300 DPL=0 DS   [-WA]
FS =0030 0000000000000000 ffffffff 00cf9300 DPL=0 DS   [-WA]
GS =0030 0000000000000000 ffffffff 00cf9300 DPL=0 DS   [-WA]
LDT=0000 0000000000000000 0000ffff 00008200 DPL=0 LDT
TR =0000 0000000000000000 0000ffff 00008b00 DPL=0 TSS64-busy
GDT=     00000000079de000 00000047
IDT=     00000000074fa018 00000fff
CR0=80010033 CR2=0000000000000000 CR3=0000000007c01000 CR4=00000668
DR0=0000000000000000 DR1=0000000000000000 DR2=0000000000000000 DR3=0000000000000000 
DR6=00000000ffff0ff0 DR7=0000000000000400
CCS=0000000000000004 CCD=0000000000000000 CCO=EFLAGS
EFER=0000000000000d00
  1161: v=20 e=0000 i=0 cpl=0 IP=0038:0000000007052c07 pc=0000000007052c07 SP=0030:0000000007efba60 env->regs[R_EAX]=00000000070a906f
RAX=00000000070a906f RBX=0000000000000017 RCX=00000000070a9058 RDX=0000000007efbbf8
RSI=0000000000000018 RDI=0000000000000001 RBP=0000000000000000 RSP=0000000007efba60
R8 =0000000000000018 R9 =0000000000000000 R10=0000000007f19a4d R11=0000000007059f00
R12=00000000070a9058 R13=0000000007efbbf8 R14=0000000000000001 R15=0000000007efbc10
RIP=0000000007052c07 RFL=00000206 [-----P-] CPL=0 II=0 A20=1 SMM=0 HLT=0
ES =0030 0000000000000000 ffffffff 00cf9300 DPL=0 DS   [-WA]
CS =0038 0000000000000000 ffffffff 00af9a00 DPL=0 CS64 [-R-]
SS =0030 0000000000000000 ffffffff 00cf9300 DPL=0 DS   [-WA]
DS =0030 0000000000000000 ffffffff 00cf9300 DPL=0 DS   [-WA]
FS =0030 0000000000000000 ffffffff 00cf9300 DPL=0 DS   [-WA]
GS =0030 0000000000000000 ffffffff 00cf9300 DPL=0 DS   [-WA]
LDT=0000 0000000000000000 0000ffff 00008200 DPL=0 LDT
TR =0000 0000000000000000 0000ffff 00008b00 DPL=0 TSS64-busy
GDT=     00000000079de000 00000047
IDT=     00000000074fa018 00000fff
CR0=80010033 CR2=0000000000000000 CR3=0000000007c01000 CR4=00000668
DR0=0000000000000000 DR1=0000000000000000 DR2=0000000000000000 DR3=0000000000000000 
DR6=00000000ffff0ff0 DR7=0000000000000400
CCS=0000000000000004 CCD=0000000000000000 CCO=EFLAGS
EFER=0000000000000d00
  1162: v=20 e=0000 i=0 cpl=0 IP=0038:0000000007052c07 pc=0000000007052c07 SP=0030:0000000007efba60 env->regs[R_EAX]=00000000070a906f
RAX=00000000070a906f RBX=0000000000000017 RCX=00000000070a9058 RDX=0000000007efbbf8
RSI=0000000000000018 RDI=0000000000000001 RBP=0000000000000000 RSP=0000000007efba60
R8 =0000000000000018 R9 =0000000000000000 R10=0000000007f19a4d R11=0000000007059f00
R12=00000000070a9058 R13=0000000007efbbf8 R14=0000000000000001 R15=0000000007efbc10
RIP=0000000007052c07 RFL=00000206 [-----P-] CPL=0 II=0 A20=1 SMM=0 HLT=0
ES =0030 0000000000000000 ffffffff 00cf9300 DPL=0 DS   [-WA]
CS =0038 0000000000000000 ffffffff 00af9a00 DPL=0 CS64 [-R-]
SS =0030 0000000000000000 ffffffff 00cf9300 DPL=0 DS   [-WA]
DS =0030 0000000000000000 ffffffff 00cf9300 DPL=0 DS   [-WA]
FS =0030 0000000000000000 ffffffff 00cf9300 DPL=0 DS   [-WA]
GS =0030 0000000000000000 ffffffff 00cf9300 DPL=0 DS   [-WA]
LDT=0000 0000000000000000 0000ffff 00008200 DPL=0 LDT
TR =0000 0000000000000000 0000ffff 00008b00 DPL=0 TSS64-busy
GDT=     00000000079de000 00000047
IDT=     00000000074fa018 00000fff
CR0=80010033 CR2=0000000000000000 CR3=0000000007c01000 CR4=00000668
DR0=0000000000000000 DR1=0000000000000000 DR2=0000000000000000 DR3=0000000000000000 
DR6=00000000ffff0ff0 DR7=0000000000000400
CCS=0000000000000004 CCD=0000000000000000 CCO=EFLAGS
EFER=0000000000000d00
  1163: v=20 e=0000 i=0 cpl=0 IP=0038:0000000007052c07 pc=0000000007052c07 SP=0030:0000000007efba60 env->regs[R_EAX]=00000000070a906f
RAX=00000000070a906f RBX=0000000000000017 RCX=00000000070a9058 RDX=0000000007efbbf8
RSI=0000000000000018 RDI=0000000000000001 RBP=0000000000000000 RSP=0000000007efba60
R8 =0000000000000018 R9 =0000000000000000 R10=0000000007f19a4d R11=0000000007059f00
R12=00000000070a9058 R13=0000000007efbbf8 R14=0000000000000001 R15=0000000007efbc10
RIP=0000000007052c07 RFL=00000206 [-----P-] CPL=0 II=0 A20=1 SMM=0 HLT=0
ES =0030 0000000000000000 ffffffff 00cf9300 DPL=0 DS   [-WA]
CS =0038 0000000000000000 ffffffff 00af9a00 DPL=0 CS64 [-R-]
SS =0030 0000000000000000 ffffffff 00cf9300 DPL=0 DS   [-WA]
DS =0030 0000000000000000 ffffffff 00cf9300 DPL=0 DS   [-WA]
FS =0030 0000000000000000 ffffffff 00cf9300 DPL=0 DS   [-WA]
GS =0030 0000000000000000 ffffffff 00cf9300 DPL=0 DS   [-WA]
LDT=0000 0000000000000000 0000ffff 00008200 DPL=0 LDT
TR =0000 0000000000000000 0000ffff 00008b00 DPL=0 TSS64-busy
GDT=     00000000079de000 00000047
IDT=     00000000074fa018 00000fff
CR0=80010033 CR2=0000000000000000 CR3=0000000007c01000 CR4=00000668
DR0=0000000000000000 DR1=0000000000000000 DR2=0000000000000000 DR3=0000000000000000 
DR6=00000000ffff0ff0 DR7=0000000000000400
CCS=0000000000000004 CCD=0000000000000000 CCO=EFLAGS
EFER=0000000000000d00
  1164: v=20 e=0000 i=0 cpl=0 IP=0038:0000000007052c07 pc=0000000007052c07 SP=0030:0000000007efba60 env->regs[R_EAX]=00000000070a906f
RAX=00000000070a906f RBX=0000000000000017 RCX=00000000070a9058 RDX=0000000007efbbf8
RSI=0000000000000018 RDI=0000000000000001 RBP=0000000000000000 RSP=0000000007efba60
R8 =0000000000000018 R9 =0000000000000000 R10=0000000007f19a4d R11=0000000007059f00
R12=00000000070a9058 R13=0000000007efbbf8 R14=0000000000000001 R15=0000000007efbc10
RIP=0000000007052c07 RFL=00000206 [-----P-] CPL=0 II=0 A20=1 SMM=0 HLT=0
ES =0030 0000000000000000 ffffffff 00cf9300 DPL=0 DS   [-WA]
CS =0038 0000000000000000 ffffffff 00af9a00 DPL=0 CS64 [-R-]
SS =0030 0000000000000000 ffffffff 00cf9300 DPL=0 DS   [-WA]
DS =0030 0000000000000000 ffffffff 00cf9300 DPL=0 DS   [-WA]
FS =0030 0000000000000000 ffffffff 00cf9300 DPL=0 DS   [-WA]
GS =0030 0000000000000000 ffffffff 00cf9300 DPL=0 DS   [-WA]
LDT=0000 0000000000000000 0000ffff 00008200 DPL=0 LDT
TR =0000 0000000000000000 0000ffff 00008b00 DPL=0 TSS64-busy
GDT=     00000000079de000 00000047
IDT=     00000000074fa018 00000fff
CR0=80010033 CR2=0000000000000000 CR3=0000000007c01000 CR4=00000668
DR0=0000000000000000 DR1=0000000000000000 DR2=0000000000000000 DR3=0000000000000000 
DR6=00000000ffff0ff0 DR7=0000000000000400
CCS=0000000000000004 CCD=0000000000000000 CCO=EFLAGS
EFER=0000000000000d00
  1165: v=20 e=0000 i=0 cpl=0 IP=0038:0000000007052c07 pc=0000000007052c07 SP=0030:0000000007efba60 env->regs[R_EAX]=00000000070a906f
RAX=00000000070a906f RBX=0000000000000017 RCX=00000000070a9058 RDX=0000000007efbbf8
RSI=0000000000000018 RDI=0000000000000001 RBP=0000000000000000 RSP=0000000007efba60
R8 =0000000000000018 R9 =0000000000000000 R10=0000000007f19a4d R11=0000000007059f00
R12=00000000070a9058 R13=0000000007efbbf8 R14=0000000000000001 R15=0000000007efbc10
RIP=0000000007052c07 RFL=00000206 [-----P-] CPL=0 II=0 A20=1 SMM=0 HLT=0
ES =0030 0000000000000000 ffffffff 00cf9300 DPL=0 DS   [-WA]
CS =0038 0000000000000000 ffffffff 00af9a00 DPL=0 CS64 [-R-]
SS =0030 0000000000000000 ffffffff 00cf9300 DPL=0 DS   [-WA]
DS =0030 0000000000000000 ffffffff 00cf9300 DPL=0 DS   [-WA]
FS =0030 0000000000000000 ffffffff 00cf9300 DPL=0 DS   [-WA]
GS =0030 0000000000000000 ffffffff 00cf9300 DPL=0 DS   [-WA]
LDT=0000 0000000000000000 0000ffff 00008200 DPL=0 LDT
TR =0000 0000000000000000 0000ffff 00008b00 DPL=0 TSS64-busy
GDT=     00000000079de000 00000047
IDT=     00000000074fa018 00000fff
CR0=80010033 CR2=0000000000000000 CR3=0000000007c01000 CR4=00000668
DR0=0000000000000000 DR1=0000000000000000 DR2=0000000000000000 DR3=0000000000000000 
DR6=00000000ffff0ff0 DR7=0000000000000400
CCS=0000000000000004 CCD=0000000000000000 CCO=EFLAGS
EFER=0000000000000d00
  1166: v=20 e=0000 i=0 cpl=0 IP=0038:0000000007052c07 pc=0000000007052c07 SP=0030:0000000007efba60 env->regs[R_EAX]=00000000070a906f
RAX=00000000070a906f RBX=0000000000000017 RCX=00000000070a9058 RDX=0000000007efbbf8
RSI=0000000000000018 RDI=0000000000000001 RBP=0000000000000000 RSP=0000000007efba60
R8 =0000000000000018 R9 =0000000000000000 R10=0000000007f19a4d R11=0000000007059f00
R12=00000000070a9058 R13=0000000007efbbf8 R14=0000000000000001 R15=0000000007efbc10
RIP=0000000007052c07 RFL=00000206 [-----P-] CPL=0 II=0 A20=1 SMM=0 HLT=0
ES =0030 0000000000000000 ffffffff 00cf9300 DPL=0 DS   [-WA]
CS =0038 0000000000000000 ffffffff 00af9a00 DPL=0 CS64 [-R-]
SS =0030 0000000000000000 ffffffff 00cf9300 DPL=0 DS   [-WA]
DS =0030 0000000000000000 ffffffff 00cf9300 DPL=0 DS   [-WA]
FS =0030 0000000000000000 ffffffff 00cf9300 DPL=0 DS   [-WA]
GS =0030 0000000000000000 ffffffff 00cf9300 DPL=0 DS   [-WA]
LDT=0000 0000000000000000 0000ffff 00008200 DPL=0 LDT
TR =0000 0000000000000000 0000ffff 00008b00 DPL=0 TSS64-busy
GDT=     00000000079de000 00000047
IDT=     00000000074fa018 00000fff
CR0=80010033 CR2=0000000000000000 CR3=0000000007c01000 CR4=00000668
DR0=0000000000000000 DR1=0000000000000000 DR2=0000000000000000 DR3=0000000000000000 
DR6=00000000ffff0ff0 DR7=0000000000000400
CCS=0000000000000004 CCD=0000000000000000 CCO=EFLAGS
EFER=0000000000000d00
  1167: v=20 e=0000 i=0 cpl=0 IP=0038:0000000007052c07 pc=0000000007052c07 SP=0030:0000000007efba60 env->regs[R_EAX]=00000000070a906f
RAX=00000000070a906f RBX=0000000000000017 RCX=00000000070a9058 RDX=0000000007efbbf8
RSI=0000000000000018 RDI=0000000000000001 RBP=0000000000000000 RSP=0000000007efba60
R8 =0000000000000018 R9 =0000000000000000 R10=0000000007f19a4d R11=0000000007059f00
R12=00000000070a9058 R13=0000000007efbbf8 R14=0000000000000001 R15=0000000007efbc10
RIP=0000000007052c07 RFL=00000206 [-----P-] CPL=0 II=0 A20=1 SMM=0 HLT=0
ES =0030 0000000000000000 ffffffff 00cf9300 DPL=0 DS   [-WA]
CS =0038 0000000000000000 ffffffff 00af9a00 DPL=0 CS64 [-R-]
SS =0030 0000000000000000 ffffffff 00cf9300 DPL=0 DS   [-WA]
DS =0030 0000000000000000 ffffffff 00cf9300 DPL=0 DS   [-WA]
FS =0030 0000000000000000 ffffffff 00cf9300 DPL=0 DS   [-WA]
GS =0030 0000000000000000 ffffffff 00cf9300 DPL=0 DS   [-WA]
LDT=0000 0000000000000000 0000ffff 00008200 DPL=0 LDT
TR =0000 0000000000000000 0000ffff 00008b00 DPL=0 TSS64-busy
GDT=     00000000079de000 00000047
IDT=     00000000074fa018 00000fff
CR0=80010033 CR2=0000000000000000 CR3=0000000007c01000 CR4=00000668
DR0=0000000000000000 DR1=0000000000000000 DR2=0000000000000000 DR3=0000000000000000 
DR6=00000000ffff0ff0 DR7=0000000000000400
CCS=0000000000000004 CCD=0000000000000000 CCO=EFLAGS
EFER=0000000000000d00
  1168: v=20 e=0000 i=0 cpl=0 IP=0038:0000000007052c07 pc=0000000007052c07 SP=0030:0000000007efba60 env->regs[R_EAX]=00000000070a906f
RAX=00000000070a906f RBX=0000000000000017 RCX=00000000070a9058 RDX=0000000007efbbf8
RSI=0000000000000018 RDI=0000000000000001 RBP=0000000000000000 RSP=0000000007efba60
R8 =0000000000000018 R9 =0000000000000000 R10=0000000007f19a4d R11=0000000007059f00
R12=00000000070a9058 R13=0000000007efbbf8 R14=0000000000000001 R15=0000000007efbc10
RIP=0000000007052c07 RFL=00000206 [-----P-] CPL=0 II=0 A20=1 SMM=0 HLT=0
ES =0030 0000000000000000 ffffffff 00cf9300 DPL=0 DS   [-WA]
CS =0038 0000000000000000 ffffffff 00af9a00 DPL=0 CS64 [-R-]
SS =0030 0000000000000000 ffffffff 00cf9300 DPL=0 DS   [-WA]
DS =0030 0000000000000000 ffffffff 00cf9300 DPL=0 DS   [-WA]
FS =0030 0000000000000000 ffffffff 00cf9300 DPL=0 DS   [-WA]
GS =0030 0000000000000000 ffffffff 00cf9300 DPL=0 DS   [-WA]
LDT=0000 0000000000000000 0000ffff 00008200 DPL=0 LDT
TR =0000 0000000000000000 0000ffff 00008b00 DPL=0 TSS64-busy
GDT=     00000000079de000 00000047
IDT=     00000000074fa018 00000fff
CR0=80010033 CR2=0000000000000000 CR3=0000000007c01000 CR4=00000668
DR0=0000000000000000 DR1=0000000000000000 DR2=0000000000000000 DR3=0000000000000000 
DR6=00000000ffff0ff0 DR7=0000000000000400
CCS=0000000000000004 CCD=0000000000000000 CCO=EFLAGS
EFER=0000000000000d00
  1169: v=20 e=0000 i=0 cpl=0 IP=0038:0000000007052c07 pc=0000000007052c07 SP=0030:0000000007efba60 env->regs[R_EAX]=00000000070a906f
RAX=00000000070a906f RBX=0000000000000017 RCX=00000000070a9058 RDX=0000000007efbbf8
RSI=0000000000000018 RDI=0000000000000001 RBP=0000000000000000 RSP=0000000007efba60
R8 =0000000000000018 R9 =0000000000000000 R10=0000000007f19a4d R11=0000000007059f00
R12=00000000070a9058 R13=0000000007efbbf8 R14=0000000000000001 R15=0000000007efbc10
RIP=0000000007052c07 RFL=00000206 [-----P-] CPL=0 II=0 A20=1 SMM=0 HLT=0
ES =0030 0000000000000000 ffffffff 00cf9300 DPL=0 DS   [-WA]
CS =0038 0000000000000000 ffffffff 00af9a00 DPL=0 CS64 [-R-]
SS =0030 0000000000000000 ffffffff 00cf9300 DPL=0 DS   [-WA]
DS =0030 0000000000000000 ffffffff 00cf9300 DPL=0 DS   [-WA]
FS =0030 0000000000000000 ffffffff 00cf9300 DPL=0 DS   [-WA]
GS =0030 0000000000000000 ffffffff 00cf9300 DPL=0 DS   [-WA]
LDT=0000 0000000000000000 0000ffff 00008200 DPL=0 LDT
TR =0000 0000000000000000 0000ffff 00008b00 DPL=0 TSS64-busy
GDT=     00000000079de000 00000047
IDT=     00000000074fa018 00000fff
CR0=80010033 CR2=0000000000000000 CR3=0000000007c01000 CR4=00000668
DR0=0000000000000000 DR1=0000000000000000 DR2=0000000000000000 DR3=0000000000000000 
DR6=00000000ffff0ff0 DR7=0000000000000400
CCS=0000000000000004 CCD=0000000000000000 CCO=EFLAGS
EFER=0000000000000d00
  1170: v=20 e=0000 i=0 cpl=0 IP=0038:0000000007052c07 pc=0000000007052c07 SP=0030:0000000007efba60 env->regs[R_EAX]=00000000070a906f
RAX=00000000070a906f RBX=0000000000000017 RCX=00000000070a9058 RDX=0000000007efbbf8
RSI=0000000000000018 RDI=0000000000000001 RBP=0000000000000000 RSP=0000000007efba60
R8 =0000000000000018 R9 =0000000000000000 R10=0000000007f19a4d R11=0000000007059f00
R12=00000000070a9058 R13=0000000007efbbf8 R14=0000000000000001 R15=0000000007efbc10
RIP=0000000007052c07 RFL=00000206 [-----P-] CPL=0 II=0 A20=1 SMM=0 HLT=0
ES =0030 0000000000000000 ffffffff 00cf9300 DPL=0 DS   [-WA]
CS =0038 0000000000000000 ffffffff 00af9a00 DPL=0 CS64 [-R-]
SS =0030 0000000000000000 ffffffff 00cf9300 DPL=0 DS   [-WA]
DS =0030 0000000000000000 ffffffff 00cf9300 DPL=0 DS   [-WA]
FS =0030 0000000000000000 ffffffff 00cf9300 DPL=0 DS   [-WA]
GS =0030 0000000000000000 ffffffff 00cf9300 DPL=0 DS   [-WA]
LDT=0000 0000000000000000 0000ffff 00008200 DPL=0 LDT
TR =0000 0000000000000000 0000ffff 00008b00 DPL=0 TSS64-busy
GDT=     00000000079de000 00000047
IDT=     00000000074fa018 00000fff
CR0=80010033 CR2=0000000000000000 CR3=0000000007c01000 CR4=00000668
DR0=0000000000000000 DR1=0000000000000000 DR2=0000000000000000 DR3=0000000000000000 
DR6=00000000ffff0ff0 DR7=0000000000000400
CCS=0000000000000004 CCD=0000000000000000 CCO=EFLAGS
EFER=0000000000000d00
  1171: v=20 e=0000 i=0 cpl=0 IP=0038:0000000007052c07 pc=0000000007052c07 SP=0030:0000000007efba60 env->regs[R_EAX]=00000000070a906f
RAX=00000000070a906f RBX=0000000000000017 RCX=00000000070a9058 RDX=0000000007efbbf8
RSI=0000000000000018 RDI=0000000000000001 RBP=0000000000000000 RSP=0000000007efba60
R8 =0000000000000018 R9 =0000000000000000 R10=0000000007f19a4d R11=0000000007059f00
R12=00000000070a9058 R13=0000000007efbbf8 R14=0000000000000001 R15=0000000007efbc10
RIP=0000000007052c07 RFL=00000206 [-----P-] CPL=0 II=0 A20=1 SMM=0 HLT=0
ES =0030 0000000000000000 ffffffff 00cf9300 DPL=0 DS   [-WA]
CS =0038 0000000000000000 ffffffff 00af9a00 DPL=0 CS64 [-R-]
SS =0030 0000000000000000 ffffffff 00cf9300 DPL=0 DS   [-WA]
DS =0030 0000000000000000 ffffffff 00cf9300 DPL=0 DS   [-WA]
FS =0030 0000000000000000 ffffffff 00cf9300 DPL=0 DS   [-WA]
GS =0030 0000000000000000 ffffffff 00cf9300 DPL=0 DS   [-WA]
LDT=0000 0000000000000000 0000ffff 00008200 DPL=0 LDT
TR =0000 0000000000000000 0000ffff 00008b00 DPL=0 TSS64-busy
GDT=     00000000079de000 00000047
IDT=     00000000074fa018 00000fff
CR0=80010033 CR2=0000000000000000 CR3=0000000007c01000 CR4=00000668
DR0=0000000000000000 DR1=0000000000000000 DR2=0000000000000000 DR3=0000000000000000 
DR6=00000000ffff0ff0 DR7=0000000000000400
CCS=0000000000000004 CCD=0000000000000000 CCO=EFLAGS
EFER=0000000000000d00
  1172: v=20 e=0000 i=0 cpl=0 IP=0038:0000000007052c07 pc=0000000007052c07 SP=0030:0000000007efba60 env->regs[R_EAX]=00000000070a906f
RAX=00000000070a906f RBX=0000000000000017 RCX=00000000070a9058 RDX=0000000007efbbf8
RSI=0000000000000018 RDI=0000000000000001 RBP=0000000000000000 RSP=0000000007efba60
R8 =0000000000000018 R9 =0000000000000000 R10=0000000007f19a4d R11=0000000007059f00
R12=00000000070a9058 R13=0000000007efbbf8 R14=0000000000000001 R15=0000000007efbc10
RIP=0000000007052c07 RFL=00000206 [-----P-] CPL=0 II=0 A20=1 SMM=0 HLT=0
ES =0030 0000000000000000 ffffffff 00cf9300 DPL=0 DS   [-WA]
CS =0038 0000000000000000 ffffffff 00af9a00 DPL=0 CS64 [-R-]
SS =0030 0000000000000000 ffffffff 00cf9300 DPL=0 DS   [-WA]
DS =0030 0000000000000000 ffffffff 00cf9300 DPL=0 DS   [-WA]
FS =0030 0000000000000000 ffffffff 00cf9300 DPL=0 DS   [-WA]
GS =0030 0000000000000000 ffffffff 00cf9300 DPL=0 DS   [-WA]
LDT=0000 0000000000000000 0000ffff 00008200 DPL=0 LDT
TR =0000 0000000000000000 0000ffff 00008b00 DPL=0 TSS64-busy
GDT=     00000000079de000 00000047
IDT=     00000000074fa018 00000fff
CR0=80010033 CR2=0000000000000000 CR3=0000000007c01000 CR4=00000668
DR0=0000000000000000 DR1=0000000000000000 DR2=0000000000000000 DR3=0000000000000000 
DR6=00000000ffff0ff0 DR7=0000000000000400
CCS=0000000000000004 CCD=0000000000000000 CCO=EFLAGS
EFER=0000000000000d00
  1173: v=20 e=0000 i=0 cpl=0 IP=0038:0000000007052c07 pc=0000000007052c07 SP=0030:0000000007efba60 env->regs[R_EAX]=00000000070a906f
RAX=00000000070a906f RBX=0000000000000017 RCX=00000000070a9058 RDX=0000000007efbbf8
RSI=0000000000000018 RDI=0000000000000001 RBP=0000000000000000 RSP=0000000007efba60
R8 =0000000000000018 R9 =0000000000000000 R10=0000000007f19a4d R11=0000000007059f00
R12=00000000070a9058 R13=0000000007efbbf8 R14=0000000000000001 R15=0000000007efbc10
RIP=0000000007052c07 RFL=00000206 [-----P-] CPL=0 II=0 A20=1 SMM=0 HLT=0
ES =0030 0000000000000000 ffffffff 00cf9300 DPL=0 DS   [-WA]
CS =0038 0000000000000000 ffffffff 00af9a00 DPL=0 CS64 [-R-]
SS =0030 0000000000000000 ffffffff 00cf9300 DPL=0 DS   [-WA]
DS =0030 0000000000000000 ffffffff 00cf9300 DPL=0 DS   [-WA]
FS =0030 0000000000000000 ffffffff 00cf9300 DPL=0 DS   [-WA]
GS =0030 0000000000000000 ffffffff 00cf9300 DPL=0 DS   [-WA]
LDT=0000 0000000000000000 0000ffff 00008200 DPL=0 LDT
TR =0000 0000000000000000 0000ffff 00008b00 DPL=0 TSS64-busy
GDT=     00000000079de000 00000047
IDT=     00000000074fa018 00000fff
CR0=80010033 CR2=0000000000000000 CR3=0000000007c01000 CR4=00000668
DR0=0000000000000000 DR1=0000000000000000 DR2=0000000000000000 DR3=0000000000000000 
DR6=00000000ffff0ff0 DR7=0000000000000400
CCS=0000000000000004 CCD=0000000000000000 CCO=EFLAGS
EFER=0000000000000d00
  1174: v=20 e=0000 i=0 cpl=0 IP=0038:0000000007052c07 pc=0000000007052c07 SP=0030:0000000007efba60 env->regs[R_EAX]=00000000070a906f
RAX=00000000070a906f RBX=0000000000000017 RCX=00000000070a9058 RDX=0000000007efbbf8
RSI=0000000000000018 RDI=0000000000000001 RBP=0000000000000000 RSP=0000000007efba60
R8 =0000000000000018 R9 =0000000000000000 R10=0000000007f19a4d R11=0000000007059f00
R12=00000000070a9058 R13=0000000007efbbf8 R14=0000000000000001 R15=0000000007efbc10
RIP=0000000007052c07 RFL=00000206 [-----P-] CPL=0 II=0 A20=1 SMM=0 HLT=0
ES =0030 0000000000000000 ffffffff 00cf9300 DPL=0 DS   [-WA]
CS =0038 0000000000000000 ffffffff 00af9a00 DPL=0 CS64 [-R-]
SS =0030 0000000000000000 ffffffff 00cf9300 DPL=0 DS   [-WA]
DS =0030 0000000000000000 ffffffff 00cf9300 DPL=0 DS   [-WA]
FS =0030 0000000000000000 ffffffff 00cf9300 DPL=0 DS   [-WA]
GS =0030 0000000000000000 ffffffff 00cf9300 DPL=0 DS   [-WA]
LDT=0000 0000000000000000 0000ffff 00008200 DPL=0 LDT
TR =0000 0000000000000000 0000ffff 00008b00 DPL=0 TSS64-busy
GDT=     00000000079de000 00000047
IDT=     00000000074fa018 00000fff
CR0=80010033 CR2=0000000000000000 CR3=0000000007c01000 CR4=00000668
DR0=0000000000000000 DR1=0000000000000000 DR2=0000000000000000 DR3=0000000000000000 
DR6=00000000ffff0ff0 DR7=0000000000000400
CCS=0000000000000004 CCD=0000000000000000 CCO=EFLAGS
EFER=0000000000000d00
  1175: v=20 e=0000 i=0 cpl=0 IP=0038:0000000007052c07 pc=0000000007052c07 SP=0030:0000000007efba60 env->regs[R_EAX]=00000000070a906f
RAX=00000000070a906f RBX=0000000000000017 RCX=00000000070a9058 RDX=0000000007efbbf8
RSI=0000000000000018 RDI=0000000000000001 RBP=0000000000000000 RSP=0000000007efba60
R8 =0000000000000018 R9 =0000000000000000 R10=0000000007f19a4d R11=0000000007059f00
R12=00000000070a9058 R13=0000000007efbbf8 R14=0000000000000001 R15=0000000007efbc10
RIP=0000000007052c07 RFL=00000206 [-----P-] CPL=0 II=0 A20=1 SMM=0 HLT=0
ES =0030 0000000000000000 ffffffff 00cf9300 DPL=0 DS   [-WA]
CS =0038 0000000000000000 ffffffff 00af9a00 DPL=0 CS64 [-R-]
SS =0030 0000000000000000 ffffffff 00cf9300 DPL=0 DS   [-WA]
DS =0030 0000000000000000 ffffffff 00cf9300 DPL=0 DS   [-WA]
FS =0030 0000000000000000 ffffffff 00cf9300 DPL=0 DS   [-WA]
GS =0030 0000000000000000 ffffffff 00cf9300 DPL=0 DS   [-WA]
LDT=0000 0000000000000000 0000ffff 00008200 DPL=0 LDT
TR =0000 0000000000000000 0000ffff 00008b00 DPL=0 TSS64-busy
GDT=     00000000079de000 00000047
IDT=     00000000074fa018 00000fff
CR0=80010033 CR2=0000000000000000 CR3=0000000007c01000 CR4=00000668
DR0=0000000000000000 DR1=0000000000000000 DR2=0000000000000000 DR3=0000000000000000 
DR6=00000000ffff0ff0 DR7=0000000000000400
CCS=0000000000000004 CCD=0000000000000000 CCO=EFLAGS
EFER=0000000000000d00
  1176: v=20 e=0000 i=0 cpl=0 IP=0038:0000000007052c07 pc=0000000007052c07 SP=0030:0000000007efba60 env->regs[R_EAX]=00000000070a906f
RAX=00000000070a906f RBX=0000000000000017 RCX=00000000070a9058 RDX=0000000007efbbf8
RSI=0000000000000018 RDI=0000000000000001 RBP=0000000000000000 RSP=0000000007efba60
R8 =0000000000000018 R9 =0000000000000000 R10=0000000007f19a4d R11=0000000007059f00
R12=00000000070a9058 R13=0000000007efbbf8 R14=0000000000000001 R15=0000000007efbc10
RIP=0000000007052c07 RFL=00000206 [-----P-] CPL=0 II=0 A20=1 SMM=0 HLT=0
ES =0030 0000000000000000 ffffffff 00cf9300 DPL=0 DS   [-WA]
CS =0038 0000000000000000 ffffffff 00af9a00 DPL=0 CS64 [-R-]
SS =0030 0000000000000000 ffffffff 00cf9300 DPL=0 DS   [-WA]
DS =0030 0000000000000000 ffffffff 00cf9300 DPL=0 DS   [-WA]
FS =0030 0000000000000000 ffffffff 00cf9300 DPL=0 DS   [-WA]
GS =0030 0000000000000000 ffffffff 00cf9300 DPL=0 DS   [-WA]
LDT=0000 0000000000000000 0000ffff 00008200 DPL=0 LDT
TR =0000 0000000000000000 0000ffff 00008b00 DPL=0 TSS64-busy
GDT=     00000000079de000 00000047
IDT=     00000000074fa018 00000fff
CR0=80010033 CR2=0000000000000000 CR3=0000000007c01000 CR4=00000668
DR0=0000000000000000 DR1=0000000000000000 DR2=0000000000000000 DR3=0000000000000000 
DR6=00000000ffff0ff0 DR7=0000000000000400
CCS=0000000000000004 CCD=0000000000000000 CCO=EFLAGS
EFER=0000000000000d00
  1177: v=20 e=0000 i=0 cpl=0 IP=0038:0000000007052c07 pc=0000000007052c07 SP=0030:0000000007efba60 env->regs[R_EAX]=00000000070a906f
RAX=00000000070a906f RBX=0000000000000017 RCX=00000000070a9058 RDX=0000000007efbbf8
RSI=0000000000000018 RDI=0000000000000001 RBP=0000000000000000 RSP=0000000007efba60
R8 =0000000000000018 R9 =0000000000000000 R10=0000000007f19a4d R11=0000000007059f00
R12=00000000070a9058 R13=0000000007efbbf8 R14=0000000000000001 R15=0000000007efbc10
RIP=0000000007052c07 RFL=00000206 [-----P-] CPL=0 II=0 A20=1 SMM=0 HLT=0
ES =0030 0000000000000000 ffffffff 00cf9300 DPL=0 DS   [-WA]
CS =0038 0000000000000000 ffffffff 00af9a00 DPL=0 CS64 [-R-]
SS =0030 0000000000000000 ffffffff 00cf9300 DPL=0 DS   [-WA]
DS =0030 0000000000000000 ffffffff 00cf9300 DPL=0 DS   [-WA]
FS =0030 0000000000000000 ffffffff 00cf9300 DPL=0 DS   [-WA]
GS =0030 0000000000000000 ffffffff 00cf9300 DPL=0 DS   [-WA]
LDT=0000 0000000000000000 0000ffff 00008200 DPL=0 LDT
TR =0000 0000000000000000 0000ffff 00008b00 DPL=0 TSS64-busy
GDT=     00000000079de000 00000047
IDT=     00000000074fa018 00000fff
CR0=80010033 CR2=0000000000000000 CR3=0000000007c01000 CR4=00000668
DR0=0000000000000000 DR1=0000000000000000 DR2=0000000000000000 DR3=0000000000000000 
DR6=00000000ffff0ff0 DR7=0000000000000400
CCS=0000000000000004 CCD=0000000000000000 CCO=EFLAGS
EFER=0000000000000d00
  1178: v=20 e=0000 i=0 cpl=0 IP=0038:0000000007052c07 pc=0000000007052c07 SP=0030:0000000007efba60 env->regs[R_EAX]=00000000070a906f
RAX=00000000070a906f RBX=0000000000000017 RCX=00000000070a9058 RDX=0000000007efbbf8
RSI=0000000000000018 RDI=0000000000000001 RBP=0000000000000000 RSP=0000000007efba60
R8 =0000000000000018 R9 =0000000000000000 R10=0000000007f19a4d R11=0000000007059f00
R12=00000000070a9058 R13=0000000007efbbf8 R14=0000000000000001 R15=0000000007efbc10
RIP=0000000007052c07 RFL=00000206 [-----P-] CPL=0 II=0 A20=1 SMM=0 HLT=0
ES =0030 0000000000000000 ffffffff 00cf9300 DPL=0 DS   [-WA]
CS =0038 0000000000000000 ffffffff 00af9a00 DPL=0 CS64 [-R-]
SS =0030 0000000000000000 ffffffff 00cf9300 DPL=0 DS   [-WA]
DS =0030 0000000000000000 ffffffff 00cf9300 DPL=0 DS   [-WA]
FS =0030 0000000000000000 ffffffff 00cf9300 DPL=0 DS   [-WA]
GS =0030 0000000000000000 ffffffff 00cf9300 DPL=0 DS   [-WA]
LDT=0000 0000000000000000 0000ffff 00008200 DPL=0 LDT
TR =0000 0000000000000000 0000ffff 00008b00 DPL=0 TSS64-busy
GDT=     00000000079de000 00000047
IDT=     00000000074fa018 00000fff
CR0=80010033 CR2=0000000000000000 CR3=0000000007c01000 CR4=00000668
DR0=0000000000000000 DR1=0000000000000000 DR2=0000000000000000 DR3=0000000000000000 
DR6=00000000ffff0ff0 DR7=0000000000000400
CCS=0000000000000004 CCD=0000000000000000 CCO=EFLAGS
EFER=0000000000000d00
  1179: v=20 e=0000 i=0 cpl=0 IP=0038:0000000007052c07 pc=0000000007052c07 SP=0030:0000000007efba60 env->regs[R_EAX]=00000000070a906f
RAX=00000000070a906f RBX=0000000000000017 RCX=00000000070a9058 RDX=0000000007efbbf8
RSI=0000000000000018 RDI=0000000000000001 RBP=0000000000000000 RSP=0000000007efba60
R8 =0000000000000018 R9 =0000000000000000 R10=0000000007f19a4d R11=0000000007059f00
R12=00000000070a9058 R13=0000000007efbbf8 R14=0000000000000001 R15=0000000007efbc10
RIP=0000000007052c07 RFL=00000206 [-----P-] CPL=0 II=0 A20=1 SMM=0 HLT=0
ES =0030 0000000000000000 ffffffff 00cf9300 DPL=0 DS   [-WA]
CS =0038 0000000000000000 ffffffff 00af9a00 DPL=0 CS64 [-R-]
SS =0030 0000000000000000 ffffffff 00cf9300 DPL=0 DS   [-WA]
DS =0030 0000000000000000 ffffffff 00cf9300 DPL=0 DS   [-WA]
FS =0030 0000000000000000 ffffffff 00cf9300 DPL=0 DS   [-WA]
GS =0030 0000000000000000 ffffffff 00cf9300 DPL=0 DS   [-WA]
LDT=0000 0000000000000000 0000ffff 00008200 DPL=0 LDT
TR =0000 0000000000000000 0000ffff 00008b00 DPL=0 TSS64-busy
GDT=     00000000079de000 00000047
IDT=     00000000074fa018 00000fff
CR0=80010033 CR2=0000000000000000 CR3=0000000007c01000 CR4=00000668
DR0=0000000000000000 DR1=0000000000000000 DR2=0000000000000000 DR3=0000000000000000 
DR6=00000000ffff0ff0 DR7=0000000000000400
CCS=0000000000000004 CCD=0000000000000000 CCO=EFLAGS
EFER=0000000000000d00
  1180: v=20 e=0000 i=0 cpl=0 IP=0038:0000000007052c07 pc=0000000007052c07 SP=0030:0000000007efba60 env->regs[R_EAX]=00000000070a906f
RAX=00000000070a906f RBX=0000000000000017 RCX=00000000070a9058 RDX=0000000007efbbf8
RSI=0000000000000018 RDI=0000000000000001 RBP=0000000000000000 RSP=0000000007efba60
R8 =0000000000000018 R9 =0000000000000000 R10=0000000007f19a4d R11=0000000007059f00
R12=00000000070a9058 R13=0000000007efbbf8 R14=0000000000000001 R15=0000000007efbc10
RIP=0000000007052c07 RFL=00000206 [-----P-] CPL=0 II=0 A20=1 SMM=0 HLT=0
ES =0030 0000000000000000 ffffffff 00cf9300 DPL=0 DS   [-WA]
CS =0038 0000000000000000 ffffffff 00af9a00 DPL=0 CS64 [-R-]
SS =0030 0000000000000000 ffffffff 00cf9300 DPL=0 DS   [-WA]
DS =0030 0000000000000000 ffffffff 00cf9300 DPL=0 DS   [-WA]
FS =0030 0000000000000000 ffffffff 00cf9300 DPL=0 DS   [-WA]
GS =0030 0000000000000000 ffffffff 00cf9300 DPL=0 DS   [-WA]
LDT=0000 0000000000000000 0000ffff 00008200 DPL=0 LDT
TR =0000 0000000000000000 0000ffff 00008b00 DPL=0 TSS64-busy
GDT=     00000000079de000 00000047
IDT=     00000000074fa018 00000fff
CR0=80010033 CR2=0000000000000000 CR3=0000000007c01000 CR4=00000668
DR0=0000000000000000 DR1=0000000000000000 DR2=0000000000000000 DR3=0000000000000000 
DR6=00000000ffff0ff0 DR7=0000000000000400
CCS=0000000000000004 CCD=0000000000000000 CCO=EFLAGS
EFER=0000000000000d00
  1181: v=20 e=0000 i=0 cpl=0 IP=0038:0000000007052c07 pc=0000000007052c07 SP=0030:0000000007efba60 env->regs[R_EAX]=00000000070a906f
RAX=00000000070a906f RBX=0000000000000017 RCX=00000000070a9058 RDX=0000000007efbbf8
RSI=0000000000000018 RDI=0000000000000001 RBP=0000000000000000 RSP=0000000007efba60
R8 =0000000000000018 R9 =0000000000000000 R10=0000000007f19a4d R11=0000000007059f00
R12=00000000070a9058 R13=0000000007efbbf8 R14=0000000000000001 R15=0000000007efbc10
RIP=0000000007052c07 RFL=00000206 [-----P-] CPL=0 II=0 A20=1 SMM=0 HLT=0
ES =0030 0000000000000000 ffffffff 00cf9300 DPL=0 DS   [-WA]
CS =0038 0000000000000000 ffffffff 00af9a00 DPL=0 CS64 [-R-]
SS =0030 0000000000000000 ffffffff 00cf9300 DPL=0 DS   [-WA]
DS =0030 0000000000000000 ffffffff 00cf9300 DPL=0 DS   [-WA]
FS =0030 0000000000000000 ffffffff 00cf9300 DPL=0 DS   [-WA]
GS =0030 0000000000000000 ffffffff 00cf9300 DPL=0 DS   [-WA]
LDT=0000 0000000000000000 0000ffff 00008200 DPL=0 LDT
TR =0000 0000000000000000 0000ffff 00008b00 DPL=0 TSS64-busy
GDT=     00000000079de000 00000047
IDT=     00000000074fa018 00000fff
CR0=80010033 CR2=0000000000000000 CR3=0000000007c01000 CR4=00000668
DR0=0000000000000000 DR1=0000000000000000 DR2=0000000000000000 DR3=0000000000000000 
DR6=00000000ffff0ff0 DR7=0000000000000400
CCS=0000000000000004 CCD=0000000000000000 CCO=EFLAGS
EFER=0000000000000d00
  1182: v=20 e=0000 i=0 cpl=0 IP=0038:0000000007052c07 pc=0000000007052c07 SP=0030:0000000007efba60 env->regs[R_EAX]=00000000070a906f
RAX=00000000070a906f RBX=0000000000000017 RCX=00000000070a9058 RDX=0000000007efbbf8
RSI=0000000000000018 RDI=0000000000000001 RBP=0000000000000000 RSP=0000000007efba60
R8 =0000000000000018 R9 =0000000000000000 R10=0000000007f19a4d R11=0000000007059f00
R12=00000000070a9058 R13=0000000007efbbf8 R14=0000000000000001 R15=0000000007efbc10
RIP=0000000007052c07 RFL=00000206 [-----P-] CPL=0 II=0 A20=1 SMM=0 HLT=0
ES =0030 0000000000000000 ffffffff 00cf9300 DPL=0 DS   [-WA]
CS =0038 0000000000000000 ffffffff 00af9a00 DPL=0 CS64 [-R-]
SS =0030 0000000000000000 ffffffff 00cf9300 DPL=0 DS   [-WA]
DS =0030 0000000000000000 ffffffff 00cf9300 DPL=0 DS   [-WA]
FS =0030 0000000000000000 ffffffff 00cf9300 DPL=0 DS   [-WA]
GS =0030 0000000000000000 ffffffff 00cf9300 DPL=0 DS   [-WA]
LDT=0000 0000000000000000 0000ffff 00008200 DPL=0 LDT
TR =0000 0000000000000000 0000ffff 00008b00 DPL=0 TSS64-busy
GDT=     00000000079de000 00000047
IDT=     00000000074fa018 00000fff
CR0=80010033 CR2=0000000000000000 CR3=0000000007c01000 CR4=00000668
DR0=0000000000000000 DR1=0000000000000000 DR2=0000000000000000 DR3=0000000000000000 
DR6=00000000ffff0ff0 DR7=0000000000000400
CCS=0000000000000004 CCD=0000000000000000 CCO=EFLAGS
EFER=0000000000000d00
  1183: v=20 e=0000 i=0 cpl=0 IP=0038:0000000007052c07 pc=0000000007052c07 SP=0030:0000000007efba60 env->regs[R_EAX]=00000000070a906f
RAX=00000000070a906f RBX=0000000000000017 RCX=00000000070a9058 RDX=0000000007efbbf8
RSI=0000000000000018 RDI=0000000000000001 RBP=0000000000000000 RSP=0000000007efba60
R8 =0000000000000018 R9 =0000000000000000 R10=0000000007f19a4d R11=0000000007059f00
R12=00000000070a9058 R13=0000000007efbbf8 R14=0000000000000001 R15=0000000007efbc10
RIP=0000000007052c07 RFL=00000206 [-----P-] CPL=0 II=0 A20=1 SMM=0 HLT=0
ES =0030 0000000000000000 ffffffff 00cf9300 DPL=0 DS   [-WA]
CS =0038 0000000000000000 ffffffff 00af9a00 DPL=0 CS64 [-R-]
SS =0030 0000000000000000 ffffffff 00cf9300 DPL=0 DS   [-WA]
DS =0030 0000000000000000 ffffffff 00cf9300 DPL=0 DS   [-WA]
FS =0030 0000000000000000 ffffffff 00cf9300 DPL=0 DS   [-WA]
GS =0030 0000000000000000 ffffffff 00cf9300 DPL=0 DS   [-WA]
LDT=0000 0000000000000000 0000ffff 00008200 DPL=0 LDT
TR =0000 0000000000000000 0000ffff 00008b00 DPL=0 TSS64-busy
GDT=     00000000079de000 00000047
IDT=     00000000074fa018 00000fff
CR0=80010033 CR2=0000000000000000 CR3=0000000007c01000 CR4=00000668
DR0=0000000000000000 DR1=0000000000000000 DR2=0000000000000000 DR3=0000000000000000 
DR6=00000000ffff0ff0 DR7=0000000000000400
CCS=0000000000000004 CCD=0000000000000000 CCO=EFLAGS
EFER=0000000000000d00
  1184: v=20 e=0000 i=0 cpl=0 IP=0038:0000000007052c07 pc=0000000007052c07 SP=0030:0000000007efba60 env->regs[R_EAX]=00000000070a906f
RAX=00000000070a906f RBX=0000000000000017 RCX=00000000070a9058 RDX=0000000007efbbf8
RSI=0000000000000018 RDI=0000000000000001 RBP=0000000000000000 RSP=0000000007efba60
R8 =0000000000000018 R9 =0000000000000000 R10=0000000007f19a4d R11=0000000007059f00
R12=00000000070a9058 R13=0000000007efbbf8 R14=0000000000000001 R15=0000000007efbc10
RIP=0000000007052c07 RFL=00000206 [-----P-] CPL=0 II=0 A20=1 SMM=0 HLT=0
ES =0030 0000000000000000 ffffffff 00cf9300 DPL=0 DS   [-WA]
CS =0038 0000000000000000 ffffffff 00af9a00 DPL=0 CS64 [-R-]
SS =0030 0000000000000000 ffffffff 00cf9300 DPL=0 DS   [-WA]
DS =0030 0000000000000000 ffffffff 00cf9300 DPL=0 DS   [-WA]
FS =0030 0000000000000000 ffffffff 00cf9300 DPL=0 DS   [-WA]
GS =0030 0000000000000000 ffffffff 00cf9300 DPL=0 DS   [-WA]
LDT=0000 0000000000000000 0000ffff 00008200 DPL=0 LDT
TR =0000 0000000000000000 0000ffff 00008b00 DPL=0 TSS64-busy
GDT=     00000000079de000 00000047
IDT=     00000000074fa018 00000fff
CR0=80010033 CR2=0000000000000000 CR3=0000000007c01000 CR4=00000668
DR0=0000000000000000 DR1=0000000000000000 DR2=0000000000000000 DR3=0000000000000000 
DR6=00000000ffff0ff0 DR7=0000000000000400
CCS=0000000000000004 CCD=0000000000000000 CCO=EFLAGS
EFER=0000000000000d00
  1185: v=20 e=0000 i=0 cpl=0 IP=0038:0000000007052c07 pc=0000000007052c07 SP=0030:0000000007efba60 env->regs[R_EAX]=00000000070a906f
RAX=00000000070a906f RBX=0000000000000017 RCX=00000000070a9058 RDX=0000000007efbbf8
RSI=0000000000000018 RDI=0000000000000001 RBP=0000000000000000 RSP=0000000007efba60
R8 =0000000000000018 R9 =0000000000000000 R10=0000000007f19a4d R11=0000000007059f00
R12=00000000070a9058 R13=0000000007efbbf8 R14=0000000000000001 R15=0000000007efbc10
RIP=0000000007052c07 RFL=00000206 [-----P-] CPL=0 II=0 A20=1 SMM=0 HLT=0
ES =0030 0000000000000000 ffffffff 00cf9300 DPL=0 DS   [-WA]
CS =0038 0000000000000000 ffffffff 00af9a00 DPL=0 CS64 [-R-]
SS =0030 0000000000000000 ffffffff 00cf9300 DPL=0 DS   [-WA]
DS =0030 0000000000000000 ffffffff 00cf9300 DPL=0 DS   [-WA]
FS =0030 0000000000000000 ffffffff 00cf9300 DPL=0 DS   [-WA]
GS =0030 0000000000000000 ffffffff 00cf9300 DPL=0 DS   [-WA]
LDT=0000 0000000000000000 0000ffff 00008200 DPL=0 LDT
TR =0000 0000000000000000 0000ffff 00008b00 DPL=0 TSS64-busy
GDT=     00000000079de000 00000047
IDT=     00000000074fa018 00000fff
CR0=80010033 CR2=0000000000000000 CR3=0000000007c01000 CR4=00000668
DR0=0000000000000000 DR1=0000000000000000 DR2=0000000000000000 DR3=0000000000000000 
DR6=00000000ffff0ff0 DR7=0000000000000400
CCS=0000000000000004 CCD=0000000000000000 CCO=EFLAGS
EFER=0000000000000d00
  1186: v=20 e=0000 i=0 cpl=0 IP=0038:0000000007052c07 pc=0000000007052c07 SP=0030:0000000007efba60 env->regs[R_EAX]=00000000070a906f
RAX=00000000070a906f RBX=0000000000000017 RCX=00000000070a9058 RDX=0000000007efbbf8
RSI=0000000000000018 RDI=0000000000000001 RBP=0000000000000000 RSP=0000000007efba60
R8 =0000000000000018 R9 =0000000000000000 R10=0000000007f19a4d R11=0000000007059f00
R12=00000000070a9058 R13=0000000007efbbf8 R14=0000000000000001 R15=0000000007efbc10
RIP=0000000007052c07 RFL=00000206 [-----P-] CPL=0 II=0 A20=1 SMM=0 HLT=0
ES =0030 0000000000000000 ffffffff 00cf9300 DPL=0 DS   [-WA]
CS =0038 0000000000000000 ffffffff 00af9a00 DPL=0 CS64 [-R-]
SS =0030 0000000000000000 ffffffff 00cf9300 DPL=0 DS   [-WA]
DS =0030 0000000000000000 ffffffff 00cf9300 DPL=0 DS   [-WA]
FS =0030 0000000000000000 ffffffff 00cf9300 DPL=0 DS   [-WA]
GS =0030 0000000000000000 ffffffff 00cf9300 DPL=0 DS   [-WA]
LDT=0000 0000000000000000 0000ffff 00008200 DPL=0 LDT
TR =0000 0000000000000000 0000ffff 00008b00 DPL=0 TSS64-busy
GDT=     00000000079de000 00000047
IDT=     00000000074fa018 00000fff
CR0=80010033 CR2=0000000000000000 CR3=0000000007c01000 CR4=00000668
DR0=0000000000000000 DR1=0000000000000000 DR2=0000000000000000 DR3=0000000000000000 
DR6=00000000ffff0ff0 DR7=0000000000000400
CCS=0000000000000004 CCD=0000000000000000 CCO=EFLAGS
EFER=0000000000000d00
  1187: v=20 e=0000 i=0 cpl=0 IP=0038:0000000007052c07 pc=0000000007052c07 SP=0030:0000000007efba60 env->regs[R_EAX]=00000000070a906f
RAX=00000000070a906f RBX=0000000000000017 RCX=00000000070a9058 RDX=0000000007efbbf8
RSI=0000000000000018 RDI=0000000000000001 RBP=0000000000000000 RSP=0000000007efba60
R8 =0000000000000018 R9 =0000000000000000 R10=0000000007f19a4d R11=0000000007059f00
R12=00000000070a9058 R13=0000000007efbbf8 R14=0000000000000001 R15=0000000007efbc10
RIP=0000000007052c07 RFL=00000206 [-----P-] CPL=0 II=0 A20=1 SMM=0 HLT=0
ES =0030 0000000000000000 ffffffff 00cf9300 DPL=0 DS   [-WA]
CS =0038 0000000000000000 ffffffff 00af9a00 DPL=0 CS64 [-R-]
SS =0030 0000000000000000 ffffffff 00cf9300 DPL=0 DS   [-WA]
DS =0030 0000000000000000 ffffffff 00cf9300 DPL=0 DS   [-WA]
FS =0030 0000000000000000 ffffffff 00cf9300 DPL=0 DS   [-WA]
GS =0030 0000000000000000 ffffffff 00cf9300 DPL=0 DS   [-WA]
LDT=0000 0000000000000000 0000ffff 00008200 DPL=0 LDT
TR =0000 0000000000000000 0000ffff 00008b00 DPL=0 TSS64-busy
GDT=     00000000079de000 00000047
IDT=     00000000074fa018 00000fff
CR0=80010033 CR2=0000000000000000 CR3=0000000007c01000 CR4=00000668
DR0=0000000000000000 DR1=0000000000000000 DR2=0000000000000000 DR3=0000000000000000 
DR6=00000000ffff0ff0 DR7=0000000000000400
CCS=0000000000000004 CCD=0000000000000000 CCO=EFLAGS
EFER=0000000000000d00
  1188: v=20 e=0000 i=0 cpl=0 IP=0038:0000000007052c07 pc=0000000007052c07 SP=0030:0000000007efba60 env->regs[R_EAX]=00000000070a906f
RAX=00000000070a906f RBX=0000000000000017 RCX=00000000070a9058 RDX=0000000007efbbf8
RSI=0000000000000018 RDI=0000000000000001 RBP=0000000000000000 RSP=0000000007efba60
R8 =0000000000000018 R9 =0000000000000000 R10=0000000007f19a4d R11=0000000007059f00
R12=00000000070a9058 R13=0000000007efbbf8 R14=0000000000000001 R15=0000000007efbc10
RIP=0000000007052c07 RFL=00000206 [-----P-] CPL=0 II=0 A20=1 SMM=0 HLT=0
ES =0030 0000000000000000 ffffffff 00cf9300 DPL=0 DS   [-WA]
CS =0038 0000000000000000 ffffffff 00af9a00 DPL=0 CS64 [-R-]
SS =0030 0000000000000000 ffffffff 00cf9300 DPL=0 DS   [-WA]
DS =0030 0000000000000000 ffffffff 00cf9300 DPL=0 DS   [-WA]
FS =0030 0000000000000000 ffffffff 00cf9300 DPL=0 DS   [-WA]
GS =0030 0000000000000000 ffffffff 00cf9300 DPL=0 DS   [-WA]
LDT=0000 0000000000000000 0000ffff 00008200 DPL=0 LDT
TR =0000 0000000000000000 0000ffff 00008b00 DPL=0 TSS64-busy
GDT=     00000000079de000 00000047
IDT=     00000000074fa018 00000fff
CR0=80010033 CR2=0000000000000000 CR3=0000000007c01000 CR4=00000668
DR0=0000000000000000 DR1=0000000000000000 DR2=0000000000000000 DR3=0000000000000000 
DR6=00000000ffff0ff0 DR7=0000000000000400
CCS=0000000000000004 CCD=0000000000000000 CCO=EFLAGS
EFER=0000000000000d00
  1189: v=20 e=0000 i=0 cpl=0 IP=0038:0000000007052c07 pc=0000000007052c07 SP=0030:0000000007efba60 env->regs[R_EAX]=00000000070a906f
RAX=00000000070a906f RBX=0000000000000017 RCX=00000000070a9058 RDX=0000000007efbbf8
RSI=0000000000000018 RDI=0000000000000001 RBP=0000000000000000 RSP=0000000007efba60
R8 =0000000000000018 R9 =0000000000000000 R10=0000000007f19a4d R11=0000000007059f00
R12=00000000070a9058 R13=0000000007efbbf8 R14=0000000000000001 R15=0000000007efbc10
RIP=0000000007052c07 RFL=00000206 [-----P-] CPL=0 II=0 A20=1 SMM=0 HLT=0
ES =0030 0000000000000000 ffffffff 00cf9300 DPL=0 DS   [-WA]
CS =0038 0000000000000000 ffffffff 00af9a00 DPL=0 CS64 [-R-]
SS =0030 0000000000000000 ffffffff 00cf9300 DPL=0 DS   [-WA]
DS =0030 0000000000000000 ffffffff 00cf9300 DPL=0 DS   [-WA]
FS =0030 0000000000000000 ffffffff 00cf9300 DPL=0 DS   [-WA]
GS =0030 0000000000000000 ffffffff 00cf9300 DPL=0 DS   [-WA]
LDT=0000 0000000000000000 0000ffff 00008200 DPL=0 LDT
TR =0000 0000000000000000 0000ffff 00008b00 DPL=0 TSS64-busy
GDT=     00000000079de000 00000047
IDT=     00000000074fa018 00000fff
CR0=80010033 CR2=0000000000000000 CR3=0000000007c01000 CR4=00000668
DR0=0000000000000000 DR1=0000000000000000 DR2=0000000000000000 DR3=0000000000000000 
DR6=00000000ffff0ff0 DR7=0000000000000400
CCS=0000000000000004 CCD=0000000000000000 CCO=EFLAGS
EFER=0000000000000d00
  1190: v=20 e=0000 i=0 cpl=0 IP=0038:0000000007052c07 pc=0000000007052c07 SP=0030:0000000007efba60 env->regs[R_EAX]=00000000070a906f
RAX=00000000070a906f RBX=0000000000000017 RCX=00000000070a9058 RDX=0000000007efbbf8
RSI=0000000000000018 RDI=0000000000000001 RBP=0000000000000000 RSP=0000000007efba60
R8 =0000000000000018 R9 =0000000000000000 R10=0000000007f19a4d R11=0000000007059f00
R12=00000000070a9058 R13=0000000007efbbf8 R14=0000000000000001 R15=0000000007efbc10
RIP=0000000007052c07 RFL=00000206 [-----P-] CPL=0 II=0 A20=1 SMM=0 HLT=0
ES =0030 0000000000000000 ffffffff 00cf9300 DPL=0 DS   [-WA]
CS =0038 0000000000000000 ffffffff 00af9a00 DPL=0 CS64 [-R-]
SS =0030 0000000000000000 ffffffff 00cf9300 DPL=0 DS   [-WA]
DS =0030 0000000000000000 ffffffff 00cf9300 DPL=0 DS   [-WA]
FS =0030 0000000000000000 ffffffff 00cf9300 DPL=0 DS   [-WA]
GS =0030 0000000000000000 ffffffff 00cf9300 DPL=0 DS   [-WA]
LDT=0000 0000000000000000 0000ffff 00008200 DPL=0 LDT
TR =0000 0000000000000000 0000ffff 00008b00 DPL=0 TSS64-busy
GDT=     00000000079de000 00000047
IDT=     00000000074fa018 00000fff
CR0=80010033 CR2=0000000000000000 CR3=0000000007c01000 CR4=00000668
DR0=0000000000000000 DR1=0000000000000000 DR2=0000000000000000 DR3=0000000000000000 
DR6=00000000ffff0ff0 DR7=0000000000000400
CCS=0000000000000004 CCD=0000000000000000 CCO=EFLAGS
EFER=0000000000000d00
  1191: v=20 e=0000 i=0 cpl=0 IP=0038:0000000007052c07 pc=0000000007052c07 SP=0030:0000000007efba60 env->regs[R_EAX]=00000000070a906f
RAX=00000000070a906f RBX=0000000000000017 RCX=00000000070a9058 RDX=0000000007efbbf8
RSI=0000000000000018 RDI=0000000000000001 RBP=0000000000000000 RSP=0000000007efba60
R8 =0000000000000018 R9 =0000000000000000 R10=0000000007f19a4d R11=0000000007059f00
R12=00000000070a9058 R13=0000000007efbbf8 R14=0000000000000001 R15=0000000007efbc10
RIP=0000000007052c07 RFL=00000206 [-----P-] CPL=0 II=0 A20=1 SMM=0 HLT=0
ES =0030 0000000000000000 ffffffff 00cf9300 DPL=0 DS   [-WA]
CS =0038 0000000000000000 ffffffff 00af9a00 DPL=0 CS64 [-R-]
SS =0030 0000000000000000 ffffffff 00cf9300 DPL=0 DS   [-WA]
DS =0030 0000000000000000 ffffffff 00cf9300 DPL=0 DS   [-WA]
FS =0030 0000000000000000 ffffffff 00cf9300 DPL=0 DS   [-WA]
GS =0030 0000000000000000 ffffffff 00cf9300 DPL=0 DS   [-WA]
LDT=0000 0000000000000000 0000ffff 00008200 DPL=0 LDT
TR =0000 0000000000000000 0000ffff 00008b00 DPL=0 TSS64-busy
GDT=     00000000079de000 00000047
IDT=     00000000074fa018 00000fff
CR0=80010033 CR2=0000000000000000 CR3=0000000007c01000 CR4=00000668
DR0=0000000000000000 DR1=0000000000000000 DR2=0000000000000000 DR3=0000000000000000 
DR6=00000000ffff0ff0 DR7=0000000000000400
CCS=0000000000000004 CCD=0000000000000000 CCO=EFLAGS
EFER=0000000000000d00
  1192: v=20 e=0000 i=0 cpl=0 IP=0038:0000000007052c07 pc=0000000007052c07 SP=0030:0000000007efba60 env->regs[R_EAX]=00000000070a906f
RAX=00000000070a906f RBX=0000000000000017 RCX=00000000070a9058 RDX=0000000007efbbf8
RSI=0000000000000018 RDI=0000000000000001 RBP=0000000000000000 RSP=0000000007efba60
R8 =0000000000000018 R9 =0000000000000000 R10=0000000007f19a4d R11=0000000007059f00
R12=00000000070a9058 R13=0000000007efbbf8 R14=0000000000000001 R15=0000000007efbc10
RIP=0000000007052c07 RFL=00000206 [-----P-] CPL=0 II=0 A20=1 SMM=0 HLT=0
ES =0030 0000000000000000 ffffffff 00cf9300 DPL=0 DS   [-WA]
CS =0038 0000000000000000 ffffffff 00af9a00 DPL=0 CS64 [-R-]
SS =0030 0000000000000000 ffffffff 00cf9300 DPL=0 DS   [-WA]
DS =0030 0000000000000000 ffffffff 00cf9300 DPL=0 DS   [-WA]
FS =0030 0000000000000000 ffffffff 00cf9300 DPL=0 DS   [-WA]
GS =0030 0000000000000000 ffffffff 00cf9300 DPL=0 DS   [-WA]
LDT=0000 0000000000000000 0000ffff 00008200 DPL=0 LDT
TR =0000 0000000000000000 0000ffff 00008b00 DPL=0 TSS64-busy
GDT=     00000000079de000 00000047
IDT=     00000000074fa018 00000fff
CR0=80010033 CR2=0000000000000000 CR3=0000000007c01000 CR4=00000668
DR0=0000000000000000 DR1=0000000000000000 DR2=0000000000000000 DR3=0000000000000000 
DR6=00000000ffff0ff0 DR7=0000000000000400
CCS=0000000000000004 CCD=0000000000000000 CCO=EFLAGS
EFER=0000000000000d00
  1193: v=20 e=0000 i=0 cpl=0 IP=0038:0000000007052c07 pc=0000000007052c07 SP=0030:0000000007efba60 env->regs[R_EAX]=00000000070a906f
RAX=00000000070a906f RBX=0000000000000017 RCX=00000000070a9058 RDX=0000000007efbbf8
RSI=0000000000000018 RDI=0000000000000001 RBP=0000000000000000 RSP=0000000007efba60
R8 =0000000000000018 R9 =0000000000000000 R10=0000000007f19a4d R11=0000000007059f00
R12=00000000070a9058 R13=0000000007efbbf8 R14=0000000000000001 R15=0000000007efbc10
RIP=0000000007052c07 RFL=00000206 [-----P-] CPL=0 II=0 A20=1 SMM=0 HLT=0
ES =0030 0000000000000000 ffffffff 00cf9300 DPL=0 DS   [-WA]
CS =0038 0000000000000000 ffffffff 00af9a00 DPL=0 CS64 [-R-]
SS =0030 0000000000000000 ffffffff 00cf9300 DPL=0 DS   [-WA]
DS =0030 0000000000000000 ffffffff 00cf9300 DPL=0 DS   [-WA]
FS =0030 0000000000000000 ffffffff 00cf9300 DPL=0 DS   [-WA]
GS =0030 0000000000000000 ffffffff 00cf9300 DPL=0 DS   [-WA]
LDT=0000 0000000000000000 0000ffff 00008200 DPL=0 LDT
TR =0000 0000000000000000 0000ffff 00008b00 DPL=0 TSS64-busy
GDT=     00000000079de000 00000047
IDT=     00000000074fa018 00000fff
CR0=80010033 CR2=0000000000000000 CR3=0000000007c01000 CR4=00000668
DR0=0000000000000000 DR1=0000000000000000 DR2=0000000000000000 DR3=0000000000000000 
DR6=00000000ffff0ff0 DR7=0000000000000400
CCS=0000000000000004 CCD=0000000000000000 CCO=EFLAGS
EFER=0000000000000d00
  1194: v=20 e=0000 i=0 cpl=0 IP=0038:0000000007052c07 pc=0000000007052c07 SP=0030:0000000007efba60 env->regs[R_EAX]=00000000070a906f
RAX=00000000070a906f RBX=0000000000000017 RCX=00000000070a9058 RDX=0000000007efbbf8
RSI=0000000000000018 RDI=0000000000000001 RBP=0000000000000000 RSP=0000000007efba60
R8 =0000000000000018 R9 =0000000000000000 R10=0000000007f19a4d R11=0000000007059f00
R12=00000000070a9058 R13=0000000007efbbf8 R14=0000000000000001 R15=0000000007efbc10
RIP=0000000007052c07 RFL=00000206 [-----P-] CPL=0 II=0 A20=1 SMM=0 HLT=0
ES =0030 0000000000000000 ffffffff 00cf9300 DPL=0 DS   [-WA]
CS =0038 0000000000000000 ffffffff 00af9a00 DPL=0 CS64 [-R-]
SS =0030 0000000000000000 ffffffff 00cf9300 DPL=0 DS   [-WA]
DS =0030 0000000000000000 ffffffff 00cf9300 DPL=0 DS   [-WA]
FS =0030 0000000000000000 ffffffff 00cf9300 DPL=0 DS   [-WA]
GS =0030 0000000000000000 ffffffff 00cf9300 DPL=0 DS   [-WA]
LDT=0000 0000000000000000 0000ffff 00008200 DPL=0 LDT
TR =0000 0000000000000000 0000ffff 00008b00 DPL=0 TSS64-busy
GDT=     00000000079de000 00000047
IDT=     00000000074fa018 00000fff
CR0=80010033 CR2=0000000000000000 CR3=0000000007c01000 CR4=00000668
DR0=0000000000000000 DR1=0000000000000000 DR2=0000000000000000 DR3=0000000000000000 
DR6=00000000ffff0ff0 DR7=0000000000000400
CCS=0000000000000004 CCD=0000000000000000 CCO=EFLAGS
EFER=0000000000000d00
  1195: v=20 e=0000 i=0 cpl=0 IP=0038:0000000007052c07 pc=0000000007052c07 SP=0030:0000000007efba60 env->regs[R_EAX]=00000000070a906f
RAX=00000000070a906f RBX=0000000000000017 RCX=00000000070a9058 RDX=0000000007efbbf8
RSI=0000000000000018 RDI=0000000000000001 RBP=0000000000000000 RSP=0000000007efba60
R8 =0000000000000018 R9 =0000000000000000 R10=0000000007f19a4d R11=0000000007059f00
R12=00000000070a9058 R13=0000000007efbbf8 R14=0000000000000001 R15=0000000007efbc10
RIP=0000000007052c07 RFL=00000206 [-----P-] CPL=0 II=0 A20=1 SMM=0 HLT=0
ES =0030 0000000000000000 ffffffff 00cf9300 DPL=0 DS   [-WA]
CS =0038 0000000000000000 ffffffff 00af9a00 DPL=0 CS64 [-R-]
SS =0030 0000000000000000 ffffffff 00cf9300 DPL=0 DS   [-WA]
DS =0030 0000000000000000 ffffffff 00cf9300 DPL=0 DS   [-WA]
FS =0030 0000000000000000 ffffffff 00cf9300 DPL=0 DS   [-WA]
GS =0030 0000000000000000 ffffffff 00cf9300 DPL=0 DS   [-WA]
LDT=0000 0000000000000000 0000ffff 00008200 DPL=0 LDT
TR =0000 0000000000000000 0000ffff 00008b00 DPL=0 TSS64-busy
GDT=     00000000079de000 00000047
IDT=     00000000074fa018 00000fff
CR0=80010033 CR2=0000000000000000 CR3=0000000007c01000 CR4=00000668
DR0=0000000000000000 DR1=0000000000000000 DR2=0000000000000000 DR3=0000000000000000 
DR6=00000000ffff0ff0 DR7=0000000000000400
CCS=0000000000000004 CCD=0000000000000000 CCO=EFLAGS
EFER=0000000000000d00
  1196: v=20 e=0000 i=0 cpl=0 IP=0038:0000000007052c07 pc=0000000007052c07 SP=0030:0000000007efba60 env->regs[R_EAX]=00000000070a906f
RAX=00000000070a906f RBX=0000000000000017 RCX=00000000070a9058 RDX=0000000007efbbf8
RSI=0000000000000018 RDI=0000000000000001 RBP=0000000000000000 RSP=0000000007efba60
R8 =0000000000000018 R9 =0000000000000000 R10=0000000007f19a4d R11=0000000007059f00
R12=00000000070a9058 R13=0000000007efbbf8 R14=0000000000000001 R15=0000000007efbc10
RIP=0000000007052c07 RFL=00000206 [-----P-] CPL=0 II=0 A20=1 SMM=0 HLT=0
ES =0030 0000000000000000 ffffffff 00cf9300 DPL=0 DS   [-WA]
CS =0038 0000000000000000 ffffffff 00af9a00 DPL=0 CS64 [-R-]
SS =0030 0000000000000000 ffffffff 00cf9300 DPL=0 DS   [-WA]
DS =0030 0000000000000000 ffffffff 00cf9300 DPL=0 DS   [-WA]
FS =0030 0000000000000000 ffffffff 00cf9300 DPL=0 DS   [-WA]
GS =0030 0000000000000000 ffffffff 00cf9300 DPL=0 DS   [-WA]
LDT=0000 0000000000000000 0000ffff 00008200 DPL=0 LDT
TR =0000 0000000000000000 0000ffff 00008b00 DPL=0 TSS64-busy
GDT=     00000000079de000 00000047
IDT=     00000000074fa018 00000fff
CR0=80010033 CR2=0000000000000000 CR3=0000000007c01000 CR4=00000668
DR0=0000000000000000 DR1=0000000000000000 DR2=0000000000000000 DR3=0000000000000000 
DR6=00000000ffff0ff0 DR7=0000000000000400
CCS=0000000000000004 CCD=0000000000000000 CCO=EFLAGS
EFER=0000000000000d00
  1197: v=20 e=0000 i=0 cpl=0 IP=0038:0000000007052c07 pc=0000000007052c07 SP=0030:0000000007efba60 env->regs[R_EAX]=00000000070a906f
RAX=00000000070a906f RBX=0000000000000017 RCX=00000000070a9058 RDX=0000000007efbbf8
RSI=0000000000000018 RDI=0000000000000001 RBP=0000000000000000 RSP=0000000007efba60
R8 =0000000000000018 R9 =0000000000000000 R10=0000000007f19a4d R11=0000000007059f00
R12=00000000070a9058 R13=0000000007efbbf8 R14=0000000000000001 R15=0000000007efbc10
RIP=0000000007052c07 RFL=00000206 [-----P-] CPL=0 II=0 A20=1 SMM=0 HLT=0
ES =0030 0000000000000000 ffffffff 00cf9300 DPL=0 DS   [-WA]
CS =0038 0000000000000000 ffffffff 00af9a00 DPL=0 CS64 [-R-]
SS =0030 0000000000000000 ffffffff 00cf9300 DPL=0 DS   [-WA]
DS =0030 0000000000000000 ffffffff 00cf9300 DPL=0 DS   [-WA]
FS =0030 0000000000000000 ffffffff 00cf9300 DPL=0 DS   [-WA]
GS =0030 0000000000000000 ffffffff 00cf9300 DPL=0 DS   [-WA]
LDT=0000 0000000000000000 0000ffff 00008200 DPL=0 LDT
TR =0000 0000000000000000 0000ffff 00008b00 DPL=0 TSS64-busy
GDT=     00000000079de000 00000047
IDT=     00000000074fa018 00000fff
CR0=80010033 CR2=0000000000000000 CR3=0000000007c01000 CR4=00000668
DR0=0000000000000000 DR1=0000000000000000 DR2=0000000000000000 DR3=0000000000000000 
DR6=00000000ffff0ff0 DR7=0000000000000400
CCS=0000000000000004 CCD=0000000000000000 CCO=EFLAGS
EFER=0000000000000d00
  1198: v=20 e=0000 i=0 cpl=0 IP=0038:0000000007052c07 pc=0000000007052c07 SP=0030:0000000007efba60 env->regs[R_EAX]=00000000070a906f
RAX=00000000070a906f RBX=0000000000000017 RCX=00000000070a9058 RDX=0000000007efbbf8
RSI=0000000000000018 RDI=0000000000000001 RBP=0000000000000000 RSP=0000000007efba60
R8 =0000000000000018 R9 =0000000000000000 R10=0000000007f19a4d R11=0000000007059f00
R12=00000000070a9058 R13=0000000007efbbf8 R14=0000000000000001 R15=0000000007efbc10
RIP=0000000007052c07 RFL=00000206 [-----P-] CPL=0 II=0 A20=1 SMM=0 HLT=0
ES =0030 0000000000000000 ffffffff 00cf9300 DPL=0 DS   [-WA]
CS =0038 0000000000000000 ffffffff 00af9a00 DPL=0 CS64 [-R-]
SS =0030 0000000000000000 ffffffff 00cf9300 DPL=0 DS   [-WA]
DS =0030 0000000000000000 ffffffff 00cf9300 DPL=0 DS   [-WA]
FS =0030 0000000000000000 ffffffff 00cf9300 DPL=0 DS   [-WA]
GS =0030 0000000000000000 ffffffff 00cf9300 DPL=0 DS   [-WA]
LDT=0000 0000000000000000 0000ffff 00008200 DPL=0 LDT
TR =0000 0000000000000000 0000ffff 00008b00 DPL=0 TSS64-busy
GDT=     00000000079de000 00000047
IDT=     00000000074fa018 00000fff
CR0=80010033 CR2=0000000000000000 CR3=0000000007c01000 CR4=00000668
DR0=0000000000000000 DR1=0000000000000000 DR2=0000000000000000 DR3=0000000000000000 
DR6=00000000ffff0ff0 DR7=0000000000000400
CCS=0000000000000004 CCD=0000000000000000 CCO=EFLAGS
EFER=0000000000000d00
  1199: v=20 e=0000 i=0 cpl=0 IP=0038:0000000007052c07 pc=0000000007052c07 SP=0030:0000000007efba60 env->regs[R_EAX]=00000000070a906f
RAX=00000000070a906f RBX=0000000000000017 RCX=00000000070a9058 RDX=0000000007efbbf8
RSI=0000000000000018 RDI=0000000000000001 RBP=0000000000000000 RSP=0000000007efba60
R8 =0000000000000018 R9 =0000000000000000 R10=0000000007f19a4d R11=0000000007059f00
R12=00000000070a9058 R13=0000000007efbbf8 R14=0000000000000001 R15=0000000007efbc10
RIP=0000000007052c07 RFL=00000206 [-----P-] CPL=0 II=0 A20=1 SMM=0 HLT=0
ES =0030 0000000000000000 ffffffff 00cf9300 DPL=0 DS   [-WA]
CS =0038 0000000000000000 ffffffff 00af9a00 DPL=0 CS64 [-R-]
SS =0030 0000000000000000 ffffffff 00cf9300 DPL=0 DS   [-WA]
DS =0030 0000000000000000 ffffffff 00cf9300 DPL=0 DS   [-WA]
FS =0030 0000000000000000 ffffffff 00cf9300 DPL=0 DS   [-WA]
GS =0030 0000000000000000 ffffffff 00cf9300 DPL=0 DS   [-WA]
LDT=0000 0000000000000000 0000ffff 00008200 DPL=0 LDT
TR =0000 0000000000000000 0000ffff 00008b00 DPL=0 TSS64-busy
GDT=     00000000079de000 00000047
IDT=     00000000074fa018 00000fff
CR0=80010033 CR2=0000000000000000 CR3=0000000007c01000 CR4=00000668
DR0=0000000000000000 DR1=0000000000000000 DR2=0000000000000000 DR3=0000000000000000 
DR6=00000000ffff0ff0 DR7=0000000000000400
CCS=0000000000000004 CCD=0000000000000000 CCO=EFLAGS
EFER=0000000000000d00
  1200: v=20 e=0000 i=0 cpl=0 IP=0038:0000000007052c07 pc=0000000007052c07 SP=0030:0000000007efba60 env->regs[R_EAX]=00000000070a906f
RAX=00000000070a906f RBX=0000000000000017 RCX=00000000070a9058 RDX=0000000007efbbf8
RSI=0000000000000018 RDI=0000000000000001 RBP=0000000000000000 RSP=0000000007efba60
R8 =0000000000000018 R9 =0000000000000000 R10=0000000007f19a4d R11=0000000007059f00
R12=00000000070a9058 R13=0000000007efbbf8 R14=0000000000000001 R15=0000000007efbc10
RIP=0000000007052c07 RFL=00000206 [-----P-] CPL=0 II=0 A20=1 SMM=0 HLT=0
ES =0030 0000000000000000 ffffffff 00cf9300 DPL=0 DS   [-WA]
CS =0038 0000000000000000 ffffffff 00af9a00 DPL=0 CS64 [-R-]
SS =0030 0000000000000000 ffffffff 00cf9300 DPL=0 DS   [-WA]
DS =0030 0000000000000000 ffffffff 00cf9300 DPL=0 DS   [-WA]
FS =0030 0000000000000000 ffffffff 00cf9300 DPL=0 DS   [-WA]
GS =0030 0000000000000000 ffffffff 00cf9300 DPL=0 DS   [-WA]
LDT=0000 0000000000000000 0000ffff 00008200 DPL=0 LDT
TR =0000 0000000000000000 0000ffff 00008b00 DPL=0 TSS64-busy
GDT=     00000000079de000 00000047
IDT=     00000000074fa018 00000fff
CR0=80010033 CR2=0000000000000000 CR3=0000000007c01000 CR4=00000668
DR0=0000000000000000 DR1=0000000000000000 DR2=0000000000000000 DR3=0000000000000000 
DR6=00000000ffff0ff0 DR7=0000000000000400
CCS=0000000000000004 CCD=0000000000000000 CCO=EFLAGS
EFER=0000000000000d00
  1201: v=20 e=0000 i=0 cpl=0 IP=0038:0000000007052c07 pc=0000000007052c07 SP=0030:0000000007efba60 env->regs[R_EAX]=00000000070a906f
RAX=00000000070a906f RBX=0000000000000017 RCX=00000000070a9058 RDX=0000000007efbbf8
RSI=0000000000000018 RDI=0000000000000001 RBP=0000000000000000 RSP=0000000007efba60
R8 =0000000000000018 R9 =0000000000000000 R10=0000000007f19a4d R11=0000000007059f00
R12=00000000070a9058 R13=0000000007efbbf8 R14=0000000000000001 R15=0000000007efbc10
RIP=0000000007052c07 RFL=00000206 [-----P-] CPL=0 II=0 A20=1 SMM=0 HLT=0
ES =0030 0000000000000000 ffffffff 00cf9300 DPL=0 DS   [-WA]
CS =0038 0000000000000000 ffffffff 00af9a00 DPL=0 CS64 [-R-]
SS =0030 0000000000000000 ffffffff 00cf9300 DPL=0 DS   [-WA]
DS =0030 0000000000000000 ffffffff 00cf9300 DPL=0 DS   [-WA]
FS =0030 0000000000000000 ffffffff 00cf9300 DPL=0 DS   [-WA]
GS =0030 0000000000000000 ffffffff 00cf9300 DPL=0 DS   [-WA]
LDT=0000 0000000000000000 0000ffff 00008200 DPL=0 LDT
TR =0000 0000000000000000 0000ffff 00008b00 DPL=0 TSS64-busy
GDT=     00000000079de000 00000047
IDT=     00000000074fa018 00000fff
CR0=80010033 CR2=0000000000000000 CR3=0000000007c01000 CR4=00000668
DR0=0000000000000000 DR1=0000000000000000 DR2=0000000000000000 DR3=0000000000000000 
DR6=00000000ffff0ff0 DR7=0000000000000400
CCS=0000000000000004 CCD=0000000000000000 CCO=EFLAGS
EFER=0000000000000d00
  1202: v=20 e=0000 i=0 cpl=0 IP=0038:0000000007052c07 pc=0000000007052c07 SP=0030:0000000007efba60 env->regs[R_EAX]=00000000070a906f
RAX=00000000070a906f RBX=0000000000000017 RCX=00000000070a9058 RDX=0000000007efbbf8
RSI=0000000000000018 RDI=0000000000000001 RBP=0000000000000000 RSP=0000000007efba60
R8 =0000000000000018 R9 =0000000000000000 R10=0000000007f19a4d R11=0000000007059f00
R12=00000000070a9058 R13=0000000007efbbf8 R14=0000000000000001 R15=0000000007efbc10
RIP=0000000007052c07 RFL=00000206 [-----P-] CPL=0 II=0 A20=1 SMM=0 HLT=0
ES =0030 0000000000000000 ffffffff 00cf9300 DPL=0 DS   [-WA]
CS =0038 0000000000000000 ffffffff 00af9a00 DPL=0 CS64 [-R-]
SS =0030 0000000000000000 ffffffff 00cf9300 DPL=0 DS   [-WA]
DS =0030 0000000000000000 ffffffff 00cf9300 DPL=0 DS   [-WA]
FS =0030 0000000000000000 ffffffff 00cf9300 DPL=0 DS   [-WA]
GS =0030 0000000000000000 ffffffff 00cf9300 DPL=0 DS   [-WA]
LDT=0000 0000000000000000 0000ffff 00008200 DPL=0 LDT
TR =0000 0000000000000000 0000ffff 00008b00 DPL=0 TSS64-busy
GDT=     00000000079de000 00000047
IDT=     00000000074fa018 00000fff
CR0=80010033 CR2=0000000000000000 CR3=0000000007c01000 CR4=00000668
DR0=0000000000000000 DR1=0000000000000000 DR2=0000000000000000 DR3=0000000000000000 
DR6=00000000ffff0ff0 DR7=0000000000000400
CCS=0000000000000004 CCD=0000000000000000 CCO=EFLAGS
EFER=0000000000000d00
  1203: v=20 e=0000 i=0 cpl=0 IP=0038:0000000007052c07 pc=0000000007052c07 SP=0030:0000000007efba60 env->regs[R_EAX]=00000000070a906f
RAX=00000000070a906f RBX=0000000000000017 RCX=00000000070a9058 RDX=0000000007efbbf8
RSI=0000000000000018 RDI=0000000000000001 RBP=0000000000000000 RSP=0000000007efba60
R8 =0000000000000018 R9 =0000000000000000 R10=0000000007f19a4d R11=0000000007059f00
R12=00000000070a9058 R13=0000000007efbbf8 R14=0000000000000001 R15=0000000007efbc10
RIP=0000000007052c07 RFL=00000206 [-----P-] CPL=0 II=0 A20=1 SMM=0 HLT=0
ES =0030 0000000000000000 ffffffff 00cf9300 DPL=0 DS   [-WA]
CS =0038 0000000000000000 ffffffff 00af9a00 DPL=0 CS64 [-R-]
SS =0030 0000000000000000 ffffffff 00cf9300 DPL=0 DS   [-WA]
DS =0030 0000000000000000 ffffffff 00cf9300 DPL=0 DS   [-WA]
FS =0030 0000000000000000 ffffffff 00cf9300 DPL=0 DS   [-WA]
GS =0030 0000000000000000 ffffffff 00cf9300 DPL=0 DS   [-WA]
LDT=0000 0000000000000000 0000ffff 00008200 DPL=0 LDT
TR =0000 0000000000000000 0000ffff 00008b00 DPL=0 TSS64-busy
GDT=     00000000079de000 00000047
IDT=     00000000074fa018 00000fff
CR0=80010033 CR2=0000000000000000 CR3=0000000007c01000 CR4=00000668
DR0=0000000000000000 DR1=0000000000000000 DR2=0000000000000000 DR3=0000000000000000 
DR6=00000000ffff0ff0 DR7=0000000000000400
CCS=0000000000000004 CCD=0000000000000000 CCO=EFLAGS
EFER=0000000000000d00
  1204: v=20 e=0000 i=0 cpl=0 IP=0038:0000000007052c07 pc=0000000007052c07 SP=0030:0000000007efba60 env->regs[R_EAX]=00000000070a906f
RAX=00000000070a906f RBX=0000000000000017 RCX=00000000070a9058 RDX=0000000007efbbf8
RSI=0000000000000018 RDI=0000000000000001 RBP=0000000000000000 RSP=0000000007efba60
R8 =0000000000000018 R9 =0000000000000000 R10=0000000007f19a4d R11=0000000007059f00
R12=00000000070a9058 R13=0000000007efbbf8 R14=0000000000000001 R15=0000000007efbc10
RIP=0000000007052c07 RFL=00000206 [-----P-] CPL=0 II=0 A20=1 SMM=0 HLT=0
ES =0030 0000000000000000 ffffffff 00cf9300 DPL=0 DS   [-WA]
CS =0038 0000000000000000 ffffffff 00af9a00 DPL=0 CS64 [-R-]
SS =0030 0000000000000000 ffffffff 00cf9300 DPL=0 DS   [-WA]
DS =0030 0000000000000000 ffffffff 00cf9300 DPL=0 DS   [-WA]
FS =0030 0000000000000000 ffffffff 00cf9300 DPL=0 DS   [-WA]
GS =0030 0000000000000000 ffffffff 00cf9300 DPL=0 DS   [-WA]
LDT=0000 0000000000000000 0000ffff 00008200 DPL=0 LDT
TR =0000 0000000000000000 0000ffff 00008b00 DPL=0 TSS64-busy
GDT=     00000000079de000 00000047
IDT=     00000000074fa018 00000fff
CR0=80010033 CR2=0000000000000000 CR3=0000000007c01000 CR4=00000668
DR0=0000000000000000 DR1=0000000000000000 DR2=0000000000000000 DR3=0000000000000000 
DR6=00000000ffff0ff0 DR7=0000000000000400
CCS=0000000000000004 CCD=0000000000000000 CCO=EFLAGS
EFER=0000000000000d00
  1205: v=20 e=0000 i=0 cpl=0 IP=0038:0000000007052c07 pc=0000000007052c07 SP=0030:0000000007efba60 env->regs[R_EAX]=00000000070a906f
RAX=00000000070a906f RBX=0000000000000017 RCX=00000000070a9058 RDX=0000000007efbbf8
RSI=0000000000000018 RDI=0000000000000001 RBP=0000000000000000 RSP=0000000007efba60
R8 =0000000000000018 R9 =0000000000000000 R10=0000000007f19a4d R11=0000000007059f00
R12=00000000070a9058 R13=0000000007efbbf8 R14=0000000000000001 R15=0000000007efbc10
RIP=0000000007052c07 RFL=00000206 [-----P-] CPL=0 II=0 A20=1 SMM=0 HLT=0
ES =0030 0000000000000000 ffffffff 00cf9300 DPL=0 DS   [-WA]
CS =0038 0000000000000000 ffffffff 00af9a00 DPL=0 CS64 [-R-]
SS =0030 0000000000000000 ffffffff 00cf9300 DPL=0 DS   [-WA]
DS =0030 0000000000000000 ffffffff 00cf9300 DPL=0 DS   [-WA]
FS =0030 0000000000000000 ffffffff 00cf9300 DPL=0 DS   [-WA]
GS =0030 0000000000000000 ffffffff 00cf9300 DPL=0 DS   [-WA]
LDT=0000 0000000000000000 0000ffff 00008200 DPL=0 LDT
TR =0000 0000000000000000 0000ffff 00008b00 DPL=0 TSS64-busy
GDT=     00000000079de000 00000047
IDT=     00000000074fa018 00000fff
CR0=80010033 CR2=0000000000000000 CR3=0000000007c01000 CR4=00000668
DR0=0000000000000000 DR1=0000000000000000 DR2=0000000000000000 DR3=0000000000000000 
DR6=00000000ffff0ff0 DR7=0000000000000400
CCS=0000000000000004 CCD=0000000000000000 CCO=EFLAGS
EFER=0000000000000d00
  1206: v=20 e=0000 i=0 cpl=0 IP=0038:0000000007052c07 pc=0000000007052c07 SP=0030:0000000007efba60 env->regs[R_EAX]=00000000070a906f
RAX=00000000070a906f RBX=0000000000000017 RCX=00000000070a9058 RDX=0000000007efbbf8
RSI=0000000000000018 RDI=0000000000000001 RBP=0000000000000000 RSP=0000000007efba60
R8 =0000000000000018 R9 =0000000000000000 R10=0000000007f19a4d R11=0000000007059f00
R12=00000000070a9058 R13=0000000007efbbf8 R14=0000000000000001 R15=0000000007efbc10
RIP=0000000007052c07 RFL=00000206 [-----P-] CPL=0 II=0 A20=1 SMM=0 HLT=0
ES =0030 0000000000000000 ffffffff 00cf9300 DPL=0 DS   [-WA]
CS =0038 0000000000000000 ffffffff 00af9a00 DPL=0 CS64 [-R-]
SS =0030 0000000000000000 ffffffff 00cf9300 DPL=0 DS   [-WA]
DS =0030 0000000000000000 ffffffff 00cf9300 DPL=0 DS   [-WA]
FS =0030 0000000000000000 ffffffff 00cf9300 DPL=0 DS   [-WA]
GS =0030 0000000000000000 ffffffff 00cf9300 DPL=0 DS   [-WA]
LDT=0000 0000000000000000 0000ffff 00008200 DPL=0 LDT
TR =0000 0000000000000000 0000ffff 00008b00 DPL=0 TSS64-busy
GDT=     00000000079de000 00000047
IDT=     00000000074fa018 00000fff
CR0=80010033 CR2=0000000000000000 CR3=0000000007c01000 CR4=00000668
DR0=0000000000000000 DR1=0000000000000000 DR2=0000000000000000 DR3=0000000000000000 
DR6=00000000ffff0ff0 DR7=0000000000000400
CCS=0000000000000004 CCD=0000000000000000 CCO=EFLAGS
EFER=0000000000000d00
  1207: v=20 e=0000 i=0 cpl=0 IP=0038:0000000007052c07 pc=0000000007052c07 SP=0030:0000000007efba60 env->regs[R_EAX]=00000000070a906f
RAX=00000000070a906f RBX=0000000000000017 RCX=00000000070a9058 RDX=0000000007efbbf8
RSI=0000000000000018 RDI=0000000000000001 RBP=0000000000000000 RSP=0000000007efba60
R8 =0000000000000018 R9 =0000000000000000 R10=0000000007f19a4d R11=0000000007059f00
R12=00000000070a9058 R13=0000000007efbbf8 R14=0000000000000001 R15=0000000007efbc10
RIP=0000000007052c07 RFL=00000206 [-----P-] CPL=0 II=0 A20=1 SMM=0 HLT=0
ES =0030 0000000000000000 ffffffff 00cf9300 DPL=0 DS   [-WA]
CS =0038 0000000000000000 ffffffff 00af9a00 DPL=0 CS64 [-R-]
SS =0030 0000000000000000 ffffffff 00cf9300 DPL=0 DS   [-WA]
DS =0030 0000000000000000 ffffffff 00cf9300 DPL=0 DS   [-WA]
FS =0030 0000000000000000 ffffffff 00cf9300 DPL=0 DS   [-WA]
GS =0030 0000000000000000 ffffffff 00cf9300 DPL=0 DS   [-WA]
LDT=0000 0000000000000000 0000ffff 00008200 DPL=0 LDT
TR =0000 0000000000000000 0000ffff 00008b00 DPL=0 TSS64-busy
GDT=     00000000079de000 00000047
IDT=     00000000074fa018 00000fff
CR0=80010033 CR2=0000000000000000 CR3=0000000007c01000 CR4=00000668
DR0=0000000000000000 DR1=0000000000000000 DR2=0000000000000000 DR3=0000000000000000 
DR6=00000000ffff0ff0 DR7=0000000000000400
CCS=0000000000000004 CCD=0000000000000000 CCO=EFLAGS
EFER=0000000000000d00
  1208: v=20 e=0000 i=0 cpl=0 IP=0038:0000000007052c07 pc=0000000007052c07 SP=0030:0000000007efba60 env->regs[R_EAX]=00000000070a906f
RAX=00000000070a906f RBX=0000000000000017 RCX=00000000070a9058 RDX=0000000007efbbf8
RSI=0000000000000018 RDI=0000000000000001 RBP=0000000000000000 RSP=0000000007efba60
R8 =0000000000000018 R9 =0000000000000000 R10=0000000007f19a4d R11=0000000007059f00
R12=00000000070a9058 R13=0000000007efbbf8 R14=0000000000000001 R15=0000000007efbc10
RIP=0000000007052c07 RFL=00000206 [-----P-] CPL=0 II=0 A20=1 SMM=0 HLT=0
ES =0030 0000000000000000 ffffffff 00cf9300 DPL=0 DS   [-WA]
CS =0038 0000000000000000 ffffffff 00af9a00 DPL=0 CS64 [-R-]
SS =0030 0000000000000000 ffffffff 00cf9300 DPL=0 DS   [-WA]
DS =0030 0000000000000000 ffffffff 00cf9300 DPL=0 DS   [-WA]
FS =0030 0000000000000000 ffffffff 00cf9300 DPL=0 DS   [-WA]
GS =0030 0000000000000000 ffffffff 00cf9300 DPL=0 DS   [-WA]
LDT=0000 0000000000000000 0000ffff 00008200 DPL=0 LDT
TR =0000 0000000000000000 0000ffff 00008b00 DPL=0 TSS64-busy
GDT=     00000000079de000 00000047
IDT=     00000000074fa018 00000fff
CR0=80010033 CR2=0000000000000000 CR3=0000000007c01000 CR4=00000668
DR0=0000000000000000 DR1=0000000000000000 DR2=0000000000000000 DR3=0000000000000000 
DR6=00000000ffff0ff0 DR7=0000000000000400
CCS=0000000000000004 CCD=0000000000000000 CCO=EFLAGS
EFER=0000000000000d00
  1209: v=20 e=0000 i=0 cpl=0 IP=0038:0000000007052c07 pc=0000000007052c07 SP=0030:0000000007efba60 env->regs[R_EAX]=00000000070a906f
RAX=00000000070a906f RBX=0000000000000017 RCX=00000000070a9058 RDX=0000000007efbbf8
RSI=0000000000000018 RDI=0000000000000001 RBP=0000000000000000 RSP=0000000007efba60
R8 =0000000000000018 R9 =0000000000000000 R10=0000000007f19a4d R11=0000000007059f00
R12=00000000070a9058 R13=0000000007efbbf8 R14=0000000000000001 R15=0000000007efbc10
RIP=0000000007052c07 RFL=00000206 [-----P-] CPL=0 II=0 A20=1 SMM=0 HLT=0
ES =0030 0000000000000000 ffffffff 00cf9300 DPL=0 DS   [-WA]
CS =0038 0000000000000000 ffffffff 00af9a00 DPL=0 CS64 [-R-]
SS =0030 0000000000000000 ffffffff 00cf9300 DPL=0 DS   [-WA]
DS =0030 0000000000000000 ffffffff 00cf9300 DPL=0 DS   [-WA]
FS =0030 0000000000000000 ffffffff 00cf9300 DPL=0 DS   [-WA]
GS =0030 0000000000000000 ffffffff 00cf9300 DPL=0 DS   [-WA]
LDT=0000 0000000000000000 0000ffff 00008200 DPL=0 LDT
TR =0000 0000000000000000 0000ffff 00008b00 DPL=0 TSS64-busy
GDT=     00000000079de000 00000047
IDT=     00000000074fa018 00000fff
CR0=80010033 CR2=0000000000000000 CR3=0000000007c01000 CR4=00000668
DR0=0000000000000000 DR1=0000000000000000 DR2=0000000000000000 DR3=0000000000000000 
DR6=00000000ffff0ff0 DR7=0000000000000400
CCS=0000000000000004 CCD=0000000000000000 CCO=EFLAGS
EFER=0000000000000d00
  1210: v=20 e=0000 i=0 cpl=0 IP=0038:0000000007052c07 pc=0000000007052c07 SP=0030:0000000007efba60 env->regs[R_EAX]=00000000070a906f
RAX=00000000070a906f RBX=0000000000000017 RCX=00000000070a9058 RDX=0000000007efbbf8
RSI=0000000000000018 RDI=0000000000000001 RBP=0000000000000000 RSP=0000000007efba60
R8 =0000000000000018 R9 =0000000000000000 R10=0000000007f19a4d R11=0000000007059f00
R12=00000000070a9058 R13=0000000007efbbf8 R14=0000000000000001 R15=0000000007efbc10
RIP=0000000007052c07 RFL=00000206 [-----P-] CPL=0 II=0 A20=1 SMM=0 HLT=0
ES =0030 0000000000000000 ffffffff 00cf9300 DPL=0 DS   [-WA]
CS =0038 0000000000000000 ffffffff 00af9a00 DPL=0 CS64 [-R-]
SS =0030 0000000000000000 ffffffff 00cf9300 DPL=0 DS   [-WA]
DS =0030 0000000000000000 ffffffff 00cf9300 DPL=0 DS   [-WA]
FS =0030 0000000000000000 ffffffff 00cf9300 DPL=0 DS   [-WA]
GS =0030 0000000000000000 ffffffff 00cf9300 DPL=0 DS   [-WA]
LDT=0000 0000000000000000 0000ffff 00008200 DPL=0 LDT
TR =0000 0000000000000000 0000ffff 00008b00 DPL=0 TSS64-busy
GDT=     00000000079de000 00000047
IDT=     00000000074fa018 00000fff
CR0=80010033 CR2=0000000000000000 CR3=0000000007c01000 CR4=00000668
DR0=0000000000000000 DR1=0000000000000000 DR2=0000000000000000 DR3=0000000000000000 
DR6=00000000ffff0ff0 DR7=0000000000000400
CCS=0000000000000004 CCD=0000000000000000 CCO=EFLAGS
EFER=0000000000000d00
  1211: v=20 e=0000 i=0 cpl=0 IP=0038:0000000007052c07 pc=0000000007052c07 SP=0030:0000000007efba60 env->regs[R_EAX]=00000000070a906f
RAX=00000000070a906f RBX=0000000000000017 RCX=00000000070a9058 RDX=0000000007efbbf8
RSI=0000000000000018 RDI=0000000000000001 RBP=0000000000000000 RSP=0000000007efba60
R8 =0000000000000018 R9 =0000000000000000 R10=0000000007f19a4d R11=0000000007059f00
R12=00000000070a9058 R13=0000000007efbbf8 R14=0000000000000001 R15=0000000007efbc10
RIP=0000000007052c07 RFL=00000206 [-----P-] CPL=0 II=0 A20=1 SMM=0 HLT=0
ES =0030 0000000000000000 ffffffff 00cf9300 DPL=0 DS   [-WA]
CS =0038 0000000000000000 ffffffff 00af9a00 DPL=0 CS64 [-R-]
SS =0030 0000000000000000 ffffffff 00cf9300 DPL=0 DS   [-WA]
DS =0030 0000000000000000 ffffffff 00cf9300 DPL=0 DS   [-WA]
FS =0030 0000000000000000 ffffffff 00cf9300 DPL=0 DS   [-WA]
GS =0030 0000000000000000 ffffffff 00cf9300 DPL=0 DS   [-WA]
LDT=0000 0000000000000000 0000ffff 00008200 DPL=0 LDT
TR =0000 0000000000000000 0000ffff 00008b00 DPL=0 TSS64-busy
GDT=     00000000079de000 00000047
IDT=     00000000074fa018 00000fff
CR0=80010033 CR2=0000000000000000 CR3=0000000007c01000 CR4=00000668
DR0=0000000000000000 DR1=0000000000000000 DR2=0000000000000000 DR3=0000000000000000 
DR6=00000000ffff0ff0 DR7=0000000000000400
CCS=0000000000000004 CCD=0000000000000000 CCO=EFLAGS
EFER=0000000000000d00
  1212: v=20 e=0000 i=0 cpl=0 IP=0038:0000000007052c07 pc=0000000007052c07 SP=0030:0000000007efba60 env->regs[R_EAX]=00000000070a906f
RAX=00000000070a906f RBX=0000000000000017 RCX=00000000070a9058 RDX=0000000007efbbf8
RSI=0000000000000018 RDI=0000000000000001 RBP=0000000000000000 RSP=0000000007efba60
R8 =0000000000000018 R9 =0000000000000000 R10=0000000007f19a4d R11=0000000007059f00
R12=00000000070a9058 R13=0000000007efbbf8 R14=0000000000000001 R15=0000000007efbc10
RIP=0000000007052c07 RFL=00000206 [-----P-] CPL=0 II=0 A20=1 SMM=0 HLT=0
ES =0030 0000000000000000 ffffffff 00cf9300 DPL=0 DS   [-WA]
CS =0038 0000000000000000 ffffffff 00af9a00 DPL=0 CS64 [-R-]
SS =0030 0000000000000000 ffffffff 00cf9300 DPL=0 DS   [-WA]
DS =0030 0000000000000000 ffffffff 00cf9300 DPL=0 DS   [-WA]
FS =0030 0000000000000000 ffffffff 00cf9300 DPL=0 DS   [-WA]
GS =0030 0000000000000000 ffffffff 00cf9300 DPL=0 DS   [-WA]
LDT=0000 0000000000000000 0000ffff 00008200 DPL=0 LDT
TR =0000 0000000000000000 0000ffff 00008b00 DPL=0 TSS64-busy
GDT=     00000000079de000 00000047
IDT=     00000000074fa018 00000fff
CR0=80010033 CR2=0000000000000000 CR3=0000000007c01000 CR4=00000668
DR0=0000000000000000 DR1=0000000000000000 DR2=0000000000000000 DR3=0000000000000000 
DR6=00000000ffff0ff0 DR7=0000000000000400
CCS=0000000000000004 CCD=0000000000000000 CCO=EFLAGS
EFER=0000000000000d00
  1213: v=20 e=0000 i=0 cpl=0 IP=0038:0000000007052c07 pc=0000000007052c07 SP=0030:0000000007efba60 env->regs[R_EAX]=00000000070a906f
RAX=00000000070a906f RBX=0000000000000017 RCX=00000000070a9058 RDX=0000000007efbbf8
RSI=0000000000000018 RDI=0000000000000001 RBP=0000000000000000 RSP=0000000007efba60
R8 =0000000000000018 R9 =0000000000000000 R10=0000000007f19a4d R11=0000000007059f00
R12=00000000070a9058 R13=0000000007efbbf8 R14=0000000000000001 R15=0000000007efbc10
RIP=0000000007052c07 RFL=00000206 [-----P-] CPL=0 II=0 A20=1 SMM=0 HLT=0
ES =0030 0000000000000000 ffffffff 00cf9300 DPL=0 DS   [-WA]
CS =0038 0000000000000000 ffffffff 00af9a00 DPL=0 CS64 [-R-]
SS =0030 0000000000000000 ffffffff 00cf9300 DPL=0 DS   [-WA]
DS =0030 0000000000000000 ffffffff 00cf9300 DPL=0 DS   [-WA]
FS =0030 0000000000000000 ffffffff 00cf9300 DPL=0 DS   [-WA]
GS =0030 0000000000000000 ffffffff 00cf9300 DPL=0 DS   [-WA]
LDT=0000 0000000000000000 0000ffff 00008200 DPL=0 LDT
TR =0000 0000000000000000 0000ffff 00008b00 DPL=0 TSS64-busy
GDT=     00000000079de000 00000047
IDT=     00000000074fa018 00000fff
CR0=80010033 CR2=0000000000000000 CR3=0000000007c01000 CR4=00000668
DR0=0000000000000000 DR1=0000000000000000 DR2=0000000000000000 DR3=0000000000000000 
DR6=00000000ffff0ff0 DR7=0000000000000400
CCS=0000000000000004 CCD=0000000000000000 CCO=EFLAGS
EFER=0000000000000d00
  1214: v=20 e=0000 i=0 cpl=0 IP=0038:0000000007052c07 pc=0000000007052c07 SP=0030:0000000007efba60 env->regs[R_EAX]=00000000070a906f
RAX=00000000070a906f RBX=0000000000000017 RCX=00000000070a9058 RDX=0000000007efbbf8
RSI=0000000000000018 RDI=0000000000000001 RBP=0000000000000000 RSP=0000000007efba60
R8 =0000000000000018 R9 =0000000000000000 R10=0000000007f19a4d R11=0000000007059f00
R12=00000000070a9058 R13=0000000007efbbf8 R14=0000000000000001 R15=0000000007efbc10
RIP=0000000007052c07 RFL=00000206 [-----P-] CPL=0 II=0 A20=1 SMM=0 HLT=0
ES =0030 0000000000000000 ffffffff 00cf9300 DPL=0 DS   [-WA]
CS =0038 0000000000000000 ffffffff 00af9a00 DPL=0 CS64 [-R-]
SS =0030 0000000000000000 ffffffff 00cf9300 DPL=0 DS   [-WA]
DS =0030 0000000000000000 ffffffff 00cf9300 DPL=0 DS   [-WA]
FS =0030 0000000000000000 ffffffff 00cf9300 DPL=0 DS   [-WA]
GS =0030 0000000000000000 ffffffff 00cf9300 DPL=0 DS   [-WA]
LDT=0000 0000000000000000 0000ffff 00008200 DPL=0 LDT
TR =0000 0000000000000000 0000ffff 00008b00 DPL=0 TSS64-busy
GDT=     00000000079de000 00000047
IDT=     00000000074fa018 00000fff
CR0=80010033 CR2=0000000000000000 CR3=0000000007c01000 CR4=00000668
DR0=0000000000000000 DR1=0000000000000000 DR2=0000000000000000 DR3=0000000000000000 
DR6=00000000ffff0ff0 DR7=0000000000000400
CCS=0000000000000004 CCD=0000000000000000 CCO=EFLAGS
EFER=0000000000000d00
  1215: v=20 e=0000 i=0 cpl=0 IP=0038:0000000007052c07 pc=0000000007052c07 SP=0030:0000000007efba60 env->regs[R_EAX]=00000000070a906f
RAX=00000000070a906f RBX=0000000000000017 RCX=00000000070a9058 RDX=0000000007efbbf8
RSI=0000000000000018 RDI=0000000000000001 RBP=0000000000000000 RSP=0000000007efba60
R8 =0000000000000018 R9 =0000000000000000 R10=0000000007f19a4d R11=0000000007059f00
R12=00000000070a9058 R13=0000000007efbbf8 R14=0000000000000001 R15=0000000007efbc10
RIP=0000000007052c07 RFL=00000206 [-----P-] CPL=0 II=0 A20=1 SMM=0 HLT=0
ES =0030 0000000000000000 ffffffff 00cf9300 DPL=0 DS   [-WA]
CS =0038 0000000000000000 ffffffff 00af9a00 DPL=0 CS64 [-R-]
SS =0030 0000000000000000 ffffffff 00cf9300 DPL=0 DS   [-WA]
DS =0030 0000000000000000 ffffffff 00cf9300 DPL=0 DS   [-WA]
FS =0030 0000000000000000 ffffffff 00cf9300 DPL=0 DS   [-WA]
GS =0030 0000000000000000 ffffffff 00cf9300 DPL=0 DS   [-WA]
LDT=0000 0000000000000000 0000ffff 00008200 DPL=0 LDT
TR =0000 0000000000000000 0000ffff 00008b00 DPL=0 TSS64-busy
GDT=     00000000079de000 00000047
IDT=     00000000074fa018 00000fff
CR0=80010033 CR2=0000000000000000 CR3=0000000007c01000 CR4=00000668
DR0=0000000000000000 DR1=0000000000000000 DR2=0000000000000000 DR3=0000000000000000 
DR6=00000000ffff0ff0 DR7=0000000000000400
CCS=0000000000000004 CCD=0000000000000000 CCO=EFLAGS
EFER=0000000000000d00
  1216: v=20 e=0000 i=0 cpl=0 IP=0038:0000000007052c07 pc=0000000007052c07 SP=0030:0000000007efba60 env->regs[R_EAX]=00000000070a906f
RAX=00000000070a906f RBX=0000000000000017 RCX=00000000070a9058 RDX=0000000007efbbf8
RSI=0000000000000018 RDI=0000000000000001 RBP=0000000000000000 RSP=0000000007efba60
R8 =0000000000000018 R9 =0000000000000000 R10=0000000007f19a4d R11=0000000007059f00
R12=00000000070a9058 R13=0000000007efbbf8 R14=0000000000000001 R15=0000000007efbc10
RIP=0000000007052c07 RFL=00000206 [-----P-] CPL=0 II=0 A20=1 SMM=0 HLT=0
ES =0030 0000000000000000 ffffffff 00cf9300 DPL=0 DS   [-WA]
CS =0038 0000000000000000 ffffffff 00af9a00 DPL=0 CS64 [-R-]
SS =0030 0000000000000000 ffffffff 00cf9300 DPL=0 DS   [-WA]
DS =0030 0000000000000000 ffffffff 00cf9300 DPL=0 DS   [-WA]
FS =0030 0000000000000000 ffffffff 00cf9300 DPL=0 DS   [-WA]
GS =0030 0000000000000000 ffffffff 00cf9300 DPL=0 DS   [-WA]
LDT=0000 0000000000000000 0000ffff 00008200 DPL=0 LDT
TR =0000 0000000000000000 0000ffff 00008b00 DPL=0 TSS64-busy
GDT=     00000000079de000 00000047
IDT=     00000000074fa018 00000fff
CR0=80010033 CR2=0000000000000000 CR3=0000000007c01000 CR4=00000668
DR0=0000000000000000 DR1=0000000000000000 DR2=0000000000000000 DR3=0000000000000000 
DR6=00000000ffff0ff0 DR7=0000000000000400
CCS=0000000000000004 CCD=0000000000000000 CCO=EFLAGS
EFER=0000000000000d00
  1217: v=20 e=0000 i=0 cpl=0 IP=0038:0000000007052c07 pc=0000000007052c07 SP=0030:0000000007efba60 env->regs[R_EAX]=00000000070a906f
RAX=00000000070a906f RBX=0000000000000017 RCX=00000000070a9058 RDX=0000000007efbbf8
RSI=0000000000000018 RDI=0000000000000001 RBP=0000000000000000 RSP=0000000007efba60
R8 =0000000000000018 R9 =0000000000000000 R10=0000000007f19a4d R11=0000000007059f00
R12=00000000070a9058 R13=0000000007efbbf8 R14=0000000000000001 R15=0000000007efbc10
RIP=0000000007052c07 RFL=00000206 [-----P-] CPL=0 II=0 A20=1 SMM=0 HLT=0
ES =0030 0000000000000000 ffffffff 00cf9300 DPL=0 DS   [-WA]
CS =0038 0000000000000000 ffffffff 00af9a00 DPL=0 CS64 [-R-]
SS =0030 0000000000000000 ffffffff 00cf9300 DPL=0 DS   [-WA]
DS =0030 0000000000000000 ffffffff 00cf9300 DPL=0 DS   [-WA]
FS =0030 0000000000000000 ffffffff 00cf9300 DPL=0 DS   [-WA]
GS =0030 0000000000000000 ffffffff 00cf9300 DPL=0 DS   [-WA]
LDT=0000 0000000000000000 0000ffff 00008200 DPL=0 LDT
TR =0000 0000000000000000 0000ffff 00008b00 DPL=0 TSS64-busy
GDT=     00000000079de000 00000047
IDT=     00000000074fa018 00000fff
CR0=80010033 CR2=0000000000000000 CR3=0000000007c01000 CR4=00000668
DR0=0000000000000000 DR1=0000000000000000 DR2=0000000000000000 DR3=0000000000000000 
DR6=00000000ffff0ff0 DR7=0000000000000400
CCS=0000000000000004 CCD=0000000000000000 CCO=EFLAGS
EFER=0000000000000d00
  1218: v=20 e=0000 i=0 cpl=0 IP=0038:0000000007052c07 pc=0000000007052c07 SP=0030:0000000007efba60 env->regs[R_EAX]=00000000070a906f
RAX=00000000070a906f RBX=0000000000000017 RCX=00000000070a9058 RDX=0000000007efbbf8
RSI=0000000000000018 RDI=0000000000000001 RBP=0000000000000000 RSP=0000000007efba60
R8 =0000000000000018 R9 =0000000000000000 R10=0000000007f19a4d R11=0000000007059f00
R12=00000000070a9058 R13=0000000007efbbf8 R14=0000000000000001 R15=0000000007efbc10
RIP=0000000007052c07 RFL=00000206 [-----P-] CPL=0 II=0 A20=1 SMM=0 HLT=0
ES =0030 0000000000000000 ffffffff 00cf9300 DPL=0 DS   [-WA]
CS =0038 0000000000000000 ffffffff 00af9a00 DPL=0 CS64 [-R-]
SS =0030 0000000000000000 ffffffff 00cf9300 DPL=0 DS   [-WA]
DS =0030 0000000000000000 ffffffff 00cf9300 DPL=0 DS   [-WA]
FS =0030 0000000000000000 ffffffff 00cf9300 DPL=0 DS   [-WA]
GS =0030 0000000000000000 ffffffff 00cf9300 DPL=0 DS   [-WA]
LDT=0000 0000000000000000 0000ffff 00008200 DPL=0 LDT
TR =0000 0000000000000000 0000ffff 00008b00 DPL=0 TSS64-busy
GDT=     00000000079de000 00000047
IDT=     00000000074fa018 00000fff
CR0=80010033 CR2=0000000000000000 CR3=0000000007c01000 CR4=00000668
DR0=0000000000000000 DR1=0000000000000000 DR2=0000000000000000 DR3=0000000000000000 
DR6=00000000ffff0ff0 DR7=0000000000000400
CCS=0000000000000004 CCD=0000000000000000 CCO=EFLAGS
EFER=0000000000000d00
  1219: v=20 e=0000 i=0 cpl=0 IP=0038:0000000007052c07 pc=0000000007052c07 SP=0030:0000000007efba60 env->regs[R_EAX]=00000000070a906f
RAX=00000000070a906f RBX=0000000000000017 RCX=00000000070a9058 RDX=0000000007efbbf8
RSI=0000000000000018 RDI=0000000000000001 RBP=0000000000000000 RSP=0000000007efba60
R8 =0000000000000018 R9 =0000000000000000 R10=0000000007f19a4d R11=0000000007059f00
R12=00000000070a9058 R13=0000000007efbbf8 R14=0000000000000001 R15=0000000007efbc10
RIP=0000000007052c07 RFL=00000206 [-----P-] CPL=0 II=0 A20=1 SMM=0 HLT=0
ES =0030 0000000000000000 ffffffff 00cf9300 DPL=0 DS   [-WA]
CS =0038 0000000000000000 ffffffff 00af9a00 DPL=0 CS64 [-R-]
SS =0030 0000000000000000 ffffffff 00cf9300 DPL=0 DS   [-WA]
DS =0030 0000000000000000 ffffffff 00cf9300 DPL=0 DS   [-WA]
FS =0030 0000000000000000 ffffffff 00cf9300 DPL=0 DS   [-WA]
GS =0030 0000000000000000 ffffffff 00cf9300 DPL=0 DS   [-WA]
LDT=0000 0000000000000000 0000ffff 00008200 DPL=0 LDT
TR =0000 0000000000000000 0000ffff 00008b00 DPL=0 TSS64-busy
GDT=     00000000079de000 00000047
IDT=     00000000074fa018 00000fff
CR0=80010033 CR2=0000000000000000 CR3=0000000007c01000 CR4=00000668
DR0=0000000000000000 DR1=0000000000000000 DR2=0000000000000000 DR3=0000000000000000 
DR6=00000000ffff0ff0 DR7=0000000000000400
CCS=0000000000000004 CCD=0000000000000000 CCO=EFLAGS
EFER=0000000000000d00
  1220: v=20 e=0000 i=0 cpl=0 IP=0038:0000000007052c07 pc=0000000007052c07 SP=0030:0000000007efba60 env->regs[R_EAX]=00000000070a906f
RAX=00000000070a906f RBX=0000000000000017 RCX=00000000070a9058 RDX=0000000007efbbf8
RSI=0000000000000018 RDI=0000000000000001 RBP=0000000000000000 RSP=0000000007efba60
R8 =0000000000000018 R9 =0000000000000000 R10=0000000007f19a4d R11=0000000007059f00
R12=00000000070a9058 R13=0000000007efbbf8 R14=0000000000000001 R15=0000000007efbc10
RIP=0000000007052c07 RFL=00000206 [-----P-] CPL=0 II=0 A20=1 SMM=0 HLT=0
ES =0030 0000000000000000 ffffffff 00cf9300 DPL=0 DS   [-WA]
CS =0038 0000000000000000 ffffffff 00af9a00 DPL=0 CS64 [-R-]
SS =0030 0000000000000000 ffffffff 00cf9300 DPL=0 DS   [-WA]
DS =0030 0000000000000000 ffffffff 00cf9300 DPL=0 DS   [-WA]
FS =0030 0000000000000000 ffffffff 00cf9300 DPL=0 DS   [-WA]
GS =0030 0000000000000000 ffffffff 00cf9300 DPL=0 DS   [-WA]
LDT=0000 0000000000000000 0000ffff 00008200 DPL=0 LDT
TR =0000 0000000000000000 0000ffff 00008b00 DPL=0 TSS64-busy
GDT=     00000000079de000 00000047
IDT=     00000000074fa018 00000fff
CR0=80010033 CR2=0000000000000000 CR3=0000000007c01000 CR4=00000668
DR0=0000000000000000 DR1=0000000000000000 DR2=0000000000000000 DR3=0000000000000000 
DR6=00000000ffff0ff0 DR7=0000000000000400
CCS=0000000000000004 CCD=0000000000000000 CCO=EFLAGS
EFER=0000000000000d00
  1221: v=20 e=0000 i=0 cpl=0 IP=0038:0000000007052c07 pc=0000000007052c07 SP=0030:0000000007efba60 env->regs[R_EAX]=00000000070a906f
RAX=00000000070a906f RBX=0000000000000017 RCX=00000000070a9058 RDX=0000000007efbbf8
RSI=0000000000000018 RDI=0000000000000001 RBP=0000000000000000 RSP=0000000007efba60
R8 =0000000000000018 R9 =0000000000000000 R10=0000000007f19a4d R11=0000000007059f00
R12=00000000070a9058 R13=0000000007efbbf8 R14=0000000000000001 R15=0000000007efbc10
RIP=0000000007052c07 RFL=00000206 [-----P-] CPL=0 II=0 A20=1 SMM=0 HLT=0
ES =0030 0000000000000000 ffffffff 00cf9300 DPL=0 DS   [-WA]
CS =0038 0000000000000000 ffffffff 00af9a00 DPL=0 CS64 [-R-]
SS =0030 0000000000000000 ffffffff 00cf9300 DPL=0 DS   [-WA]
DS =0030 0000000000000000 ffffffff 00cf9300 DPL=0 DS   [-WA]
FS =0030 0000000000000000 ffffffff 00cf9300 DPL=0 DS   [-WA]
GS =0030 0000000000000000 ffffffff 00cf9300 DPL=0 DS   [-WA]
LDT=0000 0000000000000000 0000ffff 00008200 DPL=0 LDT
TR =0000 0000000000000000 0000ffff 00008b00 DPL=0 TSS64-busy
GDT=     00000000079de000 00000047
IDT=     00000000074fa018 00000fff
CR0=80010033 CR2=0000000000000000 CR3=0000000007c01000 CR4=00000668
DR0=0000000000000000 DR1=0000000000000000 DR2=0000000000000000 DR3=0000000000000000 
DR6=00000000ffff0ff0 DR7=0000000000000400
CCS=0000000000000004 CCD=0000000000000000 CCO=EFLAGS
EFER=0000000000000d00
  1222: v=20 e=0000 i=0 cpl=0 IP=0038:0000000007052c07 pc=0000000007052c07 SP=0030:0000000007efba60 env->regs[R_EAX]=00000000070a906f
RAX=00000000070a906f RBX=0000000000000017 RCX=00000000070a9058 RDX=0000000007efbbf8
RSI=0000000000000018 RDI=0000000000000001 RBP=0000000000000000 RSP=0000000007efba60
R8 =0000000000000018 R9 =0000000000000000 R10=0000000007f19a4d R11=0000000007059f00
R12=00000000070a9058 R13=0000000007efbbf8 R14=0000000000000001 R15=0000000007efbc10
RIP=0000000007052c07 RFL=00000206 [-----P-] CPL=0 II=0 A20=1 SMM=0 HLT=0
ES =0030 0000000000000000 ffffffff 00cf9300 DPL=0 DS   [-WA]
CS =0038 0000000000000000 ffffffff 00af9a00 DPL=0 CS64 [-R-]
SS =0030 0000000000000000 ffffffff 00cf9300 DPL=0 DS   [-WA]
DS =0030 0000000000000000 ffffffff 00cf9300 DPL=0 DS   [-WA]
FS =0030 0000000000000000 ffffffff 00cf9300 DPL=0 DS   [-WA]
GS =0030 0000000000000000 ffffffff 00cf9300 DPL=0 DS   [-WA]
LDT=0000 0000000000000000 0000ffff 00008200 DPL=0 LDT
TR =0000 0000000000000000 0000ffff 00008b00 DPL=0 TSS64-busy
GDT=     00000000079de000 00000047
IDT=     00000000074fa018 00000fff
CR0=80010033 CR2=0000000000000000 CR3=0000000007c01000 CR4=00000668
DR0=0000000000000000 DR1=0000000000000000 DR2=0000000000000000 DR3=0000000000000000 
DR6=00000000ffff0ff0 DR7=0000000000000400
CCS=0000000000000004 CCD=0000000000000000 CCO=EFLAGS
EFER=0000000000000d00
  1223: v=20 e=0000 i=0 cpl=0 IP=0038:0000000007052c07 pc=0000000007052c07 SP=0030:0000000007efba60 env->regs[R_EAX]=00000000070a906f
RAX=00000000070a906f RBX=0000000000000017 RCX=00000000070a9058 RDX=0000000007efbbf8
RSI=0000000000000018 RDI=0000000000000001 RBP=0000000000000000 RSP=0000000007efba60
R8 =0000000000000018 R9 =0000000000000000 R10=0000000007f19a4d R11=0000000007059f00
R12=00000000070a9058 R13=0000000007efbbf8 R14=0000000000000001 R15=0000000007efbc10
RIP=0000000007052c07 RFL=00000206 [-----P-] CPL=0 II=0 A20=1 SMM=0 HLT=0
ES =0030 0000000000000000 ffffffff 00cf9300 DPL=0 DS   [-WA]
CS =0038 0000000000000000 ffffffff 00af9a00 DPL=0 CS64 [-R-]
SS =0030 0000000000000000 ffffffff 00cf9300 DPL=0 DS   [-WA]
DS =0030 0000000000000000 ffffffff 00cf9300 DPL=0 DS   [-WA]
FS =0030 0000000000000000 ffffffff 00cf9300 DPL=0 DS   [-WA]
GS =0030 0000000000000000 ffffffff 00cf9300 DPL=0 DS   [-WA]
LDT=0000 0000000000000000 0000ffff 00008200 DPL=0 LDT
TR =0000 0000000000000000 0000ffff 00008b00 DPL=0 TSS64-busy
GDT=     00000000079de000 00000047
IDT=     00000000074fa018 00000fff
CR0=80010033 CR2=0000000000000000 CR3=0000000007c01000 CR4=00000668
DR0=0000000000000000 DR1=0000000000000000 DR2=0000000000000000 DR3=0000000000000000 
DR6=00000000ffff0ff0 DR7=0000000000000400
CCS=0000000000000004 CCD=0000000000000000 CCO=EFLAGS
EFER=0000000000000d00
  1224: v=20 e=0000 i=0 cpl=0 IP=0038:0000000007052c07 pc=0000000007052c07 SP=0030:0000000007efba60 env->regs[R_EAX]=00000000070a906f
RAX=00000000070a906f RBX=0000000000000017 RCX=00000000070a9058 RDX=0000000007efbbf8
RSI=0000000000000018 RDI=0000000000000001 RBP=0000000000000000 RSP=0000000007efba60
R8 =0000000000000018 R9 =0000000000000000 R10=0000000007f19a4d R11=0000000007059f00
R12=00000000070a9058 R13=0000000007efbbf8 R14=0000000000000001 R15=0000000007efbc10
RIP=0000000007052c07 RFL=00000206 [-----P-] CPL=0 II=0 A20=1 SMM=0 HLT=0
ES =0030 0000000000000000 ffffffff 00cf9300 DPL=0 DS   [-WA]
CS =0038 0000000000000000 ffffffff 00af9a00 DPL=0 CS64 [-R-]
SS =0030 0000000000000000 ffffffff 00cf9300 DPL=0 DS   [-WA]
DS =0030 0000000000000000 ffffffff 00cf9300 DPL=0 DS   [-WA]
FS =0030 0000000000000000 ffffffff 00cf9300 DPL=0 DS   [-WA]
GS =0030 0000000000000000 ffffffff 00cf9300 DPL=0 DS   [-WA]
LDT=0000 0000000000000000 0000ffff 00008200 DPL=0 LDT
TR =0000 0000000000000000 0000ffff 00008b00 DPL=0 TSS64-busy
GDT=     00000000079de000 00000047
IDT=     00000000074fa018 00000fff
CR0=80010033 CR2=0000000000000000 CR3=0000000007c01000 CR4=00000668
DR0=0000000000000000 DR1=0000000000000000 DR2=0000000000000000 DR3=0000000000000000 
DR6=00000000ffff0ff0 DR7=0000000000000400
CCS=0000000000000004 CCD=0000000000000000 CCO=EFLAGS
EFER=0000000000000d00
  1225: v=20 e=0000 i=0 cpl=0 IP=0038:0000000007052c07 pc=0000000007052c07 SP=0030:0000000007efba60 env->regs[R_EAX]=00000000070a906f
RAX=00000000070a906f RBX=0000000000000017 RCX=00000000070a9058 RDX=0000000007efbbf8
RSI=0000000000000018 RDI=0000000000000001 RBP=0000000000000000 RSP=0000000007efba60
R8 =0000000000000018 R9 =0000000000000000 R10=0000000007f19a4d R11=0000000007059f00
R12=00000000070a9058 R13=0000000007efbbf8 R14=0000000000000001 R15=0000000007efbc10
RIP=0000000007052c07 RFL=00000206 [-----P-] CPL=0 II=0 A20=1 SMM=0 HLT=0
ES =0030 0000000000000000 ffffffff 00cf9300 DPL=0 DS   [-WA]
CS =0038 0000000000000000 ffffffff 00af9a00 DPL=0 CS64 [-R-]
SS =0030 0000000000000000 ffffffff 00cf9300 DPL=0 DS   [-WA]
DS =0030 0000000000000000 ffffffff 00cf9300 DPL=0 DS   [-WA]
FS =0030 0000000000000000 ffffffff 00cf9300 DPL=0 DS   [-WA]
GS =0030 0000000000000000 ffffffff 00cf9300 DPL=0 DS   [-WA]
LDT=0000 0000000000000000 0000ffff 00008200 DPL=0 LDT
TR =0000 0000000000000000 0000ffff 00008b00 DPL=0 TSS64-busy
GDT=     00000000079de000 00000047
IDT=     00000000074fa018 00000fff
CR0=80010033 CR2=0000000000000000 CR3=0000000007c01000 CR4=00000668
DR0=0000000000000000 DR1=0000000000000000 DR2=0000000000000000 DR3=0000000000000000 
DR6=00000000ffff0ff0 DR7=0000000000000400
CCS=0000000000000004 CCD=0000000000000000 CCO=EFLAGS
EFER=0000000000000d00
  1226: v=20 e=0000 i=0 cpl=0 IP=0038:0000000007052c07 pc=0000000007052c07 SP=0030:0000000007efba60 env->regs[R_EAX]=00000000070a906f
RAX=00000000070a906f RBX=0000000000000017 RCX=00000000070a9058 RDX=0000000007efbbf8
RSI=0000000000000018 RDI=0000000000000001 RBP=0000000000000000 RSP=0000000007efba60
R8 =0000000000000018 R9 =0000000000000000 R10=0000000007f19a4d R11=0000000007059f00
R12=00000000070a9058 R13=0000000007efbbf8 R14=0000000000000001 R15=0000000007efbc10
RIP=0000000007052c07 RFL=00000206 [-----P-] CPL=0 II=0 A20=1 SMM=0 HLT=0
ES =0030 0000000000000000 ffffffff 00cf9300 DPL=0 DS   [-WA]
CS =0038 0000000000000000 ffffffff 00af9a00 DPL=0 CS64 [-R-]
SS =0030 0000000000000000 ffffffff 00cf9300 DPL=0 DS   [-WA]
DS =0030 0000000000000000 ffffffff 00cf9300 DPL=0 DS   [-WA]
FS =0030 0000000000000000 ffffffff 00cf9300 DPL=0 DS   [-WA]
GS =0030 0000000000000000 ffffffff 00cf9300 DPL=0 DS   [-WA]
LDT=0000 0000000000000000 0000ffff 00008200 DPL=0 LDT
TR =0000 0000000000000000 0000ffff 00008b00 DPL=0 TSS64-busy
GDT=     00000000079de000 00000047
IDT=     00000000074fa018 00000fff
CR0=80010033 CR2=0000000000000000 CR3=0000000007c01000 CR4=00000668
DR0=0000000000000000 DR1=0000000000000000 DR2=0000000000000000 DR3=0000000000000000 
DR6=00000000ffff0ff0 DR7=0000000000000400
CCS=0000000000000004 CCD=0000000000000000 CCO=EFLAGS
EFER=0000000000000d00
  1227: v=20 e=0000 i=0 cpl=0 IP=0038:0000000007052c07 pc=0000000007052c07 SP=0030:0000000007efba60 env->regs[R_EAX]=00000000070a906f
RAX=00000000070a906f RBX=0000000000000017 RCX=00000000070a9058 RDX=0000000007efbbf8
RSI=0000000000000018 RDI=0000000000000001 RBP=0000000000000000 RSP=0000000007efba60
R8 =0000000000000018 R9 =0000000000000000 R10=0000000007f19a4d R11=0000000007059f00
R12=00000000070a9058 R13=0000000007efbbf8 R14=0000000000000001 R15=0000000007efbc10
RIP=0000000007052c07 RFL=00000206 [-----P-] CPL=0 II=0 A20=1 SMM=0 HLT=0
ES =0030 0000000000000000 ffffffff 00cf9300 DPL=0 DS   [-WA]
CS =0038 0000000000000000 ffffffff 00af9a00 DPL=0 CS64 [-R-]
SS =0030 0000000000000000 ffffffff 00cf9300 DPL=0 DS   [-WA]
DS =0030 0000000000000000 ffffffff 00cf9300 DPL=0 DS   [-WA]
FS =0030 0000000000000000 ffffffff 00cf9300 DPL=0 DS   [-WA]
GS =0030 0000000000000000 ffffffff 00cf9300 DPL=0 DS   [-WA]
LDT=0000 0000000000000000 0000ffff 00008200 DPL=0 LDT
TR =0000 0000000000000000 0000ffff 00008b00 DPL=0 TSS64-busy
GDT=     00000000079de000 00000047
IDT=     00000000074fa018 00000fff
CR0=80010033 CR2=0000000000000000 CR3=0000000007c01000 CR4=00000668
DR0=0000000000000000 DR1=0000000000000000 DR2=0000000000000000 DR3=0000000000000000 
DR6=00000000ffff0ff0 DR7=0000000000000400
CCS=0000000000000004 CCD=0000000000000000 CCO=EFLAGS
EFER=0000000000000d00
  1228: v=20 e=0000 i=0 cpl=0 IP=0038:0000000007052c07 pc=0000000007052c07 SP=0030:0000000007efba60 env->regs[R_EAX]=00000000070a906f
RAX=00000000070a906f RBX=0000000000000017 RCX=00000000070a9058 RDX=0000000007efbbf8
RSI=0000000000000018 RDI=0000000000000001 RBP=0000000000000000 RSP=0000000007efba60
R8 =0000000000000018 R9 =0000000000000000 R10=0000000007f19a4d R11=0000000007059f00
R12=00000000070a9058 R13=0000000007efbbf8 R14=0000000000000001 R15=0000000007efbc10
RIP=0000000007052c07 RFL=00000206 [-----P-] CPL=0 II=0 A20=1 SMM=0 HLT=0
ES =0030 0000000000000000 ffffffff 00cf9300 DPL=0 DS   [-WA]
CS =0038 0000000000000000 ffffffff 00af9a00 DPL=0 CS64 [-R-]
SS =0030 0000000000000000 ffffffff 00cf9300 DPL=0 DS   [-WA]
DS =0030 0000000000000000 ffffffff 00cf9300 DPL=0 DS   [-WA]
FS =0030 0000000000000000 ffffffff 00cf9300 DPL=0 DS   [-WA]
GS =0030 0000000000000000 ffffffff 00cf9300 DPL=0 DS   [-WA]
LDT=0000 0000000000000000 0000ffff 00008200 DPL=0 LDT
TR =0000 0000000000000000 0000ffff 00008b00 DPL=0 TSS64-busy
GDT=     00000000079de000 00000047
IDT=     00000000074fa018 00000fff
CR0=80010033 CR2=0000000000000000 CR3=0000000007c01000 CR4=00000668
DR0=0000000000000000 DR1=0000000000000000 DR2=0000000000000000 DR3=0000000000000000 
DR6=00000000ffff0ff0 DR7=0000000000000400
CCS=0000000000000004 CCD=0000000000000000 CCO=EFLAGS
EFER=0000000000000d00
  1229: v=20 e=0000 i=0 cpl=0 IP=0038:0000000007052c07 pc=0000000007052c07 SP=0030:0000000007efba60 env->regs[R_EAX]=00000000070a906f
RAX=00000000070a906f RBX=0000000000000017 RCX=00000000070a9058 RDX=0000000007efbbf8
RSI=0000000000000018 RDI=0000000000000001 RBP=0000000000000000 RSP=0000000007efba60
R8 =0000000000000018 R9 =0000000000000000 R10=0000000007f19a4d R11=0000000007059f00
R12=00000000070a9058 R13=0000000007efbbf8 R14=0000000000000001 R15=0000000007efbc10
RIP=0000000007052c07 RFL=00000206 [-----P-] CPL=0 II=0 A20=1 SMM=0 HLT=0
ES =0030 0000000000000000 ffffffff 00cf9300 DPL=0 DS   [-WA]
CS =0038 0000000000000000 ffffffff 00af9a00 DPL=0 CS64 [-R-]
SS =0030 0000000000000000 ffffffff 00cf9300 DPL=0 DS   [-WA]
DS =0030 0000000000000000 ffffffff 00cf9300 DPL=0 DS   [-WA]
FS =0030 0000000000000000 ffffffff 00cf9300 DPL=0 DS   [-WA]
GS =0030 0000000000000000 ffffffff 00cf9300 DPL=0 DS   [-WA]
LDT=0000 0000000000000000 0000ffff 00008200 DPL=0 LDT
TR =0000 0000000000000000 0000ffff 00008b00 DPL=0 TSS64-busy
GDT=     00000000079de000 00000047
IDT=     00000000074fa018 00000fff
CR0=80010033 CR2=0000000000000000 CR3=0000000007c01000 CR4=00000668
DR0=0000000000000000 DR1=0000000000000000 DR2=0000000000000000 DR3=0000000000000000 
DR6=00000000ffff0ff0 DR7=0000000000000400
CCS=0000000000000004 CCD=0000000000000000 CCO=EFLAGS
EFER=0000000000000d00
  1230: v=20 e=0000 i=0 cpl=0 IP=0038:0000000007052c07 pc=0000000007052c07 SP=0030:0000000007efba60 env->regs[R_EAX]=00000000070a906f
RAX=00000000070a906f RBX=0000000000000017 RCX=00000000070a9058 RDX=0000000007efbbf8
RSI=0000000000000018 RDI=0000000000000001 RBP=0000000000000000 RSP=0000000007efba60
R8 =0000000000000018 R9 =0000000000000000 R10=0000000007f19a4d R11=0000000007059f00
R12=00000000070a9058 R13=0000000007efbbf8 R14=0000000000000001 R15=0000000007efbc10
RIP=0000000007052c07 RFL=00000206 [-----P-] CPL=0 II=0 A20=1 SMM=0 HLT=0
ES =0030 0000000000000000 ffffffff 00cf9300 DPL=0 DS   [-WA]
CS =0038 0000000000000000 ffffffff 00af9a00 DPL=0 CS64 [-R-]
SS =0030 0000000000000000 ffffffff 00cf9300 DPL=0 DS   [-WA]
DS =0030 0000000000000000 ffffffff 00cf9300 DPL=0 DS   [-WA]
FS =0030 0000000000000000 ffffffff 00cf9300 DPL=0 DS   [-WA]
GS =0030 0000000000000000 ffffffff 00cf9300 DPL=0 DS   [-WA]
LDT=0000 0000000000000000 0000ffff 00008200 DPL=0 LDT
TR =0000 0000000000000000 0000ffff 00008b00 DPL=0 TSS64-busy
GDT=     00000000079de000 00000047
IDT=     00000000074fa018 00000fff
CR0=80010033 CR2=0000000000000000 CR3=0000000007c01000 CR4=00000668
DR0=0000000000000000 DR1=0000000000000000 DR2=0000000000000000 DR3=0000000000000000 
DR6=00000000ffff0ff0 DR7=0000000000000400
CCS=0000000000000004 CCD=0000000000000000 CCO=EFLAGS
EFER=0000000000000d00
  1231: v=20 e=0000 i=0 cpl=0 IP=0038:0000000007052c07 pc=0000000007052c07 SP=0030:0000000007efba60 env->regs[R_EAX]=00000000070a906f
RAX=00000000070a906f RBX=0000000000000017 RCX=00000000070a9058 RDX=0000000007efbbf8
RSI=0000000000000018 RDI=0000000000000001 RBP=0000000000000000 RSP=0000000007efba60
R8 =0000000000000018 R9 =0000000000000000 R10=0000000007f19a4d R11=0000000007059f00
R12=00000000070a9058 R13=0000000007efbbf8 R14=0000000000000001 R15=0000000007efbc10
RIP=0000000007052c07 RFL=00000206 [-----P-] CPL=0 II=0 A20=1 SMM=0 HLT=0
ES =0030 0000000000000000 ffffffff 00cf9300 DPL=0 DS   [-WA]
CS =0038 0000000000000000 ffffffff 00af9a00 DPL=0 CS64 [-R-]
SS =0030 0000000000000000 ffffffff 00cf9300 DPL=0 DS   [-WA]
DS =0030 0000000000000000 ffffffff 00cf9300 DPL=0 DS   [-WA]
FS =0030 0000000000000000 ffffffff 00cf9300 DPL=0 DS   [-WA]
GS =0030 0000000000000000 ffffffff 00cf9300 DPL=0 DS   [-WA]
LDT=0000 0000000000000000 0000ffff 00008200 DPL=0 LDT
TR =0000 0000000000000000 0000ffff 00008b00 DPL=0 TSS64-busy
GDT=     00000000079de000 00000047
IDT=     00000000074fa018 00000fff
CR0=80010033 CR2=0000000000000000 CR3=0000000007c01000 CR4=00000668
DR0=0000000000000000 DR1=0000000000000000 DR2=0000000000000000 DR3=0000000000000000 
DR6=00000000ffff0ff0 DR7=0000000000000400
CCS=0000000000000004 CCD=0000000000000000 CCO=EFLAGS
EFER=0000000000000d00
  1232: v=20 e=0000 i=0 cpl=0 IP=0038:0000000007052c07 pc=0000000007052c07 SP=0030:0000000007efba60 env->regs[R_EAX]=00000000070a906f
RAX=00000000070a906f RBX=0000000000000017 RCX=00000000070a9058 RDX=0000000007efbbf8
RSI=0000000000000018 RDI=0000000000000001 RBP=0000000000000000 RSP=0000000007efba60
R8 =0000000000000018 R9 =0000000000000000 R10=0000000007f19a4d R11=0000000007059f00
R12=00000000070a9058 R13=0000000007efbbf8 R14=0000000000000001 R15=0000000007efbc10
RIP=0000000007052c07 RFL=00000206 [-----P-] CPL=0 II=0 A20=1 SMM=0 HLT=0
ES =0030 0000000000000000 ffffffff 00cf9300 DPL=0 DS   [-WA]
CS =0038 0000000000000000 ffffffff 00af9a00 DPL=0 CS64 [-R-]
SS =0030 0000000000000000 ffffffff 00cf9300 DPL=0 DS   [-WA]
DS =0030 0000000000000000 ffffffff 00cf9300 DPL=0 DS   [-WA]
FS =0030 0000000000000000 ffffffff 00cf9300 DPL=0 DS   [-WA]
GS =0030 0000000000000000 ffffffff 00cf9300 DPL=0 DS   [-WA]
LDT=0000 0000000000000000 0000ffff 00008200 DPL=0 LDT
TR =0000 0000000000000000 0000ffff 00008b00 DPL=0 TSS64-busy
GDT=     00000000079de000 00000047
IDT=     00000000074fa018 00000fff
CR0=80010033 CR2=0000000000000000 CR3=0000000007c01000 CR4=00000668
DR0=0000000000000000 DR1=0000000000000000 DR2=0000000000000000 DR3=0000000000000000 
DR6=00000000ffff0ff0 DR7=0000000000000400
CCS=0000000000000004 CCD=0000000000000000 CCO=EFLAGS
EFER=0000000000000d00
  1233: v=20 e=0000 i=0 cpl=0 IP=0038:0000000007052c07 pc=0000000007052c07 SP=0030:0000000007efba60 env->regs[R_EAX]=00000000070a906f
RAX=00000000070a906f RBX=0000000000000017 RCX=00000000070a9058 RDX=0000000007efbbf8
RSI=0000000000000018 RDI=0000000000000001 RBP=0000000000000000 RSP=0000000007efba60
R8 =0000000000000018 R9 =0000000000000000 R10=0000000007f19a4d R11=0000000007059f00
R12=00000000070a9058 R13=0000000007efbbf8 R14=0000000000000001 R15=0000000007efbc10
RIP=0000000007052c07 RFL=00000206 [-----P-] CPL=0 II=0 A20=1 SMM=0 HLT=0
ES =0030 0000000000000000 ffffffff 00cf9300 DPL=0 DS   [-WA]
CS =0038 0000000000000000 ffffffff 00af9a00 DPL=0 CS64 [-R-]
SS =0030 0000000000000000 ffffffff 00cf9300 DPL=0 DS   [-WA]
DS =0030 0000000000000000 ffffffff 00cf9300 DPL=0 DS   [-WA]
FS =0030 0000000000000000 ffffffff 00cf9300 DPL=0 DS   [-WA]
GS =0030 0000000000000000 ffffffff 00cf9300 DPL=0 DS   [-WA]
LDT=0000 0000000000000000 0000ffff 00008200 DPL=0 LDT
TR =0000 0000000000000000 0000ffff 00008b00 DPL=0 TSS64-busy
GDT=     00000000079de000 00000047
IDT=     00000000074fa018 00000fff
CR0=80010033 CR2=0000000000000000 CR3=0000000007c01000 CR4=00000668
DR0=0000000000000000 DR1=0000000000000000 DR2=0000000000000000 DR3=0000000000000000 
DR6=00000000ffff0ff0 DR7=0000000000000400
CCS=0000000000000004 CCD=0000000000000000 CCO=EFLAGS
EFER=0000000000000d00
  1234: v=20 e=0000 i=0 cpl=0 IP=0038:0000000007052c07 pc=0000000007052c07 SP=0030:0000000007efba60 env->regs[R_EAX]=00000000070a906f
RAX=00000000070a906f RBX=0000000000000017 RCX=00000000070a9058 RDX=0000000007efbbf8
RSI=0000000000000018 RDI=0000000000000001 RBP=0000000000000000 RSP=0000000007efba60
R8 =0000000000000018 R9 =0000000000000000 R10=0000000007f19a4d R11=0000000007059f00
R12=00000000070a9058 R13=0000000007efbbf8 R14=0000000000000001 R15=0000000007efbc10
RIP=0000000007052c07 RFL=00000206 [-----P-] CPL=0 II=0 A20=1 SMM=0 HLT=0
ES =0030 0000000000000000 ffffffff 00cf9300 DPL=0 DS   [-WA]
CS =0038 0000000000000000 ffffffff 00af9a00 DPL=0 CS64 [-R-]
SS =0030 0000000000000000 ffffffff 00cf9300 DPL=0 DS   [-WA]
DS =0030 0000000000000000 ffffffff 00cf9300 DPL=0 DS   [-WA]
FS =0030 0000000000000000 ffffffff 00cf9300 DPL=0 DS   [-WA]
GS =0030 0000000000000000 ffffffff 00cf9300 DPL=0 DS   [-WA]
LDT=0000 0000000000000000 0000ffff 00008200 DPL=0 LDT
TR =0000 0000000000000000 0000ffff 00008b00 DPL=0 TSS64-busy
GDT=     00000000079de000 00000047
IDT=     00000000074fa018 00000fff
CR0=80010033 CR2=0000000000000000 CR3=0000000007c01000 CR4=00000668
DR0=0000000000000000 DR1=0000000000000000 DR2=0000000000000000 DR3=0000000000000000 
DR6=00000000ffff0ff0 DR7=0000000000000400
CCS=0000000000000004 CCD=0000000000000000 CCO=EFLAGS
EFER=0000000000000d00
  1235: v=20 e=0000 i=0 cpl=0 IP=0038:0000000007052c07 pc=0000000007052c07 SP=0030:0000000007efba60 env->regs[R_EAX]=00000000070a906f
RAX=00000000070a906f RBX=0000000000000017 RCX=00000000070a9058 RDX=0000000007efbbf8
RSI=0000000000000018 RDI=0000000000000001 RBP=0000000000000000 RSP=0000000007efba60
R8 =0000000000000018 R9 =0000000000000000 R10=0000000007f19a4d R11=0000000007059f00
R12=00000000070a9058 R13=0000000007efbbf8 R14=0000000000000001 R15=0000000007efbc10
RIP=0000000007052c07 RFL=00000206 [-----P-] CPL=0 II=0 A20=1 SMM=0 HLT=0
ES =0030 0000000000000000 ffffffff 00cf9300 DPL=0 DS   [-WA]
CS =0038 0000000000000000 ffffffff 00af9a00 DPL=0 CS64 [-R-]
SS =0030 0000000000000000 ffffffff 00cf9300 DPL=0 DS   [-WA]
DS =0030 0000000000000000 ffffffff 00cf9300 DPL=0 DS   [-WA]
FS =0030 0000000000000000 ffffffff 00cf9300 DPL=0 DS   [-WA]
GS =0030 0000000000000000 ffffffff 00cf9300 DPL=0 DS   [-WA]
LDT=0000 0000000000000000 0000ffff 00008200 DPL=0 LDT
TR =0000 0000000000000000 0000ffff 00008b00 DPL=0 TSS64-busy
GDT=     00000000079de000 00000047
IDT=     00000000074fa018 00000fff
CR0=80010033 CR2=0000000000000000 CR3=0000000007c01000 CR4=00000668
DR0=0000000000000000 DR1=0000000000000000 DR2=0000000000000000 DR3=0000000000000000 
DR6=00000000ffff0ff0 DR7=0000000000000400
CCS=0000000000000004 CCD=0000000000000000 CCO=EFLAGS
EFER=0000000000000d00
  1236: v=20 e=0000 i=0 cpl=0 IP=0038:0000000007052c07 pc=0000000007052c07 SP=0030:0000000007efba60 env->regs[R_EAX]=00000000070a906f
RAX=00000000070a906f RBX=0000000000000017 RCX=00000000070a9058 RDX=0000000007efbbf8
RSI=0000000000000018 RDI=0000000000000001 RBP=0000000000000000 RSP=0000000007efba60
R8 =0000000000000018 R9 =0000000000000000 R10=0000000007f19a4d R11=0000000007059f00
R12=00000000070a9058 R13=0000000007efbbf8 R14=0000000000000001 R15=0000000007efbc10
RIP=0000000007052c07 RFL=00000206 [-----P-] CPL=0 II=0 A20=1 SMM=0 HLT=0
ES =0030 0000000000000000 ffffffff 00cf9300 DPL=0 DS   [-WA]
CS =0038 0000000000000000 ffffffff 00af9a00 DPL=0 CS64 [-R-]
SS =0030 0000000000000000 ffffffff 00cf9300 DPL=0 DS   [-WA]
DS =0030 0000000000000000 ffffffff 00cf9300 DPL=0 DS   [-WA]
FS =0030 0000000000000000 ffffffff 00cf9300 DPL=0 DS   [-WA]
GS =0030 0000000000000000 ffffffff 00cf9300 DPL=0 DS   [-WA]
LDT=0000 0000000000000000 0000ffff 00008200 DPL=0 LDT
TR =0000 0000000000000000 0000ffff 00008b00 DPL=0 TSS64-busy
GDT=     00000000079de000 00000047
IDT=     00000000074fa018 00000fff
CR0=80010033 CR2=0000000000000000 CR3=0000000007c01000 CR4=00000668
DR0=0000000000000000 DR1=0000000000000000 DR2=0000000000000000 DR3=0000000000000000 
DR6=00000000ffff0ff0 DR7=0000000000000400
CCS=0000000000000004 CCD=0000000000000000 CCO=EFLAGS
EFER=0000000000000d00
  1237: v=20 e=0000 i=0 cpl=0 IP=0038:0000000007052c07 pc=0000000007052c07 SP=0030:0000000007efba60 env->regs[R_EAX]=00000000070a906f
RAX=00000000070a906f RBX=0000000000000017 RCX=00000000070a9058 RDX=0000000007efbbf8
RSI=0000000000000018 RDI=0000000000000001 RBP=0000000000000000 RSP=0000000007efba60
R8 =0000000000000018 R9 =0000000000000000 R10=0000000007f19a4d R11=0000000007059f00
R12=00000000070a9058 R13=0000000007efbbf8 R14=0000000000000001 R15=0000000007efbc10
RIP=0000000007052c07 RFL=00000206 [-----P-] CPL=0 II=0 A20=1 SMM=0 HLT=0
ES =0030 0000000000000000 ffffffff 00cf9300 DPL=0 DS   [-WA]
CS =0038 0000000000000000 ffffffff 00af9a00 DPL=0 CS64 [-R-]
SS =0030 0000000000000000 ffffffff 00cf9300 DPL=0 DS   [-WA]
DS =0030 0000000000000000 ffffffff 00cf9300 DPL=0 DS   [-WA]
FS =0030 0000000000000000 ffffffff 00cf9300 DPL=0 DS   [-WA]
GS =0030 0000000000000000 ffffffff 00cf9300 DPL=0 DS   [-WA]
LDT=0000 0000000000000000 0000ffff 00008200 DPL=0 LDT
TR =0000 0000000000000000 0000ffff 00008b00 DPL=0 TSS64-busy
GDT=     00000000079de000 00000047
IDT=     00000000074fa018 00000fff
CR0=80010033 CR2=0000000000000000 CR3=0000000007c01000 CR4=00000668
DR0=0000000000000000 DR1=0000000000000000 DR2=0000000000000000 DR3=0000000000000000 
DR6=00000000ffff0ff0 DR7=0000000000000400
CCS=0000000000000004 CCD=0000000000000000 CCO=EFLAGS
EFER=0000000000000d00
  1238: v=20 e=0000 i=0 cpl=0 IP=0038:0000000007052c07 pc=0000000007052c07 SP=0030:0000000007efba60 env->regs[R_EAX]=00000000070a906f
RAX=00000000070a906f RBX=0000000000000017 RCX=00000000070a9058 RDX=0000000007efbbf8
RSI=0000000000000018 RDI=0000000000000001 RBP=0000000000000000 RSP=0000000007efba60
R8 =0000000000000018 R9 =0000000000000000 R10=0000000007f19a4d R11=0000000007059f00
R12=00000000070a9058 R13=0000000007efbbf8 R14=0000000000000001 R15=0000000007efbc10
RIP=0000000007052c07 RFL=00000206 [-----P-] CPL=0 II=0 A20=1 SMM=0 HLT=0
ES =0030 0000000000000000 ffffffff 00cf9300 DPL=0 DS   [-WA]
CS =0038 0000000000000000 ffffffff 00af9a00 DPL=0 CS64 [-R-]
SS =0030 0000000000000000 ffffffff 00cf9300 DPL=0 DS   [-WA]
DS =0030 0000000000000000 ffffffff 00cf9300 DPL=0 DS   [-WA]
FS =0030 0000000000000000 ffffffff 00cf9300 DPL=0 DS   [-WA]
GS =0030 0000000000000000 ffffffff 00cf9300 DPL=0 DS   [-WA]
LDT=0000 0000000000000000 0000ffff 00008200 DPL=0 LDT
TR =0000 0000000000000000 0000ffff 00008b00 DPL=0 TSS64-busy
GDT=     00000000079de000 00000047
IDT=     00000000074fa018 00000fff
CR0=80010033 CR2=0000000000000000 CR3=0000000007c01000 CR4=00000668
DR0=0000000000000000 DR1=0000000000000000 DR2=0000000000000000 DR3=0000000000000000 
DR6=00000000ffff0ff0 DR7=0000000000000400
CCS=0000000000000004 CCD=0000000000000000 CCO=EFLAGS
EFER=0000000000000d00
  1239: v=20 e=0000 i=0 cpl=0 IP=0038:0000000007052c07 pc=0000000007052c07 SP=0030:0000000007efba60 env->regs[R_EAX]=00000000070a906f
RAX=00000000070a906f RBX=0000000000000017 RCX=00000000070a9058 RDX=0000000007efbbf8
RSI=0000000000000018 RDI=0000000000000001 RBP=0000000000000000 RSP=0000000007efba60
R8 =0000000000000018 R9 =0000000000000000 R10=0000000007f19a4d R11=0000000007059f00
R12=00000000070a9058 R13=0000000007efbbf8 R14=0000000000000001 R15=0000000007efbc10
RIP=0000000007052c07 RFL=00000206 [-----P-] CPL=0 II=0 A20=1 SMM=0 HLT=0
ES =0030 0000000000000000 ffffffff 00cf9300 DPL=0 DS   [-WA]
CS =0038 0000000000000000 ffffffff 00af9a00 DPL=0 CS64 [-R-]
SS =0030 0000000000000000 ffffffff 00cf9300 DPL=0 DS   [-WA]
DS =0030 0000000000000000 ffffffff 00cf9300 DPL=0 DS   [-WA]
FS =0030 0000000000000000 ffffffff 00cf9300 DPL=0 DS   [-WA]
GS =0030 0000000000000000 ffffffff 00cf9300 DPL=0 DS   [-WA]
LDT=0000 0000000000000000 0000ffff 00008200 DPL=0 LDT
TR =0000 0000000000000000 0000ffff 00008b00 DPL=0 TSS64-busy
GDT=     00000000079de000 00000047
IDT=     00000000074fa018 00000fff
CR0=80010033 CR2=0000000000000000 CR3=0000000007c01000 CR4=00000668
DR0=0000000000000000 DR1=0000000000000000 DR2=0000000000000000 DR3=0000000000000000 
DR6=00000000ffff0ff0 DR7=0000000000000400
CCS=0000000000000004 CCD=0000000000000000 CCO=EFLAGS
EFER=0000000000000d00
  1240: v=20 e=0000 i=0 cpl=0 IP=0038:0000000007052c07 pc=0000000007052c07 SP=0030:0000000007efba60 env->regs[R_EAX]=00000000070a906f
RAX=00000000070a906f RBX=0000000000000017 RCX=00000000070a9058 RDX=0000000007efbbf8
RSI=0000000000000018 RDI=0000000000000001 RBP=0000000000000000 RSP=0000000007efba60
R8 =0000000000000018 R9 =0000000000000000 R10=0000000007f19a4d R11=0000000007059f00
R12=00000000070a9058 R13=0000000007efbbf8 R14=0000000000000001 R15=0000000007efbc10
RIP=0000000007052c07 RFL=00000206 [-----P-] CPL=0 II=0 A20=1 SMM=0 HLT=0
ES =0030 0000000000000000 ffffffff 00cf9300 DPL=0 DS   [-WA]
CS =0038 0000000000000000 ffffffff 00af9a00 DPL=0 CS64 [-R-]
SS =0030 0000000000000000 ffffffff 00cf9300 DPL=0 DS   [-WA]
DS =0030 0000000000000000 ffffffff 00cf9300 DPL=0 DS   [-WA]
FS =0030 0000000000000000 ffffffff 00cf9300 DPL=0 DS   [-WA]
GS =0030 0000000000000000 ffffffff 00cf9300 DPL=0 DS   [-WA]
LDT=0000 0000000000000000 0000ffff 00008200 DPL=0 LDT
TR =0000 0000000000000000 0000ffff 00008b00 DPL=0 TSS64-busy
GDT=     00000000079de000 00000047
IDT=     00000000074fa018 00000fff
CR0=80010033 CR2=0000000000000000 CR3=0000000007c01000 CR4=00000668
DR0=0000000000000000 DR1=0000000000000000 DR2=0000000000000000 DR3=0000000000000000 
DR6=00000000ffff0ff0 DR7=0000000000000400
CCS=0000000000000004 CCD=0000000000000000 CCO=EFLAGS
EFER=0000000000000d00
  1241: v=20 e=0000 i=0 cpl=0 IP=0038:0000000007052c07 pc=0000000007052c07 SP=0030:0000000007efba60 env->regs[R_EAX]=00000000070a906f
RAX=00000000070a906f RBX=0000000000000017 RCX=00000000070a9058 RDX=0000000007efbbf8
RSI=0000000000000018 RDI=0000000000000001 RBP=0000000000000000 RSP=0000000007efba60
R8 =0000000000000018 R9 =0000000000000000 R10=0000000007f19a4d R11=0000000007059f00
R12=00000000070a9058 R13=0000000007efbbf8 R14=0000000000000001 R15=0000000007efbc10
RIP=0000000007052c07 RFL=00000206 [-----P-] CPL=0 II=0 A20=1 SMM=0 HLT=0
ES =0030 0000000000000000 ffffffff 00cf9300 DPL=0 DS   [-WA]
CS =0038 0000000000000000 ffffffff 00af9a00 DPL=0 CS64 [-R-]
SS =0030 0000000000000000 ffffffff 00cf9300 DPL=0 DS   [-WA]
DS =0030 0000000000000000 ffffffff 00cf9300 DPL=0 DS   [-WA]
FS =0030 0000000000000000 ffffffff 00cf9300 DPL=0 DS   [-WA]
GS =0030 0000000000000000 ffffffff 00cf9300 DPL=0 DS   [-WA]
LDT=0000 0000000000000000 0000ffff 00008200 DPL=0 LDT
TR =0000 0000000000000000 0000ffff 00008b00 DPL=0 TSS64-busy
GDT=     00000000079de000 00000047
IDT=     00000000074fa018 00000fff
CR0=80010033 CR2=0000000000000000 CR3=0000000007c01000 CR4=00000668
DR0=0000000000000000 DR1=0000000000000000 DR2=0000000000000000 DR3=0000000000000000 
DR6=00000000ffff0ff0 DR7=0000000000000400
CCS=0000000000000004 CCD=0000000000000000 CCO=EFLAGS
EFER=0000000000000d00
  1242: v=20 e=0000 i=0 cpl=0 IP=0038:0000000007052c07 pc=0000000007052c07 SP=0030:0000000007efba60 env->regs[R_EAX]=00000000070a906f
RAX=00000000070a906f RBX=0000000000000017 RCX=00000000070a9058 RDX=0000000007efbbf8
RSI=0000000000000018 RDI=0000000000000001 RBP=0000000000000000 RSP=0000000007efba60
R8 =0000000000000018 R9 =0000000000000000 R10=0000000007f19a4d R11=0000000007059f00
R12=00000000070a9058 R13=0000000007efbbf8 R14=0000000000000001 R15=0000000007efbc10
RIP=0000000007052c07 RFL=00000206 [-----P-] CPL=0 II=0 A20=1 SMM=0 HLT=0
ES =0030 0000000000000000 ffffffff 00cf9300 DPL=0 DS   [-WA]
CS =0038 0000000000000000 ffffffff 00af9a00 DPL=0 CS64 [-R-]
SS =0030 0000000000000000 ffffffff 00cf9300 DPL=0 DS   [-WA]
DS =0030 0000000000000000 ffffffff 00cf9300 DPL=0 DS   [-WA]
FS =0030 0000000000000000 ffffffff 00cf9300 DPL=0 DS   [-WA]
GS =0030 0000000000000000 ffffffff 00cf9300 DPL=0 DS   [-WA]
LDT=0000 0000000000000000 0000ffff 00008200 DPL=0 LDT
TR =0000 0000000000000000 0000ffff 00008b00 DPL=0 TSS64-busy
GDT=     00000000079de000 00000047
IDT=     00000000074fa018 00000fff
CR0=80010033 CR2=0000000000000000 CR3=0000000007c01000 CR4=00000668
DR0=0000000000000000 DR1=0000000000000000 DR2=0000000000000000 DR3=0000000000000000 
DR6=00000000ffff0ff0 DR7=0000000000000400
CCS=0000000000000004 CCD=0000000000000000 CCO=EFLAGS
EFER=0000000000000d00
  1243: v=20 e=0000 i=0 cpl=0 IP=0038:0000000007052c07 pc=0000000007052c07 SP=0030:0000000007efba60 env->regs[R_EAX]=00000000070a906f
RAX=00000000070a906f RBX=0000000000000017 RCX=00000000070a9058 RDX=0000000007efbbf8
RSI=0000000000000018 RDI=0000000000000001 RBP=0000000000000000 RSP=0000000007efba60
R8 =0000000000000018 R9 =0000000000000000 R10=0000000007f19a4d R11=0000000007059f00
R12=00000000070a9058 R13=0000000007efbbf8 R14=0000000000000001 R15=0000000007efbc10
RIP=0000000007052c07 RFL=00000206 [-----P-] CPL=0 II=0 A20=1 SMM=0 HLT=0
ES =0030 0000000000000000 ffffffff 00cf9300 DPL=0 DS   [-WA]
CS =0038 0000000000000000 ffffffff 00af9a00 DPL=0 CS64 [-R-]
SS =0030 0000000000000000 ffffffff 00cf9300 DPL=0 DS   [-WA]
DS =0030 0000000000000000 ffffffff 00cf9300 DPL=0 DS   [-WA]
FS =0030 0000000000000000 ffffffff 00cf9300 DPL=0 DS   [-WA]
GS =0030 0000000000000000 ffffffff 00cf9300 DPL=0 DS   [-WA]
LDT=0000 0000000000000000 0000ffff 00008200 DPL=0 LDT
TR =0000 0000000000000000 0000ffff 00008b00 DPL=0 TSS64-busy
GDT=     00000000079de000 00000047
IDT=     00000000074fa018 00000fff
CR0=80010033 CR2=0000000000000000 CR3=0000000007c01000 CR4=00000668
DR0=0000000000000000 DR1=0000000000000000 DR2=0000000000000000 DR3=0000000000000000 
DR6=00000000ffff0ff0 DR7=0000000000000400
CCS=0000000000000004 CCD=0000000000000000 CCO=EFLAGS
EFER=0000000000000d00
  1244: v=20 e=0000 i=0 cpl=0 IP=0038:0000000007052c07 pc=0000000007052c07 SP=0030:0000000007efba60 env->regs[R_EAX]=00000000070a906f
RAX=00000000070a906f RBX=0000000000000017 RCX=00000000070a9058 RDX=0000000007efbbf8
RSI=0000000000000018 RDI=0000000000000001 RBP=0000000000000000 RSP=0000000007efba60
R8 =0000000000000018 R9 =0000000000000000 R10=0000000007f19a4d R11=0000000007059f00
R12=00000000070a9058 R13=0000000007efbbf8 R14=0000000000000001 R15=0000000007efbc10
RIP=0000000007052c07 RFL=00000206 [-----P-] CPL=0 II=0 A20=1 SMM=0 HLT=0
ES =0030 0000000000000000 ffffffff 00cf9300 DPL=0 DS   [-WA]
CS =0038 0000000000000000 ffffffff 00af9a00 DPL=0 CS64 [-R-]
SS =0030 0000000000000000 ffffffff 00cf9300 DPL=0 DS   [-WA]
DS =0030 0000000000000000 ffffffff 00cf9300 DPL=0 DS   [-WA]
FS =0030 0000000000000000 ffffffff 00cf9300 DPL=0 DS   [-WA]
GS =0030 0000000000000000 ffffffff 00cf9300 DPL=0 DS   [-WA]
LDT=0000 0000000000000000 0000ffff 00008200 DPL=0 LDT
TR =0000 0000000000000000 0000ffff 00008b00 DPL=0 TSS64-busy
GDT=     00000000079de000 00000047
IDT=     00000000074fa018 00000fff
CR0=80010033 CR2=0000000000000000 CR3=0000000007c01000 CR4=00000668
DR0=0000000000000000 DR1=0000000000000000 DR2=0000000000000000 DR3=0000000000000000 
DR6=00000000ffff0ff0 DR7=0000000000000400
CCS=0000000000000004 CCD=0000000000000000 CCO=EFLAGS
EFER=0000000000000d00
  1245: v=20 e=0000 i=0 cpl=0 IP=0038:0000000007052c07 pc=0000000007052c07 SP=0030:0000000007efba60 env->regs[R_EAX]=00000000070a906f
RAX=00000000070a906f RBX=0000000000000017 RCX=00000000070a9058 RDX=0000000007efbbf8
RSI=0000000000000018 RDI=0000000000000001 RBP=0000000000000000 RSP=0000000007efba60
R8 =0000000000000018 R9 =0000000000000000 R10=0000000007f19a4d R11=0000000007059f00
R12=00000000070a9058 R13=0000000007efbbf8 R14=0000000000000001 R15=0000000007efbc10
RIP=0000000007052c07 RFL=00000206 [-----P-] CPL=0 II=0 A20=1 SMM=0 HLT=0
ES =0030 0000000000000000 ffffffff 00cf9300 DPL=0 DS   [-WA]
CS =0038 0000000000000000 ffffffff 00af9a00 DPL=0 CS64 [-R-]
SS =0030 0000000000000000 ffffffff 00cf9300 DPL=0 DS   [-WA]
DS =0030 0000000000000000 ffffffff 00cf9300 DPL=0 DS   [-WA]
FS =0030 0000000000000000 ffffffff 00cf9300 DPL=0 DS   [-WA]
GS =0030 0000000000000000 ffffffff 00cf9300 DPL=0 DS   [-WA]
LDT=0000 0000000000000000 0000ffff 00008200 DPL=0 LDT
TR =0000 0000000000000000 0000ffff 00008b00 DPL=0 TSS64-busy
GDT=     00000000079de000 00000047
IDT=     00000000074fa018 00000fff
CR0=80010033 CR2=0000000000000000 CR3=0000000007c01000 CR4=00000668
DR0=0000000000000000 DR1=0000000000000000 DR2=0000000000000000 DR3=0000000000000000 
DR6=00000000ffff0ff0 DR7=0000000000000400
CCS=0000000000000004 CCD=0000000000000000 CCO=EFLAGS
EFER=0000000000000d00
  1246: v=20 e=0000 i=0 cpl=0 IP=0038:0000000007052c07 pc=0000000007052c07 SP=0030:0000000007efba60 env->regs[R_EAX]=00000000070a906f
RAX=00000000070a906f RBX=0000000000000017 RCX=00000000070a9058 RDX=0000000007efbbf8
RSI=0000000000000018 RDI=0000000000000001 RBP=0000000000000000 RSP=0000000007efba60
R8 =0000000000000018 R9 =0000000000000000 R10=0000000007f19a4d R11=0000000007059f00
R12=00000000070a9058 R13=0000000007efbbf8 R14=0000000000000001 R15=0000000007efbc10
RIP=0000000007052c07 RFL=00000206 [-----P-] CPL=0 II=0 A20=1 SMM=0 HLT=0
ES =0030 0000000000000000 ffffffff 00cf9300 DPL=0 DS   [-WA]
CS =0038 0000000000000000 ffffffff 00af9a00 DPL=0 CS64 [-R-]
SS =0030 0000000000000000 ffffffff 00cf9300 DPL=0 DS   [-WA]
DS =0030 0000000000000000 ffffffff 00cf9300 DPL=0 DS   [-WA]
FS =0030 0000000000000000 ffffffff 00cf9300 DPL=0 DS   [-WA]
GS =0030 0000000000000000 ffffffff 00cf9300 DPL=0 DS   [-WA]
LDT=0000 0000000000000000 0000ffff 00008200 DPL=0 LDT
TR =0000 0000000000000000 0000ffff 00008b00 DPL=0 TSS64-busy
GDT=     00000000079de000 00000047
IDT=     00000000074fa018 00000fff
CR0=80010033 CR2=0000000000000000 CR3=0000000007c01000 CR4=00000668
DR0=0000000000000000 DR1=0000000000000000 DR2=0000000000000000 DR3=0000000000000000 
DR6=00000000ffff0ff0 DR7=0000000000000400
CCS=0000000000000004 CCD=0000000000000000 CCO=EFLAGS
EFER=0000000000000d00
  1247: v=20 e=0000 i=0 cpl=0 IP=0038:0000000007052c07 pc=0000000007052c07 SP=0030:0000000007efba60 env->regs[R_EAX]=00000000070a906f
RAX=00000000070a906f RBX=0000000000000017 RCX=00000000070a9058 RDX=0000000007efbbf8
RSI=0000000000000018 RDI=0000000000000001 RBP=0000000000000000 RSP=0000000007efba60
R8 =0000000000000018 R9 =0000000000000000 R10=0000000007f19a4d R11=0000000007059f00
R12=00000000070a9058 R13=0000000007efbbf8 R14=0000000000000001 R15=0000000007efbc10
RIP=0000000007052c07 RFL=00000206 [-----P-] CPL=0 II=0 A20=1 SMM=0 HLT=0
ES =0030 0000000000000000 ffffffff 00cf9300 DPL=0 DS   [-WA]
CS =0038 0000000000000000 ffffffff 00af9a00 DPL=0 CS64 [-R-]
SS =0030 0000000000000000 ffffffff 00cf9300 DPL=0 DS   [-WA]
DS =0030 0000000000000000 ffffffff 00cf9300 DPL=0 DS   [-WA]
FS =0030 0000000000000000 ffffffff 00cf9300 DPL=0 DS   [-WA]
GS =0030 0000000000000000 ffffffff 00cf9300 DPL=0 DS   [-WA]
LDT=0000 0000000000000000 0000ffff 00008200 DPL=0 LDT
TR =0000 0000000000000000 0000ffff 00008b00 DPL=0 TSS64-busy
GDT=     00000000079de000 00000047
IDT=     00000000074fa018 00000fff
CR0=80010033 CR2=0000000000000000 CR3=0000000007c01000 CR4=00000668
DR0=0000000000000000 DR1=0000000000000000 DR2=0000000000000000 DR3=0000000000000000 
DR6=00000000ffff0ff0 DR7=0000000000000400
CCS=0000000000000004 CCD=0000000000000000 CCO=EFLAGS
EFER=0000000000000d00
  1248: v=20 e=0000 i=0 cpl=0 IP=0038:0000000007052c07 pc=0000000007052c07 SP=0030:0000000007efba60 env->regs[R_EAX]=00000000070a906f
RAX=00000000070a906f RBX=0000000000000017 RCX=00000000070a9058 RDX=0000000007efbbf8
RSI=0000000000000018 RDI=0000000000000001 RBP=0000000000000000 RSP=0000000007efba60
R8 =0000000000000018 R9 =0000000000000000 R10=0000000007f19a4d R11=0000000007059f00
R12=00000000070a9058 R13=0000000007efbbf8 R14=0000000000000001 R15=0000000007efbc10
RIP=0000000007052c07 RFL=00000206 [-----P-] CPL=0 II=0 A20=1 SMM=0 HLT=0
ES =0030 0000000000000000 ffffffff 00cf9300 DPL=0 DS   [-WA]
CS =0038 0000000000000000 ffffffff 00af9a00 DPL=0 CS64 [-R-]
SS =0030 0000000000000000 ffffffff 00cf9300 DPL=0 DS   [-WA]
DS =0030 0000000000000000 ffffffff 00cf9300 DPL=0 DS   [-WA]
FS =0030 0000000000000000 ffffffff 00cf9300 DPL=0 DS   [-WA]
GS =0030 0000000000000000 ffffffff 00cf9300 DPL=0 DS   [-WA]
LDT=0000 0000000000000000 0000ffff 00008200 DPL=0 LDT
TR =0000 0000000000000000 0000ffff 00008b00 DPL=0 TSS64-busy
GDT=     00000000079de000 00000047
IDT=     00000000074fa018 00000fff
CR0=80010033 CR2=0000000000000000 CR3=0000000007c01000 CR4=00000668
DR0=0000000000000000 DR1=0000000000000000 DR2=0000000000000000 DR3=0000000000000000 
DR6=00000000ffff0ff0 DR7=0000000000000400
CCS=0000000000000004 CCD=0000000000000000 CCO=EFLAGS
EFER=0000000000000d00
  1249: v=20 e=0000 i=0 cpl=0 IP=0038:0000000007052c07 pc=0000000007052c07 SP=0030:0000000007efba60 env->regs[R_EAX]=00000000070a906f
RAX=00000000070a906f RBX=0000000000000017 RCX=00000000070a9058 RDX=0000000007efbbf8
RSI=0000000000000018 RDI=0000000000000001 RBP=0000000000000000 RSP=0000000007efba60
R8 =0000000000000018 R9 =0000000000000000 R10=0000000007f19a4d R11=0000000007059f00
R12=00000000070a9058 R13=0000000007efbbf8 R14=0000000000000001 R15=0000000007efbc10
RIP=0000000007052c07 RFL=00000206 [-----P-] CPL=0 II=0 A20=1 SMM=0 HLT=0
ES =0030 0000000000000000 ffffffff 00cf9300 DPL=0 DS   [-WA]
CS =0038 0000000000000000 ffffffff 00af9a00 DPL=0 CS64 [-R-]
SS =0030 0000000000000000 ffffffff 00cf9300 DPL=0 DS   [-WA]
DS =0030 0000000000000000 ffffffff 00cf9300 DPL=0 DS   [-WA]
FS =0030 0000000000000000 ffffffff 00cf9300 DPL=0 DS   [-WA]
GS =0030 0000000000000000 ffffffff 00cf9300 DPL=0 DS   [-WA]
LDT=0000 0000000000000000 0000ffff 00008200 DPL=0 LDT
TR =0000 0000000000000000 0000ffff 00008b00 DPL=0 TSS64-busy
GDT=     00000000079de000 00000047
IDT=     00000000074fa018 00000fff
CR0=80010033 CR2=0000000000000000 CR3=0000000007c01000 CR4=00000668
DR0=0000000000000000 DR1=0000000000000000 DR2=0000000000000000 DR3=0000000000000000 
DR6=00000000ffff0ff0 DR7=0000000000000400
CCS=0000000000000004 CCD=0000000000000000 CCO=EFLAGS
EFER=0000000000000d00
